<html>
<body>
<pre>
<h1>µVision Build Log</h1>
<h2>Project:</h2>
Y:\Desktop\lp-led-cube-8x8x8-project\LP_LED_CUBE_8x8x8_LPC176X\3.0.1\LP_LED_CUBE_8x8x8_LPC176X\Http_upload.uvproj
Project File Date:  12/08/2014

<h2>Output:</h2>
Rebuild target 'LP LED CUBE 8x8x8'
custom translating Web.inp...
Custom: C:\Keil\ARM\bin\fcarm @Web\Web.inp
FCARM FILE CONVERTER V2.50
Completed 12 File(s), Ratio 87%
compiling MAIN.c...
compiling HTTP_CGI.c...
compiling WEB.C...
compiling FTP_uif.c...
compiling HTTP_err.c...
compiling HTTP_uif.c...
compiling LED_CUBE_8x8x8.c...
compiling PROTOCOL.c...
compiling TCP_USERS.c...
compiling Net_Config.c...
compiling File_Config.c...
assembling startup_LPC17xx.s...
compiling FS_SPI_FlashPrg.c...
compiling Retarget.c...
compiling ADC.c...
compiling DELAY.c...
compiling EMAC_DP83848.c...
compiling HELP.c...
compiling I2C.c...
compiling SPI_LPC17xx.c...
compiling system_LPC17xx.c...
compiling UART.c...
compiling TLC59116.c...
compiling SETTINGS.c...
compiling RTC.c...
compiling SNTP.c...
compiling ADMINS.c...
compiling USERS.c...
linking...
Program Size: Code=59312 RO-data=21700 RW-data=320 ZI-data=28104  
FromELF: creating hex file...
After Build - User command #1: fromelf --bin ".\Obj\LP_LED_CUBE_8x8x8.axf" --output ".\Flash 0x2000\LP_LED_CUBE_8x8x8_LPC176X_V301.bin"
".\Obj\LP_LED_CUBE_8x8x8.axf" - 0 Error(s), 0 Warning(s).
</pre>
</body>
</html>
