<!doctype html public "-//w3c//dtd html 4.0 transitional//en">
<html><head>
<title>Static Call Graph - [.\Obj\LP_LED_CUBE_8x8x8.axf]</title></head>
<body><HR>
<H1>Static Call Graph for image .\Obj\LP_LED_CUBE_8x8x8.axf</H1><HR>
<BR><P>#&#060CALLGRAPH&#062# ARM Linker, 5.03 [Build 76]: Last Updated: Fri May 01 17:29:14 2015
<BR><P>
<H3>Maximum Stack Usage =        784 bytes + Unknown(Functions without stacksize, Cycles, Untraceable Function Pointers)</H3><H3>
Call chain for Maximum Stack Depth:</H3>
__rt_entry_main &rArr; main &rArr; main_TcpNet &rArr; run_system &rArr; http_run_server &rArr; http_kill_session &rArr; cgi_process_data &rArr; Animation_Start &rArr; Animation_Read_Effect &rArr; fopen &rArr; freopen &rArr; _fclose_internal &rArr; _fflush &rArr; _writebuf &rArr; _sys_write &rArr; __sys_write &rArr; efs_write &rArr; efs_AllocBlock &rArr; efs_mark_freeMem &rArr; efs_rd_alloc
<P>
<H3>
Functions with no stack information
</H3><UL>
 <LI><a href="#[1a4]">__user_initial_stackheap</a>
</UL>
</UL>
<P>
<H3>
Mutually Recursive functions
</H3> <LI><a href="#[e]">NMI_Handler</a>&nbsp;&nbsp;&nbsp;&rArr;&nbsp;&nbsp;&nbsp;<a href="#[e]">NMI_Handler</a><BR>
 <LI><a href="#[f]">HardFault_Handler</a>&nbsp;&nbsp;&nbsp;&rArr;&nbsp;&nbsp;&nbsp;<a href="#[f]">HardFault_Handler</a><BR>
 <LI><a href="#[10]">MemManage_Handler</a>&nbsp;&nbsp;&nbsp;&rArr;&nbsp;&nbsp;&nbsp;<a href="#[10]">MemManage_Handler</a><BR>
 <LI><a href="#[11]">BusFault_Handler</a>&nbsp;&nbsp;&nbsp;&rArr;&nbsp;&nbsp;&nbsp;<a href="#[11]">BusFault_Handler</a><BR>
 <LI><a href="#[12]">UsageFault_Handler</a>&nbsp;&nbsp;&nbsp;&rArr;&nbsp;&nbsp;&nbsp;<a href="#[12]">UsageFault_Handler</a><BR>
 <LI><a href="#[13]">SVC_Handler</a>&nbsp;&nbsp;&nbsp;&rArr;&nbsp;&nbsp;&nbsp;<a href="#[13]">SVC_Handler</a><BR>
 <LI><a href="#[14]">DebugMon_Handler</a>&nbsp;&nbsp;&nbsp;&rArr;&nbsp;&nbsp;&nbsp;<a href="#[14]">DebugMon_Handler</a><BR>
 <LI><a href="#[15]">PendSV_Handler</a>&nbsp;&nbsp;&nbsp;&rArr;&nbsp;&nbsp;&nbsp;<a href="#[15]">PendSV_Handler</a><BR>
 <LI><a href="#[16]">SysTick_Handler</a>&nbsp;&nbsp;&nbsp;&rArr;&nbsp;&nbsp;&nbsp;<a href="#[16]">SysTick_Handler</a><BR>
 <LI><a href="#[2e]">BOD_IRQHandler</a>&nbsp;&nbsp;&nbsp;&rArr;&nbsp;&nbsp;&nbsp;<a href="#[2e]">BOD_IRQHandler</a><BR>
 <LI><a href="#[117]">sys_error</a>&nbsp;&nbsp;&nbsp;&rArr;&nbsp;&nbsp;&nbsp;<a href="#[117]">sys_error</a><BR>
 <LI><a href="#[1e8]">mem_set</a>&nbsp;&nbsp;&nbsp;&rArr;&nbsp;&nbsp;&nbsp;<a href="#[1e8]">mem_set</a><BR>
 <LI><a href="#[249]">str_up_case</a>&nbsp;&nbsp;&nbsp;&rArr;&nbsp;&nbsp;&nbsp;<a href="#[249]">str_up_case</a><BR>
 <LI><a href="#[95]">_sys_exit</a>&nbsp;&nbsp;&nbsp;&rArr;&nbsp;&nbsp;&nbsp;<a href="#[95]">_sys_exit</a><BR>
</UL>
<P>
<H3>
Function Pointers
</H3><UL>
 <LI><a href="#[2d]">ADC_IRQHandler</a> from adc.o(.text) referenced from startup_lpc17xx.o(RESET)
 <LI><a href="#[2e]">BOD_IRQHandler</a> from startup_lpc17xx.o(.text) referenced from startup_lpc17xx.o(RESET)
 <LI><a href="#[11]">BusFault_Handler</a> from startup_lpc17xx.o(.text) referenced from startup_lpc17xx.o(RESET)
 <LI><a href="#[55]">BusSpeed</a> from spi_lpc17xx.o(.text) referenced from spi_lpc17xx.o(.constdata)
 <LI><a href="#[39]">CANActivity_IRQHandler</a> from startup_lpc17xx.o(.text) referenced from startup_lpc17xx.o(RESET)
 <LI><a href="#[30]">CAN_IRQHandler</a> from startup_lpc17xx.o(.text) referenced from startup_lpc17xx.o(RESET)
 <LI><a href="#[57]">CheckMedia</a> from spi_lpc17xx.o(.text) referenced from spi_lpc17xx.o(.constdata)
 <LI><a href="#[31]">DMA_IRQHandler</a> from startup_lpc17xx.o(.text) referenced from startup_lpc17xx.o(RESET)
 <LI><a href="#[14]">DebugMon_Handler</a> from startup_lpc17xx.o(.text) referenced from startup_lpc17xx.o(RESET)
 <LI><a href="#[29]">EINT0_IRQHandler</a> from startup_lpc17xx.o(.text) referenced from startup_lpc17xx.o(RESET)
 <LI><a href="#[2a]">EINT1_IRQHandler</a> from startup_lpc17xx.o(.text) referenced from startup_lpc17xx.o(RESET)
 <LI><a href="#[2b]">EINT2_IRQHandler</a> from startup_lpc17xx.o(.text) referenced from startup_lpc17xx.o(RESET)
 <LI><a href="#[2c]">EINT3_IRQHandler</a> from startup_lpc17xx.o(.text) referenced from startup_lpc17xx.o(RESET)
 <LI><a href="#[33]">ENET_IRQHandler</a> from emac_dp83848.o(.text) referenced from startup_lpc17xx.o(RESET)
 <LI><a href="#[4f]">EraseSector</a> from fs_spi_flashprg.o(.text) referenced from fs_spi_flashprg.o(.constdata)
 <LI><a href="#[f]">HardFault_Handler</a> from startup_lpc17xx.o(.text) referenced from startup_lpc17xx.o(RESET)
 <LI><a href="#[21]">I2C0_IRQHandler</a> from i2c.o(.text) referenced from startup_lpc17xx.o(RESET)
 <LI><a href="#[22]">I2C1_IRQHandler</a> from i2c.o(.text) referenced from startup_lpc17xx.o(RESET)
 <LI><a href="#[23]">I2C2_IRQHandler</a> from i2c.o(.text) referenced from startup_lpc17xx.o(RESET)
 <LI><a href="#[32]">I2S_IRQHandler</a> from startup_lpc17xx.o(.text) referenced from startup_lpc17xx.o(RESET)
 <LI><a href="#[4b]">Init</a> from fs_spi_flashprg.o(.text) referenced 2 times from fs_spi_flashprg.o(.constdata)
 <LI><a href="#[35]">MCPWM_IRQHandler</a> from startup_lpc17xx.o(.text) referenced from startup_lpc17xx.o(RESET)
 <LI><a href="#[10]">MemManage_Handler</a> from startup_lpc17xx.o(.text) referenced from startup_lpc17xx.o(RESET)
 <LI><a href="#[e]">NMI_Handler</a> from startup_lpc17xx.o(.text) referenced from startup_lpc17xx.o(RESET)
 <LI><a href="#[27]">PLL0_IRQHandler</a> from startup_lpc17xx.o(.text) referenced from startup_lpc17xx.o(RESET)
 <LI><a href="#[37]">PLL1_IRQHandler</a> from startup_lpc17xx.o(.text) referenced from startup_lpc17xx.o(RESET)
 <LI><a href="#[20]">PWM1_IRQHandler</a> from startup_lpc17xx.o(.text) referenced from startup_lpc17xx.o(RESET)
 <LI><a href="#[15]">PendSV_Handler</a> from startup_lpc17xx.o(.text) referenced from startup_lpc17xx.o(RESET)
 <LI><a href="#[4e]">ProgramPage</a> from fs_spi_flashprg.o(.text) referenced from fs_spi_flashprg.o(.constdata)
 <LI><a href="#[36]">QEI_IRQHandler</a> from startup_lpc17xx.o(.text) referenced from startup_lpc17xx.o(RESET)
 <LI><a href="#[34]">RIT_IRQHandler</a> from startup_lpc17xx.o(.text) referenced from startup_lpc17xx.o(RESET)
 <LI><a href="#[28]">RTC_IRQHandler</a> from rtc.o(.text) referenced from startup_lpc17xx.o(RESET)
 <LI><a href="#[4d]">ReadData</a> from fs_spi_flashprg.o(.text) referenced from fs_spi_flashprg.o(.constdata)
 <LI><a href="#[54]">RecBuf</a> from spi_lpc17xx.o(.text) referenced from spi_lpc17xx.o(.constdata)
 <LI><a href="#[d]">Reset_Handler</a> from startup_lpc17xx.o(.text) referenced from startup_lpc17xx.o(RESET)
 <LI><a href="#[3d]">SNTP_Time_Listener_1</a> from sntp.o(.text) referenced from sntp.o(.text)
 <LI><a href="#[3c]">SNTP_Time_Listener_2</a> from sntp.o(.text) referenced from sntp.o(.text)
 <LI><a href="#[24]">SPI_IRQHandler</a> from startup_lpc17xx.o(.text) referenced from startup_lpc17xx.o(RESET)
 <LI><a href="#[25]">SSP0_IRQHandler</a> from startup_lpc17xx.o(.text) referenced from startup_lpc17xx.o(RESET)
 <LI><a href="#[26]">SSP1_IRQHandler</a> from startup_lpc17xx.o(.text) referenced from startup_lpc17xx.o(RESET)
 <LI><a href="#[13]">SVC_Handler</a> from startup_lpc17xx.o(.text) referenced from startup_lpc17xx.o(RESET)
 <LI><a href="#[52]">Send</a> from spi_lpc17xx.o(.text) referenced from spi_lpc17xx.o(.constdata)
 <LI><a href="#[53]">SendBuf</a> from spi_lpc17xx.o(.text) referenced from spi_lpc17xx.o(.constdata)
 <LI><a href="#[56]">SetSS</a> from spi_lpc17xx.o(.text) referenced from spi_lpc17xx.o(.constdata)
 <LI><a href="#[16]">SysTick_Handler</a> from startup_lpc17xx.o(.text) referenced from startup_lpc17xx.o(RESET)
 <LI><a href="#[3a]">SystemInit</a> from system_lpc17xx.o(.text) referenced from startup_lpc17xx.o(.text)
 <LI><a href="#[112]">TCP_User_Socket_Listener</a> from tcp_users.o(.text) referenced from tcp_users.o(.text)
 <LI><a href="#[18]">TIMER0_IRQHandler</a> from startup_lpc17xx.o(.text) referenced from startup_lpc17xx.o(RESET)
 <LI><a href="#[19]">TIMER1_IRQHandler</a> from startup_lpc17xx.o(.text) referenced from startup_lpc17xx.o(RESET)
 <LI><a href="#[1a]">TIMER2_IRQHandler</a> from startup_lpc17xx.o(.text) referenced from startup_lpc17xx.o(RESET)
 <LI><a href="#[1b]">TIMER3_IRQHandler</a> from startup_lpc17xx.o(.text) referenced from startup_lpc17xx.o(RESET)
 <LI><a href="#[1c]">UART0_IRQHandler</a> from uart.o(.text) referenced from startup_lpc17xx.o(RESET)
 <LI><a href="#[1d]">UART1_IRQHandler</a> from uart.o(.text) referenced from startup_lpc17xx.o(RESET)
 <LI><a href="#[1e]">UART2_IRQHandler</a> from startup_lpc17xx.o(.text) referenced from startup_lpc17xx.o(RESET)
 <LI><a href="#[1f]">UART3_IRQHandler</a> from startup_lpc17xx.o(.text) referenced from startup_lpc17xx.o(RESET)
 <LI><a href="#[ab]">UDP_Socket_Listener</a> from main.o(.text) referenced from main.o(.text)
 <LI><a href="#[38]">USBActivity_IRQHandler</a> from startup_lpc17xx.o(.text) referenced from startup_lpc17xx.o(RESET)
 <LI><a href="#[2f]">USB_IRQHandler</a> from startup_lpc17xx.o(.text) referenced from startup_lpc17xx.o(RESET)
 <LI><a href="#[4c]">UnInit</a> from fs_spi_flashprg.o(.text) referenced 2 times from fs_spi_flashprg.o(.constdata)
 <LI><a href="#[12]">UsageFault_Handler</a> from startup_lpc17xx.o(.text) referenced from startup_lpc17xx.o(RESET)
 <LI><a href="#[17]">WDT_IRQHandler</a> from startup_lpc17xx.o(.text) referenced from startup_lpc17xx.o(RESET)
 <LI><a href="#[58]">__main</a> from __main.o(!!!main) referenced from startup_lpc17xx.o(.text)
 <LI><a href="#[44]">_get_lc_ctype</a> from lc_ctype_c.o(locale$$code) referenced from rt_ctype_table.o(.text)
 <LI><a href="#[41]">_printf_input_char</a> from _printf_char_common.o(.text) referenced from _printf_char_common.o(.text)
 <LI><a href="#[40]">_sbackspace</a> from _sgetc.o(.text) referenced from __0sscanf.o(.text)
 <LI><a href="#[42]">_scanf_char_input</a> from scanf_char.o(.text) referenced from scanf_char.o(.text)
 <LI><a href="#[3f]">_sgetc</a> from _sgetc.o(.text) referenced from __0sscanf.o(.text)
 <LI><a href="#[3e]">_sputc</a> from _sputc.o(.text) referenced 2 times from __2sprintf.o(.text)
 <LI><a href="#[45]">dhcp_listener</a> from at_dhcp.o(i.dhcp_listener) referenced from at_dhcp.o(i.dhcp_init)
 <LI><a href="#[47]">ftp_data_cb</a> from at_ftp.o(i.ftp_data_cb) referenced from at_ftp.o(i.ftp_init)
 <LI><a href="#[46]">ftp_listener</a> from at_ftp.o(i.ftp_listener) referenced from at_ftp.o(i.ftp_init)
 <LI><a href="#[48]">http_listener</a> from at_http.o(i.http_listener) referenced from at_http.o(i.http_init)
 <LI><a href="#[43]">isspace</a> from isspace.o(.text) referenced from scanf_char.o(.text)
 <LI><a href="#[49]">nbns_listener</a> from at_nbns.o(i.nbns_listener) referenced from at_nbns.o(i.nbns_init)
 <LI><a href="#[4a]">sntp_listener</a> from at_sntp.o(i.sntp_listener) referenced from at_sntp.o(i.sntp_init)
</UL>
<P>
<H3>
Global Symbols
</H3>
<P><STRONG><a name="[58]"></a>__main</STRONG> (Thumb, 8 bytes, Stack size 0 bytes, __main.o(!!!main))
<BR><BR>[Calls]<UL><LI><a href="#[5a]">&gt;&gt;</a>&nbsp;&nbsp;&nbsp;__rt_entry
<LI><a href="#[59]">&gt;&gt;</a>&nbsp;&nbsp;&nbsp;__scatterload
</UL>

<P><STRONG><a name="[59]"></a>__scatterload</STRONG> (Thumb, 0 bytes, Stack size unknown bytes, __scatter.o(!!!scatter))
<BR><BR>[Called By]<UL><LI><a href="#[58]">&gt;&gt;</a>&nbsp;&nbsp;&nbsp;__main
</UL>

<P><STRONG><a name="[5b]"></a>__scatterload_rt2</STRONG> (Thumb, 44 bytes, Stack size unknown bytes, __scatter.o(!!!scatter), UNUSED)
<BR><BR>[Calls]<UL><LI><a href="#[5a]">&gt;&gt;</a>&nbsp;&nbsp;&nbsp;__rt_entry
</UL>

<P><STRONG><a name="[25f]"></a>__scatterload_rt2_thumb_only</STRONG> (Thumb, 0 bytes, Stack size unknown bytes, __scatter.o(!!!scatter), UNUSED)

<P><STRONG><a name="[260]"></a>__scatterload_null</STRONG> (Thumb, 0 bytes, Stack size unknown bytes, __scatter.o(!!!scatter), UNUSED)

<P><STRONG><a name="[261]"></a>__decompress</STRONG> (Thumb, 90 bytes, Stack size unknown bytes, __dczerorl2.o(!!dczerorl2), UNUSED)

<P><STRONG><a name="[262]"></a>__decompress1</STRONG> (Thumb, 0 bytes, Stack size unknown bytes, __dczerorl2.o(!!dczerorl2), UNUSED)

<P><STRONG><a name="[263]"></a>__scatterload_zeroinit</STRONG> (Thumb, 28 bytes, Stack size unknown bytes, __scatter_zi.o(!!handler_zi), UNUSED)

<P><STRONG><a name="[5c]"></a>_printf_n</STRONG> (Thumb, 0 bytes, Stack size unknown bytes, _printf_n.o(.ARM.Collect$$_printf_percent$$00000001))
<BR><BR>[Calls]<UL><LI><a href="#[5d]">&gt;&gt;</a>&nbsp;&nbsp;&nbsp;_printf_charcount
</UL>

<P><STRONG><a name="[172]"></a>_printf_percent</STRONG> (Thumb, 0 bytes, Stack size unknown bytes, _printf_percent.o(.ARM.Collect$$_printf_percent$$00000000))
<BR><BR>[Called By]<UL><LI><a href="#[170]">&gt;&gt;</a>&nbsp;&nbsp;&nbsp;__printf
</UL>

<P><STRONG><a name="[5e]"></a>_printf_p</STRONG> (Thumb, 0 bytes, Stack size unknown bytes, _printf_p.o(.ARM.Collect$$_printf_percent$$00000002))
<BR><BR>[Stack]<UL><LI>Max Depth = 64 + Unknown Stack Size
<LI>Call Chain = _printf_p &rArr; _printf_hex_ptr &rArr; _printf_longlong_hex &rArr; _printf_int_common &rArr; _printf_post_padding
</UL>
<BR>[Calls]<UL><LI><a href="#[5f]">&gt;&gt;</a>&nbsp;&nbsp;&nbsp;_printf_hex_ptr
</UL>

<P><STRONG><a name="[60]"></a>_printf_f</STRONG> (Thumb, 0 bytes, Stack size unknown bytes, _printf_f.o(.ARM.Collect$$_printf_percent$$00000003))
<BR><BR>[Stack]<UL><LI>Max Depth = 320 + Unknown Stack Size
<LI>Call Chain = _printf_f &rArr; _printf_fp_dec &rArr; _printf_fp_dec_real &rArr; _fp_digits &rArr; _btod_etento &rArr; _btod_emul &rArr; _e2e
</UL>
<BR>[Calls]<UL><LI><a href="#[61]">&gt;&gt;</a>&nbsp;&nbsp;&nbsp;_printf_fp_dec
</UL>

<P><STRONG><a name="[62]"></a>_printf_e</STRONG> (Thumb, 0 bytes, Stack size unknown bytes, _printf_e.o(.ARM.Collect$$_printf_percent$$00000004))
<BR><BR>[Stack]<UL><LI>Max Depth = 320 + Unknown Stack Size
<LI>Call Chain = _printf_e &rArr; _printf_fp_dec &rArr; _printf_fp_dec_real &rArr; _fp_digits &rArr; _btod_etento &rArr; _btod_emul &rArr; _e2e
</UL>
<BR>[Calls]<UL><LI><a href="#[61]">&gt;&gt;</a>&nbsp;&nbsp;&nbsp;_printf_fp_dec
</UL>

<P><STRONG><a name="[63]"></a>_printf_g</STRONG> (Thumb, 0 bytes, Stack size unknown bytes, _printf_g.o(.ARM.Collect$$_printf_percent$$00000005))
<BR><BR>[Stack]<UL><LI>Max Depth = 320 + Unknown Stack Size
<LI>Call Chain = _printf_g &rArr; _printf_fp_dec &rArr; _printf_fp_dec_real &rArr; _fp_digits &rArr; _btod_etento &rArr; _btod_emul &rArr; _e2e
</UL>
<BR>[Calls]<UL><LI><a href="#[61]">&gt;&gt;</a>&nbsp;&nbsp;&nbsp;_printf_fp_dec
</UL>

<P><STRONG><a name="[64]"></a>_printf_a</STRONG> (Thumb, 0 bytes, Stack size unknown bytes, _printf_a.o(.ARM.Collect$$_printf_percent$$00000006))
<BR><BR>[Stack]<UL><LI>Max Depth = 112 + Unknown Stack Size
<LI>Call Chain = _printf_a &rArr; _printf_fp_hex &rArr; _printf_fp_hex_real &rArr; _printf_fp_infnan &rArr; _printf_post_padding
</UL>
<BR>[Calls]<UL><LI><a href="#[65]">&gt;&gt;</a>&nbsp;&nbsp;&nbsp;_printf_fp_hex
</UL>

<P><STRONG><a name="[264]"></a>_printf_ll</STRONG> (Thumb, 0 bytes, Stack size unknown bytes, _printf_ll.o(.ARM.Collect$$_printf_percent$$00000007))

<P><STRONG><a name="[66]"></a>_printf_i</STRONG> (Thumb, 0 bytes, Stack size unknown bytes, _printf_i.o(.ARM.Collect$$_printf_percent$$00000008))
<BR><BR>[Stack]<UL><LI>Max Depth = 72 + Unknown Stack Size
<LI>Call Chain = _printf_i &rArr; _printf_int_dec &rArr; _printf_int_common &rArr; _printf_post_padding
</UL>
<BR>[Calls]<UL><LI><a href="#[67]">&gt;&gt;</a>&nbsp;&nbsp;&nbsp;_printf_int_dec
</UL>

<P><STRONG><a name="[68]"></a>_printf_d</STRONG> (Thumb, 0 bytes, Stack size unknown bytes, _printf_d.o(.ARM.Collect$$_printf_percent$$00000009))
<BR><BR>[Stack]<UL><LI>Max Depth = 72 + Unknown Stack Size
<LI>Call Chain = _printf_d &rArr; _printf_int_dec &rArr; _printf_int_common &rArr; _printf_post_padding
</UL>
<BR>[Calls]<UL><LI><a href="#[67]">&gt;&gt;</a>&nbsp;&nbsp;&nbsp;_printf_int_dec
</UL>

<P><STRONG><a name="[69]"></a>_printf_u</STRONG> (Thumb, 0 bytes, Stack size unknown bytes, _printf_u.o(.ARM.Collect$$_printf_percent$$0000000A))
<BR><BR>[Stack]<UL><LI>Max Depth = 72 + Unknown Stack Size
<LI>Call Chain = _printf_u &rArr; _printf_int_dec &rArr; _printf_int_common &rArr; _printf_post_padding
</UL>
<BR>[Calls]<UL><LI><a href="#[67]">&gt;&gt;</a>&nbsp;&nbsp;&nbsp;_printf_int_dec
</UL>

<P><STRONG><a name="[6a]"></a>_printf_o</STRONG> (Thumb, 0 bytes, Stack size unknown bytes, _printf_o.o(.ARM.Collect$$_printf_percent$$0000000B))
<BR><BR>[Stack]<UL><LI>Max Depth = 64 + Unknown Stack Size
<LI>Call Chain = _printf_o &rArr; _printf_int_oct &rArr; _printf_longlong_oct &rArr; _printf_int_common &rArr; _printf_post_padding
</UL>
<BR>[Calls]<UL><LI><a href="#[6b]">&gt;&gt;</a>&nbsp;&nbsp;&nbsp;_printf_int_oct
</UL>

<P><STRONG><a name="[6c]"></a>_printf_x</STRONG> (Thumb, 0 bytes, Stack size unknown bytes, _printf_x.o(.ARM.Collect$$_printf_percent$$0000000C))
<BR><BR>[Stack]<UL><LI>Max Depth = 80 + Unknown Stack Size
<LI>Call Chain = _printf_x &rArr; _printf_int_hex &rArr; _printf_longlong_hex &rArr; _printf_int_common &rArr; _printf_post_padding
</UL>
<BR>[Calls]<UL><LI><a href="#[6d]">&gt;&gt;</a>&nbsp;&nbsp;&nbsp;_printf_int_hex
</UL>

<P><STRONG><a name="[6e]"></a>_printf_lli</STRONG> (Thumb, 0 bytes, Stack size unknown bytes, _printf_lli.o(.ARM.Collect$$_printf_percent$$0000000D))
<BR><BR>[Stack]<UL><LI>Max Depth = 72 + Unknown Stack Size
<LI>Call Chain = _printf_lli &rArr; _printf_longlong_dec &rArr; _printf_int_common &rArr; _printf_post_padding
</UL>
<BR>[Calls]<UL><LI><a href="#[6f]">&gt;&gt;</a>&nbsp;&nbsp;&nbsp;_printf_longlong_dec
</UL>

<P><STRONG><a name="[70]"></a>_printf_lld</STRONG> (Thumb, 0 bytes, Stack size unknown bytes, _printf_lld.o(.ARM.Collect$$_printf_percent$$0000000E))
<BR><BR>[Stack]<UL><LI>Max Depth = 72 + Unknown Stack Size
<LI>Call Chain = _printf_lld &rArr; _printf_longlong_dec &rArr; _printf_int_common &rArr; _printf_post_padding
</UL>
<BR>[Calls]<UL><LI><a href="#[6f]">&gt;&gt;</a>&nbsp;&nbsp;&nbsp;_printf_longlong_dec
</UL>

<P><STRONG><a name="[71]"></a>_printf_llu</STRONG> (Thumb, 0 bytes, Stack size unknown bytes, _printf_llu.o(.ARM.Collect$$_printf_percent$$0000000F))
<BR><BR>[Stack]<UL><LI>Max Depth = 72 + Unknown Stack Size
<LI>Call Chain = _printf_llu &rArr; _printf_longlong_dec &rArr; _printf_int_common &rArr; _printf_post_padding
</UL>
<BR>[Calls]<UL><LI><a href="#[6f]">&gt;&gt;</a>&nbsp;&nbsp;&nbsp;_printf_longlong_dec
</UL>

<P><STRONG><a name="[72]"></a>_printf_llo</STRONG> (Thumb, 0 bytes, Stack size unknown bytes, _printf_llo.o(.ARM.Collect$$_printf_percent$$00000010))
<BR><BR>[Stack]<UL><LI>Max Depth = 56 + Unknown Stack Size
<LI>Call Chain = _printf_llo &rArr; _printf_ll_oct &rArr; _printf_longlong_oct &rArr; _printf_int_common &rArr; _printf_post_padding
</UL>
<BR>[Calls]<UL><LI><a href="#[73]">&gt;&gt;</a>&nbsp;&nbsp;&nbsp;_printf_ll_oct
</UL>

<P><STRONG><a name="[74]"></a>_printf_llx</STRONG> (Thumb, 0 bytes, Stack size unknown bytes, _printf_llx.o(.ARM.Collect$$_printf_percent$$00000011))
<BR><BR>[Stack]<UL><LI>Max Depth = 64 + Unknown Stack Size
<LI>Call Chain = _printf_llx &rArr; _printf_ll_hex &rArr; _printf_longlong_hex &rArr; _printf_int_common &rArr; _printf_post_padding
</UL>
<BR>[Calls]<UL><LI><a href="#[75]">&gt;&gt;</a>&nbsp;&nbsp;&nbsp;_printf_ll_hex
</UL>

<P><STRONG><a name="[265]"></a>_printf_l</STRONG> (Thumb, 0 bytes, Stack size unknown bytes, _printf_l.o(.ARM.Collect$$_printf_percent$$00000012))

<P><STRONG><a name="[76]"></a>_printf_c</STRONG> (Thumb, 0 bytes, Stack size unknown bytes, _printf_c.o(.ARM.Collect$$_printf_percent$$00000013))
<BR><BR>[Stack]<UL><LI>Max Depth = 40 + Unknown Stack Size
<LI>Call Chain = _printf_c &rArr; _printf_char &rArr; _printf_cs_common &rArr; _printf_str &rArr; _printf_post_padding
</UL>
<BR>[Calls]<UL><LI><a href="#[77]">&gt;&gt;</a>&nbsp;&nbsp;&nbsp;_printf_char
</UL>

<P><STRONG><a name="[78]"></a>_printf_s</STRONG> (Thumb, 0 bytes, Stack size unknown bytes, _printf_s.o(.ARM.Collect$$_printf_percent$$00000014))
<BR><BR>[Stack]<UL><LI>Max Depth = 40 + Unknown Stack Size
<LI>Call Chain = _printf_s &rArr; _printf_string &rArr; _printf_cs_common &rArr; _printf_str &rArr; _printf_post_padding
</UL>
<BR>[Calls]<UL><LI><a href="#[79]">&gt;&gt;</a>&nbsp;&nbsp;&nbsp;_printf_string
</UL>

<P><STRONG><a name="[7a]"></a>_printf_lc</STRONG> (Thumb, 0 bytes, Stack size unknown bytes, _printf_lc.o(.ARM.Collect$$_printf_percent$$00000015))
<BR><BR>[Stack]<UL><LI>Max Depth = 88 + Unknown Stack Size
<LI>Call Chain = _printf_lc &rArr; _printf_wchar &rArr; _printf_lcs_common &rArr; _printf_wctomb &rArr; _wcrtomb &rArr; __rt_ctype_table
</UL>
<BR>[Calls]<UL><LI><a href="#[7b]">&gt;&gt;</a>&nbsp;&nbsp;&nbsp;_printf_wchar
</UL>

<P><STRONG><a name="[7c]"></a>_printf_ls</STRONG> (Thumb, 0 bytes, Stack size unknown bytes, _printf_ls.o(.ARM.Collect$$_printf_percent$$00000016))
<BR><BR>[Stack]<UL><LI>Max Depth = 88 + Unknown Stack Size
<LI>Call Chain = _printf_ls &rArr; _printf_wstring &rArr; _printf_lcs_common &rArr; _printf_wctomb &rArr; _wcrtomb &rArr; __rt_ctype_table
</UL>
<BR>[Calls]<UL><LI><a href="#[7d]">&gt;&gt;</a>&nbsp;&nbsp;&nbsp;_printf_wstring
</UL>

<P><STRONG><a name="[266]"></a>_printf_percent_end</STRONG> (Thumb, 0 bytes, Stack size unknown bytes, _printf_percent_end.o(.ARM.Collect$$_printf_percent$$00000017))

<P><STRONG><a name="[8e]"></a>__rt_lib_init</STRONG> (Thumb, 0 bytes, Stack size unknown bytes, libinit.o(.ARM.Collect$$libinit$$00000000))
<BR><BR>[Called By]<UL><LI><a href="#[8d]">&gt;&gt;</a>&nbsp;&nbsp;&nbsp;__rt_entry_li
</UL>

<P><STRONG><a name="[267]"></a>__rt_lib_init_fp_1</STRONG> (Thumb, 0 bytes, Stack size unknown bytes, libinit2.o(.ARM.Collect$$libinit$$00000002))

<P><STRONG><a name="[7e]"></a>__rt_lib_init_heap_2</STRONG> (Thumb, 0 bytes, Stack size unknown bytes, libinit2.o(.ARM.Collect$$libinit$$00000003))
<BR><BR>[Stack]<UL><LI>Max Depth = 56 + Unknown Stack Size
<LI>Call Chain = __rt_lib_init_heap_2 &rArr; _init_alloc &rArr; __rt_SIGRTMEM &rArr; __rt_SIGRTMEM_inner &rArr; __default_signal_display
</UL>
<BR>[Calls]<UL><LI><a href="#[7f]">&gt;&gt;</a>&nbsp;&nbsp;&nbsp;_init_alloc
</UL>

<P><STRONG><a name="[268]"></a>__rt_lib_init_heap_1</STRONG> (Thumb, 0 bytes, Stack size unknown bytes, libinit2.o(.ARM.Collect$$libinit$$00000008))

<P><STRONG><a name="[80]"></a>__rt_lib_init_lc_common</STRONG> (Thumb, 0 bytes, Stack size unknown bytes, libinit2.o(.ARM.Collect$$libinit$$0000000D))
<BR><BR>[Calls]<UL><LI><a href="#[81]">&gt;&gt;</a>&nbsp;&nbsp;&nbsp;__rt_locale
</UL>

<P><STRONG><a name="[269]"></a>__rt_lib_init_rand_1</STRONG> (Thumb, 0 bytes, Stack size unknown bytes, libinit2.o(.ARM.Collect$$libinit$$0000000C))

<P><STRONG><a name="[26a]"></a>__rt_lib_init_user_alloc_1</STRONG> (Thumb, 0 bytes, Stack size unknown bytes, libinit2.o(.ARM.Collect$$libinit$$0000000A))

<P><STRONG><a name="[26b]"></a>__rt_lib_init_lc_collate_1</STRONG> (Thumb, 0 bytes, Stack size unknown bytes, libinit2.o(.ARM.Collect$$libinit$$0000000F))

<P><STRONG><a name="[82]"></a>__rt_lib_init_lc_ctype_2</STRONG> (Thumb, 0 bytes, Stack size unknown bytes, libinit2.o(.ARM.Collect$$libinit$$00000010))
<BR><BR>[Stack]<UL><LI>Max Depth = 8 + Unknown Stack Size
<LI>Call Chain = __rt_lib_init_lc_ctype_2 &rArr; _get_lc_ctype
</UL>
<BR>[Calls]<UL><LI><a href="#[44]">&gt;&gt;</a>&nbsp;&nbsp;&nbsp;_get_lc_ctype
</UL>

<P><STRONG><a name="[26c]"></a>__rt_lib_init_lc_ctype_1</STRONG> (Thumb, 0 bytes, Stack size unknown bytes, libinit2.o(.ARM.Collect$$libinit$$00000011))

<P><STRONG><a name="[26d]"></a>__rt_lib_init_lc_monetary_1</STRONG> (Thumb, 0 bytes, Stack size unknown bytes, libinit2.o(.ARM.Collect$$libinit$$00000013))

<P><STRONG><a name="[83]"></a>__rt_lib_init_lc_numeric_2</STRONG> (Thumb, 0 bytes, Stack size unknown bytes, libinit2.o(.ARM.Collect$$libinit$$00000014))
<BR><BR>[Stack]<UL><LI>Max Depth = 8 + Unknown Stack Size
<LI>Call Chain = __rt_lib_init_lc_numeric_2 &rArr; _get_lc_numeric
</UL>
<BR>[Calls]<UL><LI><a href="#[84]">&gt;&gt;</a>&nbsp;&nbsp;&nbsp;_get_lc_numeric
</UL>

<P><STRONG><a name="[26e]"></a>__rt_lib_init_lc_numeric_1</STRONG> (Thumb, 0 bytes, Stack size unknown bytes, libinit2.o(.ARM.Collect$$libinit$$00000015))

<P><STRONG><a name="[85]"></a>__rt_lib_init_lc_time_2</STRONG> (Thumb, 0 bytes, Stack size unknown bytes, libinit2.o(.ARM.Collect$$libinit$$00000016))
<BR><BR>[Stack]<UL><LI>Max Depth = 8 + Unknown Stack Size
<LI>Call Chain = __rt_lib_init_lc_time_2 &rArr; _get_lc_time
</UL>
<BR>[Calls]<UL><LI><a href="#[86]">&gt;&gt;</a>&nbsp;&nbsp;&nbsp;_get_lc_time
</UL>

<P><STRONG><a name="[26f]"></a>__rt_lib_init_atexit_1</STRONG> (Thumb, 0 bytes, Stack size unknown bytes, libinit2.o(.ARM.Collect$$libinit$$00000019))

<P><STRONG><a name="[270]"></a>__rt_lib_init_clock_1</STRONG> (Thumb, 0 bytes, Stack size unknown bytes, libinit2.o(.ARM.Collect$$libinit$$0000001F))

<P><STRONG><a name="[271]"></a>__rt_lib_init_fp_trap_1</STRONG> (Thumb, 0 bytes, Stack size unknown bytes, libinit2.o(.ARM.Collect$$libinit$$0000001D))

<P><STRONG><a name="[272]"></a>__rt_lib_init_getenv_1</STRONG> (Thumb, 0 bytes, Stack size unknown bytes, libinit2.o(.ARM.Collect$$libinit$$00000021))

<P><STRONG><a name="[273]"></a>__rt_lib_init_lc_time_1</STRONG> (Thumb, 0 bytes, Stack size unknown bytes, libinit2.o(.ARM.Collect$$libinit$$00000017))

<P><STRONG><a name="[274]"></a>__rt_lib_init_signal_1</STRONG> (Thumb, 0 bytes, Stack size unknown bytes, libinit2.o(.ARM.Collect$$libinit$$0000001B))

<P><STRONG><a name="[87]"></a>__rt_lib_init_stdio_2</STRONG> (Thumb, 0 bytes, Stack size unknown bytes, libinit2.o(.ARM.Collect$$libinit$$00000022))
<BR><BR>[Stack]<UL><LI>Max Depth = 232 + Unknown Stack Size
<LI>Call Chain = __rt_lib_init_stdio_2 &rArr; _initio &rArr; freopen &rArr; _fclose_internal &rArr; _fflush &rArr; _writebuf &rArr; _sys_write &rArr; __sys_write &rArr; efs_write &rArr; efs_AllocBlock &rArr; efs_mark_freeMem &rArr; efs_rd_alloc
</UL>
<BR>[Calls]<UL><LI><a href="#[88]">&gt;&gt;</a>&nbsp;&nbsp;&nbsp;_initio
</UL>

<P><STRONG><a name="[275]"></a>__rt_lib_init_alloca_1</STRONG> (Thumb, 0 bytes, Stack size unknown bytes, libinit2.o(.ARM.Collect$$libinit$$0000002C))

<P><STRONG><a name="[276]"></a>__rt_lib_init_argv_1</STRONG> (Thumb, 0 bytes, Stack size unknown bytes, libinit2.o(.ARM.Collect$$libinit$$0000002A))

<P><STRONG><a name="[277]"></a>__rt_lib_init_cpp_1</STRONG> (Thumb, 0 bytes, Stack size unknown bytes, libinit2.o(.ARM.Collect$$libinit$$00000030))

<P><STRONG><a name="[278]"></a>__rt_lib_init_exceptions_1</STRONG> (Thumb, 0 bytes, Stack size unknown bytes, libinit2.o(.ARM.Collect$$libinit$$0000002E))

<P><STRONG><a name="[279]"></a>__rt_lib_init_return</STRONG> (Thumb, 0 bytes, Stack size unknown bytes, libinit2.o(.ARM.Collect$$libinit$$00000031))

<P><STRONG><a name="[27a]"></a>__rt_lib_init_stdio_1</STRONG> (Thumb, 0 bytes, Stack size unknown bytes, libinit2.o(.ARM.Collect$$libinit$$00000023))

<P><STRONG><a name="[93]"></a>__rt_lib_shutdown</STRONG> (Thumb, 0 bytes, Stack size unknown bytes, libshutdown.o(.ARM.Collect$$libshutdown$$00000000))
<BR><BR>[Called By]<UL><LI><a href="#[92]">&gt;&gt;</a>&nbsp;&nbsp;&nbsp;__rt_exit_ls
</UL>

<P><STRONG><a name="[89]"></a>__rt_lib_shutdown_stdio_2</STRONG> (Thumb, 0 bytes, Stack size unknown bytes, libshutdown2.o(.ARM.Collect$$libshutdown$$00000002))
<BR><BR>[Stack]<UL><LI>Max Depth = 216 + Unknown Stack Size
<LI>Call Chain = __rt_lib_shutdown_stdio_2 &rArr; _terminateio &rArr; _fclose_internal &rArr; _fflush &rArr; _writebuf &rArr; _sys_write &rArr; __sys_write &rArr; efs_write &rArr; efs_AllocBlock &rArr; efs_mark_freeMem &rArr; efs_rd_alloc
</UL>
<BR>[Calls]<UL><LI><a href="#[8a]">&gt;&gt;</a>&nbsp;&nbsp;&nbsp;_terminateio
</UL>

<P><STRONG><a name="[27b]"></a>__rt_lib_shutdown_fp_trap_1</STRONG> (Thumb, 0 bytes, Stack size unknown bytes, libshutdown2.o(.ARM.Collect$$libshutdown$$00000006))

<P><STRONG><a name="[27c]"></a>__rt_lib_shutdown_heap_1</STRONG> (Thumb, 0 bytes, Stack size unknown bytes, libshutdown2.o(.ARM.Collect$$libshutdown$$0000000E))

<P><STRONG><a name="[27d]"></a>__rt_lib_shutdown_return</STRONG> (Thumb, 0 bytes, Stack size unknown bytes, libshutdown2.o(.ARM.Collect$$libshutdown$$0000000F))

<P><STRONG><a name="[27e]"></a>__rt_lib_shutdown_signal_1</STRONG> (Thumb, 0 bytes, Stack size unknown bytes, libshutdown2.o(.ARM.Collect$$libshutdown$$00000009))

<P><STRONG><a name="[27f]"></a>__rt_lib_shutdown_stdio_1</STRONG> (Thumb, 0 bytes, Stack size unknown bytes, libshutdown2.o(.ARM.Collect$$libshutdown$$00000003))

<P><STRONG><a name="[280]"></a>__rt_lib_shutdown_user_alloc_1</STRONG> (Thumb, 0 bytes, Stack size unknown bytes, libshutdown2.o(.ARM.Collect$$libshutdown$$0000000B))

<P><STRONG><a name="[5a]"></a>__rt_entry</STRONG> (Thumb, 0 bytes, Stack size unknown bytes, rtentry.o(.ARM.Collect$$rtentry$$00000000))
<BR><BR>[Called By]<UL><LI><a href="#[58]">&gt;&gt;</a>&nbsp;&nbsp;&nbsp;__main
<LI><a href="#[5b]">&gt;&gt;</a>&nbsp;&nbsp;&nbsp;__scatterload_rt2
</UL>

<P><STRONG><a name="[281]"></a>__rt_entry_presh_1</STRONG> (Thumb, 0 bytes, Stack size unknown bytes, rtentry2.o(.ARM.Collect$$rtentry$$00000002))

<P><STRONG><a name="[8b]"></a>__rt_entry_sh</STRONG> (Thumb, 0 bytes, Stack size unknown bytes, rtentry4.o(.ARM.Collect$$rtentry$$00000004))
<BR><BR>[Stack]<UL><LI>Max Depth = 8 + Unknown Stack Size
<LI>Call Chain = __rt_entry_sh &rArr; __user_setup_stackheap
</UL>
<BR>[Calls]<UL><LI><a href="#[8c]">&gt;&gt;</a>&nbsp;&nbsp;&nbsp;__user_setup_stackheap
</UL>

<P><STRONG><a name="[8d]"></a>__rt_entry_li</STRONG> (Thumb, 0 bytes, Stack size unknown bytes, rtentry2.o(.ARM.Collect$$rtentry$$0000000A))
<BR><BR>[Calls]<UL><LI><a href="#[8e]">&gt;&gt;</a>&nbsp;&nbsp;&nbsp;__rt_lib_init
</UL>

<P><STRONG><a name="[282]"></a>__rt_entry_postsh_1</STRONG> (Thumb, 0 bytes, Stack size unknown bytes, rtentry2.o(.ARM.Collect$$rtentry$$00000009))

<P><STRONG><a name="[8f]"></a>__rt_entry_main</STRONG> (Thumb, 0 bytes, Stack size unknown bytes, rtentry2.o(.ARM.Collect$$rtentry$$0000000D))
<BR><BR>[Stack]<UL><LI>Max Depth = 784 + Unknown Stack Size
<LI>Call Chain = __rt_entry_main &rArr; main &rArr; main_TcpNet &rArr; run_system &rArr; http_run_server &rArr; http_kill_session &rArr; cgi_process_data &rArr; Animation_Start &rArr; Animation_Read_Effect &rArr; fopen &rArr; freopen &rArr; _fclose_internal &rArr; _fflush &rArr; _writebuf &rArr; _sys_write &rArr; __sys_write &rArr; efs_write &rArr; efs_AllocBlock &rArr; efs_mark_freeMem &rArr; efs_rd_alloc
</UL>
<BR>[Calls]<UL><LI><a href="#[90]">&gt;&gt;</a>&nbsp;&nbsp;&nbsp;main
<LI><a href="#[91]">&gt;&gt;</a>&nbsp;&nbsp;&nbsp;exit
</UL>

<P><STRONG><a name="[283]"></a>__rt_entry_postli_1</STRONG> (Thumb, 0 bytes, Stack size unknown bytes, rtentry2.o(.ARM.Collect$$rtentry$$0000000C))

<P><STRONG><a name="[1b1]"></a>__rt_exit</STRONG> (Thumb, 0 bytes, Stack size unknown bytes, rtexit.o(.ARM.Collect$$rtexit$$00000000))
<BR><BR>[Called By]<UL><LI><a href="#[91]">&gt;&gt;</a>&nbsp;&nbsp;&nbsp;exit
</UL>

<P><STRONG><a name="[92]"></a>__rt_exit_ls</STRONG> (Thumb, 0 bytes, Stack size unknown bytes, rtexit2.o(.ARM.Collect$$rtexit$$00000003))
<BR><BR>[Calls]<UL><LI><a href="#[93]">&gt;&gt;</a>&nbsp;&nbsp;&nbsp;__rt_lib_shutdown
</UL>

<P><STRONG><a name="[284]"></a>__rt_exit_prels_1</STRONG> (Thumb, 0 bytes, Stack size unknown bytes, rtexit2.o(.ARM.Collect$$rtexit$$00000002))

<P><STRONG><a name="[94]"></a>__rt_exit_exit</STRONG> (Thumb, 0 bytes, Stack size unknown bytes, rtexit2.o(.ARM.Collect$$rtexit$$00000004))
<BR><BR>[Calls]<UL><LI><a href="#[95]">&gt;&gt;</a>&nbsp;&nbsp;&nbsp;_sys_exit
</UL>

<P><STRONG><a name="[96]"></a>SPI_FLASH_Format</STRONG> (Thumb, 6 bytes, Stack size 0 bytes, main.o(.text), UNUSED)
<BR><BR>[Calls]<UL><LI><a href="#[97]">&gt;&gt;</a>&nbsp;&nbsp;&nbsp;fformat
</UL>

<P><STRONG><a name="[285]"></a>_maybe_terminate_alloc</STRONG> (Thumb, 0 bytes, Stack size 0 bytes, maybetermalloc1.o(.emb_text), UNUSED)

<P><STRONG><a name="[98]"></a>SPI_FLASH_Delete_All_Files</STRONG> (Thumb, 34 bytes, Stack size 280 bytes, main.o(.text))
<BR><BR>[Stack]<UL><LI>Max Depth = 384<LI>Call Chain = SPI_FLASH_Delete_All_Files &rArr; fdelete &rArr; efs_find &rArr; efs_ReadBlock
</UL>
<BR>[Calls]<UL><LI><a href="#[9a]">&gt;&gt;</a>&nbsp;&nbsp;&nbsp;ffind
<LI><a href="#[99]">&gt;&gt;</a>&nbsp;&nbsp;&nbsp;fdelete
</UL>
<BR>[Called By]<UL><LI><a href="#[d8]">&gt;&gt;</a>&nbsp;&nbsp;&nbsp;cgi_process_data
</UL>

<P><STRONG><a name="[9b]"></a>UART_CONSOLE_Init</STRONG> (Thumb, 10 bytes, Stack size 0 bytes, main.o(.text))
<BR><BR>[Stack]<UL><LI>Max Depth = 32<LI>Call Chain = UART_CONSOLE_Init &rArr; UART_Init
</UL>
<BR>[Calls]<UL><LI><a href="#[9c]">&gt;&gt;</a>&nbsp;&nbsp;&nbsp;UART_Init
</UL>
<BR>[Called By]<UL><LI><a href="#[bd]">&gt;&gt;</a>&nbsp;&nbsp;&nbsp;Init
</UL>

<P><STRONG><a name="[9d]"></a>UART_CONSOLE_Send_Buffer</STRONG> (Thumb, 10 bytes, Stack size 0 bytes, main.o(.text), UNUSED)
<BR><BR>[Calls]<UL><LI><a href="#[9e]">&gt;&gt;</a>&nbsp;&nbsp;&nbsp;UART_SendBuffer
</UL>

<P><STRONG><a name="[9f]"></a>UART_CONSOLE_Send_String</STRONG> (Thumb, 22 bytes, Stack size 8 bytes, main.o(.text))
<BR><BR>[Stack]<UL><LI>Max Depth = 32<LI>Call Chain = UART_CONSOLE_Send_String &rArr; UART_SendBuffer &rArr; UART_SendChar
</UL>
<BR>[Calls]<UL><LI><a href="#[9e]">&gt;&gt;</a>&nbsp;&nbsp;&nbsp;UART_SendBuffer
<LI><a href="#[a0]">&gt;&gt;</a>&nbsp;&nbsp;&nbsp;strlen
</UL>
<BR>[Called By]<UL><LI><a href="#[bd]">&gt;&gt;</a>&nbsp;&nbsp;&nbsp;Init
</UL>

<P><STRONG><a name="[a1]"></a>UART_CONSOLE_Send_Char</STRONG> (Thumb, 8 bytes, Stack size 0 bytes, main.o(.text), UNUSED)
<BR><BR>[Calls]<UL><LI><a href="#[a2]">&gt;&gt;</a>&nbsp;&nbsp;&nbsp;UART_SendChar
</UL>

<P><STRONG><a name="[c7]"></a>Status_LEDs_Init</STRONG> (Thumb, 36 bytes, Stack size 0 bytes, main.o(.text))
<BR><BR>[Called By]<UL><LI><a href="#[bd]">&gt;&gt;</a>&nbsp;&nbsp;&nbsp;Init
</UL>

<P><STRONG><a name="[a4]"></a>Status_LED1_Set</STRONG> (Thumb, 24 bytes, Stack size 0 bytes, main.o(.text))
<BR><BR>[Called By]<UL><LI><a href="#[90]">&gt;&gt;</a>&nbsp;&nbsp;&nbsp;main
<LI><a href="#[a3]">&gt;&gt;</a>&nbsp;&nbsp;&nbsp;Status_LED1_Toggle
</UL>

<P><STRONG><a name="[a6]"></a>Status_LED2_Set</STRONG> (Thumb, 24 bytes, Stack size 0 bytes, main.o(.text))
<BR><BR>[Called By]<UL><LI><a href="#[90]">&gt;&gt;</a>&nbsp;&nbsp;&nbsp;main
<LI><a href="#[a5]">&gt;&gt;</a>&nbsp;&nbsp;&nbsp;Status_LED2_Toggle
</UL>

<P><STRONG><a name="[a3]"></a>Status_LED1_Toggle</STRONG> (Thumb, 10 bytes, Stack size 0 bytes, main.o(.text), UNUSED)
<BR><BR>[Calls]<UL><LI><a href="#[a4]">&gt;&gt;</a>&nbsp;&nbsp;&nbsp;Status_LED1_Set
</UL>

<P><STRONG><a name="[a5]"></a>Status_LED2_Toggle</STRONG> (Thumb, 10 bytes, Stack size 0 bytes, main.o(.text))
<BR><BR>[Calls]<UL><LI><a href="#[a6]">&gt;&gt;</a>&nbsp;&nbsp;&nbsp;Status_LED2_Set
</UL>
<BR>[Called By]<UL><LI><a href="#[90]">&gt;&gt;</a>&nbsp;&nbsp;&nbsp;main
</UL>

<P><STRONG><a name="[a7]"></a>UDP_Socket_Send</STRONG> (Thumb, 46 bytes, Stack size 24 bytes, main.o(.text))
<BR><BR>[Stack]<UL><LI>Max Depth = 184<LI>Call Chain = UDP_Socket_Send &rArr; udp_send &rArr; ip_send_frame &rArr; eth_send_frame &rArr; arp_cache_find &rArr; arp_send_request &rArr; free_mem
</UL>
<BR>[Calls]<UL><LI><a href="#[aa]">&gt;&gt;</a>&nbsp;&nbsp;&nbsp;udp_send
<LI><a href="#[a8]">&gt;&gt;</a>&nbsp;&nbsp;&nbsp;udp_get_buf
<LI><a href="#[a9]">&gt;&gt;</a>&nbsp;&nbsp;&nbsp;__aeabi_memcpy
</UL>
<BR>[Called By]<UL><LI><a href="#[90]">&gt;&gt;</a>&nbsp;&nbsp;&nbsp;main
</UL>

<P><STRONG><a name="[ab]"></a>UDP_Socket_Listener</STRONG> (Thumb, 34 bytes, Stack size 16 bytes, main.o(.text))
<BR><BR>[Stack]<UL><LI>Max Depth = 16<LI>Call Chain = UDP_Socket_Listener
</UL>
<BR>[Calls]<UL><LI><a href="#[a9]">&gt;&gt;</a>&nbsp;&nbsp;&nbsp;__aeabi_memcpy
</UL>
<BR>[Address Reference Count : 1]<UL><LI> main.o(.text)
</UL>
<P><STRONG><a name="[ac]"></a>UDP_Socket_Init</STRONG> (Thumb, 30 bytes, Stack size 8 bytes, main.o(.text))
<BR><BR>[Stack]<UL><LI>Max Depth = 32<LI>Call Chain = UDP_Socket_Init &rArr; udp_open &rArr; udp_port_in_use
</UL>
<BR>[Calls]<UL><LI><a href="#[ae]">&gt;&gt;</a>&nbsp;&nbsp;&nbsp;udp_open
<LI><a href="#[ad]">&gt;&gt;</a>&nbsp;&nbsp;&nbsp;udp_get_socket
</UL>
<BR>[Called By]<UL><LI><a href="#[bd]">&gt;&gt;</a>&nbsp;&nbsp;&nbsp;Init
</UL>

<P><STRONG><a name="[af]"></a>timer_poll</STRONG> (Thumb, 44 bytes, Stack size 8 bytes, main.o(.text))
<BR><BR>[Stack]<UL><LI>Max Depth = 8<LI>Call Chain = timer_poll
</UL>
<BR>[Calls]<UL><LI><a href="#[b0]">&gt;&gt;</a>&nbsp;&nbsp;&nbsp;timer_tick
</UL>
<BR>[Called By]<UL><LI><a href="#[90]">&gt;&gt;</a>&nbsp;&nbsp;&nbsp;main
</UL>

<P><STRONG><a name="[b1]"></a>DHCP_Check</STRONG> (Thumb, 36 bytes, Stack size 8 bytes, main.o(.text))
<BR><BR>[Stack]<UL><LI>Max Depth = 8<LI>Call Chain = DHCP_Check
</UL>
<BR>[Calls]<UL><LI><a href="#[b2]">&gt;&gt;</a>&nbsp;&nbsp;&nbsp;mem_test
</UL>
<BR>[Called By]<UL><LI><a href="#[90]">&gt;&gt;</a>&nbsp;&nbsp;&nbsp;main
</UL>

<P><STRONG><a name="[b3]"></a>Animation_Read_Effect</STRONG> (Thumb, 102 bytes, Stack size 32 bytes, main.o(.text))
<BR><BR>[Stack]<UL><LI>Max Depth = 280<LI>Call Chain = Animation_Read_Effect &rArr; fopen &rArr; freopen &rArr; _fclose_internal &rArr; _fflush &rArr; _writebuf &rArr; _sys_write &rArr; __sys_write &rArr; efs_write &rArr; efs_AllocBlock &rArr; efs_mark_freeMem &rArr; efs_rd_alloc
</UL>
<BR>[Calls]<UL><LI><a href="#[b7]">&gt;&gt;</a>&nbsp;&nbsp;&nbsp;LED_CUBE_Rows_Set
<LI><a href="#[b8]">&gt;&gt;</a>&nbsp;&nbsp;&nbsp;LED_CUBE_Columns_Set
<LI><a href="#[b6]">&gt;&gt;</a>&nbsp;&nbsp;&nbsp;fread
<LI><a href="#[b9]">&gt;&gt;</a>&nbsp;&nbsp;&nbsp;fclose
<LI><a href="#[b4]">&gt;&gt;</a>&nbsp;&nbsp;&nbsp;fopen
<LI><a href="#[b5]">&gt;&gt;</a>&nbsp;&nbsp;&nbsp;fseek
</UL>
<BR>[Called By]<UL><LI><a href="#[90]">&gt;&gt;</a>&nbsp;&nbsp;&nbsp;main
<LI><a href="#[ba]">&gt;&gt;</a>&nbsp;&nbsp;&nbsp;Animation_Start
</UL>

<P><STRONG><a name="[ba]"></a>Animation_Start</STRONG> (Thumb, 94 bytes, Stack size 288 bytes, main.o(.text))
<BR><BR>[Stack]<UL><LI>Max Depth = 568 + Unknown Stack Size
<LI>Call Chain = Animation_Start &rArr; Animation_Read_Effect &rArr; fopen &rArr; freopen &rArr; _fclose_internal &rArr; _fflush &rArr; _writebuf &rArr; _sys_write &rArr; __sys_write &rArr; efs_write &rArr; efs_AllocBlock &rArr; efs_mark_freeMem &rArr; efs_rd_alloc
</UL>
<BR>[Calls]<UL><LI><a href="#[9a]">&gt;&gt;</a>&nbsp;&nbsp;&nbsp;ffind
<LI><a href="#[bb]">&gt;&gt;</a>&nbsp;&nbsp;&nbsp;SETTINGS_Save
<LI><a href="#[b3]">&gt;&gt;</a>&nbsp;&nbsp;&nbsp;Animation_Read_Effect
<LI><a href="#[b9]">&gt;&gt;</a>&nbsp;&nbsp;&nbsp;fclose
<LI><a href="#[b4]">&gt;&gt;</a>&nbsp;&nbsp;&nbsp;fopen
</UL>
<BR>[Called By]<UL><LI><a href="#[d8]">&gt;&gt;</a>&nbsp;&nbsp;&nbsp;cgi_process_data
<LI><a href="#[90]">&gt;&gt;</a>&nbsp;&nbsp;&nbsp;main
</UL>

<P><STRONG><a name="[bc]"></a>Animation_Stop</STRONG> (Thumb, 46 bytes, Stack size 24 bytes, main.o(.text))
<BR><BR>[Stack]<UL><LI>Max Depth = 288 + Unknown Stack Size
<LI>Call Chain = Animation_Stop &rArr; SETTINGS_Save &rArr; fopen &rArr; freopen &rArr; _fclose_internal &rArr; _fflush &rArr; _writebuf &rArr; _sys_write &rArr; __sys_write &rArr; efs_write &rArr; efs_AllocBlock &rArr; efs_mark_freeMem &rArr; efs_rd_alloc
</UL>
<BR>[Calls]<UL><LI><a href="#[bb]">&gt;&gt;</a>&nbsp;&nbsp;&nbsp;SETTINGS_Save
<LI><a href="#[b7]">&gt;&gt;</a>&nbsp;&nbsp;&nbsp;LED_CUBE_Rows_Set
<LI><a href="#[b8]">&gt;&gt;</a>&nbsp;&nbsp;&nbsp;LED_CUBE_Columns_Set
</UL>
<BR>[Called By]<UL><LI><a href="#[f9]">&gt;&gt;</a>&nbsp;&nbsp;&nbsp;ftp_fdelete
<LI><a href="#[d8]">&gt;&gt;</a>&nbsp;&nbsp;&nbsp;cgi_process_data
<LI><a href="#[90]">&gt;&gt;</a>&nbsp;&nbsp;&nbsp;main
</UL>

<P><STRONG><a name="[bd]"></a>Init</STRONG> (Thumb, 94 bytes, Stack size 8 bytes, main.o(.text))
<BR><BR>[Stack]<UL><LI>Max Depth = 488 + Unknown Stack Size
<LI>Call Chain = Init &rArr; SETTINGS_Load &rArr; SETTINGS_Save &rArr; fopen &rArr; freopen &rArr; _fclose_internal &rArr; _fflush &rArr; _writebuf &rArr; _sys_write &rArr; __sys_write &rArr; efs_write &rArr; efs_AllocBlock &rArr; efs_mark_freeMem &rArr; efs_rd_alloc
</UL>
<BR>[Calls]<UL><LI><a href="#[bf]">&gt;&gt;</a>&nbsp;&nbsp;&nbsp;init_TcpNet
<LI><a href="#[be]">&gt;&gt;</a>&nbsp;&nbsp;&nbsp;finit
<LI><a href="#[c6]">&gt;&gt;</a>&nbsp;&nbsp;&nbsp;USERS_Load
<LI><a href="#[c0]">&gt;&gt;</a>&nbsp;&nbsp;&nbsp;TCP_Users_Init
<LI><a href="#[3a]">&gt;&gt;</a>&nbsp;&nbsp;&nbsp;SystemInit
<LI><a href="#[c3]">&gt;&gt;</a>&nbsp;&nbsp;&nbsp;SETTINGS_Load
<LI><a href="#[c2]">&gt;&gt;</a>&nbsp;&nbsp;&nbsp;RTC_Start
<LI><a href="#[c1]">&gt;&gt;</a>&nbsp;&nbsp;&nbsp;RTC_Init
<LI><a href="#[c8]">&gt;&gt;</a>&nbsp;&nbsp;&nbsp;LED_CUBE_Init
<LI><a href="#[c4]">&gt;&gt;</a>&nbsp;&nbsp;&nbsp;ADMINS_Load
<LI><a href="#[c5]">&gt;&gt;</a>&nbsp;&nbsp;&nbsp;ADMINS_Create_Default_Admin
<LI><a href="#[ac]">&gt;&gt;</a>&nbsp;&nbsp;&nbsp;UDP_Socket_Init
<LI><a href="#[c7]">&gt;&gt;</a>&nbsp;&nbsp;&nbsp;Status_LEDs_Init
<LI><a href="#[9f]">&gt;&gt;</a>&nbsp;&nbsp;&nbsp;UART_CONSOLE_Send_String
<LI><a href="#[9b]">&gt;&gt;</a>&nbsp;&nbsp;&nbsp;UART_CONSOLE_Init
</UL>
<BR>[Called By]<UL><LI><a href="#[90]">&gt;&gt;</a>&nbsp;&nbsp;&nbsp;main
</UL>

<P><STRONG><a name="[90]"></a>main</STRONG> (Thumb, 426 bytes, Stack size 24 bytes, main.o(.text))
<BR><BR>[Stack]<UL><LI>Max Depth = 784 + Unknown Stack Size
<LI>Call Chain = main &rArr; main_TcpNet &rArr; run_system &rArr; http_run_server &rArr; http_kill_session &rArr; cgi_process_data &rArr; Animation_Start &rArr; Animation_Read_Effect &rArr; fopen &rArr; freopen &rArr; _fclose_internal &rArr; _fflush &rArr; _writebuf &rArr; _sys_write &rArr; __sys_write &rArr; efs_write &rArr; efs_AllocBlock &rArr; efs_mark_freeMem &rArr; efs_rd_alloc
</UL>
<BR>[Calls]<UL><LI><a href="#[c9]">&gt;&gt;</a>&nbsp;&nbsp;&nbsp;main_TcpNet
<LI><a href="#[cb]">&gt;&gt;</a>&nbsp;&nbsp;&nbsp;UDP_Send_Search_Device
<LI><a href="#[ca]">&gt;&gt;</a>&nbsp;&nbsp;&nbsp;UDP_Receive_Check
<LI><a href="#[d1]">&gt;&gt;</a>&nbsp;&nbsp;&nbsp;UART_RBR_Enable
<LI><a href="#[d0]">&gt;&gt;</a>&nbsp;&nbsp;&nbsp;UART_RBR_Disable
<LI><a href="#[cc]">&gt;&gt;</a>&nbsp;&nbsp;&nbsp;TCP_Receive_Check
<LI><a href="#[b7]">&gt;&gt;</a>&nbsp;&nbsp;&nbsp;LED_CUBE_Rows_Set
<LI><a href="#[ce]">&gt;&gt;</a>&nbsp;&nbsp;&nbsp;LED_CUBE_Row_Set
<LI><a href="#[b8]">&gt;&gt;</a>&nbsp;&nbsp;&nbsp;LED_CUBE_Columns_Set
<LI><a href="#[cf]">&gt;&gt;</a>&nbsp;&nbsp;&nbsp;LED_CUBE_Column_Set
<LI><a href="#[cd]">&gt;&gt;</a>&nbsp;&nbsp;&nbsp;GetAnimationFileNameFromBuffer
<LI><a href="#[bd]">&gt;&gt;</a>&nbsp;&nbsp;&nbsp;Init
<LI><a href="#[bc]">&gt;&gt;</a>&nbsp;&nbsp;&nbsp;Animation_Stop
<LI><a href="#[ba]">&gt;&gt;</a>&nbsp;&nbsp;&nbsp;Animation_Start
<LI><a href="#[b3]">&gt;&gt;</a>&nbsp;&nbsp;&nbsp;Animation_Read_Effect
<LI><a href="#[b1]">&gt;&gt;</a>&nbsp;&nbsp;&nbsp;DHCP_Check
<LI><a href="#[af]">&gt;&gt;</a>&nbsp;&nbsp;&nbsp;timer_poll
<LI><a href="#[a7]">&gt;&gt;</a>&nbsp;&nbsp;&nbsp;UDP_Socket_Send
<LI><a href="#[a5]">&gt;&gt;</a>&nbsp;&nbsp;&nbsp;Status_LED2_Toggle
<LI><a href="#[a6]">&gt;&gt;</a>&nbsp;&nbsp;&nbsp;Status_LED2_Set
<LI><a href="#[a4]">&gt;&gt;</a>&nbsp;&nbsp;&nbsp;Status_LED1_Set
</UL>
<BR>[Called By]<UL><LI><a href="#[8f]">&gt;&gt;</a>&nbsp;&nbsp;&nbsp;__rt_entry_main
</UL>

<P><STRONG><a name="[22d]"></a>cgx_content_type</STRONG> (Thumb, 4 bytes, Stack size 0 bytes, http_cgi.o(.text))
<BR><BR>[Called By]<UL><LI><a href="#[22c]">&gt;&gt;</a>&nbsp;&nbsp;&nbsp;http_add_header
</UL>

<P><STRONG><a name="[d2]"></a>cgi_process_var</STRONG> (Thumb, 334 bytes, Stack size 56 bytes, http_cgi.o(.text))
<BR><BR>[Stack]<UL><LI>Max Depth = 280<LI>Call Chain = cgi_process_var &rArr; __0sscanf &rArr; __vfscanf_char &rArr; __vfscanf &rArr; _scanf_int
</UL>
<BR>[Calls]<UL><LI><a href="#[d5]">&gt;&gt;</a>&nbsp;&nbsp;&nbsp;str_scomp
<LI><a href="#[d4]">&gt;&gt;</a>&nbsp;&nbsp;&nbsp;http_get_var
<LI><a href="#[d7]">&gt;&gt;</a>&nbsp;&nbsp;&nbsp;free_mem
<LI><a href="#[d3]">&gt;&gt;</a>&nbsp;&nbsp;&nbsp;alloc_mem
<LI><a href="#[d6]">&gt;&gt;</a>&nbsp;&nbsp;&nbsp;__0sscanf
</UL>
<BR>[Called By]<UL><LI><a href="#[48]">&gt;&gt;</a>&nbsp;&nbsp;&nbsp;http_listener
</UL>

<P><STRONG><a name="[d8]"></a>cgi_process_data</STRONG> (Thumb, 1778 bytes, Stack size 120 bytes, http_cgi.o(.text))
<BR><BR>[Stack]<UL><LI>Max Depth = 688 + Unknown Stack Size
<LI>Call Chain = cgi_process_data &rArr; Animation_Start &rArr; Animation_Read_Effect &rArr; fopen &rArr; freopen &rArr; _fclose_internal &rArr; _fflush &rArr; _writebuf &rArr; _sys_write &rArr; __sys_write &rArr; efs_write &rArr; efs_AllocBlock &rArr; efs_mark_freeMem &rArr; efs_rd_alloc
</UL>
<BR>[Calls]<UL><LI><a href="#[d5]">&gt;&gt;</a>&nbsp;&nbsp;&nbsp;str_scomp
<LI><a href="#[d4]">&gt;&gt;</a>&nbsp;&nbsp;&nbsp;http_get_var
<LI><a href="#[d7]">&gt;&gt;</a>&nbsp;&nbsp;&nbsp;free_mem
<LI><a href="#[d3]">&gt;&gt;</a>&nbsp;&nbsp;&nbsp;alloc_mem
<LI><a href="#[e1]">&gt;&gt;</a>&nbsp;&nbsp;&nbsp;USERS_Save
<LI><a href="#[e4]">&gt;&gt;</a>&nbsp;&nbsp;&nbsp;USERS_Remove_User_By_Index
<LI><a href="#[e8]">&gt;&gt;</a>&nbsp;&nbsp;&nbsp;USERS_Remove_All
<LI><a href="#[e0]">&gt;&gt;</a>&nbsp;&nbsp;&nbsp;USERS_Check_User
<LI><a href="#[e7]">&gt;&gt;</a>&nbsp;&nbsp;&nbsp;USERS_Add_User
<LI><a href="#[de]">&gt;&gt;</a>&nbsp;&nbsp;&nbsp;SNTP_Load_Time
<LI><a href="#[df]">&gt;&gt;</a>&nbsp;&nbsp;&nbsp;RTC_Set_Time
<LI><a href="#[e3]">&gt;&gt;</a>&nbsp;&nbsp;&nbsp;ADMINS_Save
<LI><a href="#[e5]">&gt;&gt;</a>&nbsp;&nbsp;&nbsp;ADMINS_Remove_Admin_By_Index
<LI><a href="#[e2]">&gt;&gt;</a>&nbsp;&nbsp;&nbsp;ADMINS_Check_Admin
<LI><a href="#[e6]">&gt;&gt;</a>&nbsp;&nbsp;&nbsp;ADMINS_Add_Admin
<LI><a href="#[be]">&gt;&gt;</a>&nbsp;&nbsp;&nbsp;finit
<LI><a href="#[9a]">&gt;&gt;</a>&nbsp;&nbsp;&nbsp;ffind
<LI><a href="#[99]">&gt;&gt;</a>&nbsp;&nbsp;&nbsp;fdelete
<LI><a href="#[bb]">&gt;&gt;</a>&nbsp;&nbsp;&nbsp;SETTINGS_Save
<LI><a href="#[bc]">&gt;&gt;</a>&nbsp;&nbsp;&nbsp;Animation_Stop
<LI><a href="#[ba]">&gt;&gt;</a>&nbsp;&nbsp;&nbsp;Animation_Start
<LI><a href="#[98]">&gt;&gt;</a>&nbsp;&nbsp;&nbsp;SPI_FLASH_Delete_All_Files
<LI><a href="#[d6]">&gt;&gt;</a>&nbsp;&nbsp;&nbsp;__0sscanf
<LI><a href="#[e9]">&gt;&gt;</a>&nbsp;&nbsp;&nbsp;free
<LI><a href="#[d9]">&gt;&gt;</a>&nbsp;&nbsp;&nbsp;malloc
<LI><a href="#[da]">&gt;&gt;</a>&nbsp;&nbsp;&nbsp;fwrite
<LI><a href="#[db]">&gt;&gt;</a>&nbsp;&nbsp;&nbsp;strcmp
<LI><a href="#[a0]">&gt;&gt;</a>&nbsp;&nbsp;&nbsp;strlen
<LI><a href="#[dc]">&gt;&gt;</a>&nbsp;&nbsp;&nbsp;strcpy
<LI><a href="#[b9]">&gt;&gt;</a>&nbsp;&nbsp;&nbsp;fclose
<LI><a href="#[b4]">&gt;&gt;</a>&nbsp;&nbsp;&nbsp;fopen
<LI><a href="#[dd]">&gt;&gt;</a>&nbsp;&nbsp;&nbsp;atoi
</UL>
<BR>[Called By]<UL><LI><a href="#[237]">&gt;&gt;</a>&nbsp;&nbsp;&nbsp;http_proc_post
<LI><a href="#[239]">&gt;&gt;</a>&nbsp;&nbsp;&nbsp;http_proc_multipart
<LI><a href="#[232]">&gt;&gt;</a>&nbsp;&nbsp;&nbsp;http_kill_session
</UL>

<P><STRONG><a name="[ea]"></a>cgi_func</STRONG> (Thumb, 1946 bytes, Stack size 120 bytes, http_cgi.o(.text))
<BR><BR>[Stack]<UL><LI>Max Depth = 328 + Unknown Stack Size
<LI>Call Chain = cgi_func &rArr; strftime &rArr; sprintf &rArr; _printf_char_common &rArr; __printf
</UL>
<BR>[Calls]<UL><LI><a href="#[f2]">&gt;&gt;</a>&nbsp;&nbsp;&nbsp;http_get_user_id
<LI><a href="#[ec]">&gt;&gt;</a>&nbsp;&nbsp;&nbsp;file_size_format
<LI><a href="#[f1]">&gt;&gt;</a>&nbsp;&nbsp;&nbsp;USERS_Count
<LI><a href="#[ee]">&gt;&gt;</a>&nbsp;&nbsp;&nbsp;RTC_Get_TimeInfo
<LI><a href="#[ed]">&gt;&gt;</a>&nbsp;&nbsp;&nbsp;RTC_Get_Time
<LI><a href="#[f0]">&gt;&gt;</a>&nbsp;&nbsp;&nbsp;ADMINS_Count
<LI><a href="#[be]">&gt;&gt;</a>&nbsp;&nbsp;&nbsp;finit
<LI><a href="#[9a]">&gt;&gt;</a>&nbsp;&nbsp;&nbsp;ffind
<LI><a href="#[eb]">&gt;&gt;</a>&nbsp;&nbsp;&nbsp;__2sprintf
<LI><a href="#[ef]">&gt;&gt;</a>&nbsp;&nbsp;&nbsp;strftime
<LI><a href="#[db]">&gt;&gt;</a>&nbsp;&nbsp;&nbsp;strcmp
</UL>
<BR>[Called By]<UL><LI><a href="#[128]">&gt;&gt;</a>&nbsp;&nbsp;&nbsp;http_run_server
</UL>

<P><STRONG><a name="[f3]"></a>http_check_account</STRONG> (Thumb, 146 bytes, Stack size 24 bytes, http_cgi.o(.text))
<BR><BR>[Stack]<UL><LI>Max Depth = 24<LI>Call Chain = http_check_account
</UL>
<BR>[Calls]<UL><LI><a href="#[f1]">&gt;&gt;</a>&nbsp;&nbsp;&nbsp;USERS_Count
<LI><a href="#[f0]">&gt;&gt;</a>&nbsp;&nbsp;&nbsp;ADMINS_Count
<LI><a href="#[db]">&gt;&gt;</a>&nbsp;&nbsp;&nbsp;strcmp
</UL>
<BR>[Called By]<UL><LI><a href="#[235]">&gt;&gt;</a>&nbsp;&nbsp;&nbsp;http_proc_header
</UL>

<P><STRONG><a name="[f4]"></a>http_file_access</STRONG> (Thumb, 96 bytes, Stack size 16 bytes, http_cgi.o(.text))
<BR><BR>[Stack]<UL><LI>Max Depth = 16<LI>Call Chain = http_file_access
</UL>
<BR>[Calls]<UL><LI><a href="#[f0]">&gt;&gt;</a>&nbsp;&nbsp;&nbsp;ADMINS_Count
<LI><a href="#[db]">&gt;&gt;</a>&nbsp;&nbsp;&nbsp;strcmp
</UL>
<BR>[Called By]<UL><LI><a href="#[236]">&gt;&gt;</a>&nbsp;&nbsp;&nbsp;http_open_file
</UL>

<P><STRONG><a name="[f5]"></a>ftp_fopen</STRONG> (Thumb, 4 bytes, Stack size 0 bytes, ftp_uif.o(.text))
<BR><BR>[Stack]<UL><LI>Max Depth = 248<LI>Call Chain = ftp_fopen &rArr; fopen &rArr; freopen &rArr; _fclose_internal &rArr; _fflush &rArr; _writebuf &rArr; _sys_write &rArr; __sys_write &rArr; efs_write &rArr; efs_AllocBlock &rArr; efs_mark_freeMem &rArr; efs_rd_alloc
</UL>
<BR>[Calls]<UL><LI><a href="#[b4]">&gt;&gt;</a>&nbsp;&nbsp;&nbsp;fopen
</UL>
<BR>[Called By]<UL><LI><a href="#[129]">&gt;&gt;</a>&nbsp;&nbsp;&nbsp;ftp_run_server
<LI><a href="#[46]">&gt;&gt;</a>&nbsp;&nbsp;&nbsp;ftp_listener
</UL>

<P><STRONG><a name="[f6]"></a>ftp_fclose</STRONG> (Thumb, 4 bytes, Stack size 0 bytes, ftp_uif.o(.text))
<BR><BR>[Stack]<UL><LI>Max Depth = 32<LI>Call Chain = ftp_fclose &rArr; fclose
</UL>
<BR>[Calls]<UL><LI><a href="#[b9]">&gt;&gt;</a>&nbsp;&nbsp;&nbsp;fclose
</UL>
<BR>[Called By]<UL><LI><a href="#[1e7]">&gt;&gt;</a>&nbsp;&nbsp;&nbsp;close_file
</UL>

<P><STRONG><a name="[f7]"></a>ftp_fread</STRONG> (Thumb, 18 bytes, Stack size 8 bytes, ftp_uif.o(.text))
<BR><BR>[Stack]<UL><LI>Max Depth = 168<LI>Call Chain = ftp_fread &rArr; fread &rArr; _readbuf &rArr; _sys_read &rArr; __sys_read &rArr; efs_read &rArr; efs_mark_fileMem &rArr; efs_rd_sig
</UL>
<BR>[Calls]<UL><LI><a href="#[b6]">&gt;&gt;</a>&nbsp;&nbsp;&nbsp;fread
</UL>
<BR>[Called By]<UL><LI><a href="#[129]">&gt;&gt;</a>&nbsp;&nbsp;&nbsp;ftp_run_server
</UL>

<P><STRONG><a name="[f8]"></a>ftp_fwrite</STRONG> (Thumb, 18 bytes, Stack size 8 bytes, ftp_uif.o(.text))
<BR><BR>[Stack]<UL><LI>Max Depth = 192<LI>Call Chain = ftp_fwrite &rArr; fwrite &rArr; _writebuf &rArr; _sys_write &rArr; __sys_write &rArr; efs_write &rArr; efs_AllocBlock &rArr; efs_mark_freeMem &rArr; efs_rd_alloc
</UL>
<BR>[Calls]<UL><LI><a href="#[da]">&gt;&gt;</a>&nbsp;&nbsp;&nbsp;fwrite
</UL>
<BR>[Called By]<UL><LI><a href="#[47]">&gt;&gt;</a>&nbsp;&nbsp;&nbsp;ftp_data_cb
</UL>

<P><STRONG><a name="[f9]"></a>ftp_fdelete</STRONG> (Thumb, 40 bytes, Stack size 8 bytes, ftp_uif.o(.text))
<BR><BR>[Stack]<UL><LI>Max Depth = 296 + Unknown Stack Size
<LI>Call Chain = ftp_fdelete &rArr; Animation_Stop &rArr; SETTINGS_Save &rArr; fopen &rArr; freopen &rArr; _fclose_internal &rArr; _fflush &rArr; _writebuf &rArr; _sys_write &rArr; __sys_write &rArr; efs_write &rArr; efs_AllocBlock &rArr; efs_mark_freeMem &rArr; efs_rd_alloc
</UL>
<BR>[Calls]<UL><LI><a href="#[99]">&gt;&gt;</a>&nbsp;&nbsp;&nbsp;fdelete
<LI><a href="#[bc]">&gt;&gt;</a>&nbsp;&nbsp;&nbsp;Animation_Stop
<LI><a href="#[db]">&gt;&gt;</a>&nbsp;&nbsp;&nbsp;strcmp
</UL>
<BR>[Called By]<UL><LI><a href="#[129]">&gt;&gt;</a>&nbsp;&nbsp;&nbsp;ftp_run_server
<LI><a href="#[46]">&gt;&gt;</a>&nbsp;&nbsp;&nbsp;ftp_listener
</UL>

<P><STRONG><a name="[fa]"></a>ftp_frename</STRONG> (Thumb, 16 bytes, Stack size 8 bytes, ftp_uif.o(.text))
<BR><BR>[Stack]<UL><LI>Max Depth = 160<LI>Call Chain = ftp_frename &rArr; frename &rArr; efs_rename &rArr; efs_create &rArr; efs_get_freeID &rArr; efs_rd_alloc
</UL>
<BR>[Calls]<UL><LI><a href="#[fb]">&gt;&gt;</a>&nbsp;&nbsp;&nbsp;frename
</UL>
<BR>[Called By]<UL><LI><a href="#[46]">&gt;&gt;</a>&nbsp;&nbsp;&nbsp;ftp_listener
</UL>

<P><STRONG><a name="[fc]"></a>ftp_ffind</STRONG> (Thumb, 288 bytes, Stack size 32 bytes, ftp_uif.o(.text))
<BR><BR>[Stack]<UL><LI>Max Depth = 168 + Unknown Stack Size
<LI>Call Chain = ftp_ffind &rArr; __2sprintf &rArr; _printf_char_common &rArr; __printf
</UL>
<BR>[Calls]<UL><LI><a href="#[fd]">&gt;&gt;</a>&nbsp;&nbsp;&nbsp;ftp_get_user_id
<LI><a href="#[9a]">&gt;&gt;</a>&nbsp;&nbsp;&nbsp;ffind
<LI><a href="#[eb]">&gt;&gt;</a>&nbsp;&nbsp;&nbsp;__2sprintf
</UL>
<BR>[Called By]<UL><LI><a href="#[129]">&gt;&gt;</a>&nbsp;&nbsp;&nbsp;ftp_run_server
</UL>

<P><STRONG><a name="[fe]"></a>ftp_check_account</STRONG> (Thumb, 174 bytes, Stack size 24 bytes, ftp_uif.o(.text))
<BR><BR>[Stack]<UL><LI>Max Depth = 24<LI>Call Chain = ftp_check_account
</UL>
<BR>[Calls]<UL><LI><a href="#[f1]">&gt;&gt;</a>&nbsp;&nbsp;&nbsp;USERS_Count
<LI><a href="#[f0]">&gt;&gt;</a>&nbsp;&nbsp;&nbsp;ADMINS_Count
<LI><a href="#[db]">&gt;&gt;</a>&nbsp;&nbsp;&nbsp;strcmp
</UL>
<BR>[Called By]<UL><LI><a href="#[46]">&gt;&gt;</a>&nbsp;&nbsp;&nbsp;ftp_listener
</UL>

<P><STRONG><a name="[ff]"></a>http_fopen</STRONG> (Thumb, 6 bytes, Stack size 0 bytes, http_uif.o(.text))
<BR><BR>[Stack]<UL><LI>Max Depth = 248<LI>Call Chain = http_fopen &rArr; fopen &rArr; freopen &rArr; _fclose_internal &rArr; _fflush &rArr; _writebuf &rArr; _sys_write &rArr; __sys_write &rArr; efs_write &rArr; efs_AllocBlock &rArr; efs_mark_freeMem &rArr; efs_rd_alloc
</UL>
<BR>[Calls]<UL><LI><a href="#[b4]">&gt;&gt;</a>&nbsp;&nbsp;&nbsp;fopen
</UL>
<BR>[Called By]<UL><LI><a href="#[236]">&gt;&gt;</a>&nbsp;&nbsp;&nbsp;http_open_file
</UL>

<P><STRONG><a name="[100]"></a>http_fclose</STRONG> (Thumb, 4 bytes, Stack size 0 bytes, http_uif.o(.text))
<BR><BR>[Stack]<UL><LI>Max Depth = 32<LI>Call Chain = http_fclose &rArr; fclose
</UL>
<BR>[Calls]<UL><LI><a href="#[b9]">&gt;&gt;</a>&nbsp;&nbsp;&nbsp;fclose
</UL>
<BR>[Called By]<UL><LI><a href="#[128]">&gt;&gt;</a>&nbsp;&nbsp;&nbsp;http_run_server
<LI><a href="#[232]">&gt;&gt;</a>&nbsp;&nbsp;&nbsp;http_kill_session
</UL>

<P><STRONG><a name="[101]"></a>http_fread</STRONG> (Thumb, 18 bytes, Stack size 8 bytes, http_uif.o(.text))
<BR><BR>[Stack]<UL><LI>Max Depth = 168<LI>Call Chain = http_fread &rArr; fread &rArr; _readbuf &rArr; _sys_read &rArr; __sys_read &rArr; efs_read &rArr; efs_mark_fileMem &rArr; efs_rd_sig
</UL>
<BR>[Calls]<UL><LI><a href="#[b6]">&gt;&gt;</a>&nbsp;&nbsp;&nbsp;fread
</UL>
<BR>[Called By]<UL><LI><a href="#[128]">&gt;&gt;</a>&nbsp;&nbsp;&nbsp;http_run_server
</UL>

<P><STRONG><a name="[102]"></a>http_fgets</STRONG> (Thumb, 24 bytes, Stack size 8 bytes, http_uif.o(.text))
<BR><BR>[Stack]<UL><LI>Max Depth = 64<LI>Call Chain = http_fgets &rArr; fgets &rArr; fgetc &rArr; __filbuf_byte
</UL>
<BR>[Calls]<UL><LI><a href="#[103]">&gt;&gt;</a>&nbsp;&nbsp;&nbsp;fgets
</UL>
<BR>[Called By]<UL><LI><a href="#[238]">&gt;&gt;</a>&nbsp;&nbsp;&nbsp;read_script_line
</UL>

<P><STRONG><a name="[104]"></a>http_finfo</STRONG> (Thumb, 52 bytes, Stack size 16 bytes, http_uif.o(.text))
<BR><BR>[Stack]<UL><LI>Max Depth = 112<LI>Call Chain = http_finfo &rArr; ffind &rArr; efs_ffind &rArr; efs_ReadBlock
</UL>
<BR>[Calls]<UL><LI><a href="#[105]">&gt;&gt;</a>&nbsp;&nbsp;&nbsp;http_date
<LI><a href="#[d7]">&gt;&gt;</a>&nbsp;&nbsp;&nbsp;free_mem
<LI><a href="#[d3]">&gt;&gt;</a>&nbsp;&nbsp;&nbsp;alloc_mem
<LI><a href="#[9a]">&gt;&gt;</a>&nbsp;&nbsp;&nbsp;ffind
</UL>
<BR>[Called By]<UL><LI><a href="#[236]">&gt;&gt;</a>&nbsp;&nbsp;&nbsp;http_open_file
</UL>

<P><STRONG><a name="[b7]"></a>LED_CUBE_Rows_Set</STRONG> (Thumb, 188 bytes, Stack size 0 bytes, led_cube_8x8x8.o(.text))
<BR><BR>[Called By]<UL><LI><a href="#[90]">&gt;&gt;</a>&nbsp;&nbsp;&nbsp;main
<LI><a href="#[bc]">&gt;&gt;</a>&nbsp;&nbsp;&nbsp;Animation_Stop
<LI><a href="#[b3]">&gt;&gt;</a>&nbsp;&nbsp;&nbsp;Animation_Read_Effect
</UL>

<P><STRONG><a name="[ce]"></a>LED_CUBE_Row_Set</STRONG> (Thumb, 172 bytes, Stack size 0 bytes, led_cube_8x8x8.o(.text))
<BR><BR>[Called By]<UL><LI><a href="#[c8]">&gt;&gt;</a>&nbsp;&nbsp;&nbsp;LED_CUBE_Init
<LI><a href="#[90]">&gt;&gt;</a>&nbsp;&nbsp;&nbsp;main
</UL>

<P><STRONG><a name="[b8]"></a>LED_CUBE_Columns_Set</STRONG> (Thumb, 64 bytes, Stack size 32 bytes, led_cube_8x8x8.o(.text))
<BR><BR>[Stack]<UL><LI>Max Depth = 136<LI>Call Chain = LED_CUBE_Columns_Set &rArr; TLC59116_LEDs_Set &rArr; TLC59116_LED_Set &rArr; TLC59116_I2C_ReadRegister &rArr; I2C_Engine
</UL>
<BR>[Calls]<UL><LI><a href="#[106]">&gt;&gt;</a>&nbsp;&nbsp;&nbsp;TLC59116_LEDs_Set
</UL>
<BR>[Called By]<UL><LI><a href="#[90]">&gt;&gt;</a>&nbsp;&nbsp;&nbsp;main
<LI><a href="#[bc]">&gt;&gt;</a>&nbsp;&nbsp;&nbsp;Animation_Stop
<LI><a href="#[b3]">&gt;&gt;</a>&nbsp;&nbsp;&nbsp;Animation_Read_Effect
</UL>

<P><STRONG><a name="[cf]"></a>LED_CUBE_Column_Set</STRONG> (Thumb, 64 bytes, Stack size 0 bytes, led_cube_8x8x8.o(.text))
<BR><BR>[Stack]<UL><LI>Max Depth = 72<LI>Call Chain = LED_CUBE_Column_Set &rArr; TLC59116_LED_Set &rArr; TLC59116_I2C_ReadRegister &rArr; I2C_Engine
</UL>
<BR>[Calls]<UL><LI><a href="#[107]">&gt;&gt;</a>&nbsp;&nbsp;&nbsp;TLC59116_LED_Set
</UL>
<BR>[Called By]<UL><LI><a href="#[90]">&gt;&gt;</a>&nbsp;&nbsp;&nbsp;main
</UL>

<P><STRONG><a name="[c8]"></a>LED_CUBE_Init</STRONG> (Thumb, 132 bytes, Stack size 8 bytes, led_cube_8x8x8.o(.text))
<BR><BR>[Stack]<UL><LI>Max Depth = 48<LI>Call Chain = LED_CUBE_Init &rArr; TLC59116_I2C_Init &rArr; TLC59116_I2C_WriteRegister &rArr; I2C_Engine
</UL>
<BR>[Calls]<UL><LI><a href="#[108]">&gt;&gt;</a>&nbsp;&nbsp;&nbsp;TLC59116_I2C_Init
<LI><a href="#[ce]">&gt;&gt;</a>&nbsp;&nbsp;&nbsp;LED_CUBE_Row_Set
</UL>
<BR>[Called By]<UL><LI><a href="#[bd]">&gt;&gt;</a>&nbsp;&nbsp;&nbsp;Init
</UL>

<P><STRONG><a name="[10a]"></a>CRC_Update</STRONG> (Thumb, 26 bytes, Stack size 0 bytes, protocol.o(.text))
<BR><BR>[Called By]<UL><LI><a href="#[109]">&gt;&gt;</a>&nbsp;&nbsp;&nbsp;CRC_Calculate
</UL>

<P><STRONG><a name="[109]"></a>CRC_Calculate</STRONG> (Thumb, 26 bytes, Stack size 16 bytes, protocol.o(.text))
<BR><BR>[Stack]<UL><LI>Max Depth = 16<LI>Call Chain = CRC_Calculate
</UL>
<BR>[Calls]<UL><LI><a href="#[10a]">&gt;&gt;</a>&nbsp;&nbsp;&nbsp;CRC_Update
</UL>
<BR>[Called By]<UL><LI><a href="#[cb]">&gt;&gt;</a>&nbsp;&nbsp;&nbsp;UDP_Send_Search_Device
<LI><a href="#[ca]">&gt;&gt;</a>&nbsp;&nbsp;&nbsp;UDP_Receive_Check
<LI><a href="#[cc]">&gt;&gt;</a>&nbsp;&nbsp;&nbsp;TCP_Receive_Check
</UL>

<P><STRONG><a name="[ca]"></a>UDP_Receive_Check</STRONG> (Thumb, 66 bytes, Stack size 12 bytes, protocol.o(.text))
<BR><BR>[Stack]<UL><LI>Max Depth = 28<LI>Call Chain = UDP_Receive_Check &rArr; CRC_Calculate
</UL>
<BR>[Calls]<UL><LI><a href="#[109]">&gt;&gt;</a>&nbsp;&nbsp;&nbsp;CRC_Calculate
</UL>
<BR>[Called By]<UL><LI><a href="#[90]">&gt;&gt;</a>&nbsp;&nbsp;&nbsp;main
</UL>

<P><STRONG><a name="[cb]"></a>UDP_Send_Search_Device</STRONG> (Thumb, 54 bytes, Stack size 12 bytes, protocol.o(.text))
<BR><BR>[Stack]<UL><LI>Max Depth = 28<LI>Call Chain = UDP_Send_Search_Device &rArr; CRC_Calculate
</UL>
<BR>[Calls]<UL><LI><a href="#[109]">&gt;&gt;</a>&nbsp;&nbsp;&nbsp;CRC_Calculate
</UL>
<BR>[Called By]<UL><LI><a href="#[90]">&gt;&gt;</a>&nbsp;&nbsp;&nbsp;main
</UL>

<P><STRONG><a name="[cc]"></a>TCP_Receive_Check</STRONG> (Thumb, 100 bytes, Stack size 12 bytes, protocol.o(.text))
<BR><BR>[Stack]<UL><LI>Max Depth = 28<LI>Call Chain = TCP_Receive_Check &rArr; CRC_Calculate
</UL>
<BR>[Calls]<UL><LI><a href="#[109]">&gt;&gt;</a>&nbsp;&nbsp;&nbsp;CRC_Calculate
</UL>
<BR>[Called By]<UL><LI><a href="#[90]">&gt;&gt;</a>&nbsp;&nbsp;&nbsp;main
</UL>

<P><STRONG><a name="[cd]"></a>GetAnimationFileNameFromBuffer</STRONG> (Thumb, 34 bytes, Stack size 16 bytes, protocol.o(.text))
<BR><BR>[Stack]<UL><LI>Max Depth = 64<LI>Call Chain = GetAnimationFileNameFromBuffer &rArr; malloc &rArr; __Heap_Full &rArr; __Heap_ProvideMemory &rArr; free
</UL>
<BR>[Calls]<UL><LI><a href="#[d9]">&gt;&gt;</a>&nbsp;&nbsp;&nbsp;malloc
<LI><a href="#[10b]">&gt;&gt;</a>&nbsp;&nbsp;&nbsp;strncpy
</UL>
<BR>[Called By]<UL><LI><a href="#[90]">&gt;&gt;</a>&nbsp;&nbsp;&nbsp;main
</UL>

<P><STRONG><a name="[114]"></a>TCP_User_Kill_Session</STRONG> (Thumb, 12 bytes, Stack size 0 bytes, tcp_users.o(.text))
<BR><BR>[Called By]<UL><LI><a href="#[112]">&gt;&gt;</a>&nbsp;&nbsp;&nbsp;TCP_User_Socket_Listener
</UL>

<P><STRONG><a name="[113]"></a>TCP_User_Map_Sessions</STRONG> (Thumb, 34 bytes, Stack size 0 bytes, tcp_users.o(.text))
<BR><BR>[Called By]<UL><LI><a href="#[112]">&gt;&gt;</a>&nbsp;&nbsp;&nbsp;TCP_User_Socket_Listener
</UL>

<P><STRONG><a name="[10c]"></a>TCP_Socket_Send_Char</STRONG> (Thumb, 38 bytes, Stack size 24 bytes, tcp_users.o(.text), UNUSED)
<BR><BR>[Calls]<UL><LI><a href="#[10e]">&gt;&gt;</a>&nbsp;&nbsp;&nbsp;tcp_send
<LI><a href="#[10d]">&gt;&gt;</a>&nbsp;&nbsp;&nbsp;tcp_get_buf
<LI><a href="#[a9]">&gt;&gt;</a>&nbsp;&nbsp;&nbsp;__aeabi_memcpy
</UL>

<P><STRONG><a name="[10f]"></a>TCP_Socket_Send_Buffer</STRONG> (Thumb, 40 bytes, Stack size 24 bytes, tcp_users.o(.text), UNUSED)
<BR><BR>[Calls]<UL><LI><a href="#[10e]">&gt;&gt;</a>&nbsp;&nbsp;&nbsp;tcp_send
<LI><a href="#[10d]">&gt;&gt;</a>&nbsp;&nbsp;&nbsp;tcp_get_buf
<LI><a href="#[a9]">&gt;&gt;</a>&nbsp;&nbsp;&nbsp;__aeabi_memcpy
</UL>
<BR>[Called By]<UL><LI><a href="#[111]">&gt;&gt;</a>&nbsp;&nbsp;&nbsp;TCP_Socket_Send_NewLine
</UL>

<P><STRONG><a name="[110]"></a>TCP_Socket_Send_String</STRONG> (Thumb, 46 bytes, Stack size 24 bytes, tcp_users.o(.text), UNUSED)
<BR><BR>[Calls]<UL><LI><a href="#[10e]">&gt;&gt;</a>&nbsp;&nbsp;&nbsp;tcp_send
<LI><a href="#[10d]">&gt;&gt;</a>&nbsp;&nbsp;&nbsp;tcp_get_buf
<LI><a href="#[a9]">&gt;&gt;</a>&nbsp;&nbsp;&nbsp;__aeabi_memcpy
<LI><a href="#[a0]">&gt;&gt;</a>&nbsp;&nbsp;&nbsp;strlen
</UL>

<P><STRONG><a name="[111]"></a>TCP_Socket_Send_NewLine</STRONG> (Thumb, 20 bytes, Stack size 0 bytes, tcp_users.o(.text), UNUSED)
<BR><BR>[Calls]<UL><LI><a href="#[10f]">&gt;&gt;</a>&nbsp;&nbsp;&nbsp;TCP_Socket_Send_Buffer
</UL>

<P><STRONG><a name="[112]"></a>TCP_User_Socket_Listener</STRONG> (Thumb, 96 bytes, Stack size 24 bytes, tcp_users.o(.text))
<BR><BR>[Stack]<UL><LI>Max Depth = 24<LI>Call Chain = TCP_User_Socket_Listener
</UL>
<BR>[Calls]<UL><LI><a href="#[113]">&gt;&gt;</a>&nbsp;&nbsp;&nbsp;TCP_User_Map_Sessions
<LI><a href="#[114]">&gt;&gt;</a>&nbsp;&nbsp;&nbsp;TCP_User_Kill_Session
<LI><a href="#[a9]">&gt;&gt;</a>&nbsp;&nbsp;&nbsp;__aeabi_memcpy
</UL>
<BR>[Address Reference Count : 1]<UL><LI> tcp_users.o(.text)
</UL>
<P><STRONG><a name="[c0]"></a>TCP_Users_Init</STRONG> (Thumb, 90 bytes, Stack size 32 bytes, tcp_users.o(.text))
<BR><BR>[Stack]<UL><LI>Max Depth = 56<LI>Call Chain = TCP_Users_Init &rArr; tcp_get_socket
</UL>
<BR>[Calls]<UL><LI><a href="#[116]">&gt;&gt;</a>&nbsp;&nbsp;&nbsp;tcp_listen
<LI><a href="#[115]">&gt;&gt;</a>&nbsp;&nbsp;&nbsp;tcp_get_socket
</UL>
<BR>[Called By]<UL><LI><a href="#[bd]">&gt;&gt;</a>&nbsp;&nbsp;&nbsp;Init
</UL>

<P><STRONG><a name="[117]"></a>sys_error</STRONG> (Thumb, 2 bytes, Stack size 0 bytes, net_config.o(.text))
<BR><BR>[Calls]<UL><LI><a href="#[117]">&gt;&gt;</a>&nbsp;&nbsp;&nbsp;sys_error
</UL>
<BR>[Called By]<UL><LI><a href="#[117]">&gt;&gt;</a>&nbsp;&nbsp;&nbsp;sys_error
<LI><a href="#[115]">&gt;&gt;</a>&nbsp;&nbsp;&nbsp;tcp_get_socket
<LI><a href="#[d7]">&gt;&gt;</a>&nbsp;&nbsp;&nbsp;free_mem
<LI><a href="#[d3]">&gt;&gt;</a>&nbsp;&nbsp;&nbsp;alloc_mem
<LI><a href="#[ad]">&gt;&gt;</a>&nbsp;&nbsp;&nbsp;udp_get_socket
<LI><a href="#[24c]">&gt;&gt;</a>&nbsp;&nbsp;&nbsp;resize_mem
<LI><a href="#[20a]">&gt;&gt;</a>&nbsp;&nbsp;&nbsp;tcp_process
</UL>

<P><STRONG><a name="[118]"></a>init_system</STRONG> (Thumb, 46 bytes, Stack size 8 bytes, net_config.o(.text))
<BR><BR>[Stack]<UL><LI>Max Depth = 80<LI>Call Chain = init_system &rArr; eth_init_link &rArr; init_ethernet &rArr; write_PHY &rArr; output_MDIO
</UL>
<BR>[Calls]<UL><LI><a href="#[11c]">&gt;&gt;</a>&nbsp;&nbsp;&nbsp;udp_init
<LI><a href="#[11d]">&gt;&gt;</a>&nbsp;&nbsp;&nbsp;tcp_init
<LI><a href="#[122]">&gt;&gt;</a>&nbsp;&nbsp;&nbsp;sntp_init
<LI><a href="#[120]">&gt;&gt;</a>&nbsp;&nbsp;&nbsp;nbns_init
<LI><a href="#[11a]">&gt;&gt;</a>&nbsp;&nbsp;&nbsp;ip_init
<LI><a href="#[11b]">&gt;&gt;</a>&nbsp;&nbsp;&nbsp;icmp_init
<LI><a href="#[11e]">&gt;&gt;</a>&nbsp;&nbsp;&nbsp;http_init
<LI><a href="#[11f]">&gt;&gt;</a>&nbsp;&nbsp;&nbsp;ftp_init
<LI><a href="#[119]">&gt;&gt;</a>&nbsp;&nbsp;&nbsp;eth_init_link
<LI><a href="#[121]">&gt;&gt;</a>&nbsp;&nbsp;&nbsp;dhcp_init
</UL>
<BR>[Called By]<UL><LI><a href="#[bf]">&gt;&gt;</a>&nbsp;&nbsp;&nbsp;init_TcpNet
</UL>

<P><STRONG><a name="[123]"></a>run_system</STRONG> (Thumb, 38 bytes, Stack size 8 bytes, net_config.o(.text))
<BR><BR>[Stack]<UL><LI>Max Depth = 752 + Unknown Stack Size
<LI>Call Chain = run_system &rArr; http_run_server &rArr; http_kill_session &rArr; cgi_process_data &rArr; Animation_Start &rArr; Animation_Read_Effect &rArr; fopen &rArr; freopen &rArr; _fclose_internal &rArr; _fflush &rArr; _writebuf &rArr; _sys_write &rArr; __sys_write &rArr; efs_write &rArr; efs_AllocBlock &rArr; efs_mark_freeMem &rArr; efs_rd_alloc
</UL>
<BR>[Calls]<UL><LI><a href="#[127]">&gt;&gt;</a>&nbsp;&nbsp;&nbsp;tcp_poll_sockets
<LI><a href="#[12b]">&gt;&gt;</a>&nbsp;&nbsp;&nbsp;sntp_run_client
<LI><a href="#[125]">&gt;&gt;</a>&nbsp;&nbsp;&nbsp;ip_run_local
<LI><a href="#[126]">&gt;&gt;</a>&nbsp;&nbsp;&nbsp;icmp_run_engine
<LI><a href="#[128]">&gt;&gt;</a>&nbsp;&nbsp;&nbsp;http_run_server
<LI><a href="#[129]">&gt;&gt;</a>&nbsp;&nbsp;&nbsp;ftp_run_server
<LI><a href="#[124]">&gt;&gt;</a>&nbsp;&nbsp;&nbsp;eth_run_link
<LI><a href="#[12a]">&gt;&gt;</a>&nbsp;&nbsp;&nbsp;dhcp_run_client
</UL>
<BR>[Called By]<UL><LI><a href="#[c9]">&gt;&gt;</a>&nbsp;&nbsp;&nbsp;main_TcpNet
</UL>

<P><STRONG><a name="[244]"></a>igmp_is_member</STRONG> (Thumb, 4 bytes, Stack size 0 bytes, net_config.o(.text))
<BR><BR>[Called By]<UL><LI><a href="#[206]">&gt;&gt;</a>&nbsp;&nbsp;&nbsp;ip_chk_frame
</UL>

<P><STRONG><a name="[208]"></a>igmp_process</STRONG> (Thumb, 2 bytes, Stack size 0 bytes, net_config.o(.text))
<BR><BR>[Called By]<UL><LI><a href="#[124]">&gt;&gt;</a>&nbsp;&nbsp;&nbsp;eth_run_link
</UL>

<P><STRONG><a name="[246]"></a>ppp_send_frame</STRONG> (Thumb, 4 bytes, Stack size 0 bytes, net_config.o(.text))
<BR><BR>[Called By]<UL><LI><a href="#[23f]">&gt;&gt;</a>&nbsp;&nbsp;&nbsp;ip_send_frame
</UL>

<P><STRONG><a name="[247]"></a>slip_send_frame</STRONG> (Thumb, 4 bytes, Stack size 0 bytes, net_config.o(.text))
<BR><BR>[Called By]<UL><LI><a href="#[23f]">&gt;&gt;</a>&nbsp;&nbsp;&nbsp;ip_send_frame
</UL>

<P><STRONG><a name="[214]"></a>fs_config</STRONG> (Thumb, 34 bytes, Stack size 0 bytes, file_config.o(.text))
<BR><BR>[Called By]<UL><LI><a href="#[210]">&gt;&gt;</a>&nbsp;&nbsp;&nbsp;fs_cfg_drv
</UL>

<P><STRONG><a name="[242]"></a>fat_init</STRONG> (Thumb, 6 bytes, Stack size 0 bytes, file_config.o(.text))
<BR><BR>[Called By]<UL><LI><a href="#[211]">&gt;&gt;</a>&nbsp;&nbsp;&nbsp;init_drv
</UL>

<P><STRONG><a name="[1c1]"></a>fat_open</STRONG> (Thumb, 6 bytes, Stack size 0 bytes, file_config.o(.text))
<BR><BR>[Called By]<UL><LI><a href="#[12f]">&gt;&gt;</a>&nbsp;&nbsp;&nbsp;__sys_open
</UL>

<P><STRONG><a name="[1bb]"></a>fat_close</STRONG> (Thumb, 6 bytes, Stack size 0 bytes, file_config.o(.text))
<BR><BR>[Called By]<UL><LI><a href="#[131]">&gt;&gt;</a>&nbsp;&nbsp;&nbsp;__sys_close
</UL>

<P><STRONG><a name="[1c6]"></a>fat_read</STRONG> (Thumb, 6 bytes, Stack size 0 bytes, file_config.o(.text))
<BR><BR>[Called By]<UL><LI><a href="#[135]">&gt;&gt;</a>&nbsp;&nbsp;&nbsp;__sys_read
</UL>

<P><STRONG><a name="[1ca]"></a>fat_write</STRONG> (Thumb, 6 bytes, Stack size 0 bytes, file_config.o(.text))
<BR><BR>[Called By]<UL><LI><a href="#[133]">&gt;&gt;</a>&nbsp;&nbsp;&nbsp;__sys_write
</UL>

<P><STRONG><a name="[1c8]"></a>fat_seek</STRONG> (Thumb, 6 bytes, Stack size 0 bytes, file_config.o(.text))
<BR><BR>[Called By]<UL><LI><a href="#[137]">&gt;&gt;</a>&nbsp;&nbsp;&nbsp;__sys_seek
</UL>

<P><STRONG><a name="[20c]"></a>fat_delete</STRONG> (Thumb, 6 bytes, Stack size 0 bytes, file_config.o(.text))
<BR><BR>[Called By]<UL><LI><a href="#[99]">&gt;&gt;</a>&nbsp;&nbsp;&nbsp;fdelete
</UL>

<P><STRONG><a name="[213]"></a>fat_rename</STRONG> (Thumb, 6 bytes, Stack size 0 bytes, file_config.o(.text))
<BR><BR>[Called By]<UL><LI><a href="#[fb]">&gt;&gt;</a>&nbsp;&nbsp;&nbsp;frename
</UL>

<P><STRONG><a name="[286]"></a>fat_free</STRONG> (Thumb, 6 bytes, Stack size 0 bytes, file_config.o(.text), UNUSED)

<P><STRONG><a name="[20f]"></a>fat_format</STRONG> (Thumb, 6 bytes, Stack size 0 bytes, file_config.o(.text), UNUSED)
<BR><BR>[Called By]<UL><LI><a href="#[97]">&gt;&gt;</a>&nbsp;&nbsp;&nbsp;fformat
</UL>

<P><STRONG><a name="[20e]"></a>fat_ffind</STRONG> (Thumb, 6 bytes, Stack size 0 bytes, file_config.o(.text))
<BR><BR>[Called By]<UL><LI><a href="#[9a]">&gt;&gt;</a>&nbsp;&nbsp;&nbsp;ffind
</UL>

<P><STRONG><a name="[243]"></a>fat_jour_init</STRONG> (Thumb, 4 bytes, Stack size 0 bytes, file_config.o(.text))
<BR><BR>[Called By]<UL><LI><a href="#[211]">&gt;&gt;</a>&nbsp;&nbsp;&nbsp;init_drv
</UL>

<P><STRONG><a name="[287]"></a>fat_path_valid</STRONG> (Thumb, 4 bytes, Stack size 0 bytes, file_config.o(.text), UNUSED)

<P><STRONG><a name="[215]"></a>elink_init</STRONG> (Thumb, 4 bytes, Stack size 0 bytes, file_config.o(.text))
<BR><BR>[Called By]<UL><LI><a href="#[210]">&gt;&gt;</a>&nbsp;&nbsp;&nbsp;fs_cfg_drv
</UL>

<P><STRONG><a name="[288]"></a>elink_init_path</STRONG> (Thumb, 4 bytes, Stack size 0 bytes, file_config.o(.text), UNUSED)

<P><STRONG><a name="[289]"></a>elink_flush</STRONG> (Thumb, 4 bytes, Stack size 0 bytes, file_config.o(.text), UNUSED)

<P><STRONG><a name="[28a]"></a>elink_cmd</STRONG> (Thumb, 4 bytes, Stack size 0 bytes, file_config.o(.text), UNUSED)

<P><STRONG><a name="[28b]"></a>elink_insert</STRONG> (Thumb, 4 bytes, Stack size 0 bytes, file_config.o(.text), UNUSED)

<P><STRONG><a name="[28c]"></a>elink_delete</STRONG> (Thumb, 4 bytes, Stack size 0 bytes, file_config.o(.text), UNUSED)

<P><STRONG><a name="[28d]"></a>elink_scan</STRONG> (Thumb, 4 bytes, Stack size 0 bytes, file_config.o(.text), UNUSED)

<P><STRONG><a name="[d]"></a>Reset_Handler</STRONG> (Thumb, 8 bytes, Stack size 0 bytes, startup_lpc17xx.o(.text))
<BR>[Address Reference Count : 1]<UL><LI> startup_lpc17xx.o(RESET)
</UL>
<P><STRONG><a name="[e]"></a>NMI_Handler</STRONG> (Thumb, 2 bytes, Stack size 0 bytes, startup_lpc17xx.o(.text))
<BR><BR>[Calls]<UL><LI><a href="#[e]">&gt;&gt;</a>&nbsp;&nbsp;&nbsp;NMI_Handler
</UL>
<BR>[Called By]<UL><LI><a href="#[e]">&gt;&gt;</a>&nbsp;&nbsp;&nbsp;NMI_Handler
</UL>
<BR>[Address Reference Count : 1]<UL><LI> startup_lpc17xx.o(RESET)
</UL>
<P><STRONG><a name="[f]"></a>HardFault_Handler</STRONG> (Thumb, 2 bytes, Stack size 0 bytes, startup_lpc17xx.o(.text))
<BR><BR>[Calls]<UL><LI><a href="#[f]">&gt;&gt;</a>&nbsp;&nbsp;&nbsp;HardFault_Handler
</UL>
<BR>[Called By]<UL><LI><a href="#[f]">&gt;&gt;</a>&nbsp;&nbsp;&nbsp;HardFault_Handler
</UL>
<BR>[Address Reference Count : 1]<UL><LI> startup_lpc17xx.o(RESET)
</UL>
<P><STRONG><a name="[10]"></a>MemManage_Handler</STRONG> (Thumb, 2 bytes, Stack size 0 bytes, startup_lpc17xx.o(.text))
<BR><BR>[Calls]<UL><LI><a href="#[10]">&gt;&gt;</a>&nbsp;&nbsp;&nbsp;MemManage_Handler
</UL>
<BR>[Called By]<UL><LI><a href="#[10]">&gt;&gt;</a>&nbsp;&nbsp;&nbsp;MemManage_Handler
</UL>
<BR>[Address Reference Count : 1]<UL><LI> startup_lpc17xx.o(RESET)
</UL>
<P><STRONG><a name="[11]"></a>BusFault_Handler</STRONG> (Thumb, 2 bytes, Stack size 0 bytes, startup_lpc17xx.o(.text))
<BR><BR>[Calls]<UL><LI><a href="#[11]">&gt;&gt;</a>&nbsp;&nbsp;&nbsp;BusFault_Handler
</UL>
<BR>[Called By]<UL><LI><a href="#[11]">&gt;&gt;</a>&nbsp;&nbsp;&nbsp;BusFault_Handler
</UL>
<BR>[Address Reference Count : 1]<UL><LI> startup_lpc17xx.o(RESET)
</UL>
<P><STRONG><a name="[12]"></a>UsageFault_Handler</STRONG> (Thumb, 2 bytes, Stack size 0 bytes, startup_lpc17xx.o(.text))
<BR><BR>[Calls]<UL><LI><a href="#[12]">&gt;&gt;</a>&nbsp;&nbsp;&nbsp;UsageFault_Handler
</UL>
<BR>[Called By]<UL><LI><a href="#[12]">&gt;&gt;</a>&nbsp;&nbsp;&nbsp;UsageFault_Handler
</UL>
<BR>[Address Reference Count : 1]<UL><LI> startup_lpc17xx.o(RESET)
</UL>
<P><STRONG><a name="[13]"></a>SVC_Handler</STRONG> (Thumb, 2 bytes, Stack size 0 bytes, startup_lpc17xx.o(.text))
<BR><BR>[Calls]<UL><LI><a href="#[13]">&gt;&gt;</a>&nbsp;&nbsp;&nbsp;SVC_Handler
</UL>
<BR>[Called By]<UL><LI><a href="#[13]">&gt;&gt;</a>&nbsp;&nbsp;&nbsp;SVC_Handler
</UL>
<BR>[Address Reference Count : 1]<UL><LI> startup_lpc17xx.o(RESET)
</UL>
<P><STRONG><a name="[14]"></a>DebugMon_Handler</STRONG> (Thumb, 2 bytes, Stack size 0 bytes, startup_lpc17xx.o(.text))
<BR><BR>[Calls]<UL><LI><a href="#[14]">&gt;&gt;</a>&nbsp;&nbsp;&nbsp;DebugMon_Handler
</UL>
<BR>[Called By]<UL><LI><a href="#[14]">&gt;&gt;</a>&nbsp;&nbsp;&nbsp;DebugMon_Handler
</UL>
<BR>[Address Reference Count : 1]<UL><LI> startup_lpc17xx.o(RESET)
</UL>
<P><STRONG><a name="[15]"></a>PendSV_Handler</STRONG> (Thumb, 2 bytes, Stack size 0 bytes, startup_lpc17xx.o(.text))
<BR><BR>[Calls]<UL><LI><a href="#[15]">&gt;&gt;</a>&nbsp;&nbsp;&nbsp;PendSV_Handler
</UL>
<BR>[Called By]<UL><LI><a href="#[15]">&gt;&gt;</a>&nbsp;&nbsp;&nbsp;PendSV_Handler
</UL>
<BR>[Address Reference Count : 1]<UL><LI> startup_lpc17xx.o(RESET)
</UL>
<P><STRONG><a name="[16]"></a>SysTick_Handler</STRONG> (Thumb, 2 bytes, Stack size 0 bytes, startup_lpc17xx.o(.text))
<BR><BR>[Calls]<UL><LI><a href="#[16]">&gt;&gt;</a>&nbsp;&nbsp;&nbsp;SysTick_Handler
</UL>
<BR>[Called By]<UL><LI><a href="#[16]">&gt;&gt;</a>&nbsp;&nbsp;&nbsp;SysTick_Handler
</UL>
<BR>[Address Reference Count : 1]<UL><LI> startup_lpc17xx.o(RESET)
</UL>
<P><STRONG><a name="[2e]"></a>BOD_IRQHandler</STRONG> (Thumb, 0 bytes, Stack size 0 bytes, startup_lpc17xx.o(.text))
<BR><BR>[Calls]<UL><LI><a href="#[2e]">&gt;&gt;</a>&nbsp;&nbsp;&nbsp;BOD_IRQHandler
</UL>
<BR>[Called By]<UL><LI><a href="#[2e]">&gt;&gt;</a>&nbsp;&nbsp;&nbsp;BOD_IRQHandler
</UL>
<BR>[Address Reference Count : 1]<UL><LI> startup_lpc17xx.o(RESET)
</UL>
<P><STRONG><a name="[39]"></a>CANActivity_IRQHandler</STRONG> (Thumb, 0 bytes, Stack size 0 bytes, startup_lpc17xx.o(.text))
<BR>[Address Reference Count : 1]<UL><LI> startup_lpc17xx.o(RESET)
</UL>
<P><STRONG><a name="[30]"></a>CAN_IRQHandler</STRONG> (Thumb, 0 bytes, Stack size 0 bytes, startup_lpc17xx.o(.text))
<BR>[Address Reference Count : 1]<UL><LI> startup_lpc17xx.o(RESET)
</UL>
<P><STRONG><a name="[31]"></a>DMA_IRQHandler</STRONG> (Thumb, 0 bytes, Stack size 0 bytes, startup_lpc17xx.o(.text))
<BR>[Address Reference Count : 1]<UL><LI> startup_lpc17xx.o(RESET)
</UL>
<P><STRONG><a name="[29]"></a>EINT0_IRQHandler</STRONG> (Thumb, 0 bytes, Stack size 0 bytes, startup_lpc17xx.o(.text))
<BR>[Address Reference Count : 1]<UL><LI> startup_lpc17xx.o(RESET)
</UL>
<P><STRONG><a name="[2a]"></a>EINT1_IRQHandler</STRONG> (Thumb, 0 bytes, Stack size 0 bytes, startup_lpc17xx.o(.text))
<BR>[Address Reference Count : 1]<UL><LI> startup_lpc17xx.o(RESET)
</UL>
<P><STRONG><a name="[2b]"></a>EINT2_IRQHandler</STRONG> (Thumb, 0 bytes, Stack size 0 bytes, startup_lpc17xx.o(.text))
<BR>[Address Reference Count : 1]<UL><LI> startup_lpc17xx.o(RESET)
</UL>
<P><STRONG><a name="[2c]"></a>EINT3_IRQHandler</STRONG> (Thumb, 0 bytes, Stack size 0 bytes, startup_lpc17xx.o(.text))
<BR>[Address Reference Count : 1]<UL><LI> startup_lpc17xx.o(RESET)
</UL>
<P><STRONG><a name="[32]"></a>I2S_IRQHandler</STRONG> (Thumb, 0 bytes, Stack size 0 bytes, startup_lpc17xx.o(.text))
<BR>[Address Reference Count : 1]<UL><LI> startup_lpc17xx.o(RESET)
</UL>
<P><STRONG><a name="[35]"></a>MCPWM_IRQHandler</STRONG> (Thumb, 0 bytes, Stack size 0 bytes, startup_lpc17xx.o(.text))
<BR>[Address Reference Count : 1]<UL><LI> startup_lpc17xx.o(RESET)
</UL>
<P><STRONG><a name="[27]"></a>PLL0_IRQHandler</STRONG> (Thumb, 0 bytes, Stack size 0 bytes, startup_lpc17xx.o(.text))
<BR>[Address Reference Count : 1]<UL><LI> startup_lpc17xx.o(RESET)
</UL>
<P><STRONG><a name="[37]"></a>PLL1_IRQHandler</STRONG> (Thumb, 0 bytes, Stack size 0 bytes, startup_lpc17xx.o(.text))
<BR>[Address Reference Count : 1]<UL><LI> startup_lpc17xx.o(RESET)
</UL>
<P><STRONG><a name="[20]"></a>PWM1_IRQHandler</STRONG> (Thumb, 0 bytes, Stack size 0 bytes, startup_lpc17xx.o(.text))
<BR>[Address Reference Count : 1]<UL><LI> startup_lpc17xx.o(RESET)
</UL>
<P><STRONG><a name="[36]"></a>QEI_IRQHandler</STRONG> (Thumb, 0 bytes, Stack size 0 bytes, startup_lpc17xx.o(.text))
<BR>[Address Reference Count : 1]<UL><LI> startup_lpc17xx.o(RESET)
</UL>
<P><STRONG><a name="[34]"></a>RIT_IRQHandler</STRONG> (Thumb, 0 bytes, Stack size 0 bytes, startup_lpc17xx.o(.text))
<BR>[Address Reference Count : 1]<UL><LI> startup_lpc17xx.o(RESET)
</UL>
<P><STRONG><a name="[24]"></a>SPI_IRQHandler</STRONG> (Thumb, 0 bytes, Stack size 0 bytes, startup_lpc17xx.o(.text))
<BR>[Address Reference Count : 1]<UL><LI> startup_lpc17xx.o(RESET)
</UL>
<P><STRONG><a name="[25]"></a>SSP0_IRQHandler</STRONG> (Thumb, 0 bytes, Stack size 0 bytes, startup_lpc17xx.o(.text))
<BR>[Address Reference Count : 1]<UL><LI> startup_lpc17xx.o(RESET)
</UL>
<P><STRONG><a name="[26]"></a>SSP1_IRQHandler</STRONG> (Thumb, 0 bytes, Stack size 0 bytes, startup_lpc17xx.o(.text))
<BR>[Address Reference Count : 1]<UL><LI> startup_lpc17xx.o(RESET)
</UL>
<P><STRONG><a name="[18]"></a>TIMER0_IRQHandler</STRONG> (Thumb, 0 bytes, Stack size 0 bytes, startup_lpc17xx.o(.text))
<BR>[Address Reference Count : 1]<UL><LI> startup_lpc17xx.o(RESET)
</UL>
<P><STRONG><a name="[19]"></a>TIMER1_IRQHandler</STRONG> (Thumb, 0 bytes, Stack size 0 bytes, startup_lpc17xx.o(.text))
<BR>[Address Reference Count : 1]<UL><LI> startup_lpc17xx.o(RESET)
</UL>
<P><STRONG><a name="[1a]"></a>TIMER2_IRQHandler</STRONG> (Thumb, 0 bytes, Stack size 0 bytes, startup_lpc17xx.o(.text))
<BR>[Address Reference Count : 1]<UL><LI> startup_lpc17xx.o(RESET)
</UL>
<P><STRONG><a name="[1b]"></a>TIMER3_IRQHandler</STRONG> (Thumb, 0 bytes, Stack size 0 bytes, startup_lpc17xx.o(.text))
<BR>[Address Reference Count : 1]<UL><LI> startup_lpc17xx.o(RESET)
</UL>
<P><STRONG><a name="[1e]"></a>UART2_IRQHandler</STRONG> (Thumb, 0 bytes, Stack size 0 bytes, startup_lpc17xx.o(.text))
<BR>[Address Reference Count : 1]<UL><LI> startup_lpc17xx.o(RESET)
</UL>
<P><STRONG><a name="[1f]"></a>UART3_IRQHandler</STRONG> (Thumb, 0 bytes, Stack size 0 bytes, startup_lpc17xx.o(.text))
<BR>[Address Reference Count : 1]<UL><LI> startup_lpc17xx.o(RESET)
</UL>
<P><STRONG><a name="[38]"></a>USBActivity_IRQHandler</STRONG> (Thumb, 0 bytes, Stack size 0 bytes, startup_lpc17xx.o(.text))
<BR>[Address Reference Count : 1]<UL><LI> startup_lpc17xx.o(RESET)
</UL>
<P><STRONG><a name="[2f]"></a>USB_IRQHandler</STRONG> (Thumb, 0 bytes, Stack size 0 bytes, startup_lpc17xx.o(.text))
[...]
<BR>[Called By]<UL><LI><a href="#[129]">&gt;&gt;</a>&nbsp;&nbsp;&nbsp;ftp_run_server
<LI><a href="#[46]">&gt;&gt;</a>&nbsp;&nbsp;&nbsp;ftp_listener
<LI><a href="#[219]">&gt;&gt;</a>&nbsp;&nbsp;&nbsp;ftp_kill_session
</UL>

<P><STRONG><a name="[47]"></a>ftp_data_cb</STRONG> (Thumb, 192 bytes, Stack size 24 bytes, at_ftp.o(i.ftp_data_cb))
<BR><BR>[Stack]<UL><LI>Max Depth = 216<LI>Call Chain = ftp_data_cb &rArr; ftp_fwrite &rArr; fwrite &rArr; _writebuf &rArr; _sys_write &rArr; __sys_write &rArr; efs_write &rArr; efs_AllocBlock &rArr; efs_mark_freeMem &rArr; efs_rd_alloc
</UL>
<BR>[Calls]<UL><LI><a href="#[f8]">&gt;&gt;</a>&nbsp;&nbsp;&nbsp;ftp_fwrite
<LI><a href="#[217]">&gt;&gt;</a>&nbsp;&nbsp;&nbsp;ftp_evt_notify
<LI><a href="#[216]">&gt;&gt;</a>&nbsp;&nbsp;&nbsp;ftp_map_session
<LI><a href="#[1e7]">&gt;&gt;</a>&nbsp;&nbsp;&nbsp;close_file
<LI><a href="#[218]">&gt;&gt;</a>&nbsp;&nbsp;&nbsp;tcp_reset_tout
</UL>
<BR>[Address Reference Count : 1]<UL><LI> at_ftp.o(i.ftp_init)
</UL>
<P><STRONG><a name="[219]"></a>ftp_kill_session</STRONG> (Thumb, 62 bytes, Stack size 16 bytes, at_ftp.o(i.ftp_kill_session))
<BR><BR>[Stack]<UL><LI>Max Depth = 56<LI>Call Chain = ftp_kill_session &rArr; close_file &rArr; ftp_fclose &rArr; fclose
</UL>
<BR>[Calls]<UL><LI><a href="#[d7]">&gt;&gt;</a>&nbsp;&nbsp;&nbsp;free_mem
<LI><a href="#[212]">&gt;&gt;</a>&nbsp;&nbsp;&nbsp;free_name
<LI><a href="#[1e7]">&gt;&gt;</a>&nbsp;&nbsp;&nbsp;close_file
</UL>
<BR>[Called By]<UL><LI><a href="#[129]">&gt;&gt;</a>&nbsp;&nbsp;&nbsp;ftp_run_server
<LI><a href="#[46]">&gt;&gt;</a>&nbsp;&nbsp;&nbsp;ftp_listener
</UL>

<P><STRONG><a name="[46]"></a>ftp_listener</STRONG> (Thumb, 1370 bytes, Stack size 48 bytes, at_ftp.o(i.ftp_listener))
<BR><BR>[Stack]<UL><LI>Max Depth = 344 + Unknown Stack Size
<LI>Call Chain = ftp_listener &rArr; ftp_fdelete &rArr; Animation_Stop &rArr; SETTINGS_Save &rArr; fopen &rArr; freopen &rArr; _fclose_internal &rArr; _fflush &rArr; _writebuf &rArr; _sys_write &rArr; __sys_write &rArr; efs_write &rArr; efs_AllocBlock &rArr; efs_mark_freeMem &rArr; efs_rd_alloc
</UL>
<BR>[Calls]<UL><LI><a href="#[fe]">&gt;&gt;</a>&nbsp;&nbsp;&nbsp;ftp_check_account
<LI><a href="#[fa]">&gt;&gt;</a>&nbsp;&nbsp;&nbsp;ftp_frename
<LI><a href="#[f9]">&gt;&gt;</a>&nbsp;&nbsp;&nbsp;ftp_fdelete
<LI><a href="#[f5]">&gt;&gt;</a>&nbsp;&nbsp;&nbsp;ftp_fopen
<LI><a href="#[d3]">&gt;&gt;</a>&nbsp;&nbsp;&nbsp;alloc_mem
<LI><a href="#[21e]">&gt;&gt;</a>&nbsp;&nbsp;&nbsp;ftp_file_access
<LI><a href="#[217]">&gt;&gt;</a>&nbsp;&nbsp;&nbsp;ftp_evt_notify
<LI><a href="#[21a]">&gt;&gt;</a>&nbsp;&nbsp;&nbsp;ftp_accept_host
<LI><a href="#[21b]">&gt;&gt;</a>&nbsp;&nbsp;&nbsp;str_ucomp
<LI><a href="#[21d]">&gt;&gt;</a>&nbsp;&nbsp;&nbsp;path_dir_up
<LI><a href="#[21f]">&gt;&gt;</a>&nbsp;&nbsp;&nbsp;make_path
<LI><a href="#[21c]">&gt;&gt;</a>&nbsp;&nbsp;&nbsp;get_fname
<LI><a href="#[216]">&gt;&gt;</a>&nbsp;&nbsp;&nbsp;ftp_map_session
<LI><a href="#[219]">&gt;&gt;</a>&nbsp;&nbsp;&nbsp;ftp_kill_session
<LI><a href="#[212]">&gt;&gt;</a>&nbsp;&nbsp;&nbsp;free_name
<LI><a href="#[221]">&gt;&gt;</a>&nbsp;&nbsp;&nbsp;tcp_get_free_port
<LI><a href="#[220]">&gt;&gt;</a>&nbsp;&nbsp;&nbsp;tcp_abort
<LI><a href="#[1d5]">&gt;&gt;</a>&nbsp;&nbsp;&nbsp;mem_copy
<LI><a href="#[d6]">&gt;&gt;</a>&nbsp;&nbsp;&nbsp;__0sscanf
<LI><a href="#[db]">&gt;&gt;</a>&nbsp;&nbsp;&nbsp;strcmp
<LI><a href="#[a0]">&gt;&gt;</a>&nbsp;&nbsp;&nbsp;strlen
</UL>
<BR>[Address Reference Count : 1]<UL><LI> at_ftp.o(i.ftp_init)
</UL>
<P><STRONG><a name="[216]"></a>ftp_map_session</STRONG> (Thumb, 48 bytes, Stack size 8 bytes, at_ftp.o(i.ftp_map_session))
<BR><BR>[Stack]<UL><LI>Max Depth = 8<LI>Call Chain = ftp_map_session
</UL>
<BR>[Called By]<UL><LI><a href="#[46]">&gt;&gt;</a>&nbsp;&nbsp;&nbsp;ftp_listener
<LI><a href="#[47]">&gt;&gt;</a>&nbsp;&nbsp;&nbsp;ftp_data_cb
</UL>

<P><STRONG><a name="[21c]"></a>get_fname</STRONG> (Thumb, 40 bytes, Stack size 0 bytes, at_ftp.o(i.get_fname))
<BR><BR>[Called By]<UL><LI><a href="#[46]">&gt;&gt;</a>&nbsp;&nbsp;&nbsp;ftp_listener
</UL>

<P><STRONG><a name="[225]"></a>is_ffind_busy</STRONG> (Thumb, 44 bytes, Stack size 8 bytes, at_ftp.o(i.is_ffind_busy))
<BR><BR>[Stack]<UL><LI>Max Depth = 8<LI>Call Chain = is_ffind_busy
</UL>
<BR>[Called By]<UL><LI><a href="#[129]">&gt;&gt;</a>&nbsp;&nbsp;&nbsp;ftp_run_server
</UL>

<P><STRONG><a name="[21f]"></a>make_path</STRONG> (Thumb, 128 bytes, Stack size 24 bytes, at_ftp.o(i.make_path))
<BR><BR>[Stack]<UL><LI>Max Depth = 48<LI>Call Chain = make_path &rArr; alloc_mem
</UL>
<BR>[Calls]<UL><LI><a href="#[d3]">&gt;&gt;</a>&nbsp;&nbsp;&nbsp;alloc_mem
<LI><a href="#[1f0]">&gt;&gt;</a>&nbsp;&nbsp;&nbsp;str_copy
<LI><a href="#[a0]">&gt;&gt;</a>&nbsp;&nbsp;&nbsp;strlen
</UL>
<BR>[Called By]<UL><LI><a href="#[46]">&gt;&gt;</a>&nbsp;&nbsp;&nbsp;ftp_listener
</UL>

<P><STRONG><a name="[21d]"></a>path_dir_up</STRONG> (Thumb, 32 bytes, Stack size 0 bytes, at_ftp.o(i.path_dir_up))
<BR><BR>[Called By]<UL><LI><a href="#[46]">&gt;&gt;</a>&nbsp;&nbsp;&nbsp;ftp_listener
</UL>

<P><STRONG><a name="[228]"></a>set_mask</STRONG> (Thumb, 76 bytes, Stack size 12 bytes, at_ftp.o(i.set_mask))
<BR><BR>[Stack]<UL><LI>Max Depth = 12<LI>Call Chain = set_mask
</UL>
<BR>[Called By]<UL><LI><a href="#[129]">&gt;&gt;</a>&nbsp;&nbsp;&nbsp;ftp_run_server
</UL>

<P><STRONG><a name="[4a]"></a>sntp_listener</STRONG> (Thumb, 120 bytes, Stack size 16 bytes, at_sntp.o(i.sntp_listener))
<BR><BR>[Stack]<UL><LI>Max Depth = 24<LI>Call Chain = sntp_listener &rArr; sntp_stop
</UL>
<BR>[Calls]<UL><LI><a href="#[24f]">&gt;&gt;</a>&nbsp;&nbsp;&nbsp;sntp_stop
<LI><a href="#[1d3]">&gt;&gt;</a>&nbsp;&nbsp;&nbsp;nrd_u32be
<LI><a href="#[1d1]">&gt;&gt;</a>&nbsp;&nbsp;&nbsp;mem_comp
</UL>
<BR>[Address Reference Count : 1]<UL><LI> at_sntp.o(i.sntp_init)
</UL>
<P><STRONG><a name="[24e]"></a>sntp_send_message</STRONG> (Thumb, 42 bytes, Stack size 16 bytes, at_sntp.o(i.sntp_send_message))
<BR><BR>[Stack]<UL><LI>Max Depth = 176<LI>Call Chain = sntp_send_message &rArr; udp_send &rArr; ip_send_frame &rArr; eth_send_frame &rArr; arp_cache_find &rArr; arp_send_request &rArr; free_mem
</UL>
<BR>[Calls]<UL><LI><a href="#[aa]">&gt;&gt;</a>&nbsp;&nbsp;&nbsp;udp_send
<LI><a href="#[a8]">&gt;&gt;</a>&nbsp;&nbsp;&nbsp;udp_get_buf
<LI><a href="#[1e8]">&gt;&gt;</a>&nbsp;&nbsp;&nbsp;mem_set
</UL>
<BR>[Called By]<UL><LI><a href="#[12b]">&gt;&gt;</a>&nbsp;&nbsp;&nbsp;sntp_run_client
<LI><a href="#[158]">&gt;&gt;</a>&nbsp;&nbsp;&nbsp;sntp_get_time
</UL>

<P><STRONG><a name="[24f]"></a>sntp_stop</STRONG> (Thumb, 20 bytes, Stack size 8 bytes, at_sntp.o(i.sntp_stop))
<BR><BR>[Stack]<UL><LI>Max Depth = 8<LI>Call Chain = sntp_stop
</UL>
<BR>[Calls]<UL><LI><a href="#[24d]">&gt;&gt;</a>&nbsp;&nbsp;&nbsp;udp_close
</UL>
<BR>[Called By]<UL><LI><a href="#[12b]">&gt;&gt;</a>&nbsp;&nbsp;&nbsp;sntp_run_client
<LI><a href="#[4a]">&gt;&gt;</a>&nbsp;&nbsp;&nbsp;sntp_listener
</UL>

<P><STRONG><a name="[248]"></a>get_crc32</STRONG> (Thumb, 34 bytes, Stack size 8 bytes, at_lib.o(i.get_crc32))
<BR><BR>[Stack]<UL><LI>Max Depth = 8<LI>Call Chain = get_crc32
</UL>
<BR>[Called By]<UL><LI><a href="#[23a]">&gt;&gt;</a>&nbsp;&nbsp;&nbsp;str_crc32
<LI><a href="#[205]">&gt;&gt;</a>&nbsp;&nbsp;&nbsp;mem_crc32
</UL>

<P><STRONG><a name="[211]"></a>init_drv</STRONG> (Thumb, 210 bytes, Stack size 8 bytes, fs_mapi.o(i.init_drv))
<BR><BR>[Stack]<UL><LI>Max Depth = 8<LI>Call Chain = init_drv
</UL>
<BR>[Calls]<UL><LI><a href="#[243]">&gt;&gt;</a>&nbsp;&nbsp;&nbsp;fat_jour_init
<LI><a href="#[242]">&gt;&gt;</a>&nbsp;&nbsp;&nbsp;fat_init
</UL>
<BR>[Called By]<UL><LI><a href="#[be]">&gt;&gt;</a>&nbsp;&nbsp;&nbsp;finit
</UL>

<P><STRONG><a name="[1d4]"></a>arp_cache_alloc</STRONG> (Thumb, 132 bytes, Stack size 20 bytes, at_arp.o(i.arp_cache_alloc))
<BR><BR>[Stack]<UL><LI>Max Depth = 20<LI>Call Chain = arp_cache_alloc
</UL>
<BR>[Called By]<UL><LI><a href="#[1d8]">&gt;&gt;</a>&nbsp;&nbsp;&nbsp;arp_cache_find
<LI><a href="#[1d6]">&gt;&gt;</a>&nbsp;&nbsp;&nbsp;arp_cache_early
<LI><a href="#[1cf]">&gt;&gt;</a>&nbsp;&nbsp;&nbsp;arp_cache_add
</UL>

<P><STRONG><a name="[1d0]"></a>arp_is_cacheable</STRONG> (Thumb, 48 bytes, Stack size 0 bytes, at_arp.o(i.arp_is_cacheable))
<BR><BR>[Called By]<UL><LI><a href="#[1d6]">&gt;&gt;</a>&nbsp;&nbsp;&nbsp;arp_cache_early
<LI><a href="#[1cf]">&gt;&gt;</a>&nbsp;&nbsp;&nbsp;arp_cache_add
</UL>

<P><STRONG><a name="[1dc]"></a>arp_proc_response</STRONG> (Thumb, 130 bytes, Stack size 32 bytes, at_arp.o(i.arp_proc_response))
<BR><BR>[Stack]<UL><LI>Max Depth = 40<LI>Call Chain = arp_proc_response &rArr; mem_copy
</UL>
<BR>[Calls]<UL><LI><a href="#[1d5]">&gt;&gt;</a>&nbsp;&nbsp;&nbsp;mem_copy
<LI><a href="#[1d1]">&gt;&gt;</a>&nbsp;&nbsp;&nbsp;mem_comp
</UL>
<BR>[Called By]<UL><LI><a href="#[1dd]">&gt;&gt;</a>&nbsp;&nbsp;&nbsp;arp_process
</UL>

<P><STRONG><a name="[1de]"></a>arp_send_reply</STRONG> (Thumb, 150 bytes, Stack size 24 bytes, at_arp.o(i.arp_send_reply))
<BR><BR>[Stack]<UL><LI>Max Depth = 48<LI>Call Chain = arp_send_reply &rArr; free_mem
</UL>
<BR>[Calls]<UL><LI><a href="#[d7]">&gt;&gt;</a>&nbsp;&nbsp;&nbsp;free_mem
<LI><a href="#[d3]">&gt;&gt;</a>&nbsp;&nbsp;&nbsp;alloc_mem
<LI><a href="#[1d5]">&gt;&gt;</a>&nbsp;&nbsp;&nbsp;mem_copy
<LI><a href="#[1df]">&gt;&gt;</a>&nbsp;&nbsp;&nbsp;send_frame
</UL>
<BR>[Called By]<UL><LI><a href="#[1dd]">&gt;&gt;</a>&nbsp;&nbsp;&nbsp;arp_process
</UL>

<P><STRONG><a name="[1d7]"></a>arp_send_request</STRONG> (Thumb, 170 bytes, Stack size 24 bytes, at_arp.o(i.arp_send_request))
<BR><BR>[Stack]<UL><LI>Max Depth = 48<LI>Call Chain = arp_send_request &rArr; free_mem
</UL>
<BR>[Calls]<UL><LI><a href="#[d7]">&gt;&gt;</a>&nbsp;&nbsp;&nbsp;free_mem
<LI><a href="#[d3]">&gt;&gt;</a>&nbsp;&nbsp;&nbsp;alloc_mem
<LI><a href="#[1d5]">&gt;&gt;</a>&nbsp;&nbsp;&nbsp;mem_copy
<LI><a href="#[1df]">&gt;&gt;</a>&nbsp;&nbsp;&nbsp;send_frame
</UL>
<BR>[Called By]<UL><LI><a href="#[1db]">&gt;&gt;</a>&nbsp;&nbsp;&nbsp;arp_probe
<LI><a href="#[1da]">&gt;&gt;</a>&nbsp;&nbsp;&nbsp;arp_notify
<LI><a href="#[1d9]">&gt;&gt;</a>&nbsp;&nbsp;&nbsp;arp_cache_update
<LI><a href="#[1d8]">&gt;&gt;</a>&nbsp;&nbsp;&nbsp;arp_cache_find
<LI><a href="#[1d6]">&gt;&gt;</a>&nbsp;&nbsp;&nbsp;arp_cache_early
</UL>

<P><STRONG><a name="[1f1]"></a>efs_AllocBlock</STRONG> (Thumb, 170 bytes, Stack size 24 bytes, fs_efs.o(i.efs_AllocBlock))
<BR><BR>[Stack]<UL><LI>Max Depth = 56<LI>Call Chain = efs_AllocBlock &rArr; efs_mark_freeMem &rArr; efs_rd_alloc
</UL>
<BR>[Calls]<UL><LI><a href="#[1f2]">&gt;&gt;</a>&nbsp;&nbsp;&nbsp;efs_rd_sig
<LI><a href="#[1f6]">&gt;&gt;</a>&nbsp;&nbsp;&nbsp;efs_mark_freeMem
<LI><a href="#[1f4]">&gt;&gt;</a>&nbsp;&nbsp;&nbsp;efs_is_busy
<LI><a href="#[1f5]">&gt;&gt;</a>&nbsp;&nbsp;&nbsp;efs_get_freeMem
<LI><a href="#[1f3]">&gt;&gt;</a>&nbsp;&nbsp;&nbsp;efs_WriteBlock
</UL>
<BR>[Called By]<UL><LI><a href="#[1cb]">&gt;&gt;</a>&nbsp;&nbsp;&nbsp;efs_write
<LI><a href="#[1c9]">&gt;&gt;</a>&nbsp;&nbsp;&nbsp;efs_seek
</UL>

<P><STRONG><a name="[1f7]"></a>efs_BlockFull</STRONG> (Thumb, 94 bytes, Stack size 16 bytes, fs_efs.o(i.efs_BlockFull))
<BR><BR>[Stack]<UL><LI>Max Depth = 32<LI>Call Chain = efs_BlockFull &rArr; efs_WriteBlock
</UL>
<BR>[Calls]<UL><LI><a href="#[1f3]">&gt;&gt;</a>&nbsp;&nbsp;&nbsp;efs_WriteBlock
</UL>
<BR>[Called By]<UL><LI><a href="#[1cb]">&gt;&gt;</a>&nbsp;&nbsp;&nbsp;efs_write
</UL>

<P><STRONG><a name="[1f8]"></a>efs_BlockInvalid</STRONG> (Thumb, 56 bytes, Stack size 24 bytes, fs_efs.o(i.efs_BlockInvalid))
<BR><BR>[Stack]<UL><LI>Max Depth = 32<LI>Call Chain = efs_BlockInvalid &rArr; efs_rd_alloc
</UL>
<BR>[Calls]<UL><LI><a href="#[1f9]">&gt;&gt;</a>&nbsp;&nbsp;&nbsp;efs_rd_alloc
</UL>
<BR>[Called By]<UL><LI><a href="#[1c4]">&gt;&gt;</a>&nbsp;&nbsp;&nbsp;efs_delete
</UL>

<P><STRONG><a name="[1fd]"></a>efs_InitBlock</STRONG> (Thumb, 46 bytes, Stack size 8 bytes, fs_efs.o(i.efs_InitBlock))
<BR><BR>[Stack]<UL><LI>Max Depth = 8<LI>Call Chain = efs_InitBlock
</UL>
<BR>[Called By]<UL><LI><a href="#[200]">&gt;&gt;</a>&nbsp;&nbsp;&nbsp;efs_format
<LI><a href="#[1c4]">&gt;&gt;</a>&nbsp;&nbsp;&nbsp;efs_delete
</UL>

<P><STRONG><a name="[1fa]"></a>efs_ReadBlock</STRONG> (Thumb, 42 bytes, Stack size 16 bytes, fs_efs.o(i.efs_ReadBlock))
<BR><BR>[Stack]<UL><LI>Max Depth = 16<LI>Call Chain = efs_ReadBlock
</UL>
<BR>[Calls]<UL><LI><a href="#[a9]">&gt;&gt;</a>&nbsp;&nbsp;&nbsp;__aeabi_memcpy
</UL>
<BR>[Called By]<UL><LI><a href="#[1fe]">&gt;&gt;</a>&nbsp;&nbsp;&nbsp;efs_ffind
<LI><a href="#[1c7]">&gt;&gt;</a>&nbsp;&nbsp;&nbsp;efs_read
<LI><a href="#[1c2]">&gt;&gt;</a>&nbsp;&nbsp;&nbsp;efs_find
</UL>

<P><STRONG><a name="[1f3]"></a>efs_WriteBlock</STRONG> (Thumb, 42 bytes, Stack size 16 bytes, fs_efs.o(i.efs_WriteBlock))
<BR><BR>[Stack]<UL><LI>Max Depth = 16<LI>Call Chain = efs_WriteBlock
</UL>
<BR>[Calls]<UL><LI><a href="#[a9]">&gt;&gt;</a>&nbsp;&nbsp;&nbsp;__aeabi_memcpy
</UL>
<BR>[Called By]<UL><LI><a href="#[1f7]">&gt;&gt;</a>&nbsp;&nbsp;&nbsp;efs_BlockFull
<LI><a href="#[1f1]">&gt;&gt;</a>&nbsp;&nbsp;&nbsp;efs_AllocBlock
<LI><a href="#[202]">&gt;&gt;</a>&nbsp;&nbsp;&nbsp;efs_rename
<LI><a href="#[1cb]">&gt;&gt;</a>&nbsp;&nbsp;&nbsp;efs_write
<LI><a href="#[1bc]">&gt;&gt;</a>&nbsp;&nbsp;&nbsp;efs_wclose
<LI><a href="#[1bd]">&gt;&gt;</a>&nbsp;&nbsp;&nbsp;efs_ensure
<LI><a href="#[1c4]">&gt;&gt;</a>&nbsp;&nbsp;&nbsp;efs_delete
<LI><a href="#[1c5]">&gt;&gt;</a>&nbsp;&nbsp;&nbsp;efs_create
</UL>

<P><STRONG><a name="[1fc]"></a>efs_get_freeID</STRONG> (Thumb, 92 bytes, Stack size 32 bytes, fs_efs.o(i.efs_get_freeID))
<BR><BR>[Stack]<UL><LI>Max Depth = 40<LI>Call Chain = efs_get_freeID &rArr; efs_rd_alloc
</UL>
<BR>[Calls]<UL><LI><a href="#[1f9]">&gt;&gt;</a>&nbsp;&nbsp;&nbsp;efs_rd_alloc
</UL>
<BR>[Called By]<UL><LI><a href="#[1c5]">&gt;&gt;</a>&nbsp;&nbsp;&nbsp;efs_create
</UL>

<P><STRONG><a name="[1f5]"></a>efs_get_freeMem</STRONG> (Thumb, 68 bytes, Stack size 24 bytes, fs_efs.o(i.efs_get_freeMem))
<BR><BR>[Stack]<UL><LI>Max Depth = 32<LI>Call Chain = efs_get_freeMem &rArr; efs_rd_alloc
</UL>
<BR>[Calls]<UL><LI><a href="#[1f9]">&gt;&gt;</a>&nbsp;&nbsp;&nbsp;efs_rd_alloc
</UL>
<BR>[Called By]<UL><LI><a href="#[1f1]">&gt;&gt;</a>&nbsp;&nbsp;&nbsp;efs_AllocBlock
<LI><a href="#[1c5]">&gt;&gt;</a>&nbsp;&nbsp;&nbsp;efs_create
</UL>

<P><STRONG><a name="[1f4]"></a>efs_is_busy</STRONG> (Thumb, 44 bytes, Stack size 12 bytes, fs_efs.o(i.efs_is_busy))
<BR><BR>[Stack]<UL><LI>Max Depth = 12<LI>Call Chain = efs_is_busy
</UL>
<BR>[Called By]<UL><LI><a href="#[1f1]">&gt;&gt;</a>&nbsp;&nbsp;&nbsp;efs_AllocBlock
<LI><a href="#[1c5]">&gt;&gt;</a>&nbsp;&nbsp;&nbsp;efs_create
</UL>

<P><STRONG><a name="[201]"></a>efs_mark_fileMem</STRONG> (Thumb, 146 bytes, Stack size 32 bytes, fs_efs.o(i.efs_mark_fileMem))
<BR><BR>[Stack]<UL><LI>Max Depth = 40<LI>Call Chain = efs_mark_fileMem &rArr; efs_rd_sig
</UL>
<BR>[Calls]<UL><LI><a href="#[1f2]">&gt;&gt;</a>&nbsp;&nbsp;&nbsp;efs_rd_sig
<LI><a href="#[1f9]">&gt;&gt;</a>&nbsp;&nbsp;&nbsp;efs_rd_alloc
</UL>
<BR>[Called By]<UL><LI><a href="#[1c7]">&gt;&gt;</a>&nbsp;&nbsp;&nbsp;efs_read
</UL>

<P><STRONG><a name="[1f6]"></a>efs_mark_freeMem</STRONG> (Thumb, 72 bytes, Stack size 24 bytes, fs_efs.o(i.efs_mark_freeMem))
<BR><BR>[Stack]<UL><LI>Max Depth = 32<LI>Call Chain = efs_mark_freeMem &rArr; efs_rd_alloc
</UL>
<BR>[Calls]<UL><LI><a href="#[1f9]">&gt;&gt;</a>&nbsp;&nbsp;&nbsp;efs_rd_alloc
</UL>
<BR>[Called By]<UL><LI><a href="#[1f1]">&gt;&gt;</a>&nbsp;&nbsp;&nbsp;efs_AllocBlock
<LI><a href="#[1c5]">&gt;&gt;</a>&nbsp;&nbsp;&nbsp;efs_create
</UL>

<P><STRONG><a name="[1f9]"></a>efs_rd_alloc</STRONG> (Thumb, 36 bytes, Stack size 8 bytes, fs_efs.o(i.efs_rd_alloc))
<BR><BR>[Stack]<UL><LI>Max Depth = 8<LI>Call Chain = efs_rd_alloc
</UL>
<BR>[Called By]<UL><LI><a href="#[1f6]">&gt;&gt;</a>&nbsp;&nbsp;&nbsp;efs_mark_freeMem
<LI><a href="#[201]">&gt;&gt;</a>&nbsp;&nbsp;&nbsp;efs_mark_fileMem
<LI><a href="#[1f5]">&gt;&gt;</a>&nbsp;&nbsp;&nbsp;efs_get_freeMem
<LI><a href="#[1fc]">&gt;&gt;</a>&nbsp;&nbsp;&nbsp;efs_get_freeID
<LI><a href="#[1f8]">&gt;&gt;</a>&nbsp;&nbsp;&nbsp;efs_BlockInvalid
<LI><a href="#[202]">&gt;&gt;</a>&nbsp;&nbsp;&nbsp;efs_rename
<LI><a href="#[1fe]">&gt;&gt;</a>&nbsp;&nbsp;&nbsp;efs_ffind
<LI><a href="#[1c9]">&gt;&gt;</a>&nbsp;&nbsp;&nbsp;efs_seek
<LI><a href="#[1be]">&gt;&gt;</a>&nbsp;&nbsp;&nbsp;efs_fsize
<LI><a href="#[1c2]">&gt;&gt;</a>&nbsp;&nbsp;&nbsp;efs_find
<LI><a href="#[1c4]">&gt;&gt;</a>&nbsp;&nbsp;&nbsp;efs_delete
</UL>

<P><STRONG><a name="[1f2]"></a>efs_rd_sig</STRONG> (Thumb, 32 bytes, Stack size 8 bytes, fs_efs.o(i.efs_rd_sig))
<BR><BR>[Stack]<UL><LI>Max Depth = 8<LI>Call Chain = efs_rd_sig
</UL>
<BR>[Called By]<UL><LI><a href="#[201]">&gt;&gt;</a>&nbsp;&nbsp;&nbsp;efs_mark_fileMem
<LI><a href="#[1f1]">&gt;&gt;</a>&nbsp;&nbsp;&nbsp;efs_AllocBlock
<LI><a href="#[1fe]">&gt;&gt;</a>&nbsp;&nbsp;&nbsp;efs_ffind
<LI><a href="#[1c9]">&gt;&gt;</a>&nbsp;&nbsp;&nbsp;efs_seek
<LI><a href="#[1be]">&gt;&gt;</a>&nbsp;&nbsp;&nbsp;efs_fsize
<LI><a href="#[1c2]">&gt;&gt;</a>&nbsp;&nbsp;&nbsp;efs_find
<LI><a href="#[1c4]">&gt;&gt;</a>&nbsp;&nbsp;&nbsp;efs_delete
<LI><a href="#[1c5]">&gt;&gt;</a>&nbsp;&nbsp;&nbsp;efs_create
</UL>

<P><STRONG><a name="[188]"></a>_tm_carry</STRONG> (Thumb, 54 bytes, Stack size 12 bytes, mktime.o(.text))
<BR><BR>[Stack]<UL><LI>Max Depth = 12<LI>Call Chain = _tm_carry
</UL>
<BR>[Called By]<UL><LI><a href="#[154]">&gt;&gt;</a>&nbsp;&nbsp;&nbsp;mktime
</UL>

<P><STRONG><a name="[189]"></a>_isoweek</STRONG> (Thumb, 64 bytes, Stack size 16 bytes, strftime.o(.text))
<BR><BR>[Stack]<UL><LI>Max Depth = 16<LI>Call Chain = _isoweek
</UL>
<BR>[Calls]<UL><LI><a href="#[18a]">&gt;&gt;</a>&nbsp;&nbsp;&nbsp;_yeardays
</UL>
<BR>[Called By]<UL><LI><a href="#[ef]">&gt;&gt;</a>&nbsp;&nbsp;&nbsp;strftime
<LI><a href="#[18b]">&gt;&gt;</a>&nbsp;&nbsp;&nbsp;_weekbasedyear
</UL>

<P><STRONG><a name="[18d]"></a>_findweek</STRONG> (Thumb, 26 bytes, Stack size 0 bytes, strftime.o(.text))
<BR><BR>[Called By]<UL><LI><a href="#[ef]">&gt;&gt;</a>&nbsp;&nbsp;&nbsp;strftime
</UL>

<P><STRONG><a name="[18a]"></a>_yeardays</STRONG> (Thumb, 42 bytes, Stack size 0 bytes, strftime.o(.text))
<BR><BR>[Called By]<UL><LI><a href="#[189]">&gt;&gt;</a>&nbsp;&nbsp;&nbsp;_isoweek
</UL>

<P><STRONG><a name="[18b]"></a>_weekbasedyear</STRONG> (Thumb, 24 bytes, Stack size 8 bytes, strftime.o(.text))
<BR><BR>[Stack]<UL><LI>Max Depth = 24<LI>Call Chain = _weekbasedyear &rArr; _isoweek
</UL>
<BR>[Calls]<UL><LI><a href="#[189]">&gt;&gt;</a>&nbsp;&nbsp;&nbsp;_isoweek
</UL>
<BR>[Called By]<UL><LI><a href="#[ef]">&gt;&gt;</a>&nbsp;&nbsp;&nbsp;strftime
</UL>

<P><STRONG><a name="[41]"></a>_printf_input_char</STRONG> (Thumb, 10 bytes, Stack size 0 bytes, _printf_char_common.o(.text))
<BR>[Address Reference Count : 1]<UL><LI> _printf_char_common.o(.text)
</UL>
<P><STRONG><a name="[42]"></a>_scanf_char_input</STRONG> (Thumb, 12 bytes, Stack size 0 bytes, scanf_char.o(.text))
<BR>[Address Reference Count : 1]<UL><LI> scanf_char.o(.text)
</UL>
<P><STRONG><a name="[1a5]"></a>_fp_digits</STRONG> (Thumb, 426 bytes, Stack size 96 bytes, _printf_fp_dec.o(.text))
<BR><BR>[Stack]<UL><LI>Max Depth = 216<LI>Call Chain = _fp_digits &rArr; _btod_etento &rArr; _btod_emul &rArr; _e2e
</UL>
<BR>[Calls]<UL><LI><a href="#[199]">&gt;&gt;</a>&nbsp;&nbsp;&nbsp;_ll_udiv10
<LI><a href="#[1a9]">&gt;&gt;</a>&nbsp;&nbsp;&nbsp;_btod_emul
<LI><a href="#[1a8]">&gt;&gt;</a>&nbsp;&nbsp;&nbsp;_btod_ediv
<LI><a href="#[1a7]">&gt;&gt;</a>&nbsp;&nbsp;&nbsp;_btod_d2e
<LI><a href="#[1a6]">&gt;&gt;</a>&nbsp;&nbsp;&nbsp;_btod_etento
</UL>
<BR>[Called By]<UL><LI><a href="#[1aa]">&gt;&gt;</a>&nbsp;&nbsp;&nbsp;_printf_fp_dec_real
</UL>
<P>
<H3>
Undefined Global Symbols
</H3><HR></body></html>
