ARM Linker, 5.03 [Build 76] [MDK-ARM Standard][RL-ARM]

==============================================================================

Section Cross References

    main.o(.text) refers to _scanf_int.o(.text) for _scanf_int
    main.o(.text) refers to fs_mapi.o(i.fformat) for fformat
    main.o(.text) refers to fs_mapi.o(i.fdelete) for fdelete
    main.o(.text) refers to fs_mapi.o(i.ffind) for ffind
    main.o(.text) refers to uart.o(.text) for UART_Init
    main.o(.text) refers to strlen.o(.text) for strlen
    main.o(.text) refers to at_udp.o(i.udp_get_buf) for udp_get_buf
    main.o(.text) refers to rt_memcpy_v6.o(.text) for __aeabi_memcpy
    main.o(.text) refers to at_udp.o(i.udp_send) for udp_send
    main.o(.text) refers to at_udp.o(i.udp_get_socket) for udp_get_socket
    main.o(.text) refers to at_udp.o(i.udp_open) for udp_open
    main.o(.text) refers to led_cube_8x8x8.o(.text) for LED_CUBE_Timer
    main.o(.text) refers to at_system.o(i.timer_tick) for timer_tick
    main.o(.text) refers to at_lib.o(i.mem_test) for mem_test
    main.o(.text) refers to __0sscanf.o(.text) for __0sscanf
    main.o(.text) refers to strstr.o(.text) for strstr
    main.o(.text) refers to at_dhcp.o(i.dhcp_disable) for dhcp_disable
    main.o(.text) refers to system_lpc17xx.o(.text) for SystemInit
    main.o(.text) refers to fs_mapi.o(i.finit) for finit
    main.o(.text) refers to settings.o(.text) for SETTINGS_Load
    main.o(.text) refers to h1_alloc.o(.text) for malloc
    main.o(.text) refers to strcpy.o(.text) for strcpy
    main.o(.text) refers to at_system.o(i.init_TcpNet) for init_TcpNet
    main.o(.text) refers to tcp_users.o(.text) for TCP_Users_Init
    main.o(.text) refers to fopen.o(.text) for fopen
    main.o(.text) refers to fseek.o(.text) for fseek
    main.o(.text) refers to freadfast.o(.text) for fread
    main.o(.text) refers to main.o(.data) for .data
    main.o(.text) refers to main.o(.bss) for .bss
    main.o(.text) refers to at_system.o(.bss) for localm
    main.o(.text) refers to settings.o(.data) for SETTINGS_DATA
    main.o(.text) refers to net_config.o(.data) for own_hw_adr
    main.o(.text) refers to system_lpc17xx.o(.data) for SystemCoreClock
    main.o(.text) refers to led_cube_8x8x8.o(.bss) for cube
    main.o(.text) refers to fclose.o(.text) for fclose
    main.o(.text) refers to at_system.o(i.main_TcpNet) for main_TcpNet
    main.o(.text) refers to delay.o(.text) for Delay_ms
    main.o(.text) refers to protocol.o(.text) for UDP_Receive_Check
    main.o(.text) refers to ftp_uif.o(.data) for ftpFileClose
    main.o(.text) refers to tcp_users.o(.bss) for TCP_USER_SESSIONS
    main.o(.text) refers to uart.o(.data) for UART_Count
    main.o(.data) refers to main.o(.conststring) for .conststring
    http_cgi.o(.text) refers to _printf_percent.o(.ARM.Collect$$_printf_percent$$00000000) for _printf_percent
    http_cgi.o(.text) refers to _printf_d.o(.ARM.Collect$$_printf_percent$$00000009) for _printf_d
    http_cgi.o(.text) refers to _printf_s.o(.ARM.Collect$$_printf_percent$$00000014) for _printf_s
    http_cgi.o(.text) refers to _printf_dec.o(.text) for _printf_int_dec
    http_cgi.o(.text) refers to _printf_str.o(.text) for _printf_str
    http_cgi.o(.text) refers to at_mem.o(i.alloc_mem) for alloc_mem
    http_cgi.o(.text) refers to at_http.o(i.http_get_var) for http_get_var
    http_cgi.o(.text) refers to at_mem.o(i.free_mem) for free_mem
    http_cgi.o(.text) refers to fclose.o(.text) for fclose
    http_cgi.o(.text) refers to fs_mapi.o(i.finit) for finit
    http_cgi.o(.text) refers to fopen.o(.text) for fopen
    http_cgi.o(.text) refers to fwritefast.o(.text) for fwrite
    http_cgi.o(.text) refers to at_lib.o(i.str_scomp) for str_scomp
    http_cgi.o(.text) refers to fs_mapi.o(i.fdelete) for fdelete
    http_cgi.o(.text) refers to strcmpv7m.o(.text) for strcmp
    http_cgi.o(.text) refers to main.o(.text) for Animation_Stop
    http_cgi.o(.text) refers to fs_mapi.o(i.ffind) for ffind
    http_cgi.o(.text) refers to strlen.o(.text) for strlen
    http_cgi.o(.text) refers to h1_alloc.o(.text) for malloc
    http_cgi.o(.text) refers to strcpy.o(.text) for strcpy
    http_cgi.o(.text) refers to __2sprintf.o(.text) for __2sprintf
    http_cgi.o(.text) refers to help.o(.text) for file_size_format
    http_cgi.o(.text) refers to http_cgi.o(.data) for .data
    http_cgi.o(.text) refers to main.o(.data) for AnimationFileName
    http_cgi.o(.text) refers to http_cgi.o(.bss) for .bss
    http_cgi.o(.text) refers to http_cgi.o(.constdata) for .constdata
    web.o(.constdata) refers to web.o(.constdata) for Web
    ftp_uif.o(.text) refers to _printf_percent.o(.ARM.Collect$$_printf_percent$$00000000) for _printf_percent
    ftp_uif.o(.text) refers to _printf_d.o(.ARM.Collect$$_printf_percent$$00000009) for _printf_d
    ftp_uif.o(.text) refers to _printf_dec.o(.text) for _printf_int_dec
[...]
    SPI_IRQHandler                           0x00003a7f   Thumb Code     0  startup_lpc17xx.o(.text)
    SSP0_IRQHandler                          0x00003a7f   Thumb Code     0  startup_lpc17xx.o(.text)
    SSP1_IRQHandler                          0x00003a7f   Thumb Code     0  startup_lpc17xx.o(.text)
    TIMER0_IRQHandler                        0x00003a7f   Thumb Code     0  startup_lpc17xx.o(.text)
    TIMER1_IRQHandler                        0x00003a7f   Thumb Code     0  startup_lpc17xx.o(.text)
    TIMER2_IRQHandler                        0x00003a7f   Thumb Code     0  startup_lpc17xx.o(.text)
    TIMER3_IRQHandler                        0x00003a7f   Thumb Code     0  startup_lpc17xx.o(.text)
    UART2_IRQHandler                         0x00003a7f   Thumb Code     0  startup_lpc17xx.o(.text)
    UART3_IRQHandler                         0x00003a7f   Thumb Code     0  startup_lpc17xx.o(.text)
    USBActivity_IRQHandler                   0x00003a7f   Thumb Code     0  startup_lpc17xx.o(.text)
    USB_IRQHandler                           0x00003a7f   Thumb Code     0  startup_lpc17xx.o(.text)
    WDT_IRQHandler                           0x00003a7f   Thumb Code     0  startup_lpc17xx.o(.text)
    __user_initial_stackheap                 0x00003a81   Thumb Code     0  startup_lpc17xx.o(.text)
    _ttywrch                                 0x00003bed   Thumb Code     2  retarget.o(.text)
    _sys_open                                0x00003bef   Thumb Code    64  retarget.o(.text)
    _sys_close                               0x00003c2f   Thumb Code    14  retarget.o(.text)
    _sys_write                               0x00003c3d   Thumb Code    16  retarget.o(.text)
    _sys_read                                0x00003c4d   Thumb Code    16  retarget.o(.text)
    _sys_istty                               0x00003c5d   Thumb Code    14  retarget.o(.text)
    _sys_seek                                0x00003c6b   Thumb Code    16  retarget.o(.text)
    _sys_ensure                              0x00003c7b   Thumb Code    16  retarget.o(.text)
    _sys_flen                                0x00003c8b   Thumb Code    14  retarget.o(.text)
    _sys_tmpnam                              0x00003c99   Thumb Code     4  retarget.o(.text)
    _sys_command_string                      0x00003c9d   Thumb Code     2  retarget.o(.text)
    _sys_exit                                0x00003c9f   Thumb Code     2  retarget.o(.text)
    Delay_ms                                 0x00003cb9   Thumb Code    20  delay.o(.text)
    Delay_us                                 0x00003ccd   Thumb Code    20  delay.o(.text)
    init_ethernet                            0x00003e13   Thumb Code   492  emac_dp83848.o(.text)
    int_enable_eth                           0x00003fff   Thumb Code    10  emac_dp83848.o(.text)
    int_disable_eth                          0x00004009   Thumb Code    12  emac_dp83848.o(.text)
    send_frame                               0x00004015   Thumb Code    64  emac_dp83848.o(.text)
    ENET_IRQHandler                          0x00004055   Thumb Code   192  emac_dp83848.o(.text)
    strdup                                   0x00004139   Thumb Code    28  help.o(.text)
    file_size_format                         0x00004155   Thumb Code   198  help.o(.text)
    SystemCoreClockUpdate                    0x000043cd   Thumb Code   194  system_lpc17xx.o(.text)
    SystemInit                               0x0000448f   Thumb Code   142  system_lpc17xx.o(.text)
    UART_RBR_Disable                         0x0000453d   Thumb Code    14  uart.o(.text)
    UART_RBR_Enable                          0x0000454b   Thumb Code    14  uart.o(.text)
    UART_Init                                0x00004559   Thumb Code   206  uart.o(.text)
    UART_SendChar                            0x00004627   Thumb Code    32  uart.o(.text)
    UART_SendBuffer                          0x00004647   Thumb Code    28  uart.o(.text)
    UART_GetChar                             0x00004663   Thumb Code    24  uart.o(.text)
    UART0_IRQHandler                         0x0000467b   Thumb Code   106  uart.o(.text)
    UART1_IRQHandler                         0x000046e5   Thumb Code   108  uart.o(.text)
    __semihosting$guard                      0x00004785   Thumb Code     0  use_no_semi.o(.text)
    __use_no_semihosting_swi                 0x00004785   Thumb Code     2  use_no_semi.o(.text)
    malloc                                   0x00004787   Thumb Code    94  h1_alloc.o(.text)
    __aeabi_uldivmod                         0x000047e5   Thumb Code     0  lludivv7m.o(.text)
    _ll_udiv                                 0x000047e5   Thumb Code   238  lludivv7m.o(.text)
    __2sprintf                               0x000048d5   Thumb Code    38  __2sprintf.o(.text)
    _printf_pre_padding                      0x00004901   Thumb Code    46  _printf_pad.o(.text)
    _printf_post_padding                     0x0000492f   Thumb Code    36  _printf_pad.o(.text)
    _printf_str                              0x00004953   Thumb Code    82  _printf_str.o(.text)
    _printf_int_dec                          0x000049a5   Thumb Code   102  _printf_dec.o(.text)
    _printf_charcount                        0x00004a1d   Thumb Code    42  _printf_charcount.o(.text)
    _printf_hex_ptr                          0x00004a49   Thumb Code    82  _printf_hex_ptr.o(.text)
    _printf_longlong_hex                     0x00004a49   Thumb Code     0  _printf_hex_ptr.o(.text)
    __printf                                 0x00004aa1   Thumb Code   390  __printf_flags_ss_wp.o(.text)
    __0sscanf                                0x00004c2d   Thumb Code    52  __0sscanf.o(.text)
    _scanf_int                               0x00004c69   Thumb Code   336  _scanf_int.o(.text)
    atoi                                     0x00004db9   Thumb Code    26  atoi.o(.text)
    fgets                                    0x00004dd3   Thumb Code    74  fgets.o(.text)
    fputs                                    0x00004e1d   Thumb Code    34  fputs.o(.text)
    _fseek                                   0x00004e41   Thumb Code   242  fseek.o(.text)
    fseek                                    0x00004e41   Thumb Code     0  fseek.o(.text)
    freopen                                  0x00004f39   Thumb Code   158  fopen.o(.text)
    fopen                                    0x00004fd7   Thumb Code    74  fopen.o(.text)
    _fclose_internal                         0x00005025   Thumb Code    76  fclose.o(.text)
    fclose                                   0x00005025   Thumb Code     0  fclose.o(.text)
    srand                                    0x00005071   Thumb Code    42  rand.o(.text)
    _rand_init                               0x0000509b   Thumb Code     4  rand.o(.text)
    strstr                                   0x000050ad   Thumb Code    36  strstr.o(.text)
    strcpy                                   0x000050d1   Thumb Code    72  strcpy.o(.text)
    strlen                                   0x00005119   Thumb Code    62  strlen.o(.text)
    __aeabi_memcpy                           0x00005157   Thumb Code     0  rt_memcpy_v6.o(.text)
    __rt_memcpy                              0x00005157   Thumb Code   138  rt_memcpy_v6.o(.text)
    _memcpy_lastbytes                        0x000051bd   Thumb Code     0  rt_memcpy_v6.o(.text)
    __aeabi_memcpy4                          0x000051e1   Thumb Code     0  rt_memcpy_w.o(.text)
    __aeabi_memcpy8                          0x000051e1   Thumb Code     0  rt_memcpy_w.o(.text)
    __rt_memcpy_w                            0x000051e1   Thumb Code   100  rt_memcpy_w.o(.text)
    _memcpy_lastbytes_aligned                0x00005229   Thumb Code     0  rt_memcpy_w.o(.text)
    __aeabi_memclr                           0x00005245   Thumb Code     0  rt_memclr.o(.text)
    __rt_memclr                              0x00005245   Thumb Code    68  rt_memclr.o(.text)
    _memset                                  0x00005249   Thumb Code     0  rt_memclr.o(.text)
    __aeabi_memclr4                          0x00005289   Thumb Code     0  rt_memclr_w.o(.text)
    __aeabi_memclr8                          0x00005289   Thumb Code     0  rt_memclr_w.o(.text)
    __rt_memclr_w                            0x00005289   Thumb Code    78  rt_memclr_w.o(.text)
    _memset_w                                0x0000528d   Thumb Code     0  rt_memclr_w.o(.text)
    strncpy                                  0x000052d7   Thumb Code    86  strncpy.o(.text)
    strcmp                                   0x0000532d   Thumb Code   128  strcmpv7m.o(.text)
    __use_two_region_memory                  0x000053ad   Thumb Code     2  heapauxi.o(.text)
    __rt_heap_escrow                         0x000053af   Thumb Code     2  heapauxi.o(.text)
    __rt_heap_expand                         0x000053b1   Thumb Code     2  heapauxi.o(.text)
    __rt_heap_descriptor                     0x000053b5   Thumb Code     8  rt_heap_descriptor_intlibspace.o(.text)
    __aeabi_errno_addr                       0x000053bd   Thumb Code     8  rt_errno_addr_intlibspace.o(.text)
    __errno$intlibspace                      0x000053bd   Thumb Code     0  rt_errno_addr_intlibspace.o(.text)
    __rt_errno_addr$intlibspace              0x000053bd   Thumb Code     0  rt_errno_addr_intlibspace.o(.text)
    __use_no_heap                            0x000053c5   Thumb Code     2  hguard.o(.text)
    __heap$guard                             0x000053c7   Thumb Code     2  hguard.o(.text)
    _terminate_user_alloc                    0x000053c9   Thumb Code     2  init_alloc.o(.text)
    _init_user_alloc                         0x000053cb   Thumb Code     2  init_alloc.o(.text)
    __Heap_Full                              0x000053cd   Thumb Code    34  init_alloc.o(.text)
    __Heap_Broken                            0x000053ef   Thumb Code     6  init_alloc.o(.text)
    _init_alloc                              0x000053f5   Thumb Code    94  init_alloc.o(.text)
    __Heap_Initialize                        0x00005453   Thumb Code    10  h1_init.o(.text)
    __Heap_DescSize                          0x0000545d   Thumb Code     4  h1_init.o(.text)
    free                                     0x00005461   Thumb Code    78  h1_free.o(.text)
    _printf_int_common                       0x000054af   Thumb Code   184  _printf_intcommon.o(.text)
    _printf_char_common                      0x00005573   Thumb Code    32  _printf_char_common.o(.text)
    _sputc                                   0x00005599   Thumb Code    10  _sputc.o(.text)
    _printf_cs_common                        0x000055a3   Thumb Code    20  _printf_char.o(.text)
    _printf_char                             0x000055b7   Thumb Code    16  _printf_char.o(.text)
    _printf_string                           0x000055c7   Thumb Code     8  _printf_char.o(.text)
    _chval                                   0x000055cf   Thumb Code    28  _chval.o(.text)
    __vfscanf_char                           0x000055f9   Thumb Code    24  scanf_char.o(.text)
    _sgetc                                   0x00005619   Thumb Code    30  _sgetc.o(.text)
    _sbackspace                              0x00005637   Thumb Code    34  _sgetc.o(.text)
    strtol                                   0x00005659   Thumb Code   112  strtol.o(.text)
    ferror                                   0x000056c9   Thumb Code     8  ferror.o(.text)
    _ftell_internal                          0x000056d1   Thumb Code    70  ftell.o(.text)
    ftell                                    0x000056d1   Thumb Code     0  ftell.o(.text)
    _seterr                                  0x00005719   Thumb Code    20  stdio.o(.text)
    _writebuf                                0x0000572d   Thumb Code    84  stdio.o(.text)
    _fflush                                  0x00005781   Thumb Code    70  stdio.o(.text)
    _deferredlazyseek                        0x000057c7   Thumb Code    60  stdio.o(.text)
    __user_libspace                          0x00005809   Thumb Code     8  libspace.o(.text)
    __user_perproc_libspace                  0x00005809   Thumb Code     0  libspace.o(.text)
    __user_perthread_libspace                0x00005809   Thumb Code     0  libspace.o(.text)
    __rt_ctype_table                         0x00005811   Thumb Code    16  rt_ctype_table.o(.text)
    __Heap_ProvideMemory                     0x00005821   Thumb Code    52  h1_extend.o(.text)
    isspace                                  0x00005855   Thumb Code    18  isspace.o(.text)
    __vfscanf                                0x00005869   Thumb Code   876  _scanf.o(.text)
    _strtoul                                 0x00005bd9   Thumb Code   158  _strtoul.o(.text)
    _readbuf                                 0x00005c77   Thumb Code    54  filbuf.o(.text)
    _seteof                                  0x00005cad   Thumb Code    40  filbuf.o(.text)
    __filbuf                                 0x00005cd5   Thumb Code   482  filbuf.o(.text)
    __filbuf_byte                            0x00005cd5   Thumb Code     0  filbuf.o(.text)
    __filbuf_wide                            0x00005cd5   Thumb Code     0  filbuf.o(.text)
    __flsbuf                                 0x00005eb7   Thumb Code   478  flsbuf.o(.text)
    __flsbuf_byte                            0x00005eb7   Thumb Code     0  flsbuf.o(.text)
    __flsbuf_wide                            0x00005eb7   Thumb Code     0  flsbuf.o(.text)
    _initio                                  0x00006095   Thumb Code   210  initio.o(.text)
    _terminateio                             0x00006167   Thumb Code    56  initio.o(.text)
    __rt_SIGRTMEM                            0x000061cd   Thumb Code    14  defsig_rtmem_outer.o(.text)
    __user_setup_stackheap                   0x000061db   Thumb Code    74  sys_stackheap_outer.o(.text)
    __rt_locale                              0x00006225   Thumb Code     8  rt_locale_intlibspace.o(.text)
    setvbuf                                  0x0000622d   Thumb Code    70  setvbuf.o(.text)
    fread                                    0x00006273   Thumb Code   284  freadfast.o(.text)
    fwrite                                   0x0000638f   Thumb Code   192  fwritefast.o(.text)
    _flushlinebuffered                       0x00006451   Thumb Code    50  flushlinebuffered.o(.text)
    exit                                     0x00006489   Thumb Code    12  exit.o(.text)
    __sig_exit                               0x00006495   Thumb Code    10  defsig_exit.o(.text)
    __rt_SIGRTRED                            0x0000649f   Thumb Code    14  defsig_rtred_outer.o(.text)
    __rt_SIGRTMEM_inner                      0x000064ad   Thumb Code    22  defsig_rtmem_inner.o(.text)
    _do_fflush                               0x000064fd   Thumb Code    54  fflush.o(.text)
    fflush                                   0x00006533   Thumb Code    42  fflush.o(.text)
    __default_signal_display                 0x00006561   Thumb Code    50  defsig_general.o(.text)
    __rt_SIGRTRED_inner                      0x00006595   Thumb Code    14  defsig_rtred_inner.o(.text)
    __sys_close                              0x000065c9   Thumb Code    74  fs_sys.o(i.__sys_close)
    __sys_ensure                             0x0000661d   Thumb Code    64  fs_sys.o(i.__sys_ensure)
    __sys_flen                               0x00006665   Thumb Code    56  fs_sys.o(i.__sys_flen)
    __sys_open                               0x000066a5   Thumb Code   204  fs_sys.o(i.__sys_open)
    __sys_read                               0x00006775   Thumb Code    86  fs_sys.o(i.__sys_read)
    __sys_seek                               0x000067d5   Thumb Code    66  fs_sys.o(i.__sys_seek)
    __sys_write                              0x00006821   Thumb Code    80  fs_sys.o(i.__sys_write)
    _is_digit                                0x00006879   Thumb Code    14  __printf_wp.o(i._is_digit)
    alloc_mem                                0x000068bd   Thumb Code   174  at_mem.o(i.alloc_mem)
    arp_cache_add                            0x00006975   Thumb Code   174  at_arp.o(i.arp_cache_add)
    arp_cache_early                          0x00006ab5   Thumb Code   142  at_arp.o(i.arp_cache_early)
    arp_cache_find                           0x00006b4d   Thumb Code   168  at_arp.o(i.arp_cache_find)
    arp_cache_update                         0x00006c01   Thumb Code   228  at_arp.o(i.arp_cache_update)
    arp_init                                 0x00006cf5   Thumb Code    34  at_arp.o(i.arp_init)
    arp_notify                               0x00006d55   Thumb Code    26  at_arp.o(i.arp_notify)
    arp_probe                                0x00006d7d   Thumb Code    14  at_arp.o(i.arp_probe)
    arp_process                              0x00006e19   Thumb Code   294  at_arp.o(i.arp_process)
    avail_mem                                0x000070a9   Thumb Code    22  at_mem.o(i.avail_mem)
    b64_to_asc                               0x000070c5   Thumb Code   120  at_lib.o(i.b64_to_asc)
    calc_chksum16be                          0x0000713d   Thumb Code    18  at_lib.o(i.calc_chksum16be)
    chksum16_buf                             0x0000731d   Thumb Code    40  at_lib.o(i.chksum16_buf)
    chksum16_val                             0x00007345   Thumb Code    10  at_lib.o(i.chksum16_val)
    dhcp_cbfunc                              0x000073a9   Thumb Code     2  at_dhcp.o(i.dhcp_cbfunc)
    dhcp_disable                             0x000073ad   Thumb Code    50  at_dhcp.o(i.dhcp_disable)
    dhcp_init                                0x000073e9   Thumb Code    66  at_dhcp.o(i.dhcp_init)
    dhcp_run_client                          0x00007635   Thumb Code   440  at_dhcp.o(i.dhcp_run_client)
    efs_create                               0x00007bcb   Thumb Code   356  fs_efs.o(i.efs_create)
    efs_delete                               0x00007d2f   Thumb Code   160  fs_efs.o(i.efs_delete)
    efs_ensure                               0x00007dcf   Thumb Code    94  fs_efs.o(i.efs_ensure)
    efs_ffind                                0x00007e2d   Thumb Code   202  fs_efs.o(i.efs_ffind)
    efs_find                                 0x00007ef7   Thumb Code   182  fs_efs.o(i.efs_find)
    efs_format                               0x00007fad   Thumb Code    78  fs_efs.o(i.efs_format)
    efs_fsize                                0x00007ffd   Thumb Code   164  fs_efs.o(i.efs_fsize)
    efs_read                                 0x00008293   Thumb Code   102  fs_efs.o(i.efs_read)
    efs_rename                               0x000082f9   Thumb Code    98  fs_efs.o(i.efs_rename)
    efs_seek                                 0x0000835d   Thumb Code   210  fs_efs.o(i.efs_seek)
    efs_wclose                               0x0000842f   Thumb Code    68  fs_efs.o(i.efs_wclose)
    efs_write                                0x00008473   Thumb Code   220  fs_efs.o(i.efs_write)
    eth_chk_adr                              0x00008551   Thumb Code    10  at_ethernet.o(i.eth_chk_adr)
    eth_init_link                            0x00008561   Thumb Code    40  at_ethernet.o(i.eth_init_link)
    eth_run_link                             0x00008595   Thumb Code   194  at_ethernet.o(i.eth_run_link)
    eth_send_frame                           0x00008669   Thumb Code   150  at_ethernet.o(i.eth_send_frame)
    fdelete                                  0x00008711   Thumb Code    92  fs_mapi.o(i.fdelete)
    ffind                                    0x00008771   Thumb Code   434  fs_mapi.o(i.ffind)
    fformat                                  0x00008931   Thumb Code   118  fs_mapi.o(i.fformat)
    fgetc                                    0x000089b5   Thumb Code    24  fgetc.o(i.fgetc)
    finit                                    0x000089cd   Thumb Code   110  fs_mapi.o(i.finit)
    fn_cmp                                   0x00008a49   Thumb Code    30  fs_lib.o(i.fn_cmp)
    fputc                                    0x00008a67   Thumb Code    26  fputc.o(i.fputc)
    free_mem                                 0x00008a81   Thumb Code   124  at_mem.o(i.free_mem)
    frename                                  0x00008b19   Thumb Code   116  fs_mapi.o(i.frename)
    fs_cfg_drv                               0x00008b91   Thumb Code    92  fs_mapi.o(i.fs_cfg_drv)
    fs_efs_lock                              0x00008c01   Thumb Code    54  fs_lib.o(i.fs_efs_lock)
    fs_find_iob                              0x00008c41   Thumb Code    48  fs_lib.o(i.fs_find_iob)
    fs_map_drive                             0x00008c79   Thumb Code   110  fs_lib.o(i.fs_map_drive)
    fs_no_path                               0x00008cf1   Thumb Code    26  fs_lib.o(i.fs_no_path)
    fs_strpos                                0x00008d0b   Thumb Code    24  fs_lib.o(i.fs_strpos)
    ftp_accept_host                          0x00008d23   Thumb Code     4  at_ftp.o(i.ftp_accept_host)
    ftp_evt_notify                           0x00008df1   Thumb Code     2  at_ftp.o(i.ftp_evt_notify)
    ftp_file_access                          0x00008df3   Thumb Code     4  at_ftp.o(i.ftp_file_access)
    ftp_get_user_id                          0x00008df9   Thumb Code    24  at_ftp.o(i.ftp_get_user_id)
    ftp_init                                 0x00008e19   Thumb Code    86  at_ftp.o(i.ftp_init)
    ftp_run_server                           0x0000945d   Thumb Code  1804  at_ftp.o(i.ftp_run_server)
    get_rnd32                                0x00009c8d   Thumb Code    18  at_system.o(i.get_rnd32)
    http_accept_host                         0x00009cbb   Thumb Code     4  at_http.o(i.http_accept_host)
    http_check_account                       0x00009fbd   Thumb Code     4  at_http.o(i.http_check_account)
    http_date                                0x00009fc1   Thumb Code   112  at_http.o(i.http_date)
    http_encoding                            0x0000a035   Thumb Code     4  at_http.o(i.http_encoding)
    http_file_access                         0x0000a1c1   Thumb Code     4  at_http.o(i.http_file_access)
    http_get_var                             0x0000a1c5   Thumb Code   104  at_http.o(i.http_get_var)
    http_init                                0x0000a231   Thumb Code    72  at_http.o(i.http_init)
    http_run_server                          0x0000a9ed   Thumb Code   816  at_http.o(i.http_run_server)
    icmp_init                                0x0000adf1   Thumb Code    10  at_icmp.o(i.icmp_init)
    icmp_process                             0x0000ae01   Thumb Code   198  at_icmp.o(i.icmp_process)
    icmp_run_engine                          0x0000aecd   Thumb Code    58  at_icmp.o(i.icmp_run_engine)
    ifree_mem                                0x0000af85   Thumb Code    48  at_mem.o(i.ifree_mem)
    init_TcpNet                              0x0000afbd   Thumb Code    38  at_system.o(i.init_TcpNet)
    init_mem                                 0x0000b0c1   Thumb Code    86  at_mem.o(i.init_mem)
    ip_chk_frame                             0x0000b121   Thumb Code   190  at_ip.o(i.ip_chk_frame)
    ip_get_locadr                            0x0000b1f5   Thumb Code   166  at_ip.o(i.ip_get_locadr)
    ip_init                                  0x0000b2ad   Thumb Code     8  at_ip.o(i.ip_init)
    ip_run_local                             0x0000b2b9   Thumb Code    82  at_ip.o(i.ip_run_local)
    ip_send_frame                            0x0000b315   Thumb Code   328  at_ip.o(i.ip_send_frame)
    is_subnet                                0x0000b495   Thumb Code    20  at_lib.o(i.is_subnet)
    main_TcpNet                              0x0000b4a9   Thumb Code    86  at_system.o(i.main_TcpNet)
    mem_comp                                 0x0000b58d   Thumb Code    24  at_lib.o(i.mem_comp)
    mem_copy                                 0x0000b5a5   Thumb Code    22  at_lib.o(i.mem_copy)
    mem_crc32                                0x0000b5bb   Thumb Code    32  at_lib.o(i.mem_crc32)
    mem_set                                  0x0000b5db   Thumb Code    10  at_lib.o(i.mem_set)
    mem_test                                 0x0000b5e5   Thumb Code    20  at_lib.o(i.mem_test)
    nbns_init                                0x0000b5f9   Thumb Code    32  at_nbns.o(i.nbns_init)
    nrd_u32be                                0x0000b781   Thumb Code    22  at_lib.o(i.nrd_u32be)
    nwr_u16be                                0x0000b797   Thumb Code     8  at_lib.o(i.nwr_u16be)
    nwr_u32be                                0x0000b79f   Thumb Code    16  at_lib.o(i.nwr_u32be)
    put_in_queue                             0x0000b975   Thumb Code    36  at_ethernet.o(i.put_in_queue)
    resize_mem                               0x0000ba3d   Thumb Code    68  at_mem.o(i.resize_mem)
    sntp_init                                0x0000bb1d   Thumb Code    26  at_sntp.o(i.sntp_init)
    sntp_run_client                          0x0000bbc5   Thumb Code    66  at_sntp.o(i.sntp_run_client)
    str_copy                                 0x0000bc5d   Thumb Code    18  at_lib.o(i.str_copy)
    str_crc32                                0x0000bc6f   Thumb Code    26  at_lib.o(i.str_crc32)
    str_pos                                  0x0000bc89   Thumb Code    22  at_lib.o(i.str_pos)
    str_scomp                                0x0000bc9f   Thumb Code    26  at_lib.o(i.str_scomp)
    str_ucomp                                0x0000bcb9   Thumb Code    46  at_lib.o(i.str_ucomp)
    str_up_case                              0x0000bce7   Thumb Code    26  at_lib.o(i.str_up_case)
    tcp_abort                                0x0000bd01   Thumb Code    76  at_tcp.o(i.tcp_abort)
    tcp_close                                0x0000bd51   Thumb Code   150  at_tcp.o(i.tcp_close)
    tcp_connect                              0x0000bded   Thumb Code   176  at_tcp.o(i.tcp_connect)
    tcp_get_buf                              0x0000bea1   Thumb Code    32  at_tcp.o(i.tcp_get_buf)
    tcp_get_free_port                        0x0000bec1   Thumb Code    58  at_tcp.o(i.tcp_get_free_port)
    tcp_get_socket                           0x0000bf05   Thumb Code    70  at_tcp.o(i.tcp_get_socket)
    tcp_get_state                            0x0000bf51   Thumb Code    32  at_tcp.o(i.tcp_get_state)
    tcp_init                                 0x0000bf75   Thumb Code    18  at_tcp.o(i.tcp_init)
    tcp_listen                               0x0000bf8d   Thumb Code   102  at_tcp.o(i.tcp_listen)
    tcp_max_dsize                            0x0000c091   Thumb Code    30  at_tcp.o(i.tcp_max_dsize)
    tcp_poll_sockets                         0x0000c115   Thumb Code   630  at_tcp.o(i.tcp_poll_sockets)
    tcp_process                              0x0000c4b5   Thumb Code  1196  at_tcp.o(i.tcp_process)
    tcp_reset_tout                           0x0000ca35   Thumb Code    40  at_tcp.o(i.tcp_reset_tout)
    tcp_send                                 0x0000ca61   Thumb Code   204  at_tcp.o(i.tcp_send)
    timer_tick                               0x0000cda9   Thumb Code    14  at_system.o(i.timer_tick)
    udp_close                                0x0000cdbd   Thumb Code    38  at_udp.o(i.udp_close)
    udp_get_buf                              0x0000cde9   Thumb Code    32  at_udp.o(i.udp_get_buf)
    udp_get_socket                           0x0000ce09   Thumb Code    62  at_udp.o(i.udp_get_socket)
    udp_init                                 0x0000ce4d   Thumb Code    18  at_udp.o(i.udp_init)
    udp_open                                 0x0000ce65   Thumb Code    96  at_udp.o(i.udp_open)
    udp_process                              0x0000cef9   Thumb Code   178  at_udp.o(i.udp_process)
    udp_release_socket                       0x0000cfb1   Thumb Code    44  at_udp.o(i.udp_release_socket)
    udp_send                                 0x0000cfe1   Thumb Code   280  at_udp.o(i.udp_send)
    _get_lc_ctype                            0x0000d1dd   Thumb Code    44  lc_ctype_c.o(locale$$code)
    FileMD                                   0x0000d494   Data           4  web.o(.constdata)
    FileTab                                  0x0000df2c   Data          32  web.o(.constdata)
    http_err_401                             0x0000df4c   Data          86  http_err.o(.constdata)
    http_err_403                             0x0000dfa2   Data          81  http_err.o(.constdata)
    http_err_404                             0x0000dff3   Data          78  http_err.o(.constdata)
    http_err_501                             0x0000e041   Data          75  http_err.o(.constdata)
    http_err_head                            0x0000e08c   Data          47  http_err.o(.constdata)
    http_err_foot                            0x0000e0bb   Data         110  http_err.o(.constdata)
    nlocalm                                  0x0000e129   Data          60  net_config.o(.constdata)
    sys_config                               0x0000e168   Data          16  net_config.o(.constdata)
    arp_config                               0x0000e178   Data          12  net_config.o(.constdata)
    dhcp_config                              0x0000e184   Data           8  net_config.o(.constdata)
    udp_config                               0x0000e18c   Data           8  net_config.o(.constdata)
    tcp_config                               0x0000e194   Data          24  net_config.o(.constdata)
    http_config                              0x0000e1ac   Data          24  net_config.o(.constdata)
    ftp_config                               0x0000e1c4   Data          24  net_config.o(.constdata)
    sntp_config                              0x0000e1dc   Data           5  net_config.o(.constdata)
    _NFILE                                   0x0000e1e2   Data           2  file_config.o(.constdata)
    _NDRV                                    0x0000e1e4   Data           2  file_config.o(.constdata)
    fs_DevPool                               0x0000e3e8   Data           8  file_config.o(.constdata)
    sf0_drv                                  0x0000e3f0   Data          24  fs_spi_flashprg.o(.constdata)
    __stdin_name                             0x0000e408   Data           6  retarget.o(.constdata)
    __stdout_name                            0x0000e40e   Data           7  retarget.o(.constdata)
    __stderr_name                            0x0000e415   Data           7  retarget.o(.constdata)
    spi0_drv                                 0x0000e41c   Data          32  spi_lpc17xx.o(.constdata)
    IP_Broadcast                             0x0000e43c   Data           4  at_ip.o(.constdata)
    MAC_Broadcast                            0x0000e72b   Data           6  at_ethernet.o(.constdata)
    Region$$Table$$Base                      0x0000e7d4   Number         0  anon$$obj.o(Region$$Table)
    Region$$Table$$Limit                     0x0000e7f4   Number         0  anon$$obj.o(Region$$Table)
    __ctype                                  0x0000e801   Data           0  lc_ctype_c.o(locale$$data)
    UDP_Socket                               0x10000000   Data           1  main.o(.data)
    AnimationFileName                        0x10000004   Data           4  main.o(.data)
    ANIMATION_PLAY                           0x10000008   Data           4  main.o(.data)
    AnimationFileSize                        0x1000000c   Data           4  main.o(.data)
    AnimationEffectsCount                    0x10000010   Data           4  main.o(.data)
    CurrentAnimationEffect                   0x10000014   Data           4  main.o(.data)
    DelayValue                               0x10000018   Data           4  main.o(.data)
    UDP_Socket_Receive_Length                0x1000001c   Data           4  main.o(.data)
    UDP_Socket_Send_Length                   0x10000020   Data           4  main.o(.data)
    UDP_Socket_Listener_Data_Received        0x10000024   Data           4  main.o(.data)
    timerLEDCube_tick                        0x10000028   Data           4  main.o(.data)
    timer1ms_tick                            0x1000002c   Data           4  main.o(.data)
    timer10ms_tick                           0x10000030   Data           4  main.o(.data)
    timer100ms_tick                          0x10000034   Data           4  main.o(.data)
    timer1s_tick                             0x10000038   Data           4  main.o(.data)
    DHCP_TICK                                0x1000003c   Data           4  main.o(.data)
    DHCP_SUCCESS                             0x10000040   Data           4  main.o(.data)
    TICK_1MS                                 0x10000044   Data           4  main.o(.data)
    TICK_10MS                                0x10000048   Data           4  main.o(.data)
    TICK_100MS                               0x1000004c   Data           4  main.o(.data)
    TICK_1S                                  0x10000050   Data           4  main.o(.data)
    UDP_Socket_Remote_IP                     0x10000054   Data           4  main.o(.data)
    ftpFileClose                             0x10000060   Data           4  ftp_uif.o(.data)
    ftpFileWrite                             0x10000064   Data           4  ftp_uif.o(.data)
    ftpFileOpen                              0x10000068   Data           4  ftp_uif.o(.data)
    TCP_Buffer_Send_Length                   0x10000070   Data           4  tcp_users.o(.data)
    SETTINGS_DATA                            0x10000074   Data          44  settings.o(.data)
    lhost_name                               0x100000a0   Data          16  net_config.o(.data)
    own_hw_adr                               0x100000b0   Data           6  net_config.o(.data)
    iap_entry                                0x100000bc   Data           4  emac_dp83848.o(.data)
    SystemCoreClock                          0x100000c0   Data           4  system_lpc17xx.o(.data)
    UART_TxEmpty                             0x100000c4   Data           2  uart.o(.data)
    UART_Count                               0x100000c8   Data           8  uart.o(.data)
    UART_Status                              0x100000d0   Data           8  uart.o(.data)
    __aeabi_stdin                            0x10000108   Data           4  stdio_streams.o(.data)
    __aeabi_stdout                           0x1000010c   Data           4  stdio_streams.o(.data)
    __aeabi_stderr                           0x10000110   Data           4  stdio_streams.o(.data)
    currentEffect                            0x10000114   Data          90  main.o(.bss)
    UDP_Socket_Buffer_Send                   0x1000016e   Data         100  main.o(.bss)
    UDP_Socket_Buffer_Receive                0x100001d2   Data         100  main.o(.bss)
    cube                                     0x10000568   Data          64  led_cube_8x8x8.o(.bss)
    TCP_Buffer_Send                          0x100005a8   Data         100  tcp_users.o(.bss)
    TCP_USER_SESSIONS                        0x1000060c   Data         496  tcp_users.o(.bss)
    _iob                                     0x10002fbc   Data         288  file_config.o(.bss)
    UART_Buffer                              0x10005b64   Data         200  uart.o(.bss)
    localm                                   0x10005d00   Data          60  at_system.o(.bss)
    sys_control                              0x10005d3c   Data          16  at_system.o(.bss)
    _random_number_data                      0x10005d4c   Data         228  rand.o(.bss)
    __stdin                                  0x10005e30   Data          84  stdio_streams.o(.bss)
    __stdout                                 0x10005e84   Data          84  stdio_streams.o(.bss)
    __stderr                                 0x10005ed8   Data          84  stdio_streams.o(.bss)
    __libspace_start                         0x10005f2c   Data          96  libspace.o(.bss)
    __temporary_stack_top$libspace           0x10005f8c   Data           0  libspace.o(.bss)



==============================================================================

Memory Map of the image

  Image Entry point : 0x000020cd

  Load Region LR_IROM1 (Base: 0x00002000, Size: 0x0000ca18, Max: 0x00080000, ABSOLUTE)

    Execution Region ER_IROM1 (Base: 0x00002000, Size: 0x0000c904, Max: 0x00080000, ABSOLUTE)

    Base Addr    Size         Type   Attr      Idx    E Section Name        Object

    0x00002000   0x000000cc   Data   RO          470    RESET               startup_lpc17xx.o
    0x000020cc   0x00000008   Code   RO         1564  * !!!main             c_w.l(__main.o)
    0x000020d4   0x00000034   Code   RO         1884    !!!scatter          c_w.l(__scatter.o)
    0x00002108   0x0000001a   Code   RO         1886    !!handler_copy      c_w.l(__scatter_copy.o)
    0x00002122   0x00000002   PAD
    0x00002124   0x0000001c   Code   RO         1888    !!handler_zi        c_w.l(__scatter_zi.o)
    0x00002140   0x00000000   Code   RO         1508    .ARM.Collect$$_printf_percent$$00000000  c_w.l(_printf_percent.o)
    0x00002140   0x00000006   Code   RO         1505    .ARM.Collect$$_printf_percent$$00000001  c_w.l(_printf_n.o)
    0x00002146   0x00000006   Code   RO         1506    .ARM.Collect$$_printf_percent$$00000002  c_w.l(_printf_p.o)
    0x0000214c   0x00000006   Code   RO         1507    .ARM.Collect$$_printf_percent$$00000009  c_w.l(_printf_d.o)
    0x00002152   0x00000006   Code   RO         1504    .ARM.Collect$$_printf_percent$$00000014  c_w.l(_printf_s.o)
    0x00002158   0x00000004   Code   RO         1619    .ARM.Collect$$_printf_percent$$00000017  c_w.l(_printf_percent_end.o)
    0x0000215c   0x00000002   Code   RO         1824    .ARM.Collect$$libinit$$00000000  c_w.l(libinit.o)
    0x0000215e   0x00000000   Code   RO         1658    .ARM.Collect$$libinit$$00000002  c_w.l(libinit2.o)
    0x0000215e   0x00000008   Code   RO         1659    .ARM.Collect$$libinit$$00000003  c_w.l(libinit2.o)
    0x00002166   0x00000000   Code   RO         1661    .ARM.Collect$$libinit$$00000008  c_w.l(libinit2.o)
    0x00002166   0x00000000   Code   RO         1663    .ARM.Collect$$libinit$$0000000A  c_w.l(libinit2.o)
    0x00002166   0x00000004   Code   RO         1664    .ARM.Collect$$libinit$$0000000B  c_w.l(libinit2.o)
    0x0000216a   0x00000000   Code   RO         1665    .ARM.Collect$$libinit$$0000000C  c_w.l(libinit2.o)
    0x0000216a   0x00000006   Code   RO         1666    .ARM.Collect$$libinit$$0000000D  c_w.l(libinit2.o)
    0x00002170   0x00000000   Code   RO         1668    .ARM.Collect$$libinit$$0000000F  c_w.l(libinit2.o)
    0x00002170   0x0000000c   Code   RO         1669    .ARM.Collect$$libinit$$00000010  c_w.l(libinit2.o)
    0x0000217c   0x00000000   Code   RO         1670    .ARM.Collect$$libinit$$00000011  c_w.l(libinit2.o)
    0x0000217c   0x00000000   Code   RO         1672    .ARM.Collect$$libinit$$00000013  c_w.l(libinit2.o)
    0x0000217c   0x00000000   Code   RO         1674    .ARM.Collect$$libinit$$00000015  c_w.l(libinit2.o)
    0x0000217c   0x00000000   Code   RO         1676    .ARM.Collect$$libinit$$00000017  c_w.l(libinit2.o)
    0x0000217c   0x00000000   Code   RO         1678    .ARM.Collect$$libinit$$00000019  c_w.l(libinit2.o)
    0x0000217c   0x00000000   Code   RO         1680    .ARM.Collect$$libinit$$0000001B  c_w.l(libinit2.o)
    0x0000217c   0x00000000   Code   RO         1682    .ARM.Collect$$libinit$$0000001D  c_w.l(libinit2.o)
    0x0000217c   0x00000000   Code   RO         1684    .ARM.Collect$$libinit$$0000001F  c_w.l(libinit2.o)
    0x0000217c   0x00000000   Code   RO         1686    .ARM.Collect$$libinit$$00000021  c_w.l(libinit2.o)
    0x0000217c   0x00000004   Code   RO         1687    .ARM.Collect$$libinit$$00000022  c_w.l(libinit2.o)
    0x00002180   0x00000000   Code   RO         1688    .ARM.Collect$$libinit$$00000023  c_w.l(libinit2.o)
    0x00002180   0x00000000   Code   RO         1692    .ARM.Collect$$libinit$$0000002A  c_w.l(libinit2.o)
    0x00002180   0x00000000   Code   RO         1694    .ARM.Collect$$libinit$$0000002C  c_w.l(libinit2.o)
    0x00002180   0x00000000   Code   RO         1696    .ARM.Collect$$libinit$$0000002E  c_w.l(libinit2.o)
    0x00002180   0x00000000   Code   RO         1698    .ARM.Collect$$libinit$$00000030  c_w.l(libinit2.o)
    0x00002180   0x00000002   Code   RO         1699    .ARM.Collect$$libinit$$00000031  c_w.l(libinit2.o)
    0x00002182   0x00000002   Code   RO         1881    .ARM.Collect$$libshutdown$$00000000  c_w.l(libshutdown.o)
    0x00002184   0x00000004   Code   RO         1826    .ARM.Collect$$libshutdown$$00000002  c_w.l(libshutdown2.o)
    0x00002188   0x00000000   Code   RO         1827    .ARM.Collect$$libshutdown$$00000003  c_w.l(libshutdown2.o)
    0x00002188   0x00000000   Code   RO         1830    .ARM.Collect$$libshutdown$$00000006  c_w.l(libshutdown2.o)
    0x00002188   0x00000000   Code   RO         1833    .ARM.Collect$$libshutdown$$00000009  c_w.l(libshutdown2.o)
    0x00002188   0x00000000   Code   RO         1835    .ARM.Collect$$libshutdown$$0000000B  c_w.l(libshutdown2.o)
    0x00002188   0x00000000   Code   RO         1838    .ARM.Collect$$libshutdown$$0000000E  c_w.l(libshutdown2.o)
    0x00002188   0x00000002   Code   RO         1839    .ARM.Collect$$libshutdown$$0000000F  c_w.l(libshutdown2.o)
    0x0000218a   0x00000000   Code   RO         1568    .ARM.Collect$$rtentry$$00000000  c_w.l(rtentry.o)
    0x0000218a   0x00000000   Code   RO         1704    .ARM.Collect$$rtentry$$00000002  c_w.l(rtentry2.o)
    0x0000218a   0x00000006   Code   RO         1716    .ARM.Collect$$rtentry$$00000004  c_w.l(rtentry4.o)
    0x00002190   0x00000000   Code   RO         1706    .ARM.Collect$$rtentry$$00000009  c_w.l(rtentry2.o)
    0x00002190   0x00000004   Code   RO         1707    .ARM.Collect$$rtentry$$0000000A  c_w.l(rtentry2.o)
    0x00002194   0x00000000   Code   RO         1709    .ARM.Collect$$rtentry$$0000000C  c_w.l(rtentry2.o)
    0x00002194   0x00000008   Code   RO         1710    .ARM.Collect$$rtentry$$0000000D  c_w.l(rtentry2.o)
    0x0000219c   0x00000002   Code   RO         1840    .ARM.Collect$$rtexit$$00000000  c_w.l(rtexit.o)
    0x0000219e   0x00000000   Code   RO         1859    .ARM.Collect$$rtexit$$00000002  c_w.l(rtexit2.o)
    0x0000219e   0x00000004   Code   RO         1860    .ARM.Collect$$rtexit$$00000003  c_w.l(rtexit2.o)
    0x000021a2   0x00000006   Code   RO         1861    .ARM.Collect$$rtexit$$00000004  c_w.l(rtexit2.o)
    0x000021a8   0x00000034   Code   RO         1535    .emb_text           c_w.l(rand.o)
    0x000021dc   0x00000000   Code   RO         1724    .emb_text           c_w.l(maybetermalloc1.o)
    0x000021dc   0x000007b4   Code   RO            3    .text               main.o
    0x00002990   0x00000368   Code   RO          172    .text               http_cgi.o
    0x00002cf8   0x00000238   Code   RO          232    .text               ftp_uif.o
    0x00002f30   0x0000006c   Code   RO          265    .text               http_uif.o
    0x00002f9c   0x000005ac   Code   RO          279    .text               led_cube_8x8x8.o
    0x00003548   0x00000180   Code   RO          310    .text               tcp_users.o
    0x000036c8   0x00000140   Code   RO          347    .text               settings.o
    0x00003808   0x0000015e   Code   RO          372    .text               protocol.o
    0x00003966   0x00000064   Code   RO          400    .text               net_config.o
    0x000039ca   0x00000002   PAD
    0x000039cc   0x00000098   Code   RO          437    .text               file_config.o
    0x00003a64   0x00000040   Code   RO          471    .text               startup_lpc17xx.o
    0x00003aa4   0x00000148   Code   RO          475    .text               fs_spi_flashprg.o
    0x00003bec   0x000000cc   Code   RO          490    .text               retarget.o
    0x00003cb8   0x00000028   Code   RO          519    .text               delay.o
    0x00003ce0   0x00000458   Code   RO          542    .text               emac_dp83848.o
    0x00004138   0x0000012c   Code   RO          575    .text               help.o
    0x00004264   0x00000168   Code   RO          589    .text               spi_lpc17xx.o
    0x000043cc   0x00000170   Code   RO          611    .text               system_lpc17xx.o
    0x0000453c   0x00000248   Code   RO          641    .text               uart.o
    0x00004784   0x00000002   Code   RO         1389    .text               c_w.l(use_no_semi.o)
    0x00004786   0x0000005e   Code   RO         1393    .text               c_w.l(h1_alloc.o)
    0x000047e4   0x000000ee   Code   RO         1447    .text               c_w.l(lludivv7m.o)
    0x000048d2   0x00000002   PAD
    0x000048d4   0x0000002c   Code   RO         1449    .text               c_w.l(__2sprintf.o)
    0x00004900   0x00000052   Code   RO         1455    .text               c_w.l(_printf_pad.o)
    0x00004952   0x00000052   Code   RO         1457    .text               c_w.l(_printf_str.o)
    0x000049a4   0x00000078   Code   RO         1459    .text               c_w.l(_printf_dec.o)
    0x00004a1c   0x0000002a   Code   RO         1461    .text               c_w.l(_printf_charcount.o)
    0x00004a46   0x00000002   PAD
    0x00004a48   0x00000058   Code   RO         1472    .text               c_w.l(_printf_hex_ptr.o)
    0x00004aa0   0x0000018c   Code   RO         1501    .text               c_w.l(__printf_flags_ss_wp.o)
    0x00004c2c   0x0000003c   Code   RO         1509    .text               c_w.l(__0sscanf.o)
    0x00004c68   0x00000150   Code   RO         1511    .text               c_w.l(_scanf_int.o)
    0x00004db8   0x0000001a   Code   RO         1513    .text               c_w.l(atoi.o)
    0x00004dd2   0x0000004a   Code   RO         1515    .text               c_w.l(fgets.o)
    0x00004e1c   0x00000022   Code   RO         1517    .text               c_w.l(fputs.o)
    0x00004e3e   0x00000002   PAD
    0x00004e40   0x000000f8   Code   RO         1521    .text               c_w.l(fseek.o)
    0x00004f38   0x000000ec   Code   RO         1525    .text               c_w.l(fopen.o)
    0x00005024   0x0000004c   Code   RO         1527    .text               c_w.l(fclose.o)
    0x00005070   0x0000003c   Code   RO         1536    .text               c_w.l(rand.o)
    0x000050ac   0x00000024   Code   RO         1540    .text               c_w.l(strstr.o)
    0x000050d0   0x00000048   Code   RO         1542    .text               c_w.l(strcpy.o)
    0x00005118   0x0000003e   Code   RO         1546    .text               c_w.l(strlen.o)
    0x00005156   0x0000008a   Code   RO         1548    .text               c_w.l(rt_memcpy_v6.o)
    0x000051e0   0x00000064   Code   RO         1550    .text               c_w.l(rt_memcpy_w.o)
    0x00005244   0x00000044   Code   RO         1554    .text               c_w.l(rt_memclr.o)
    0x00005288   0x0000004e   Code   RO         1556    .text               c_w.l(rt_memclr_w.o)
    0x000052d6   0x00000056   Code   RO         1558    .text               c_w.l(strncpy.o)
    0x0000532c   0x00000080   Code   RO         1560    .text               c_w.l(strcmpv7m.o)
    0x000053ac   0x00000006   Code   RO         1562    .text               c_w.l(heapauxi.o)
    0x000053b2   0x00000002   PAD
    0x000053b4   0x00000008   Code   RO         1576    .text               c_w.l(rt_heap_descriptor_intlibspace.o)
    0x000053bc   0x00000008   Code   RO         1581    .text               c_w.l(rt_errno_addr_intlibspace.o)
    0x000053c4   0x00000004   Code   RO         1583    .text               c_w.l(hguard.o)
    0x000053c8   0x0000008a   Code   RO         1585    .text               c_w.l(init_alloc.o)
    0x00005452   0x0000000e   Code   RO         1591    .text               c_w.l(h1_init.o)
    0x00005460   0x0000004e   Code   RO         1593    .text               c_w.l(h1_free.o)
    0x000054ae   0x000000b8   Code   RO         1611    .text               c_w.l(_printf_intcommon.o)
    0x00005566   0x00000002   PAD
    0x00005568   0x00000030   Code   RO         1613    .text               c_w.l(_printf_char_common.o)
    0x00005598   0x0000000a   Code   RO         1615    .text               c_w.l(_sputc.o)
    0x000055a2   0x0000002c   Code   RO         1617    .text               c_w.l(_printf_char.o)
    0x000055ce   0x0000001c   Code   RO         1620    .text               c_w.l(_chval.o)
    0x000055ea   0x00000002   PAD
    0x000055ec   0x0000002c   Code   RO         1622    .text               c_w.l(scanf_char.o)
    0x00005618   0x00000040   Code   RO         1624    .text               c_w.l(_sgetc.o)
    0x00005658   0x00000070   Code   RO         1626    .text               c_w.l(strtol.o)
    0x000056c8   0x00000008   Code   RO         1628    .text               c_w.l(ferror.o)
    0x000056d0   0x00000046   Code   RO         1638    .text               c_w.l(ftell.o)
    0x00005716   0x00000002   PAD
    0x00005718   0x000000f0   Code   RO         1640    .text               c_w.l(stdio.o)
    0x00005808   0x00000008   Code   RO         1700    .text               c_w.l(libspace.o)
    0x00005810   0x00000010   Code   RO         1718    .text               c_w.l(rt_ctype_table.o)
    0x00005820   0x00000034   Code   RO         1726    .text               c_w.l(h1_extend.o)
    0x00005854   0x00000012   Code   RO         1730    .text               c_w.l(isspace.o)
    0x00005866   0x00000002   PAD
    0x00005868   0x00000370   Code   RO         1734    .text               c_w.l(_scanf.o)
    0x00005bd8   0x0000009e   Code   RO         1736    .text               c_w.l(_strtoul.o)
    0x00005c76   0x00000240   Code   RO         1738    .text               c_w.l(filbuf.o)
    0x00005eb6   0x000001de   Code   RO         1740    .text               c_w.l(flsbuf.o)
    0x00006094   0x00000138   Code   RO         1742    .text               c_w.l(initio.o)
    0x000061cc   0x0000000e   Code   RO         1746    .text               c_w.l(defsig_rtmem_outer.o)
    0x000061da   0x0000004a   Code   RO         1761    .text               c_w.l(sys_stackheap_outer.o)
    0x00006224   0x00000008   Code   RO         1768    .text               c_w.l(rt_locale_intlibspace.o)
    0x0000622c   0x00000046   Code   RO         1772    .text               c_w.l(setvbuf.o)
    0x00006272   0x0000011c   Code   RO         1774    .text               c_w.l(freadfast.o)
    0x0000638e   0x000000c0   Code   RO         1778    .text               c_w.l(fwritefast.o)
    0x0000644e   0x00000002   PAD
    0x00006450   0x00000038   Code   RO         1780    .text               c_w.l(flushlinebuffered.o)
    0x00006488   0x0000000c   Code   RO         1799    .text               c_w.l(exit.o)
    0x00006494   0x0000000a   Code   RO         1801    .text               c_w.l(defsig_exit.o)
    0x0000649e   0x0000000e   Code   RO         1807    .text               c_w.l(defsig_rtred_outer.o)
    0x000064ac   0x00000050   Code   RO         1811    .text               c_w.l(defsig_rtmem_inner.o)
    0x000064fc   0x00000064   Code   RO         1846    .text               c_w.l(fflush.o)
    0x00006560   0x00000032   Code   RO         1852    .text               c_w.l(defsig_general.o)
    0x00006592   0x00000002   PAD
    0x00006594   0x00000034   Code   RO         1856    .text               c_w.l(defsig_rtred_inner.o)
    0x000065c8   0x00000054   Code   RO         1028    i.__sys_close       FS_CM3.lib(fs_sys.o)
    0x0000661c   0x00000048   Code   RO         1029    i.__sys_ensure      FS_CM3.lib(fs_sys.o)
    0x00006664   0x00000040   Code   RO         1030    i.__sys_flen        FS_CM3.lib(fs_sys.o)
    0x000066a4   0x000000d0   Code   RO         1031    i.__sys_open        FS_CM3.lib(fs_sys.o)
    0x00006774   0x00000060   Code   RO         1032    i.__sys_read        FS_CM3.lib(fs_sys.o)
    0x000067d4   0x0000004c   Code   RO         1033    i.__sys_seek        FS_CM3.lib(fs_sys.o)
    0x00006820   0x00000058   Code   RO         1034    i.__sys_write       FS_CM3.lib(fs_sys.o)
    0x00006878   0x0000000e   Code   RO         1494    i._is_digit         c_w.l(__printf_wp.o)
    0x00006886   0x00000002   PAD
    0x00006888   0x00000034   Code   RO          790    i.add_server_id     TCP_CM3.lib(at_http.o)
    0x000068bc   0x000000b8   Code   RO         1004    i.alloc_mem         TCP_CM3.lib(at_mem.o)
    0x00006974   0x000000b8   Code   RO         1075    i.arp_cache_add     TCP_CM3.lib(at_arp.o)
    0x00006a2c   0x00000088   Code   RO         1076    i.arp_cache_alloc   TCP_CM3.lib(at_arp.o)
    0x00006ab4   0x00000098   Code   RO         1077    i.arp_cache_early   TCP_CM3.lib(at_arp.o)
    0x00006b4c   0x000000b4   Code   RO         1078    i.arp_cache_find    TCP_CM3.lib(at_arp.o)
    0x00006c00   0x000000f4   Code   RO         1081    i.arp_cache_update  TCP_CM3.lib(at_arp.o)
    0x00006cf4   0x0000002c   Code   RO         1084    i.arp_init          TCP_CM3.lib(at_arp.o)
    0x00006d20   0x00000034   Code   RO         1085    i.arp_is_cacheable  TCP_CM3.lib(at_arp.o)
    0x00006d54   0x00000028   Code   RO         1086    i.arp_notify        TCP_CM3.lib(at_arp.o)
    0x00006d7c   0x00000014   Code   RO         1087    i.arp_probe         TCP_CM3.lib(at_arp.o)
    0x00006d90   0x00000088   Code   RO         1088    i.arp_proc_response  TCP_CM3.lib(at_arp.o)
    0x00006e18   0x00000138   Code   RO         1089    i.arp_process       TCP_CM3.lib(at_arp.o)
    0x00006f50   0x000000a0   Code   RO         1090    i.arp_send_reply    TCP_CM3.lib(at_arp.o)
    0x00006ff0   0x000000b8   Code   RO         1091    i.arp_send_request  TCP_CM3.lib(at_arp.o)
    0x000070a8   0x0000001c   Code   RO         1005    i.avail_mem         TCP_CM3.lib(at_mem.o)
    0x000070c4   0x00000078   Code   RO          955    i.b64_to_asc        TCP_CM3.lib(at_lib.o)
    0x0000713c   0x00000012   Code   RO          957    i.calc_chksum16be   TCP_CM3.lib(at_lib.o)
    0x0000714e   0x00000002   PAD
    0x00007150   0x000001cc   Code   RO          792    i.chk_post_req      TCP_CM3.lib(at_http.o)
    0x0000731c   0x00000028   Code   RO          958    i.chksum16_buf      TCP_CM3.lib(at_lib.o)
    0x00007344   0x0000000a   Code   RO          959    i.chksum16_val      TCP_CM3.lib(at_lib.o)
    0x0000734e   0x00000014   Code   RO          889    i.close_file        TCP_CM3.lib(at_ftp.o)
    0x00007362   0x0000001e   Code   RO          793    i.cmp_fname_ext     TCP_CM3.lib(at_http.o)
    0x00007380   0x00000028   Code   RO          794    i.cmp_header        TCP_CM3.lib(at_http.o)
    0x000073a8   0x00000002   Code   RO          870    i.dhcp_cbfunc       TCP_CM3.lib(at_dhcp.o)
    0x000073aa   0x00000002   PAD
    0x000073ac   0x0000003c   Code   RO          871    i.dhcp_disable      TCP_CM3.lib(at_dhcp.o)
    0x000073e8   0x00000050   Code   RO          872    i.dhcp_init         TCP_CM3.lib(at_dhcp.o)
    0x00007438   0x000001fc   Code   RO          873    i.dhcp_listener     TCP_CM3.lib(at_dhcp.o)
    0x00007634   0x000001c4   Code   RO          874    i.dhcp_run_client   TCP_CM3.lib(at_dhcp.o)
    0x000077f8   0x00000210   Code   RO          875    i.dhcp_send_message  TCP_CM3.lib(at_dhcp.o)
    0x00007a08   0x000000aa   Code   RO         1283    i.efs_AllocBlock    FS_CM3.lib(fs_efs.o)
    0x00007ab2   0x0000005e   Code   RO         1284    i.efs_BlockFull     FS_CM3.lib(fs_efs.o)
    0x00007b10   0x00000038   Code   RO         1285    i.efs_BlockInvalid  FS_CM3.lib(fs_efs.o)
    0x00007b48   0x0000002e   Code   RO         1286    i.efs_InitBlock     FS_CM3.lib(fs_efs.o)
    0x00007b76   0x0000002a   Code   RO         1287    i.efs_ReadBlock     FS_CM3.lib(fs_efs.o)
    0x00007ba0   0x0000002a   Code   RO         1288    i.efs_WriteBlock    FS_CM3.lib(fs_efs.o)
    0x00007bca   0x00000164   Code   RO         1291    i.efs_create        FS_CM3.lib(fs_efs.o)
    0x00007d2e   0x000000a0   Code   RO         1293    i.efs_delete        FS_CM3.lib(fs_efs.o)
    0x00007dce   0x0000005e   Code   RO         1294    i.efs_ensure        FS_CM3.lib(fs_efs.o)
    0x00007e2c   0x000000ca   Code   RO         1295    i.efs_ffind         FS_CM3.lib(fs_efs.o)
    0x00007ef6   0x000000b6   Code   RO         1296    i.efs_find          FS_CM3.lib(fs_efs.o)
    0x00007fac   0x0000004e   Code   RO         1297    i.efs_format        FS_CM3.lib(fs_efs.o)
    0x00007ffa   0x00000002   PAD
    0x00007ffc   0x000000a4   Code   RO         1299    i.efs_fsize         FS_CM3.lib(fs_efs.o)
    0x000080a0   0x0000005c   Code   RO         1300    i.efs_get_freeID    FS_CM3.lib(fs_efs.o)
    0x000080fc   0x00000044   Code   RO         1301    i.efs_get_freeMem   FS_CM3.lib(fs_efs.o)
    0x00008140   0x00000034   Code   RO         1302    i.efs_is_busy       FS_CM3.lib(fs_efs.o)
    0x00008174   0x00000092   Code   RO         1303    i.efs_mark_fileMem  FS_CM3.lib(fs_efs.o)
    0x00008206   0x00000048   Code   RO         1304    i.efs_mark_freeMem  FS_CM3.lib(fs_efs.o)
    0x0000824e   0x00000024   Code   RO         1305    i.efs_rd_alloc      FS_CM3.lib(fs_efs.o)
    0x00008272   0x00000020   Code   RO         1306    i.efs_rd_sig        FS_CM3.lib(fs_efs.o)
    0x00008292   0x00000066   Code   RO         1307    i.efs_read          FS_CM3.lib(fs_efs.o)
    0x000082f8   0x00000062   Code   RO         1308    i.efs_rename        FS_CM3.lib(fs_efs.o)
    0x0000835a   0x00000002   PAD
    0x0000835c   0x000000d2   Code   RO         1309    i.efs_seek          FS_CM3.lib(fs_efs.o)
    0x0000842e   0x00000044   Code   RO         1310    i.efs_wclose        FS_CM3.lib(fs_efs.o)
    0x00008472   0x000000dc   Code   RO         1311    i.efs_write         FS_CM3.lib(fs_efs.o)
    0x0000854e   0x00000002   PAD
    0x00008550   0x00000010   Code   RO          940    i.eth_chk_adr       TCP_CM3.lib(at_ethernet.o)
    0x00008560   0x00000034   Code   RO          942    i.eth_init_link     TCP_CM3.lib(at_ethernet.o)
    0x00008594   0x000000d4   Code   RO          943    i.eth_run_link      TCP_CM3.lib(at_ethernet.o)
    0x00008668   0x000000a8   Code   RO          944    i.eth_send_frame    TCP_CM3.lib(at_ethernet.o)
    0x00008710   0x00000060   Code   RO         1046    i.fdelete           FS_CM3.lib(fs_mapi.o)
    0x00008770   0x000001c0   Code   RO         1047    i.ffind             FS_CM3.lib(fs_mapi.o)
    0x00008930   0x00000084   Code   RO         1048    i.fformat           FS_CM3.lib(fs_mapi.o)
    0x000089b4   0x00000018   Code   RO         1631    i.fgetc             c_w.l(fgetc.o)
    0x000089cc   0x0000007c   Code   RO         1051    i.finit             FS_CM3.lib(fs_mapi.o)
    0x00008a48   0x0000001e   Code   RO         1347    i.fn_cmp            FS_CM3.lib(fs_lib.o)
    0x00008a66   0x0000001a   Code   RO         1635    i.fputc             c_w.l(fputc.o)
    0x00008a80   0x00000084   Code   RO         1006    i.free_mem          TCP_CM3.lib(at_mem.o)
    0x00008b04   0x00000014   Code   RO          890    i.free_name         TCP_CM3.lib(at_ftp.o)
    0x00008b18   0x00000078   Code   RO         1052    i.frename           FS_CM3.lib(fs_mapi.o)
    0x00008b90   0x00000070   Code   RO         1053    i.fs_cfg_drv        FS_CM3.lib(fs_mapi.o)
    0x00008c00   0x00000040   Code   RO         1350    i.fs_efs_lock       FS_CM3.lib(fs_lib.o)
    0x00008c40   0x00000038   Code   RO         1353    i.fs_find_iob       FS_CM3.lib(fs_lib.o)
    0x00008c78   0x00000078   Code   RO         1354    i.fs_map_drive      FS_CM3.lib(fs_lib.o)
    0x00008cf0   0x0000001a   Code   RO         1355    i.fs_no_path        FS_CM3.lib(fs_lib.o)
    0x00008d0a   0x00000018   Code   RO         1356    i.fs_strpos         FS_CM3.lib(fs_lib.o)
    0x00008d22   0x00000004   Code   RO          891    i.ftp_accept_host   TCP_CM3.lib(at_ftp.o)
    0x00008d26   0x00000002   PAD
    0x00008d28   0x000000c8   Code   RO          893    i.ftp_data_cb       TCP_CM3.lib(at_ftp.o)
    0x00008df0   0x00000002   Code   RO          894    i.ftp_evt_notify    TCP_CM3.lib(at_ftp.o)
    0x00008df2   0x00000004   Code   RO          895    i.ftp_file_access   TCP_CM3.lib(at_ftp.o)
    0x00008df6   0x00000002   PAD
    0x00008df8   0x00000020   Code   RO          896    i.ftp_get_user_id   TCP_CM3.lib(at_ftp.o)
    0x00008e18   0x00000064   Code   RO          897    i.ftp_init          TCP_CM3.lib(at_ftp.o)
    0x00008e7c   0x00000044   Code   RO          898    i.ftp_kill_session  TCP_CM3.lib(at_ftp.o)
    0x00008ec0   0x00000568   Code   RO          899    i.ftp_listener      TCP_CM3.lib(at_ftp.o)
    0x00009428   0x00000034   Code   RO          900    i.ftp_map_session   TCP_CM3.lib(at_ftp.o)
    0x0000945c   0x0000071c   Code   RO          901    i.ftp_run_server    TCP_CM3.lib(at_ftp.o)
    0x00009b78   0x00000028   Code   RO          961    i.get_crc32         TCP_CM3.lib(at_lib.o)
    0x00009ba0   0x00000068   Code   RO          795    i.get_file_type     TCP_CM3.lib(at_http.o)
    0x00009c08   0x00000028   Code   RO          902    i.get_fname         TCP_CM3.lib(at_ftp.o)
    0x00009c30   0x00000028   Code   RO          796    i.get_next_field    TCP_CM3.lib(at_http.o)
    0x00009c58   0x00000032   Code   RO          797    i.get_next_par      TCP_CM3.lib(at_http.o)
    0x00009c8a   0x00000002   PAD
    0x00009c8c   0x0000001c   Code   RO         1018    i.get_rnd32         TCP_CM3.lib(at_system.o)
    0x00009ca8   0x00000012   Code   RO          798    i.hex2byte          TCP_CM3.lib(at_http.o)
    0x00009cba   0x00000004   Code   RO          799    i.http_accept_host  TCP_CM3.lib(at_http.o)
    0x00009cbe   0x00000002   PAD
    0x00009cc0   0x000002fc   Code   RO          800    i.http_add_header   TCP_CM3.lib(at_http.o)
    0x00009fbc   0x00000004   Code   RO          801    i.http_check_account  TCP_CM3.lib(at_http.o)
    0x00009fc0   0x00000074   Code   RO          802    i.http_date         TCP_CM3.lib(at_http.o)
    0x0000a034   0x00000004   Code   RO          803    i.http_encoding     TCP_CM3.lib(at_http.o)
    0x0000a038   0x00000188   Code   RO          804    i.http_error_msg    TCP_CM3.lib(at_http.o)
    0x0000a1c0   0x00000004   Code   RO          805    i.http_file_access  TCP_CM3.lib(at_http.o)
    0x0000a1c4   0x0000006c   Code   RO          811    i.http_get_var      TCP_CM3.lib(at_http.o)
    0x0000a230   0x00000050   Code   RO          812    i.http_init         TCP_CM3.lib(at_http.o)
    0x0000a280   0x0000005e   Code   RO          813    i.http_kill_session  TCP_CM3.lib(at_http.o)
    0x0000a2de   0x00000002   PAD
    0x0000a2e0   0x00000224   Code   RO          814    i.http_listener     TCP_CM3.lib(at_http.o)
    0x0000a504   0x00000120   Code   RO          815    i.http_open_file    TCP_CM3.lib(at_http.o)
    0x0000a624   0x00000154   Code   RO          816    i.http_proc_header  TCP_CM3.lib(at_http.o)
    0x0000a778   0x0000017c   Code   RO          817    i.http_proc_multipart  TCP_CM3.lib(at_http.o)
    0x0000a8f4   0x000000f8   Code   RO          818    i.http_proc_post    TCP_CM3.lib(at_http.o)
    0x0000a9ec   0x0000033c   Code   RO          819    i.http_run_server   TCP_CM3.lib(at_http.o)
    0x0000ad28   0x0000001e   Code   RO          820    i.http_strcpy       TCP_CM3.lib(at_http.o)
    0x0000ad46   0x00000002   PAD
    0x0000ad48   0x000000a8   Code   RO          821    i.http_to_utc       TCP_CM3.lib(at_http.o)
    0x0000adf0   0x00000010   Code   RO          687    i.icmp_init         TCP_CM3.lib(at_icmp.o)
    0x0000ae00   0x000000cc   Code   RO          689    i.icmp_process      TCP_CM3.lib(at_icmp.o)
    0x0000aecc   0x00000048   Code   RO          690    i.icmp_run_engine   TCP_CM3.lib(at_icmp.o)
    0x0000af14   0x00000070   Code   RO          691    i.icmp_send_message  TCP_CM3.lib(at_icmp.o)
    0x0000af84   0x00000038   Code   RO         1007    i.ifree_mem         TCP_CM3.lib(at_mem.o)
    0x0000afbc   0x00000030   Code   RO         1019    i.init_TcpNet       TCP_CM3.lib(at_system.o)
    0x0000afec   0x000000d2   Code   RO         1056    i.init_drv          FS_CM3.lib(fs_mapi.o)
    0x0000b0be   0x00000002   PAD
    0x0000b0c0   0x00000060   Code   RO         1008    i.init_mem          TCP_CM3.lib(at_mem.o)
    0x0000b120   0x000000c8   Code   RO          673    i.ip_chk_frame      TCP_CM3.lib(at_ip.o)
    0x0000b1e8   0x0000000a   Code   RO          674    i.ip_get_chksum     TCP_CM3.lib(at_ip.o)
    0x0000b1f2   0x00000002   PAD
    0x0000b1f4   0x000000b8   Code   RO          675    i.ip_get_locadr     TCP_CM3.lib(at_ip.o)
    0x0000b2ac   0x0000000c   Code   RO          676    i.ip_init           TCP_CM3.lib(at_ip.o)
    0x0000b2b8   0x0000005c   Code   RO          677    i.ip_run_local      TCP_CM3.lib(at_ip.o)
    0x0000b314   0x00000150   Code   RO          678    i.ip_send_frame     TCP_CM3.lib(at_ip.o)
    0x0000b464   0x00000030   Code   RO          903    i.is_ffind_busy     TCP_CM3.lib(at_ftp.o)
    0x0000b494   0x00000014   Code   RO          962    i.is_subnet         TCP_CM3.lib(at_lib.o)
    0x0000b4a8   0x00000064   Code   RO         1020    i.main_TcpNet       TCP_CM3.lib(at_system.o)
    0x0000b50c   0x00000080   Code   RO          904    i.make_path         TCP_CM3.lib(at_ftp.o)
    0x0000b58c   0x00000018   Code   RO          963    i.mem_comp          TCP_CM3.lib(at_lib.o)
    0x0000b5a4   0x00000016   Code   RO          964    i.mem_copy          TCP_CM3.lib(at_lib.o)
    0x0000b5ba   0x00000020   Code   RO          965    i.mem_crc32         TCP_CM3.lib(at_lib.o)
    0x0000b5da   0x0000000a   Code   RO          967    i.mem_set           TCP_CM3.lib(at_lib.o)
    0x0000b5e4   0x00000014   Code   RO          968    i.mem_test          TCP_CM3.lib(at_lib.o)
    0x0000b5f8   0x00000028   Code   RO          864    i.nbns_init         TCP_CM3.lib(at_nbns.o)
    0x0000b620   0x00000160   Code   RO          865    i.nbns_listener     TCP_CM3.lib(at_nbns.o)
    0x0000b780   0x00000016   Code   RO          970    i.nrd_u32be         TCP_CM3.lib(at_lib.o)
    0x0000b796   0x00000008   Code   RO          971    i.nwr_u16be         TCP_CM3.lib(at_lib.o)
    0x0000b79e   0x00000010   Code   RO          972    i.nwr_u32be         TCP_CM3.lib(at_lib.o)
    0x0000b7ae   0x00000020   Code   RO          905    i.path_dir_up       TCP_CM3.lib(at_ftp.o)
    0x0000b7ce   0x00000002   PAD
    0x0000b7d0   0x00000068   Code   RO          876    i.proc_opt_renew    TCP_CM3.lib(at_dhcp.o)
    0x0000b838   0x000000e0   Code   RO          877    i.proc_opt_req      TCP_CM3.lib(at_dhcp.o)
    0x0000b918   0x00000034   Code   RO          878    i.proc_opt_sel      TCP_CM3.lib(at_dhcp.o)
    0x0000b94c   0x00000028   Code   RO          822    i.proc_req_line     TCP_CM3.lib(at_http.o)
    0x0000b974   0x00000028   Code   RO          945    i.put_in_queue      TCP_CM3.lib(at_ethernet.o)
    0x0000b99c   0x000000a0   Code   RO          823    i.read_script_line  TCP_CM3.lib(at_http.o)
    0x0000ba3c   0x00000048   Code   RO         1009    i.resize_mem        TCP_CM3.lib(at_mem.o)
    0x0000ba84   0x0000004c   Code   RO          824    i.search_delim      TCP_CM3.lib(at_http.o)
    0x0000bad0   0x0000004c   Code   RO          906    i.set_mask          TCP_CM3.lib(at_ftp.o)
    0x0000bb1c   0x00000024   Code   RO          928    i.sntp_init         TCP_CM3.lib(at_sntp.o)
    0x0000bb40   0x00000084   Code   RO          929    i.sntp_listener     TCP_CM3.lib(at_sntp.o)
    0x0000bbc4   0x00000050   Code   RO          930    i.sntp_run_client   TCP_CM3.lib(at_sntp.o)
    0x0000bc14   0x00000030   Code   RO          931    i.sntp_send_message  TCP_CM3.lib(at_sntp.o)
    0x0000bc44   0x00000018   Code   RO          932    i.sntp_stop         TCP_CM3.lib(at_sntp.o)
    0x0000bc5c   0x00000012   Code   RO          973    i.str_copy          TCP_CM3.lib(at_lib.o)
    0x0000bc6e   0x0000001a   Code   RO          974    i.str_crc32         TCP_CM3.lib(at_lib.o)
    0x0000bc88   0x00000016   Code   RO          975    i.str_pos           TCP_CM3.lib(at_lib.o)
    0x0000bc9e   0x0000001a   Code   RO          976    i.str_scomp         TCP_CM3.lib(at_lib.o)
    0x0000bcb8   0x0000002e   Code   RO          977    i.str_ucomp         TCP_CM3.lib(at_lib.o)
    0x0000bce6   0x0000001a   Code   RO          978    i.str_up_case       TCP_CM3.lib(at_lib.o)
    0x0000bd00   0x00000050   Code   RO          698    i.tcp_abort         TCP_CM3.lib(at_tcp.o)
    0x0000bd50   0x0000009c   Code   RO          700    i.tcp_close         TCP_CM3.lib(at_tcp.o)
    0x0000bdec   0x000000b4   Code   RO          701    i.tcp_connect       TCP_CM3.lib(at_tcp.o)
    0x0000bea0   0x00000020   Code   RO          703    i.tcp_get_buf       TCP_CM3.lib(at_tcp.o)
    0x0000bec0   0x00000044   Code   RO          704    i.tcp_get_free_port  TCP_CM3.lib(at_tcp.o)
    0x0000bf04   0x0000004c   Code   RO          705    i.tcp_get_socket    TCP_CM3.lib(at_tcp.o)
    0x0000bf50   0x00000024   Code   RO          706    i.tcp_get_state     TCP_CM3.lib(at_tcp.o)
    0x0000bf74   0x00000018   Code   RO          707    i.tcp_init          TCP_CM3.lib(at_tcp.o)
    0x0000bf8c   0x0000006c   Code   RO          709    i.tcp_listen        TCP_CM3.lib(at_tcp.o)
    0x0000bff8   0x00000098   Code   RO          710    i.tcp_map_socket    TCP_CM3.lib(at_tcp.o)
    0x0000c090   0x00000024   Code   RO          711    i.tcp_max_dsize     TCP_CM3.lib(at_tcp.o)
    0x0000c0b4   0x0000005e   Code   RO          713    i.tcp_parse_opt     TCP_CM3.lib(at_tcp.o)
    0x0000c112   0x00000002   PAD
    0x0000c114   0x00000284   Code   RO          714    i.tcp_poll_sockets  TCP_CM3.lib(at_tcp.o)
    0x0000c398   0x000000c8   Code   RO          715    i.tcp_proc_acknr    TCP_CM3.lib(at_tcp.o)
    0x0000c460   0x00000052   Code   RO          716    i.tcp_proc_dupack   TCP_CM3.lib(at_tcp.o)
    0x0000c4b2   0x00000002   PAD
    0x0000c4b4   0x000004b8   Code   RO          717    i.tcp_process       TCP_CM3.lib(at_tcp.o)
    0x0000c96c   0x0000001a   Code   RO          718    i.tcp_que_free      TCP_CM3.lib(at_tcp.o)
    0x0000c986   0x0000001a   Code   RO          719    i.tcp_que_init      TCP_CM3.lib(at_tcp.o)
    0x0000c9a0   0x00000094   Code   RO          720    i.tcp_que_resend    TCP_CM3.lib(at_tcp.o)
    0x0000ca34   0x0000002c   Code   RO          722    i.tcp_reset_tout    TCP_CM3.lib(at_tcp.o)
    0x0000ca60   0x000000d4   Code   RO          724    i.tcp_send          TCP_CM3.lib(at_tcp.o)
    0x0000cb34   0x0000006a   Code   RO          725    i.tcp_send_ctrl     TCP_CM3.lib(at_tcp.o)
    0x0000cb9e   0x00000050   Code   RO          726    i.tcp_send_data     TCP_CM3.lib(at_tcp.o)
    0x0000cbee   0x00000068   Code   RO          727    i.tcp_send_reset    TCP_CM3.lib(at_tcp.o)
    0x0000cc56   0x00000026   Code   RO          728    i.tcp_set_cwnd      TCP_CM3.lib(at_tcp.o)
    0x0000cc7c   0x00000068   Code   RO          729    i.tcp_transit       TCP_CM3.lib(at_tcp.o)
    0x0000cce4   0x000000c4   Code   RO          730    i.tcp_write         TCP_CM3.lib(at_tcp.o)
    0x0000cda8   0x00000014   Code   RO         1021    i.timer_tick        TCP_CM3.lib(at_system.o)
    0x0000cdbc   0x0000002c   Code   RO          765    i.udp_close         TCP_CM3.lib(at_udp.o)
    0x0000cde8   0x00000020   Code   RO          767    i.udp_get_buf       TCP_CM3.lib(at_udp.o)
    0x0000ce08   0x00000044   Code   RO          768    i.udp_get_socket    TCP_CM3.lib(at_udp.o)
    0x0000ce4c   0x00000018   Code   RO          769    i.udp_init          TCP_CM3.lib(at_udp.o)
    0x0000ce64   0x00000068   Code   RO          772    i.udp_open          TCP_CM3.lib(at_udp.o)
    0x0000cecc   0x0000002c   Code   RO          773    i.udp_port_in_use   TCP_CM3.lib(at_udp.o)
    0x0000cef8   0x000000b8   Code   RO          774    i.udp_process       TCP_CM3.lib(at_udp.o)
    0x0000cfb0   0x00000030   Code   RO          775    i.udp_release_socket  TCP_CM3.lib(at_udp.o)
    0x0000cfe0   0x0000011c   Code   RO          776    i.udp_send          TCP_CM3.lib(at_udp.o)
    0x0000d0fc   0x000000e0   Code   RO          825    i.utc_to_http       TCP_CM3.lib(at_http.o)
    0x0000d1dc   0x0000002c   Code   RO         1797    locale$$code        c_w.l(lc_ctype_c.o)
    0x0000d208   0x0000028c   Data   RO          174    .constdata          http_cgi.o
    0x0000d494   0x00000004   Data   RO          221    .constdata          web.o
    0x0000d498   0x00000a93   Data   RO          222    .constdata          web.o
    0x0000df2b   0x00000001   PAD
    0x0000df2c   0x00000020   Data   RO          223    .constdata          web.o
    0x0000df4c   0x00000056   Data   RO          251    .constdata          http_err.o
    0x0000dfa2   0x00000051   Data   RO          252    .constdata          http_err.o
    0x0000dff3   0x0000004e   Data   RO          253    .constdata          http_err.o
    0x0000e041   0x0000004b   Data   RO          254    .constdata          http_err.o
    0x0000e08c   0x0000002f   Data   RO          255    .constdata          http_err.o
    0x0000e0bb   0x0000006e   Data   RO          256    .constdata          http_err.o
    0x0000e129   0x0000003c   Data   RO          407    .constdata          net_config.o
    0x0000e165   0x00000003   PAD
    0x0000e168   0x00000010   Data   RO          408    .constdata          net_config.o
    0x0000e178   0x0000000c   Data   RO          409    .constdata          net_config.o
    0x0000e184   0x00000008   Data   RO          410    .constdata          net_config.o
    0x0000e18c   0x00000008   Data   RO          411    .constdata          net_config.o
    0x0000e194   0x00000018   Data   RO          412    .constdata          net_config.o
    0x0000e1ac   0x00000018   Data   RO          413    .constdata          net_config.o
    0x0000e1c4   0x00000018   Data   RO          414    .constdata          net_config.o
    0x0000e1dc   0x00000005   Data   RO          415    .constdata          net_config.o
    0x0000e1e1   0x00000001   PAD
    0x0000e1e2   0x00000002   Data   RO          440    .constdata          file_config.o
    0x0000e1e4   0x00000002   Data   RO          441    .constdata          file_config.o
    0x0000e1e6   0x00000002   PAD
    0x0000e1e8   0x00000200   Data   RO          443    .constdata          file_config.o
    0x0000e3e8   0x00000008   Data   RO          444    .constdata          file_config.o
    0x0000e3f0   0x00000018   Data   RO          476    .constdata          fs_spi_flashprg.o
    0x0000e408   0x00000006   Data   RO          491    .constdata          retarget.o
    0x0000e40e   0x00000007   Data   RO          492    .constdata          retarget.o
    0x0000e415   0x00000007   Data   RO          493    .constdata          retarget.o
    0x0000e41c   0x00000020   Data   RO          590    .constdata          spi_lpc17xx.o
    0x0000e43c   0x00000008   Data   RO          679    .constdata          TCP_CM3.lib(at_ip.o)
    0x0000e444   0x000000f4   Data   RO          826    .constdata          TCP_CM3.lib(at_http.o)
    0x0000e538   0x00000008   Data   RO          866    .constdata          TCP_CM3.lib(at_nbns.o)
    0x0000e540   0x000001eb   Data   RO          907    .constdata          TCP_CM3.lib(at_ftp.o)
    0x0000e72b   0x00000006   Data   RO          947    .constdata          TCP_CM3.lib(at_ethernet.o)
    0x0000e731   0x00000006   Data   RO         1092    .constdata          TCP_CM3.lib(at_arp.o)
    0x0000e737   0x00000028   Data   RO         1473    .constdata          c_w.l(_printf_hex_ptr.o)
    0x0000e75f   0x00000011   Data   RO         1502    .constdata          c_w.l(__printf_flags_ss_wp.o)
    0x0000e770   0x0000004c   Data   RO          348    .conststring        settings.o
    0x0000e7bc   0x0000000b   Data   RO          416    .conststring        net_config.o
    0x0000e7c7   0x0000000b   Data   RO          418    .conststring        net_config.o
    0x0000e7d2   0x00000002   PAD
    0x0000e7d4   0x00000020   Data   RO         1882    Region$$Table       anon$$obj.o
    0x0000e7f4   0x00000110   Data   RO         1796    locale$$data        c_w.l(lc_ctype_c.o)


    Execution Region RW_IRAM1 (Base: 0x10000000, Size: 0x00006b90, Max: 0x00008000, ABSOLUTE)

    Base Addr    Size         Type   Attr      Idx    E Section Name        Object

    0x10000000   0x00000058   Data   RW            7    .data               main.o
    0x10000058   0x00000008   Data   RW          175    .data               http_cgi.o
    0x10000060   0x0000000c   Data   RW          234    .data               ftp_uif.o
    0x1000006c   0x00000004   Data   RW          281    .data               led_cube_8x8x8.o
    0x10000070   0x00000004   Data   RW          312    .data               tcp_users.o
    0x10000074   0x0000002c   Data   RW          349    .data               settings.o
    0x100000a0   0x00000010   Data   RW          419    .data               net_config.o
    0x100000b0   0x00000006   Data   RW          420    .data               net_config.o
    0x100000b6   0x00000002   PAD
    0x100000b8   0x00000008   Data   RW          544    .data               emac_dp83848.o
    0x100000c0   0x00000004   Data   RW          612    .data               system_lpc17xx.o
    0x100000c4   0x00000014   Data   RW          643    .data               uart.o
    0x100000d8   0x0000000c   Data   RW          680    .data               TCP_CM3.lib(at_ip.o)
    0x100000e4   0x00000004   Data   RW          731    .data               TCP_CM3.lib(at_tcp.o)
    0x100000e8   0x00000002   Data   RW          777    .data               TCP_CM3.lib(at_udp.o)
    0x100000ea   0x00000002   PAD
    0x100000ec   0x0000000c   Data   RW          827    .data               TCP_CM3.lib(at_http.o)
    0x100000f8   0x00000001   Data   RW          867    .data               TCP_CM3.lib(at_nbns.o)
    0x100000f9   0x00000003   Data   RW          908    .data               TCP_CM3.lib(at_ftp.o)
    0x100000fc   0x00000001   Data   RW         1058    .data               FS_CM3.lib(fs_mapi.o)
    0x100000fd   0x00000003   PAD
    0x10000100   0x00000008   Data   RW         1093    .data               TCP_CM3.lib(at_arp.o)
    0x10000108   0x00000004   Data   RW         1646    .data               c_w.l(stdio_streams.o)
    0x1000010c   0x00000004   Data   RW         1647    .data               c_w.l(stdio_streams.o)
    0x10000110   0x00000004   Data   RW         1648    .data               c_w.l(stdio_streams.o)
    0x10000114   0x00000122   Zero   RW            4    .bss                main.o
    0x10000236   0x00000002   PAD
    0x10000238   0x00000220   Zero   RW          173    .bss                http_cgi.o
    0x10000458   0x00000110   Zero   RW          233    .bss                ftp_uif.o
    0x10000568   0x00000040   Zero   RW          280    .bss                led_cube_8x8x8.o
    0x100005a8   0x00000254   Zero   RW          311    .bss                tcp_users.o
    0x100007fc   0x00002000   Zero   RW          401    .bss                net_config.o
    0x100027fc   0x0000008c   Zero   RW          402    .bss                net_config.o
    0x10002888   0x0000003c   Zero   RW          403    .bss                net_config.o
    0x100028c4   0x00000550   Zero   RW          404    .bss                net_config.o
    0x10002e14   0x00000138   Zero   RW          405    .bss                net_config.o
    0x10002f4c   0x00000070   Zero   RW          406    .bss                net_config.o
    0x10002fbc   0x00000120   Zero   RW          438    .bss                file_config.o
    0x100030dc   0x00000024   Zero   RW          439    .bss                file_config.o
    0x10003100   0x00002a64   Zero   RW          543    .bss                emac_dp83848.o
    0x10005b64   0x000000c8   Zero   RW          642    .bss                uart.o
    0x10005c2c   0x00000010   Zero   RW          692    .bss                TCP_CM3.lib(at_icmp.o)
    0x10005c3c   0x00000020   Zero   RW          879    .bss                TCP_CM3.lib(at_dhcp.o)
    0x10005c5c   0x00000010   Zero   RW          933    .bss                TCP_CM3.lib(at_sntp.o)
    0x10005c6c   0x00000084   Zero   RW          946    .bss                TCP_CM3.lib(at_ethernet.o)
    0x10005cf0   0x00000010   Zero   RW         1010    .bss                TCP_CM3.lib(at_mem.o)
    0x10005d00   0x0000004c   Zero   RW         1022    .bss                TCP_CM3.lib(at_system.o)
    0x10005d4c   0x000000e4   Zero   RW         1537    .bss                c_w.l(rand.o)
    0x10005e30   0x00000054   Zero   RW         1643    .bss                c_w.l(stdio_streams.o)
    0x10005e84   0x00000054   Zero   RW         1644    .bss                c_w.l(stdio_streams.o)
    0x10005ed8   0x00000054   Zero   RW         1645    .bss                c_w.l(stdio_streams.o)
    0x10005f2c   0x00000060   Zero   RW         1701    .bss                c_w.l(libspace.o)
    0x10005f8c   0x00000004   PAD
    0x10005f90   0x00000800   Zero   RW          469    HEAP                startup_lpc17xx.o
    0x10006790   0x00000400   Zero   RW          468    STACK               startup_lpc17xx.o


==============================================================================

Image component sizes


      Code (inc. data)   RO Data    RW Data    ZI Data      Debug   Object Name

        40          0          0          0          0        588   delay.o
      1112         60          0          8      10852      49910   emac_dp83848.o
       152         16        524          0        324       4763   file_config.o
       328          4         24          0          0       2441   fs_spi_flashprg.o
       568        150          0         12        272       9956   ftp_uif.o
       300         74          0          0          0        790   help.o
       872        234        652          8        544      17480   http_cgi.o
         0          0        477          0          0        774   http_err.o
       108          4          0          0          0       1426   http_uif.o
      1452         60          0          4         64       4458   led_cube_8x8x8.o
      1972        186          0         88        290      69732   main.o
       100          0        203         22      10176       2961   net_config.o
       350          0          0          0          0       3155   protocol.o
       204         24         20          0          0       3601   retarget.o
       320         50         76         44          0       1865   settings.o
       360         16         32          0          0       2199   spi_lpc17xx.o
        64         26        204          0       3072        772   startup_lpc17xx.o
       368         32          0          4          0       1093   system_lpc17xx.o
       384         14          0          4        596      11702   tcp_users.o
       584         28          0         20        200      27399   uart.o
         0          0       2743          0          0        569   web.o

    ----------------------------------------------------------------------
      9640        978       4996        216      26392     217634   Object Totals
         0          0         32          0          0          0   (incl. Generated)
         2          0          9          2          2          0   (incl. Padding)

    ----------------------------------------------------------------------

      Code (inc. data)   RO Data    RW Data    ZI Data      Debug   Library Member Name

      2882          8          0          0          0       2068   fs_efs.o
       320         28          0          0          0        448   fs_lib.o
      1242         70          0          1          0        604   fs_mapi.o
       688         58          0          0          0        564   fs_sys.o
      1844        144          6          8          0       1108   at_arp.o
      2010        114          0          0         32        812   at_dhcp.o
       488         58          6          0        132        404   at_ethernet.o
      4030        858        491          3          0       1324   at_ftp.o
      5694       1196        244         12          0       2352   at_http.o
       404         30          0          0         16        308   at_icmp.o
       834         56          8         12          0        520   at_ip.o
       566          6          0          0          0       1436   at_lib.o
       568         46          0          0         16        520   at_mem.o
       392         26          8          1          0        184   at_nbns.o
       320         46          0          0         16        392   at_sntp.o
       196         40          0          0         76        292   at_system.o
      4260        176          0          4          0       2240   at_tcp.o
       832         44          0          2          0        700   at_udp.o
        60          8          0          0          0         84   __0sscanf.o
        44          6          0          0          0         84   __2sprintf.o
         8          0          0          0          0         68   __main.o
       396          6         17          0          0         92   __printf_flags_ss_wp.o
        14          0          0          0          0         68   __printf_wp.o
        52          8          0          0          0          0   __scatter.o
        26          0          0          0          0          0   __scatter_copy.o
        28          0          0          0          0          0   __scatter_zi.o
        28          0          0          0          0         68   _chval.o
        44          0          0          0          0        108   _printf_char.o
        48          6          0          0          0         96   _printf_char_common.o
        42          0          0          0          0         68   _printf_charcount.o
         6          0          0          0          0          0   _printf_d.o
       120         18          0          0          0         92   _printf_dec.o
        88          6         40          0          0         88   _printf_hex_ptr.o
       184          0          0          0          0         88   _printf_intcommon.o
         6          0          0          0          0          0   _printf_n.o
         6          0          0          0          0          0   _printf_p.o
        82          0          0          0          0        108   _printf_pad.o
         0          0          0          0          0          0   _printf_percent.o
         4          0          0          0          0          0   _printf_percent_end.o
         6          0          0          0          0          0   _printf_s.o
        82          0          0          0          0         80   _printf_str.o
       880          4          0          0          0        100   _scanf.o
       336          0          0          0          0         96   _scanf_int.o
        64          0          0          0          0         84   _sgetc.o
        10          0          0          0          0         68   _sputc.o
       158          0          0          0          0         92   _strtoul.o
        26          0          0          0          0         80   atoi.o
        10          0          0          0          0         68   defsig_exit.o
        50          0          0          0          0         88   defsig_general.o
        80         58          0          0          0         76   defsig_rtmem_inner.o
        14          0          0          0          0         80   defsig_rtmem_outer.o
        52         38          0          0          0         76   defsig_rtred_inner.o
        14          0          0          0          0         80   defsig_rtred_outer.o
        12          0          0          0          0         72   exit.o
        76          0          0          0          0         88   fclose.o
         8          0          0          0          0         68   ferror.o
       100          4          0          0          0        120   fflush.o
        24          0          0          0          0         68   fgetc.o
        74          0          0          0          0         84   fgets.o
       576          0          0          0          0        132   filbuf.o
       478          0          0          0          0         88   flsbuf.o
        56          6          0          0          0         80   flushlinebuffered.o
       236          4          0          0          0        128   fopen.o
        26          0          0          0          0         68   fputc.o
        34          0          0          0          0         80   fputs.o
       284          0          0          0          0         96   freadfast.o
       248          6          0          0          0         84   fseek.o
        70          0          0          0          0         76   ftell.o
       192          0          0          0          0         88   fwritefast.o
        94          0          0          0          0         80   h1_alloc.o
        52          0          0          0          0         68   h1_extend.o
        78          0          0          0          0         80   h1_free.o
        14          0          0          0          0         84   h1_init.o
         6          0          0          0          0        152   heapauxi.o
         4          0          0          0          0        136   hguard.o
       138          0          0          0          0        168   init_alloc.o
       312         46          0          0          0        112   initio.o
        18          0          0          0          0         76   isspace.o
        44         10        272          0          0         76   lc_ctype_c.o
         2          0          0          0          0          0   libinit.o
        36          0          0          0          0          0   libinit2.o
         2          0          0          0          0          0   libshutdown.o
         6          0          0          0          0          0   libshutdown2.o
         8          4          0          0         96         68   libspace.o
       238          0          0          0          0        100   lludivv7m.o
         0          0          0          0          0          0   maybetermalloc1.o
       112         18          0          0        228        160   rand.o
        16          4          0          0          0         76   rt_ctype_table.o
         8          4          0          0          0         68   rt_errno_addr_intlibspace.o
         8          4          0          0          0         68   rt_heap_descriptor_intlibspace.o
         8          4          0          0          0         68   rt_locale_intlibspace.o
        68          0          0          0          0         68   rt_memclr.o
        78          0          0          0          0         80   rt_memclr_w.o
       138          0          0          0          0         68   rt_memcpy_v6.o
       100          0          0          0          0         80   rt_memcpy_w.o
         0          0          0          0          0          0   rtentry.o
        12          0          0          0          0          0   rtentry2.o
         6          0          0          0          0          0   rtentry4.o
         2          0          0          0          0          0   rtexit.o
        10          0          0          0          0          0   rtexit2.o
        44          8          0          0          0         84   scanf_char.o
        70          0          0          0          0         80   setvbuf.o
       240          6          0          0          0        156   stdio.o
         0          0          0         12        252          0   stdio_streams.o
       128          0          0          0          0         68   strcmpv7m.o
        72          0          0          0          0         80   strcpy.o
        62          0          0          0          0         76   strlen.o
        86          0          0          0          0         76   strncpy.o
        36          0          0          0          0         80   strstr.o
       112          0          0          0          0         88   strtol.o
        74          0          0          0          0         80   sys_stackheap_outer.o
         2          0          0          0          0         68   use_no_semi.o

    ----------------------------------------------------------------------
     35732       3290       1092         60        868      22748   Library Totals
        56          0          0          5          4          0   (incl. Padding)

    ----------------------------------------------------------------------

      Code (inc. data)   RO Data    RW Data    ZI Data      Debug   Library Name

      5132        164          0          1          0       3684   FS_CM3.lib
     22438       2840        763         42        288      12592   TCP_CM3.lib
      8106        286        329         12        576       6472   c_w.l

    ----------------------------------------------------------------------
     35732       3290       1092         60        868      22748   Library Totals

    ----------------------------------------------------------------------

==============================================================================


      Code (inc. data)   RO Data    RW Data    ZI Data      Debug   

     45372       4268       6088        276      27260     224106   Grand Totals
     45372       4268       6088        276      27260     224106   ELF Image Totals
     45372       4268       6088        276          0          0   ROM Totals

==============================================================================

    Total RO  Size (Code + RO Data)                51460 (  50.25kB)
    Total RW  Size (RW Data + ZI Data)             27536 (  26.89kB)
    Total ROM Size (Code + RO Data + RW Data)      51736 (  50.52kB)

==============================================================================

