ARM Linker, 5.03 [Build 76] [MDK-ARM Standard][RL-ARM]

==============================================================================

Section Cross References

    lp_led_cube_8x8x8_lpc176x.o(.text) refers to uart.o(.text) for UART_Init
    lp_led_cube_8x8x8_lpc176x.o(.text) refers to strlen.o(.text) for strlen
    lp_led_cube_8x8x8_lpc176x.o(.text) refers to system_lpc17xx.o(.text) for SystemInit
    lp_led_cube_8x8x8_lpc176x.o(.text) refers to led_cube_8x8x8.o(.text) for LED_CUBE_Init
    lp_led_cube_8x8x8_lpc176x.o(.text) refers to lp_led_cube_8x8x8_lpc176x.o(.data) for .data
    lp_led_cube_8x8x8_lpc176x.o(.text) refers to system_lpc17xx.o(.data) for SystemCoreClock
    startup_lpc17xx.o(STACK) refers (Special) to heapauxi.o(.text) for __use_two_region_memory
    startup_lpc17xx.o(HEAP) refers (Special) to heapauxi.o(.text) for __use_two_region_memory
    startup_lpc17xx.o(RESET) refers (Special) to heapauxi.o(.text) for __use_two_region_memory
    startup_lpc17xx.o(RESET) refers to startup_lpc17xx.o(STACK) for __initial_sp
    startup_lpc17xx.o(RESET) refers to startup_lpc17xx.o(.text) for Reset_Handler
    startup_lpc17xx.o(RESET) refers to lp_led_cube_8x8x8_lpc176x.o(.text) for SysTick_Handler
    startup_lpc17xx.o(RESET) refers to uart.o(.text) for UART0_IRQHandler
    startup_lpc17xx.o(RESET) refers to i2c.o(.text) for I2C0_IRQHandler
    startup_lpc17xx.o(.text) refers (Special) to heapauxi.o(.text) for __use_two_region_memory
    startup_lpc17xx.o(.text) refers to system_lpc17xx.o(.text) for SystemInit
    startup_lpc17xx.o(.text) refers to __main.o(!!!main) for __main
    startup_lpc17xx.o(.text) refers to startup_lpc17xx.o(HEAP) for Heap_Mem
    startup_lpc17xx.o(.text) refers to startup_lpc17xx.o(STACK) for Stack_Mem
    system_lpc17xx.o(.text) refers to lludivv7m.o(.text) for __aeabi_uldivmod
    system_lpc17xx.o(.text) refers to system_lpc17xx.o(.data) for .data
    delay.o(.text) refers to system_lpc17xx.o(.data) for SystemCoreClock
    i2c.o(.text) refers to i2c.o(.bss) for .bss
    i2c.o(.text) refers to i2c.o(.constdata) for .constdata
    i2c.o(.text) refers to i2c.o(.data) for .data
    led_cube_8x8x8.o(.text) refers to tlc59116.o(.text) for TLC59116_LEDs_Set
    tlc59116.o(.text) refers to i2c.o(.text) for I2C_Engine
    tlc59116.o(.text) refers to i2c.o(.bss) for I2C_WriteLength
    uart.o(.text) refers to system_lpc17xx.o(.data) for SystemCoreClock
    uart.o(.text) refers to uart.o(.data) for .data
    uart.o(.text) refers to uart.o(.bss) for .bss
    __main.o(!!!main) refers to rtentry.o(.ARM.Collect$$rtentry$$00000000) for __rt_entry
    rtentry.o(.ARM.Collect$$rtentry$$00000000) refers (Special) to rtentry2.o(.ARM.Collect$$rtentry$$0000000A) for __rt_entry_li
    rtentry.o(.ARM.Collect$$rtentry$$00000000) refers (Special) to rtentry2.o(.ARM.Collect$$rtentry$$0000000D) for __rt_entry_main
    rtentry.o(.ARM.Collect$$rtentry$$00000000) refers (Special) to rtentry2.o(.ARM.Collect$$rtentry$$0000000C) for __rt_entry_postli_1
    rtentry.o(.ARM.Collect$$rtentry$$00000000) refers (Special) to rtentry2.o(.ARM.Collect$$rtentry$$00000009) for __rt_entry_postsh_1
    rtentry.o(.ARM.Collect$$rtentry$$00000000) refers (Special) to rtentry2.o(.ARM.Collect$$rtentry$$00000002) for __rt_entry_presh_1
    rtentry.o(.ARM.Collect$$rtentry$$00000000) refers (Special) to rtentry4.o(.ARM.Collect$$rtentry$$00000004) for __rt_entry_sh
    aeabi_ldiv0_sigfpe.o(.text) refers to rt_div0.o(.text) for __rt_div0
    rtentry2.o(.ARM.Collect$$rtentry$$00000008) refers to boardinit2.o(.text) for _platform_post_stackheap_init
    rtentry2.o(.ARM.Collect$$rtentry$$0000000A) refers to libinit.o(.ARM.Collect$$libinit$$00000000) for __rt_lib_init
    rtentry2.o(.ARM.Collect$$rtentry$$0000000B) refers to boardinit3.o(.text) for _platform_post_lib_init
    rtentry2.o(.ARM.Collect$$rtentry$$0000000D) refers to lp_led_cube_8x8x8_lpc176x.o(.text) for main
    rtentry2.o(.ARM.Collect$$rtentry$$0000000D) refers to exit.o(.text) for exit
    rtentry2.o(.ARM.exidx) refers to rtentry2.o(.ARM.Collect$$rtentry$$00000001) for .ARM.Collect$$rtentry$$00000001
    rtentry2.o(.ARM.exidx) refers to rtentry2.o(.ARM.Collect$$rtentry$$00000008) for .ARM.Collect$$rtentry$$00000008
    rtentry2.o(.ARM.exidx) refers to rtentry2.o(.ARM.Collect$$rtentry$$0000000A) for .ARM.Collect$$rtentry$$0000000A
    rtentry2.o(.ARM.exidx) refers to rtentry2.o(.ARM.Collect$$rtentry$$0000000B) for .ARM.Collect$$rtentry$$0000000B
    rtentry2.o(.ARM.exidx) refers to rtentry2.o(.ARM.Collect$$rtentry$$0000000D) for .ARM.Collect$$rtentry$$0000000D
    rtentry4.o(.ARM.Collect$$rtentry$$00000004) refers to sys_stackheap_outer.o(.text) for __user_setup_stackheap
    rtentry4.o(.ARM.exidx) refers to rtentry4.o(.ARM.Collect$$rtentry$$00000004) for .ARM.Collect$$rtentry$$00000004
    rt_div0.o(.text) refers to defsig_fpe_outer.o(.text) for __rt_SIGFPE
    sys_stackheap_outer.o(.text) refers to libspace.o(.text) for __user_perproc_libspace
    sys_stackheap_outer.o(.text) refers to startup_lpc17xx.o(.text) for __user_initial_stackheap
    exit.o(.text) refers to rtexit.o(.ARM.Collect$$rtexit$$00000000) for __rt_exit
    defsig_fpe_outer.o(.text) refers to defsig_fpe_inner.o(.text) for __rt_SIGFPE_inner
    defsig_fpe_outer.o(.text) refers to defsig_exit.o(.text) for __sig_exit
    defsig_fpe_formal.o(.text) refers to rt_raise.o(.text) for __rt_raise
    libinit.o(.ARM.Collect$$libinit$$00000000) refers (Special) to libinit2.o(.ARM.Collect$$libinit$$0000002C) for __rt_lib_init_alloca_1
    libinit.o(.ARM.Collect$$libinit$$00000000) refers (Special) to libinit2.o(.ARM.Collect$$libinit$$0000002A) for __rt_lib_init_argv_1
    libinit.o(.ARM.Collect$$libinit$$00000000) refers (Special) to libinit2.o(.ARM.Collect$$libinit$$00000019) for __rt_lib_init_atexit_1
    libinit.o(.ARM.Collect$$libinit$$00000000) refers (Special) to libinit2.o(.ARM.Collect$$libinit$$0000001F) for __rt_lib_init_clock_1
    libinit.o(.ARM.Collect$$libinit$$00000000) refers (Special) to libinit2.o(.ARM.Collect$$libinit$$00000030) for __rt_lib_init_cpp_1
    libinit.o(.ARM.Collect$$libinit$$00000000) refers (Special) to libinit2.o(.ARM.Collect$$libinit$$0000002E) for __rt_lib_init_exceptions_1
    libinit.o(.ARM.Collect$$libinit$$00000000) refers (Special) to libinit2.o(.ARM.Collect$$libinit$$00000002) for __rt_lib_init_fp_1
    libinit.o(.ARM.Collect$$libinit$$00000000) refers (Special) to libinit2.o(.ARM.Collect$$libinit$$0000001D) for __rt_lib_init_fp_trap_1
    libinit.o(.ARM.Collect$$libinit$$00000000) refers (Special) to libinit2.o(.ARM.Collect$$libinit$$00000021) for __rt_lib_init_getenv_1
    libinit.o(.ARM.Collect$$libinit$$00000000) refers (Special) to libinit2.o(.ARM.Collect$$libinit$$00000008) for __rt_lib_init_heap_1
    libinit.o(.ARM.Collect$$libinit$$00000000) refers (Special) to libinit2.o(.ARM.Collect$$libinit$$0000000F) for __rt_lib_init_lc_collate_1
    libinit.o(.ARM.Collect$$libinit$$00000000) refers (Special) to libinit2.o(.ARM.Collect$$libinit$$00000011) for __rt_lib_init_lc_ctype_1
    libinit.o(.ARM.Collect$$libinit$$00000000) refers (Special) to libinit2.o(.ARM.Collect$$libinit$$00000013) for __rt_lib_init_lc_monetary_1
    libinit.o(.ARM.Collect$$libinit$$00000000) refers (Special) to libinit2.o(.ARM.Collect$$libinit$$00000015) for __rt_lib_init_lc_numeric_1
    libinit.o(.ARM.Collect$$libinit$$00000000) refers (Special) to libinit2.o(.ARM.Collect$$libinit$$00000017) for __rt_lib_init_lc_time_1
    libinit.o(.ARM.Collect$$libinit$$00000000) refers (Special) to libinit2.o(.ARM.Collect$$libinit$$0000000C) for __rt_lib_init_rand_1
    libinit.o(.ARM.Collect$$libinit$$00000000) refers (Special) to libinit2.o(.ARM.Collect$$libinit$$00000031) for __rt_lib_init_return
    libinit.o(.ARM.Collect$$libinit$$00000000) refers (Special) to libinit2.o(.ARM.Collect$$libinit$$0000001B) for __rt_lib_init_signal_1
    libinit.o(.ARM.Collect$$libinit$$00000000) refers (Special) to libinit2.o(.ARM.Collect$$libinit$$00000023) for __rt_lib_init_stdio_1
    libinit.o(.ARM.Collect$$libinit$$00000000) refers (Special) to libinit2.o(.ARM.Collect$$libinit$$0000000A) for __rt_lib_init_user_alloc_1
    libspace.o(.text) refers to libspace.o(.bss) for __libspace_start
    rtexit.o(.ARM.Collect$$rtexit$$00000000) refers (Special) to rtexit2.o(.ARM.Collect$$rtexit$$00000004) for __rt_exit_exit
    rtexit.o(.ARM.Collect$$rtexit$$00000000) refers (Special) to rtexit2.o(.ARM.Collect$$rtexit$$00000003) for __rt_exit_ls
    rtexit.o(.ARM.Collect$$rtexit$$00000000) refers (Special) to rtexit2.o(.ARM.Collect$$rtexit$$00000002) for __rt_exit_prels_1
    rtexit.o(.ARM.exidx) refers (Special) to rtexit2.o(.ARM.Collect$$rtexit$$00000004) for __rt_exit_exit
    rtexit.o(.ARM.exidx) refers (Special) to rtexit2.o(.ARM.Collect$$rtexit$$00000003) for __rt_exit_ls
    rtexit.o(.ARM.exidx) refers (Special) to rtexit2.o(.ARM.Collect$$rtexit$$00000002) for __rt_exit_prels_1
    rtexit.o(.ARM.exidx) refers to rtexit.o(.ARM.Collect$$rtexit$$00000000) for .ARM.Collect$$rtexit$$00000000
    rt_raise.o(.text) refers to __raise.o(.text) for __raise
    rt_raise.o(.text) refers to sys_exit.o(.text) for _sys_exit
    defsig_exit.o(.text) refers to sys_exit.o(.text) for _sys_exit
    defsig_fpe_inner.o(.text) refers to defsig_general.o(.text) for __default_signal_display
    libinit2.o(.ARM.Collect$$libinit$$0000000E) refers to libinit2.o(.ARM.Collect$$libinit$$0000000D) for .ARM.Collect$$libinit$$0000000D
    libinit2.o(.ARM.Collect$$libinit$$00000010) refers to libinit2.o(.ARM.Collect$$libinit$$0000000D) for .ARM.Collect$$libinit$$0000000D
    libinit2.o(.ARM.Collect$$libinit$$00000012) refers to libinit2.o(.ARM.Collect$$libinit$$0000000D) for .ARM.Collect$$libinit$$0000000D
    libinit2.o(.ARM.Collect$$libinit$$00000014) refers to libinit2.o(.ARM.Collect$$libinit$$0000000D) for .ARM.Collect$$libinit$$0000000D
    libinit2.o(.ARM.Collect$$libinit$$00000016) refers to libinit2.o(.ARM.Collect$$libinit$$0000000D) for .ARM.Collect$$libinit$$0000000D
    libinit2.o(.ARM.Collect$$libinit$$00000024) refers to argv_veneer.o(.emb_text) for __ARM_argv_veneer
    libinit2.o(.ARM.Collect$$libinit$$00000025) refers to argv_veneer.o(.emb_text) for __ARM_argv_veneer
    sys_exit.o(.text) refers (Special) to use_no_semi.o(.text) for __I$use$semihosting
    sys_exit.o(.text) refers (Special) to indicate_semi.o(.text) for __semihosting_library_function
    rtexit2.o(.ARM.Collect$$rtexit$$00000003) refers to libshutdown.o(.ARM.Collect$$libshutdown$$00000000) for __rt_lib_shutdown
    rtexit2.o(.ARM.Collect$$rtexit$$00000004) refers to sys_exit.o(.text) for _sys_exit
    rtexit2.o(.ARM.exidx) refers to rtexit2.o(.ARM.Collect$$rtexit$$00000001) for .ARM.Collect$$rtexit$$00000001
    rtexit2.o(.ARM.exidx) refers to rtexit2.o(.ARM.Collect$$rtexit$$00000003) for .ARM.Collect$$rtexit$$00000003
    rtexit2.o(.ARM.exidx) refers to rtexit2.o(.ARM.Collect$$rtexit$$00000004) for .ARM.Collect$$rtexit$$00000004
    __raise.o(.text) refers to defsig.o(CL$$defsig) for __default_signal_handler
    defsig_general.o(.text) refers to sys_wrch.o(.text) for _ttywrch
    argv_veneer.o(.emb_text) refers to no_argv.o(.text) for __ARM_get_argv
    sys_wrch.o(.text) refers (Special) to use_no_semi.o(.text) for __I$use$semihosting
    sys_wrch.o(.text) refers (Special) to indicate_semi.o(.text) for __semihosting_library_function
    defsig.o(CL$$defsig) refers to defsig_fpe_inner.o(.text) for __rt_SIGFPE_inner
    defsig.o(CL$$defsig) refers to defsig_rtmem_inner.o(.text) for __rt_SIGRTMEM_inner
    _get_argv_nomalloc.o(.text) refers (Special) to hrguard.o(.text) for __heap_region$guard
    _get_argv_nomalloc.o(.text) refers to defsig_rtmem_outer.o(.text) for __rt_SIGRTMEM
    _get_argv_nomalloc.o(.text) refers to sys_command.o(.text) for _sys_command_string
    libshutdown.o(.ARM.Collect$$libshutdown$$00000000) refers (Special) to libshutdown2.o(.ARM.Collect$$libshutdown$$00000006) for __rt_lib_shutdown_fp_trap_1
    libshutdown.o(.ARM.Collect$$libshutdown$$00000000) refers (Special) to libshutdown2.o(.ARM.Collect$$libshutdown$$0000000E) for __rt_lib_shutdown_heap_1
    libshutdown.o(.ARM.Collect$$libshutdown$$00000000) refers (Special) to libshutdown2.o(.ARM.Collect$$libshutdown$$0000000F) for __rt_lib_shutdown_return
    libshutdown.o(.ARM.Collect$$libshutdown$$00000000) refers (Special) to libshutdown2.o(.ARM.Collect$$libshutdown$$00000009) for __rt_lib_shutdown_signal_1
    libshutdown.o(.ARM.Collect$$libshutdown$$00000000) refers (Special) to libshutdown2.o(.ARM.Collect$$libshutdown$$00000003) for __rt_lib_shutdown_stdio_1
    libshutdown.o(.ARM.Collect$$libshutdown$$00000000) refers (Special) to libshutdown2.o(.ARM.Collect$$libshutdown$$0000000B) for __rt_lib_shutdown_user_alloc_1
    sys_command.o(.text) refers (Special) to use_no_semi.o(.text) for __I$use$semihosting
    sys_command.o(.text) refers (Special) to indicate_semi.o(.text) for __semihosting_library_function
    defsig_abrt_inner.o(.text) refers to defsig_general.o(.text) for __default_signal_display
    defsig_rtred_inner.o(.text) refers to defsig_general.o(.text) for __default_signal_display
    defsig_rtmem_inner.o(.text) refers to defsig_general.o(.text) for __default_signal_display
    defsig_rtmem_outer.o(.text) refers to defsig_rtmem_inner.o(.text) for __rt_SIGRTMEM_inner
    defsig_rtmem_outer.o(.text) refers to defsig_exit.o(.text) for __sig_exit
    defsig_rtmem_formal.o(.text) refers to rt_raise.o(.text) for __rt_raise
    defsig_stak_inner.o(.text) refers to defsig_general.o(.text) for __default_signal_display
    defsig_pvfn_inner.o(.text) refers to defsig_general.o(.text) for __default_signal_display
    defsig_cppl_inner.o(.text) refers to defsig_general.o(.text) for __default_signal_display
    defsig_segv_inner.o(.text) refers to defsig_general.o(.text) for __default_signal_display
    defsig_other.o(.text) refers to defsig_general.o(.text) for __default_signal_display


==============================================================================

Removing Unused input sections from the image.

    Removing lp_led_cube_8x8x8_lpc176x.o(.rev16_text), (4 bytes).
    Removing lp_led_cube_8x8x8_lpc176x.o(.revsh_text), (4 bytes).
    Removing system_lpc17xx.o(.rev16_text), (4 bytes).
    Removing system_lpc17xx.o(.revsh_text), (4 bytes).
    Removing delay.o(.rev16_text), (4 bytes).
    Removing delay.o(.revsh_text), (4 bytes).
    Removing delay.o(.text), (148 bytes).
    Removing i2c.o(.rev16_text), (4 bytes).
    Removing i2c.o(.revsh_text), (4 bytes).
    Removing i2c.o(.bss), (12 bytes).
    Removing led_cube_8x8x8.o(.rev16_text), (4 bytes).
    Removing led_cube_8x8x8.o(.revsh_text), (4 bytes).
    Removing tlc59116.o(.rev16_text), (4 bytes).
    Removing tlc59116.o(.revsh_text), (4 bytes).
    Removing uart.o(.rev16_text), (4 bytes).
    Removing uart.o(.revsh_text), (4 bytes).

16 unused section(s) (total 216 bytes) removed from the image.

==============================================================================

Image Symbol Table

    Local Symbols

    Symbol Name                              Value     Ov Type        Size  Object(Section)

    RESET                                    0x00000000   Section      204  startup_lpc17xx.o(RESET)
    ../clib/angel/boardlib.s                 0x00000000   Number         0  boardinit1.o ABSOLUTE
    ../clib/angel/boardlib.s                 0x00000000   Number         0  boardinit2.o ABSOLUTE
    ../clib/angel/boardlib.s                 0x00000000   Number         0  boardinit3.o ABSOLUTE
    ../clib/angel/boardlib.s                 0x00000000   Number         0  boardshut.o ABSOLUTE
    ../clib/angel/handlers.s                 0x00000000   Number         0  __scatter_zi.o ABSOLUTE
    ../clib/angel/handlers.s                 0x00000000   Number         0  __scatter_copy.o ABSOLUTE
    ../clib/angel/kernel.s                   0x00000000   Number         0  rtentry4.o ABSOLUTE
    ../clib/angel/kernel.s                   0x00000000   Number         0  rtentry2.o ABSOLUTE
    ../clib/angel/kernel.s                   0x00000000   Number         0  rtexit2.o ABSOLUTE
    ../clib/angel/kernel.s                   0x00000000   Number         0  rtexit.o ABSOLUTE
    ../clib/angel/kernel.s                   0x00000000   Number         0  rtentry.o ABSOLUTE
    ../clib/angel/rt.s                       0x00000000   Number         0  rt_raise.o ABSOLUTE
    ../clib/angel/rt.s                       0x00000000   Number         0  rt_div0.o ABSOLUTE
    ../clib/angel/rt.s                       0x00000000   Number         0  aeabi_ldiv0_sigfpe.o ABSOLUTE
    ../clib/angel/rt.s                       0x00000000   Number         0  aeabi_ldiv0.o ABSOLUTE
    ../clib/angel/scatter.s                  0x00000000   Number         0  __scatter.o ABSOLUTE
    ../clib/angel/startup.s                  0x00000000   Number         0  __main.o ABSOLUTE
    ../clib/angel/sys.s                      0x00000000   Number         0  indicate_semi.o ABSOLUTE
    ../clib/angel/sys.s                      0x00000000   Number         0  libspace.o ABSOLUTE
    ../clib/angel/sys.s                      0x00000000   Number         0  use_no_semi.o ABSOLUTE
    ../clib/angel/sys.s                      0x00000000   Number         0  sys_stackheap_outer.o ABSOLUTE
    ../clib/angel/sysapp.c                   0x00000000   Number         0  sys_exit.o ABSOLUTE
    ../clib/angel/sysapp.c                   0x00000000   Number         0  sys_command.o ABSOLUTE
    ../clib/angel/sysapp.c                   0x00000000   Number         0  sys_wrch.o ABSOLUTE
    ../clib/armsys.c                         0x00000000   Number         0  argv_veneer.o ABSOLUTE
    ../clib/armsys.c                         0x00000000   Number         0  no_argv.o ABSOLUTE
    ../clib/armsys.c                         0x00000000   Number         0  _get_argv_nomalloc.o ABSOLUTE
    ../clib/armsys.c                         0x00000000   Number         0  argv_veneer.o ABSOLUTE
    ../clib/heapalloc.c                      0x00000000   Number         0  hrguard.o ABSOLUTE
    ../clib/heapaux.c                        0x00000000   Number         0  heapauxi.o ABSOLUTE
    ../clib/libinit.s                        0x00000000   Number         0  libinit.o ABSOLUTE
    ../clib/libinit.s                        0x00000000   Number         0  libshutdown2.o ABSOLUTE
    ../clib/libinit.s                        0x00000000   Number         0  libshutdown.o ABSOLUTE
    ../clib/libinit.s                        0x00000000   Number         0  libinit2.o ABSOLUTE
    ../clib/longlong.s                       0x00000000   Number         0  lludivv7m.o ABSOLUTE
    ../clib/signal.c                         0x00000000   Number         0  defsig_exit.o ABSOLUTE
    ../clib/signal.c                         0x00000000   Number         0  defsig_fpe_outer.o ABSOLUTE
    ../clib/signal.c                         0x00000000   Number         0  defsig_fpe_formal.o ABSOLUTE
    ../clib/signal.c                         0x00000000   Number         0  defsig_rtred_inner.o ABSOLUTE
    ../clib/signal.c                         0x00000000   Number         0  defsig_rtmem_formal.o ABSOLUTE
    ../clib/signal.c                         0x00000000   Number         0  defsig_other.o ABSOLUTE
    ../clib/signal.c                         0x00000000   Number         0  defsig_stak_inner.o ABSOLUTE
    ../clib/signal.c                         0x00000000   Number         0  defsig_abrt_inner.o ABSOLUTE
    ../clib/signal.c                         0x00000000   Number         0  defsig_rtmem_inner.o ABSOLUTE
    ../clib/signal.c                         0x00000000   Number         0  defsig_rtmem_outer.o ABSOLUTE
    ../clib/signal.c                         0x00000000   Number         0  defsig_general.o ABSOLUTE
    ../clib/signal.c                         0x00000000   Number         0  __raise.o ABSOLUTE
    ../clib/signal.c                         0x00000000   Number         0  defsig_pvfn_inner.o ABSOLUTE
    ../clib/signal.c                         0x00000000   Number         0  defsig_cppl_inner.o ABSOLUTE
    ../clib/signal.c                         0x00000000   Number         0  defsig_segv_inner.o ABSOLUTE
    ../clib/signal.c                         0x00000000   Number         0  defsig_fpe_inner.o ABSOLUTE
    ../clib/signal.s                         0x00000000   Number         0  defsig.o ABSOLUTE
    ../clib/stdlib.c                         0x00000000   Number         0  exit.o ABSOLUTE
    ../clib/string.c                         0x00000000   Number         0  strlen.o ABSOLUTE
    ../fplib/fpinit.s                        0x00000000   Number         0  fpinit.o ABSOLUTE
    LP_LED_CUBE_8x8x8_LPC176X.c              0x00000000   Number         0  lp_led_cube_8x8x8_lpc176x.o ABSOLUTE
    LP_LED_CUBE_8x8x8_LPC176X.c              0x00000000   Number         0  lp_led_cube_8x8x8_lpc176x.o ABSOLUTE
    Libraries\DELAY.c                        0x00000000   Number         0  delay.o ABSOLUTE
    Libraries\I2C.c                          0x00000000   Number         0  i2c.o ABSOLUTE
    Libraries\LED_CUBE_8x8x8.c               0x00000000   Number         0  led_cube_8x8x8.o ABSOLUTE
    Libraries\TLC59116.c                     0x00000000   Number         0  tlc59116.o ABSOLUTE
    Libraries\UART.c                         0x00000000   Number         0  uart.o ABSOLUTE
    Libraries\\DELAY.c                       0x00000000   Number         0  delay.o ABSOLUTE
    Libraries\\I2C.c                         0x00000000   Number         0  i2c.o ABSOLUTE
    Libraries\\LED_CUBE_8x8x8.c              0x00000000   Number         0  led_cube_8x8x8.o ABSOLUTE
    Libraries\\TLC59116.c                    0x00000000   Number         0  tlc59116.o ABSOLUTE
    Libraries\\UART.c                        0x00000000   Number         0  uart.o ABSOLUTE
    dc.s                                     0x00000000   Number         0  dc.o ABSOLUTE
    startup_LPC17xx.s                        0x00000000   Number         0  startup_lpc17xx.o ABSOLUTE
    system_LPC17xx.c                         0x00000000   Number         0  system_lpc17xx.o ABSOLUTE
    system_LPC17xx.c                         0x00000000   Number         0  system_lpc17xx.o ABSOLUTE
    !!!main                                  0x000000cc   Section        8  __main.o(!!!main)
    !!!scatter                               0x000000d4   Section       52  __scatter.o(!!!scatter)
    !!handler_copy                           0x00000108   Section       26  __scatter_copy.o(!!handler_copy)
    !!handler_zi                             0x00000124   Section       28  __scatter_zi.o(!!handler_zi)
    .ARM.Collect$$libinit$$00000000          0x00000140   Section        2  libinit.o(.ARM.Collect$$libinit$$00000000)
    .ARM.Collect$$libinit$$00000002          0x00000142   Section        0  libinit2.o(.ARM.Collect$$libinit$$00000002)
    .ARM.Collect$$libinit$$00000008          0x00000142   Section        0  libinit2.o(.ARM.Collect$$libinit$$00000008)
    .ARM.Collect$$libinit$$0000000A          0x00000142   Section        0  libinit2.o(.ARM.Collect$$libinit$$0000000A)
    .ARM.Collect$$libinit$$0000000C          0x00000142   Section        0  libinit2.o(.ARM.Collect$$libinit$$0000000C)
    .ARM.Collect$$libinit$$0000000F          0x00000142   Section        0  libinit2.o(.ARM.Collect$$libinit$$0000000F)
    .ARM.Collect$$libinit$$00000011          0x00000142   Section        0  libinit2.o(.ARM.Collect$$libinit$$00000011)
    .ARM.Collect$$libinit$$00000013          0x00000142   Section        0  libinit2.o(.ARM.Collect$$libinit$$00000013)
    .ARM.Collect$$libinit$$00000015          0x00000142   Section        0  libinit2.o(.ARM.Collect$$libinit$$00000015)
    .ARM.Collect$$libinit$$00000017          0x00000142   Section        0  libinit2.o(.ARM.Collect$$libinit$$00000017)
    .ARM.Collect$$libinit$$00000019          0x00000142   Section        0  libinit2.o(.ARM.Collect$$libinit$$00000019)
    .ARM.Collect$$libinit$$0000001B          0x00000142   Section        0  libinit2.o(.ARM.Collect$$libinit$$0000001B)
    .ARM.Collect$$libinit$$0000001D          0x00000142   Section        0  libinit2.o(.ARM.Collect$$libinit$$0000001D)
    .ARM.Collect$$libinit$$0000001F          0x00000142   Section        0  libinit2.o(.ARM.Collect$$libinit$$0000001F)
    .ARM.Collect$$libinit$$00000021          0x00000142   Section        0  libinit2.o(.ARM.Collect$$libinit$$00000021)
    .ARM.Collect$$libinit$$00000023          0x00000142   Section        0  libinit2.o(.ARM.Collect$$libinit$$00000023)
    .ARM.Collect$$libinit$$0000002A          0x00000142   Section        0  libinit2.o(.ARM.Collect$$libinit$$0000002A)
    .ARM.Collect$$libinit$$0000002C          0x00000142   Section        0  libinit2.o(.ARM.Collect$$libinit$$0000002C)
    .ARM.Collect$$libinit$$0000002E          0x00000142   Section        0  libinit2.o(.ARM.Collect$$libinit$$0000002E)
    .ARM.Collect$$libinit$$00000030          0x00000142   Section        0  libinit2.o(.ARM.Collect$$libinit$$00000030)
    .ARM.Collect$$libinit$$00000031          0x00000142   Section        2  libinit2.o(.ARM.Collect$$libinit$$00000031)
    .ARM.Collect$$libshutdown$$00000000      0x00000144   Section        2  libshutdown.o(.ARM.Collect$$libshutdown$$00000000)
    .ARM.Collect$$libshutdown$$00000003      0x00000146   Section        0  libshutdown2.o(.ARM.Collect$$libshutdown$$00000003)
    .ARM.Collect$$libshutdown$$00000006      0x00000146   Section        0  libshutdown2.o(.ARM.Collect$$libshutdown$$00000006)
    .ARM.Collect$$libshutdown$$00000009      0x00000146   Section        0  libshutdown2.o(.ARM.Collect$$libshutdown$$00000009)
    .ARM.Collect$$libshutdown$$0000000B      0x00000146   Section        0  libshutdown2.o(.ARM.Collect$$libshutdown$$0000000B)
    .ARM.Collect$$libshutdown$$0000000E      0x00000146   Section        0  libshutdown2.o(.ARM.Collect$$libshutdown$$0000000E)
    .ARM.Collect$$libshutdown$$0000000F      0x00000146   Section        2  libshutdown2.o(.ARM.Collect$$libshutdown$$0000000F)
    .ARM.Collect$$rtentry$$00000000          0x00000148   Section        0  rtentry.o(.ARM.Collect$$rtentry$$00000000)
    .ARM.Collect$$rtentry$$00000002          0x00000148   Section        0  rtentry2.o(.ARM.Collect$$rtentry$$00000002)
    .ARM.Collect$$rtentry$$00000004          0x00000148   Section        6  rtentry4.o(.ARM.Collect$$rtentry$$00000004)
    .ARM.Collect$$rtentry$$00000009          0x0000014e   Section        0  rtentry2.o(.ARM.Collect$$rtentry$$00000009)
    .ARM.Collect$$rtentry$$0000000A          0x0000014e   Section        4  rtentry2.o(.ARM.Collect$$rtentry$$0000000A)
    .ARM.Collect$$rtentry$$0000000C          0x00000152   Section        0  rtentry2.o(.ARM.Collect$$rtentry$$0000000C)
    .ARM.Collect$$rtentry$$0000000D          0x00000152   Section        8  rtentry2.o(.ARM.Collect$$rtentry$$0000000D)
    .ARM.Collect$$rtexit$$00000000           0x0000015a   Section        2  rtexit.o(.ARM.Collect$$rtexit$$00000000)
    .ARM.Collect$$rtexit$$00000002           0x0000015c   Section        0  rtexit2.o(.ARM.Collect$$rtexit$$00000002)
    .ARM.Collect$$rtexit$$00000003           0x0000015c   Section        4  rtexit2.o(.ARM.Collect$$rtexit$$00000003)
    .ARM.Collect$$rtexit$$00000004           0x00000160   Section        6  rtexit2.o(.ARM.Collect$$rtexit$$00000004)
    .text                                    0x00000168   Section        0  lp_led_cube_8x8x8_lpc176x.o(.text)
    .text                                    0x000002a0   Section       60  startup_lpc17xx.o(.text)
    .text                                    0x000002dc   Section        0  system_lpc17xx.o(.text)
    .text                                    0x0000044c   Section        0  i2c.o(.text)
    NVIC_EnableIRQ                           0x00000949   Thumb Code    24  i2c.o(.text)
    .text                                    0x00000964   Section        0  led_cube_8x8x8.o(.text)
    .text                                    0x00000bd4   Section        0  tlc59116.o(.text)
    .text                                    0x00000f54   Section        0  uart.o(.text)
    NVIC_EnableIRQ                           0x00001169   Thumb Code    24  uart.o(.text)
    .text                                    0x0000119c   Section      238  lludivv7m.o(.text)
    .text                                    0x0000128a   Section        0  strlen.o(.text)
    .text                                    0x000012c8   Section        0  heapauxi.o(.text)
    .text                                    0x000012ce   Section       74  sys_stackheap_outer.o(.text)
    .text                                    0x00001318   Section        0  exit.o(.text)
    .text                                    0x00001324   Section        8  libspace.o(.text)
    .text                                    0x0000132c   Section        0  sys_exit.o(.text)
    .text                                    0x00001338   Section        2  use_no_semi.o(.text)
    .text                                    0x0000133a   Section        0  indicate_semi.o(.text)
    .constdata                               0x0000133c   Section       12  i2c.o(.constdata)
    LPC_I2C                                  0x0000133c   Data          12  i2c.o(.constdata)
    .data                                    0x10000000   Section        4  lp_led_cube_8x8x8_lpc176x.o(.data)
    .data                                    0x10000004   Section        4  system_lpc17xx.o(.data)
    .data                                    0x10000008   Section       24  i2c.o(.data)
    .data                                    0x10000020   Section       20  uart.o(.data)
    .bss                                     0x10000034   Section      432  i2c.o(.bss)
    .bss                                     0x100001e4   Section      128  uart.o(.bss)
    .bss                                     0x10000264   Section       96  libspace.o(.bss)
    HEAP                                     0x100002c8   Section        0  startup_lpc17xx.o(HEAP)
    STACK                                    0x100002c8   Section      512  startup_lpc17xx.o(STACK)
    Heap_Mem                                 0x100002c8   Data           0  startup_lpc17xx.o(HEAP)
    Stack_Mem                                0x100002c8   Data         512  startup_lpc17xx.o(STACK)
    __initial_sp                             0x100004c8   Data           0  startup_lpc17xx.o(STACK)

    Global Symbols

    Symbol Name                              Value     Ov Type        Size  Object(Section)

    BuildAttributes$$THM_ISAv4$P$D$K$B$S$PE$A:L22UL41UL21$X:L11$S22US41US21$IEEE1$IW$USESV6$~STKCKD$USESV7$~SHL$OSPACE$ROPI$EBA8$UX$STANDARDLIB$REQ8$PRES8$EABIv2 0x00000000   Number         0  anon$$obj.o ABSOLUTE
    __ARM_use_no_argv                        0x00000000   Number         0  lp_led_cube_8x8x8_lpc176x.o ABSOLUTE
    __Vectors                                0x00000000   Data           4  startup_lpc17xx.o(RESET)
    __ARM_exceptions_init                     - Undefined Weak Reference
    __alloca_initialize                       - Undefined Weak Reference
    __cpp_initialize__aeabi_                  - Undefined Weak Reference
    __cxa_finalize                            - Undefined Weak Reference
    __rt_locale                               - Undefined Weak Reference
    __sigvec_lookup                           - Undefined Weak Reference
    _atexit_init                              - Undefined Weak Reference
    _call_atexit_fns                          - Undefined Weak Reference
    _clock_init                               - Undefined Weak Reference
    _fp_trap_init                             - Undefined Weak Reference
    _fp_trap_shutdown                         - Undefined Weak Reference
    _get_lc_collate                           - Undefined Weak Reference
    _get_lc_ctype                             - Undefined Weak Reference
    _get_lc_monetary                          - Undefined Weak Reference
    _get_lc_numeric                           - Undefined Weak Reference
    _get_lc_time                              - Undefined Weak Reference
    _getenv_init                              - Undefined Weak Reference
    _handle_redirection                       - Undefined Weak Reference
    _init_alloc                               - Undefined Weak Reference
    _init_user_alloc                          - Undefined Weak Reference
    _initio                                   - Undefined Weak Reference
    _rand_init                                - Undefined Weak Reference
    _signal_finish                            - Undefined Weak Reference
    _signal_init                              - Undefined Weak Reference
    _terminate_alloc                          - Undefined Weak Reference
    _terminate_user_alloc                     - Undefined Weak Reference
    _terminateio                              - Undefined Weak Reference
    __main                                   0x000000cd   Thumb Code     8  __main.o(!!!main)
    __scatterload                            0x000000d5   Thumb Code     0  __scatter.o(!!!scatter)
    __scatterload_rt2                        0x000000d5   Thumb Code    44  __scatter.o(!!!scatter)
    __scatterload_rt2_thumb_only             0x000000d5   Thumb Code     0  __scatter.o(!!!scatter)
    __scatterload_null                       0x000000e3   Thumb Code     0  __scatter.o(!!!scatter)
    __scatterload_copy                       0x00000109   Thumb Code    26  __scatter_copy.o(!!handler_copy)
    __scatterload_zeroinit                   0x00000125   Thumb Code    28  __scatter_zi.o(!!handler_zi)
    __rt_lib_init                            0x00000141   Thumb Code     0  libinit.o(.ARM.Collect$$libinit$$00000000)
    __rt_lib_init_alloca_1                   0x00000143   Thumb Code     0  libinit2.o(.ARM.Collect$$libinit$$0000002C)
    __rt_lib_init_argv_1                     0x00000143   Thumb Code     0  libinit2.o(.ARM.Collect$$libinit$$0000002A)
    __rt_lib_init_atexit_1                   0x00000143   Thumb Code     0  libinit2.o(.ARM.Collect$$libinit$$00000019)
    __rt_lib_init_clock_1                    0x00000143   Thumb Code     0  libinit2.o(.ARM.Collect$$libinit$$0000001F)
    __rt_lib_init_cpp_1                      0x00000143   Thumb Code     0  libinit2.o(.ARM.Collect$$libinit$$00000030)
    __rt_lib_init_exceptions_1               0x00000143   Thumb Code     0  libinit2.o(.ARM.Collect$$libinit$$0000002E)
    __rt_lib_init_fp_1                       0x00000143   Thumb Code     0  libinit2.o(.ARM.Collect$$libinit$$00000002)
    __rt_lib_init_fp_trap_1                  0x00000143   Thumb Code     0  libinit2.o(.ARM.Collect$$libinit$$0000001D)
    __rt_lib_init_getenv_1                   0x00000143   Thumb Code     0  libinit2.o(.ARM.Collect$$libinit$$00000021)
    __rt_lib_init_heap_1                     0x00000143   Thumb Code     0  libinit2.o(.ARM.Collect$$libinit$$00000008)
    __rt_lib_init_lc_collate_1               0x00000143   Thumb Code     0  libinit2.o(.ARM.Collect$$libinit$$0000000F)
    __rt_lib_init_lc_ctype_1                 0x00000143   Thumb Code     0  libinit2.o(.ARM.Collect$$libinit$$00000011)
    __rt_lib_init_lc_monetary_1              0x00000143   Thumb Code     0  libinit2.o(.ARM.Collect$$libinit$$00000013)
    __rt_lib_init_lc_numeric_1               0x00000143   Thumb Code     0  libinit2.o(.ARM.Collect$$libinit$$00000015)
    __rt_lib_init_lc_time_1                  0x00000143   Thumb Code     0  libinit2.o(.ARM.Collect$$libinit$$00000017)
    __rt_lib_init_rand_1                     0x00000143   Thumb Code     0  libinit2.o(.ARM.Collect$$libinit$$0000000C)
    __rt_lib_init_return                     0x00000143   Thumb Code     0  libinit2.o(.ARM.Collect$$libinit$$00000031)
    __rt_lib_init_signal_1                   0x00000143   Thumb Code     0  libinit2.o(.ARM.Collect$$libinit$$0000001B)
    __rt_lib_init_stdio_1                    0x00000143   Thumb Code     0  libinit2.o(.ARM.Collect$$libinit$$00000023)
    __rt_lib_init_user_alloc_1               0x00000143   Thumb Code     0  libinit2.o(.ARM.Collect$$libinit$$0000000A)
    __rt_lib_shutdown                        0x00000145   Thumb Code     0  libshutdown.o(.ARM.Collect$$libshutdown$$00000000)
    __rt_lib_shutdown_fp_trap_1              0x00000147   Thumb Code     0  libshutdown2.o(.ARM.Collect$$libshutdown$$00000006)
    __rt_lib_shutdown_heap_1                 0x00000147   Thumb Code     0  libshutdown2.o(.ARM.Collect$$libshutdown$$0000000E)
    __rt_lib_shutdown_return                 0x00000147   Thumb Code     0  libshutdown2.o(.ARM.Collect$$libshutdown$$0000000F)
    __rt_lib_shutdown_signal_1               0x00000147   Thumb Code     0  libshutdown2.o(.ARM.Collect$$libshutdown$$00000009)
    __rt_lib_shutdown_stdio_1                0x00000147   Thumb Code     0  libshutdown2.o(.ARM.Collect$$libshutdown$$00000003)
    __rt_lib_shutdown_user_alloc_1           0x00000147   Thumb Code     0  libshutdown2.o(.ARM.Collect$$libshutdown$$0000000B)
    __rt_entry                               0x00000149   Thumb Code     0  rtentry.o(.ARM.Collect$$rtentry$$00000000)
    __rt_entry_presh_1                       0x00000149   Thumb Code     0  rtentry2.o(.ARM.Collect$$rtentry$$00000002)
    __rt_entry_sh                            0x00000149   Thumb Code     0  rtentry4.o(.ARM.Collect$$rtentry$$00000004)
    __rt_entry_li                            0x0000014f   Thumb Code     0  rtentry2.o(.ARM.Collect$$rtentry$$0000000A)
    __rt_entry_postsh_1                      0x0000014f   Thumb Code     0  rtentry2.o(.ARM.Collect$$rtentry$$00000009)
    __rt_entry_main                          0x00000153   Thumb Code     0  rtentry2.o(.ARM.Collect$$rtentry$$0000000D)
    __rt_entry_postli_1                      0x00000153   Thumb Code     0  rtentry2.o(.ARM.Collect$$rtentry$$0000000C)
    __rt_exit                                0x0000015b   Thumb Code     0  rtexit.o(.ARM.Collect$$rtexit$$00000000)
    __rt_exit_ls                             0x0000015d   Thumb Code     0  rtexit2.o(.ARM.Collect$$rtexit$$00000003)
    __rt_exit_prels_1                        0x0000015d   Thumb Code     0  rtexit2.o(.ARM.Collect$$rtexit$$00000002)
    __rt_exit_exit                           0x00000161   Thumb Code     0  rtexit2.o(.ARM.Collect$$rtexit$$00000004)
    SysTick_Handler                          0x00000169   Thumb Code    10  lp_led_cube_8x8x8_lpc176x.o(.text)
    DelaySysTick                             0x00000173   Thumb Code    18  lp_led_cube_8x8x8_lpc176x.o(.text)
    UART_CONSOLE_Init                        0x00000185   Thumb Code    10  lp_led_cube_8x8x8_lpc176x.o(.text)
    UART_CONSOLE_Send_Buffer                 0x0000018f   Thumb Code    10  lp_led_cube_8x8x8_lpc176x.o(.text)
    UART_CONSOLE_Send_String                 0x00000199   Thumb Code    22  lp_led_cube_8x8x8_lpc176x.o(.text)
    UART_CONSOLE_Send_Char                   0x000001af   Thumb Code     8  lp_led_cube_8x8x8_lpc176x.o(.text)
    Status_LEDs_Init                         0x000001b7   Thumb Code    36  lp_led_cube_8x8x8_lpc176x.o(.text)
    Status_LED1_Set                          0x000001db   Thumb Code    24  lp_led_cube_8x8x8_lpc176x.o(.text)
    Status_LED2_Set                          0x000001f3   Thumb Code    24  lp_led_cube_8x8x8_lpc176x.o(.text)
    Status_LED1_Toggle                       0x0000020b   Thumb Code    10  lp_led_cube_8x8x8_lpc176x.o(.text)
    Status_LED2_Toggle                       0x00000215   Thumb Code    10  lp_led_cube_8x8x8_lpc176x.o(.text)
    Init                                     0x0000021f   Thumb Code    64  lp_led_cube_8x8x8_lpc176x.o(.text)
    main                                     0x0000025f   Thumb Code    38  lp_led_cube_8x8x8_lpc176x.o(.text)
    Reset_Handler                            0x000002a1   Thumb Code     8  startup_lpc17xx.o(.text)
    NMI_Handler                              0x000002a9   Thumb Code     2  startup_lpc17xx.o(.text)
    HardFault_Handler                        0x000002ab   Thumb Code     2  startup_lpc17xx.o(.text)
    MemManage_Handler                        0x000002ad   Thumb Code     2  startup_lpc17xx.o(.text)
    BusFault_Handler                         0x000002af   Thumb Code     2  startup_lpc17xx.o(.text)
    UsageFault_Handler                       0x000002b1   Thumb Code     2  startup_lpc17xx.o(.text)
    SVC_Handler                              0x000002b3   Thumb Code     2  startup_lpc17xx.o(.text)
    DebugMon_Handler                         0x000002b5   Thumb Code     2  startup_lpc17xx.o(.text)
    PendSV_Handler                           0x000002b7   Thumb Code     2  startup_lpc17xx.o(.text)
    ADC_IRQHandler                           0x000002bb   Thumb Code     0  startup_lpc17xx.o(.text)
    BOD_IRQHandler                           0x000002bb   Thumb Code     0  startup_lpc17xx.o(.text)
    CANActivity_IRQHandler                   0x000002bb   Thumb Code     0  startup_lpc17xx.o(.text)
    CAN_IRQHandler                           0x000002bb   Thumb Code     0  startup_lpc17xx.o(.text)
    DMA_IRQHandler                           0x000002bb   Thumb Code     0  startup_lpc17xx.o(.text)
    EINT0_IRQHandler                         0x000002bb   Thumb Code     0  startup_lpc17xx.o(.text)
    EINT1_IRQHandler                         0x000002bb   Thumb Code     0  startup_lpc17xx.o(.text)
    EINT2_IRQHandler                         0x000002bb   Thumb Code     0  startup_lpc17xx.o(.text)
    EINT3_IRQHandler                         0x000002bb   Thumb Code     0  startup_lpc17xx.o(.text)
    ENET_IRQHandler                          0x000002bb   Thumb Code     0  startup_lpc17xx.o(.text)
    I2S_IRQHandler                           0x000002bb   Thumb Code     0  startup_lpc17xx.o(.text)
    MCPWM_IRQHandler                         0x000002bb   Thumb Code     0  startup_lpc17xx.o(.text)
    PLL0_IRQHandler                          0x000002bb   Thumb Code     0  startup_lpc17xx.o(.text)
    PLL1_IRQHandler                          0x000002bb   Thumb Code     0  startup_lpc17xx.o(.text)
    PWM1_IRQHandler                          0x000002bb   Thumb Code     0  startup_lpc17xx.o(.text)
    QEI_IRQHandler                           0x000002bb   Thumb Code     0  startup_lpc17xx.o(.text)
    RIT_IRQHandler                           0x000002bb   Thumb Code     0  startup_lpc17xx.o(.text)
    RTC_IRQHandler                           0x000002bb   Thumb Code     0  startup_lpc17xx.o(.text)
    SPI_IRQHandler                           0x000002bb   Thumb Code     0  startup_lpc17xx.o(.text)
    SSP0_IRQHandler                          0x000002bb   Thumb Code     0  startup_lpc17xx.o(.text)
    SSP1_IRQHandler                          0x000002bb   Thumb Code     0  startup_lpc17xx.o(.text)
    TIMER0_IRQHandler                        0x000002bb   Thumb Code     0  startup_lpc17xx.o(.text)
    TIMER1_IRQHandler                        0x000002bb   Thumb Code     0  startup_lpc17xx.o(.text)
    TIMER2_IRQHandler                        0x000002bb   Thumb Code     0  startup_lpc17xx.o(.text)
    TIMER3_IRQHandler                        0x000002bb   Thumb Code     0  startup_lpc17xx.o(.text)
    UART2_IRQHandler                         0x000002bb   Thumb Code     0  startup_lpc17xx.o(.text)
    UART3_IRQHandler                         0x000002bb   Thumb Code     0  startup_lpc17xx.o(.text)
    USBActivity_IRQHandler                   0x000002bb   Thumb Code     0  startup_lpc17xx.o(.text)
    USB_IRQHandler                           0x000002bb   Thumb Code     0  startup_lpc17xx.o(.text)
    WDT_IRQHandler                           0x000002bb   Thumb Code     0  startup_lpc17xx.o(.text)
    __user_initial_stackheap                 0x000002bd   Thumb Code     0  startup_lpc17xx.o(.text)
    SystemCoreClockUpdate                    0x000002dd   Thumb Code   194  system_lpc17xx.o(.text)
    SystemInit                               0x0000039f   Thumb Code   142  system_lpc17xx.o(.text)
    I2C0_Init                                0x0000044d   Thumb Code    76  i2c.o(.text)
    I2C1_Init                                0x00000499   Thumb Code   120  i2c.o(.text)
    I2C2_Init                                0x00000511   Thumb Code    78  i2c.o(.text)
    I2C_Start                                0x0000055f   Thumb Code    66  i2c.o(.text)
    I2C_Stop                                 0x000005a1   Thumb Code    32  i2c.o(.text)
    I2C_Engine                               0x000005c1   Thumb Code   102  i2c.o(.text)
    I2C0_IRQHandler                          0x00000627   Thumb Code   252  i2c.o(.text)
    I2C1_IRQHandler                          0x00000723   Thumb Code   258  i2c.o(.text)
    I2C2_IRQHandler                          0x00000825   Thumb Code   292  i2c.o(.text)
    LED_CUBE_Rows_Set                        0x00000965   Thumb Code   188  led_cube_8x8x8.o(.text)
    LED_CUBE_Row_Set                         0x00000a21   Thumb Code   172  led_cube_8x8x8.o(.text)
    LED_CUBE_Columns_Set                     0x00000acd   Thumb Code    64  led_cube_8x8x8.o(.text)
    LED_CUBE_Column_Set                      0x00000b0d   Thumb Code    64  led_cube_8x8x8.o(.text)
    LED_CUBE_Init                            0x00000b4d   Thumb Code   132  led_cube_8x8x8.o(.text)
    rotateByte                               0x00000bd5   Thumb Code    40  tlc59116.o(.text)
    TLC59116_I2C_WriteRegister               0x00000bfd   Thumb Code    36  tlc59116.o(.text)
    TLC59116_I2C_Init                        0x00000c21   Thumb Code   328  tlc59116.o(.text)
    TLC59116_I2C_ReadRegister                0x00000d69   Thumb Code    76  tlc59116.o(.text)
    TLC59116_LED_Set                         0x00000db5   Thumb Code   194  tlc59116.o(.text)
    TLC59116_LEDs_Set                        0x00000e77   Thumb Code    70  tlc59116.o(.text)
    TLC59116_LED_Brightness_Set              0x00000ebd   Thumb Code   130  tlc59116.o(.text)
    TLC59116_All_Brightness_Set              0x00000f3f   Thumb Code     6  tlc59116.o(.text)
    UART_RBR_Disable                         0x00000f55   Thumb Code    14  uart.o(.text)
    UART_RBR_Enable                          0x00000f63   Thumb Code    14  uart.o(.text)
    UART_Init                                0x00000f71   Thumb Code   206  uart.o(.text)
    UART_SendChar                            0x0000103f   Thumb Code    32  uart.o(.text)
    UART_SendBuffer                          0x0000105f   Thumb Code    28  uart.o(.text)
    UART_GetChar                             0x0000107b   Thumb Code    24  uart.o(.text)
    UART0_IRQHandler                         0x00001093   Thumb Code   106  uart.o(.text)
    UART1_IRQHandler                         0x000010fd   Thumb Code   108  uart.o(.text)
    __aeabi_uldivmod                         0x0000119d   Thumb Code     0  lludivv7m.o(.text)
    _ll_udiv                                 0x0000119d   Thumb Code   238  lludivv7m.o(.text)
    strlen                                   0x0000128b   Thumb Code    62  strlen.o(.text)
    __use_two_region_memory                  0x000012c9   Thumb Code     2  heapauxi.o(.text)
    __rt_heap_escrow$2region                 0x000012cb   Thumb Code     2  heapauxi.o(.text)
    __rt_heap_expand$2region                 0x000012cd   Thumb Code     2  heapauxi.o(.text)
    __user_setup_stackheap                   0x000012cf   Thumb Code    74  sys_stackheap_outer.o(.text)
    exit                                     0x00001319   Thumb Code    12  exit.o(.text)
    __user_libspace                          0x00001325   Thumb Code     8  libspace.o(.text)
    __user_perproc_libspace                  0x00001325   Thumb Code     0  libspace.o(.text)
    __user_perthread_libspace                0x00001325   Thumb Code     0  libspace.o(.text)
    _sys_exit                                0x0000132d   Thumb Code     8  sys_exit.o(.text)
    __I$use$semihosting                      0x00001339   Thumb Code     0  use_no_semi.o(.text)
    __use_no_semihosting_swi                 0x00001339   Thumb Code     2  use_no_semi.o(.text)
    __semihosting_library_function           0x0000133b   Thumb Code     0  indicate_semi.o(.text)
    Region$$Table$$Base                      0x00001348   Number         0  anon$$obj.o(Region$$Table)
    Region$$Table$$Limit                     0x00001368   Number         0  anon$$obj.o(Region$$Table)
    TimeTick                                 0x10000000   Data           4  lp_led_cube_8x8x8_lpc176x.o(.data)
    SystemCoreClock                          0x10000004   Data           4  system_lpc17xx.o(.data)
    RdIndex0                                 0x10000008   Data           4  i2c.o(.data)
    RdIndex1                                 0x1000000c   Data           4  i2c.o(.data)
    RdIndex2                                 0x10000010   Data           4  i2c.o(.data)
    WrIndex0                                 0x10000014   Data           4  i2c.o(.data)
    WrIndex1                                 0x10000018   Data           4  i2c.o(.data)
    WrIndex2                                 0x1000001c   Data           4  i2c.o(.data)
    UART_TxEmpty                             0x10000020   Data           2  uart.o(.data)
    UART_Count                               0x10000024   Data           8  uart.o(.data)
    UART_Status                              0x1000002c   Data           8  uart.o(.data)
    I2C_MasterState                          0x10000034   Data          12  i2c.o(.bss)
    I2C_Timeout                              0x10000040   Data          12  i2c.o(.bss)
    I2C_MasterBuffer                         0x1000004c   Data         192  i2c.o(.bss)
    I2C_SlaveBuffer                          0x1000010c   Data         192  i2c.o(.bss)
    I2C_ReadLength                           0x100001cc   Data          12  i2c.o(.bss)
    I2C_WriteLength                          0x100001d8   Data          12  i2c.o(.bss)
    UART_Buffer                              0x100001e4   Data         128  uart.o(.bss)
    __libspace_start                         0x10000264   Data          96  libspace.o(.bss)
    __temporary_stack_top$libspace           0x100002c4   Data           0  libspace.o(.bss)



==============================================================================

Memory Map of the image

  Image Entry point : 0x000000cd

  Load Region LR_IROM1 (Base: 0x00000000, Size: 0x0000139c, Max: 0x00080000, ABSOLUTE)

    Execution Region ER_IROM1 (Base: 0x00000000, Size: 0x00001368, Max: 0x00080000, ABSOLUTE)

    Base Addr    Size         Type   Attr      Idx    E Section Name        Object

    0x00000000   0x000000cc   Data   RO           78    RESET               startup_lpc17xx.o
    0x000000cc   0x00000008   Code   RO          264  * !!!main             c_w.l(__main.o)
    0x000000d4   0x00000034   Code   RO          428    !!!scatter          c_w.l(__scatter.o)
    0x00000108   0x0000001a   Code   RO          430    !!handler_copy      c_w.l(__scatter_copy.o)
    0x00000122   0x00000002   PAD
    0x00000124   0x0000001c   Code   RO          432    !!handler_zi        c_w.l(__scatter_zi.o)
    0x00000140   0x00000002   Code   RO          301    .ARM.Collect$$libinit$$00000000  c_w.l(libinit.o)
    0x00000142   0x00000000   Code   RO          314    .ARM.Collect$$libinit$$00000002  c_w.l(libinit2.o)
    0x00000142   0x00000000   Code   RO          317    .ARM.Collect$$libinit$$00000008  c_w.l(libinit2.o)
    0x00000142   0x00000000   Code   RO          319    .ARM.Collect$$libinit$$0000000A  c_w.l(libinit2.o)
    0x00000142   0x00000000   Code   RO          321    .ARM.Collect$$libinit$$0000000C  c_w.l(libinit2.o)
    0x00000142   0x00000000   Code   RO          324    .ARM.Collect$$libinit$$0000000F  c_w.l(libinit2.o)
    0x00000142   0x00000000   Code   RO          326    .ARM.Collect$$libinit$$00000011  c_w.l(libinit2.o)
    0x00000142   0x00000000   Code   RO          328    .ARM.Collect$$libinit$$00000013  c_w.l(libinit2.o)
    0x00000142   0x00000000   Code   RO          330    .ARM.Collect$$libinit$$00000015  c_w.l(libinit2.o)
    0x00000142   0x00000000   Code   RO          332    .ARM.Collect$$libinit$$00000017  c_w.l(libinit2.o)
    0x00000142   0x00000000   Code   RO          334    .ARM.Collect$$libinit$$00000019  c_w.l(libinit2.o)
    0x00000142   0x00000000   Code   RO          336    .ARM.Collect$$libinit$$0000001B  c_w.l(libinit2.o)
    0x00000142   0x00000000   Code   RO          338    .ARM.Collect$$libinit$$0000001D  c_w.l(libinit2.o)
    0x00000142   0x00000000   Code   RO          340    .ARM.Collect$$libinit$$0000001F  c_w.l(libinit2.o)
    0x00000142   0x00000000   Code   RO          342    .ARM.Collect$$libinit$$00000021  c_w.l(libinit2.o)
    0x00000142   0x00000000   Code   RO          344    .ARM.Collect$$libinit$$00000023  c_w.l(libinit2.o)
    0x00000142   0x00000000   Code   RO          348    .ARM.Collect$$libinit$$0000002A  c_w.l(libinit2.o)
    0x00000142   0x00000000   Code   RO          350    .ARM.Collect$$libinit$$0000002C  c_w.l(libinit2.o)
    0x00000142   0x00000000   Code   RO          352    .ARM.Collect$$libinit$$0000002E  c_w.l(libinit2.o)
    0x00000142   0x00000000   Code   RO          354    .ARM.Collect$$libinit$$00000030  c_w.l(libinit2.o)
    0x00000142   0x00000002   Code   RO          355    .ARM.Collect$$libinit$$00000031  c_w.l(libinit2.o)
    0x00000144   0x00000002   Code   RO          386    .ARM.Collect$$libshutdown$$00000000  c_w.l(libshutdown.o)
    0x00000146   0x00000000   Code   RO          413    .ARM.Collect$$libshutdown$$00000003  c_w.l(libshutdown2.o)
    0x00000146   0x00000000   Code   RO          416    .ARM.Collect$$libshutdown$$00000006  c_w.l(libshutdown2.o)
    0x00000146   0x00000000   Code   RO          419    .ARM.Collect$$libshutdown$$00000009  c_w.l(libshutdown2.o)
    0x00000146   0x00000000   Code   RO          421    .ARM.Collect$$libshutdown$$0000000B  c_w.l(libshutdown2.o)
    0x00000146   0x00000000   Code   RO          424    .ARM.Collect$$libshutdown$$0000000E  c_w.l(libshutdown2.o)
    0x00000146   0x00000002   Code   RO          425    .ARM.Collect$$libshutdown$$0000000F  c_w.l(libshutdown2.o)
    0x00000148   0x00000000   Code   RO          266    .ARM.Collect$$rtentry$$00000000  c_w.l(rtentry.o)
    0x00000148   0x00000000   Code   RO          272    .ARM.Collect$$rtentry$$00000002  c_w.l(rtentry2.o)
    0x00000148   0x00000006   Code   RO          284    .ARM.Collect$$rtentry$$00000004  c_w.l(rtentry4.o)
    0x0000014e   0x00000000   Code   RO          274    .ARM.Collect$$rtentry$$00000009  c_w.l(rtentry2.o)
    0x0000014e   0x00000004   Code   RO          275    .ARM.Collect$$rtentry$$0000000A  c_w.l(rtentry2.o)
    0x00000152   0x00000000   Code   RO          277    .ARM.Collect$$rtentry$$0000000C  c_w.l(rtentry2.o)
    0x00000152   0x00000008   Code   RO          278    .ARM.Collect$$rtentry$$0000000D  c_w.l(rtentry2.o)
    0x0000015a   0x00000002   Code   RO          305    .ARM.Collect$$rtexit$$00000000  c_w.l(rtexit.o)
    0x0000015c   0x00000000   Code   RO          359    .ARM.Collect$$rtexit$$00000002  c_w.l(rtexit2.o)
    0x0000015c   0x00000004   Code   RO          360    .ARM.Collect$$rtexit$$00000003  c_w.l(rtexit2.o)
    0x00000160   0x00000006   Code   RO          361    .ARM.Collect$$rtexit$$00000004  c_w.l(rtexit2.o)
    0x00000166   0x00000002   PAD
    0x00000168   0x00000138   Code   RO            3    .text               lp_led_cube_8x8x8_lpc176x.o
    0x000002a0   0x0000003c   Code   RO           79    .text               startup_lpc17xx.o
    0x000002dc   0x00000170   Code   RO           85    .text               system_lpc17xx.o
    0x0000044c   0x00000518   Code   RO          145    .text               i2c.o
    0x00000964   0x00000270   Code   RO          181    .text               led_cube_8x8x8.o
    0x00000bd4   0x00000380   Code   RO          207    .text               tlc59116.o
    0x00000f54   0x00000248   Code   RO          231    .text               uart.o
    0x0000119c   0x000000ee   Code   RO          258    .text               c_w.l(lludivv7m.o)
    0x0000128a   0x0000003e   Code   RO          260    .text               c_w.l(strlen.o)
    0x000012c8   0x00000006   Code   RO          262    .text               c_w.l(heapauxi.o)
    0x000012ce   0x0000004a   Code   RO          288    .text               c_w.l(sys_stackheap_outer.o)
    0x00001318   0x0000000c   Code   RO          290    .text               c_w.l(exit.o)
    0x00001324   0x00000008   Code   RO          302    .text               c_w.l(libspace.o)
    0x0000132c   0x0000000c   Code   RO          356    .text               c_w.l(sys_exit.o)
    0x00001338   0x00000002   Code   RO          375    .text               c_w.l(use_no_semi.o)
    0x0000133a   0x00000000   Code   RO          377    .text               c_w.l(indicate_semi.o)
    0x0000133a   0x00000002   PAD
    0x0000133c   0x0000000c   Data   RO          148    .constdata          i2c.o
    0x00001348   0x00000020   Data   RO          426    Region$$Table       anon$$obj.o


    Execution Region RW_IRAM1 (Base: 0x10000000, Size: 0x000004c8, Max: 0x00008000, ABSOLUTE)

    Base Addr    Size         Type   Attr      Idx    E Section Name        Object

    0x10000000   0x00000004   Data   RW            4    .data               lp_led_cube_8x8x8_lpc176x.o
    0x10000004   0x00000004   Data   RW           86    .data               system_lpc17xx.o
    0x10000008   0x00000018   Data   RW          149    .data               i2c.o
    0x10000020   0x00000014   Data   RW          233    .data               uart.o
    0x10000034   0x000001b0   Zero   RW          146    .bss                i2c.o
    0x100001e4   0x00000080   Zero   RW          232    .bss                uart.o
    0x10000264   0x00000060   Zero   RW          303    .bss                c_w.l(libspace.o)
    0x100002c4   0x00000004   PAD
    0x100002c8   0x00000000   Zero   RW           77    HEAP                startup_lpc17xx.o
    0x100002c8   0x00000200   Zero   RW           76    STACK               startup_lpc17xx.o


==============================================================================

Image component sizes


      Code (inc. data)   RO Data    RW Data    ZI Data      Debug   Object Name

      1304         72         12         24        432      29075   i2c.o
       624         20          0          0          0       2148   led_cube_8x8x8.o
       312         28          0          4          0      48235   lp_led_cube_8x8x8_lpc176x.o
        60         22        204          0        512        728   startup_lpc17xx.o
       368         32          0          4          0      17593   system_lpc17xx.o
       896         32          0          0          0       3165   tlc59116.o
       584         28          0         20        128       3088   uart.o

    ----------------------------------------------------------------------
      4148        234        248         52       1072     104032   Object Totals
         0          0         32          0          0          0   (incl. Generated)
         0          0          0          0          0          0   (incl. Padding)

    ----------------------------------------------------------------------

      Code (inc. data)   RO Data    RW Data    ZI Data      Debug   Library Member Name

         8          0          0          0          0         68   __main.o
        52          8          0          0          0          0   __scatter.o
        26          0          0          0          0          0   __scatter_copy.o
        28          0          0          0          0          0   __scatter_zi.o
        12          0          0          0          0         72   exit.o
         6          0          0          0          0        152   heapauxi.o
         0          0          0          0          0          0   indicate_semi.o
         2          0          0          0          0          0   libinit.o
         2          0          0          0          0          0   libinit2.o
         2          0          0          0          0          0   libshutdown.o
         2          0          0          0          0          0   libshutdown2.o
         8          4          0          0         96         68   libspace.o
       238          0          0          0          0        100   lludivv7m.o
         0          0          0          0          0          0   rtentry.o
        12          0          0          0          0          0   rtentry2.o
         6          0          0          0          0          0   rtentry4.o
         2          0          0          0          0          0   rtexit.o
        10          0          0          0          0          0   rtexit2.o
        62          0          0          0          0         76   strlen.o
        12          4          0          0          0         68   sys_exit.o
        74          0          0          0          0         80   sys_stackheap_outer.o
         2          0          0          0          0         68   use_no_semi.o

    ----------------------------------------------------------------------
       572         16          0          0        100        752   Library Totals
         6          0          0          0          4          0   (incl. Padding)

    ----------------------------------------------------------------------

      Code (inc. data)   RO Data    RW Data    ZI Data      Debug   Library Name

       566         16          0          0         96        752   c_w.l

    ----------------------------------------------------------------------
       572         16          0          0        100        752   Library Totals

    ----------------------------------------------------------------------

==============================================================================


      Code (inc. data)   RO Data    RW Data    ZI Data      Debug   

      4720        250        248         52       1172     103744   Grand Totals
      4720        250        248         52       1172     103744   ELF Image Totals
      4720        250        248         52          0          0   ROM Totals

==============================================================================

    Total RO  Size (Code + RO Data)                 4968 (   4.85kB)
    Total RW  Size (RW Data + ZI Data)              1224 (   1.20kB)
    Total ROM Size (Code + RO Data + RW Data)       5020 (   4.90kB)

==============================================================================

