ARM Linker, 5.03 [Build 76] [MDK-ARM Standard][RL-ARM]

==============================================================================

Section Cross References

    main.o(.text) refers to fs_mapi.o(i.fformat) for fformat
    main.o(.text) refers to fs_mapi.o(i.fdelete) for fdelete
    main.o(.text) refers to fs_mapi.o(i.ffind) for ffind
    main.o(.text) refers to uart.o(.text) for UART_Init
    main.o(.text) refers to strlen.o(.text) for strlen
    main.o(.text) refers to at_udp.o(i.udp_get_buf) for udp_get_buf
    main.o(.text) refers to rt_memcpy_v6.o(.text) for __aeabi_memcpy
    main.o(.text) refers to at_udp.o(i.udp_send) for udp_send
    main.o(.text) refers to at_udp.o(i.udp_get_socket) for udp_get_socket
    main.o(.text) refers to at_udp.o(i.udp_open) for udp_open
    main.o(.text) refers to at_system.o(i.timer_tick) for timer_tick
    main.o(.text) refers to at_lib.o(i.mem_test) for mem_test
    main.o(.text) refers to fopen.o(.text) for fopen
    main.o(.text) refers to fseek.o(.text) for fseek
    main.o(.text) refers to freadfast.o(.text) for fread
    main.o(.text) refers to led_cube_8x8x8.o(.text) for LED_CUBE_Rows_Set
    main.o(.text) refers to fclose.o(.text) for fclose
    main.o(.text) refers to settings.o(.text) for SETTINGS_Save
    main.o(.text) refers to system_lpc17xx.o(.text) for SystemInit
    main.o(.text) refers to fs_mapi.o(i.finit) for finit
    main.o(.text) refers to at_system.o(i.init_TcpNet) for init_TcpNet
    main.o(.text) refers to tcp_users.o(.text) for TCP_Users_Init
    main.o(.text) refers to rtc.o(.text) for RTC_Init
    main.o(.text) refers to admins.o(.text) for ADMINS_Load
    main.o(.text) refers to users.o(.text) for USERS_Load
    main.o(.text) refers to at_system.o(i.main_TcpNet) for main_TcpNet
    main.o(.text) refers to protocol.o(.text) for UDP_Receive_Check
    main.o(.text) refers to main.o(.data) for .data
    main.o(.text) refers to main.o(.bss) for .bss
    main.o(.text) refers to at_system.o(.bss) for localm
    main.o(.text) refers to system_lpc17xx.o(.data) for SystemCoreClock
    main.o(.text) refers to tcp_users.o(.bss) for TCP_USER_SESSIONS
    main.o(.text) refers to uart.o(.data) for UART_Count
    http_cgi.o(.text) refers to _scanf_int.o(.text) for _scanf_int
    http_cgi.o(.text) refers to _printf_percent.o(.ARM.Collect$$_printf_percent$$00000000) for _printf_percent
    http_cgi.o(.text) refers to _printf_d.o(.ARM.Collect$$_printf_percent$$00000009) for _printf_d
    http_cgi.o(.text) refers to _printf_s.o(.ARM.Collect$$_printf_percent$$00000014) for _printf_s
    http_cgi.o(.text) refers to _printf_dec.o(.text) for _printf_int_dec
    http_cgi.o(.text) refers to _printf_str.o(.text) for _printf_str
    http_cgi.o(.text) refers to _printf_pad.o(.text) for _printf_pre_padding
    http_cgi.o(.text) refers to _printf_p.o(.ARM.Collect$$_printf_percent$$00000002) for _printf_p
    http_cgi.o(.text) refers to _printf_n.o(.ARM.Collect$$_printf_percent$$00000001) for _printf_n
    http_cgi.o(.text) refers to _printf_charcount.o(.text) for _printf_charcount
    http_cgi.o(.text) refers to _printf_hex_int_ll_ptr.o(.text) for _printf_longlong_hex
    http_cgi.o(.text) refers to _printf_truncate.o(.text) for _printf_truncate_unsigned
    http_cgi.o(.text) refers to _printf_i.o(.ARM.Collect$$_printf_percent$$00000008) for _printf_i
    http_cgi.o(.text) refers to _printf_u.o(.ARM.Collect$$_printf_percent$$0000000A) for _printf_u
    http_cgi.o(.text) refers to _printf_o.o(.ARM.Collect$$_printf_percent$$0000000B) for _printf_o
    http_cgi.o(.text) refers to _printf_x.o(.ARM.Collect$$_printf_percent$$0000000C) for _printf_x
    http_cgi.o(.text) refers to _printf_c.o(.ARM.Collect$$_printf_percent$$00000013) for _printf_c
    http_cgi.o(.text) refers to _printf_lc.o(.ARM.Collect$$_printf_percent$$00000015) for _printf_lc
    http_cgi.o(.text) refers to _printf_oct_int_ll.o(.text) for _printf_longlong_oct
    http_cgi.o(.text) refers to _printf_wctomb.o(.text) for _printf_wctomb
    http_cgi.o(.text) refers to at_mem.o(i.alloc_mem) for alloc_mem
    http_cgi.o(.text) refers to at_http.o(i.http_get_var) for http_get_var
    http_cgi.o(.text) refers to at_lib.o(i.str_scomp) for str_scomp
    http_cgi.o(.text) refers to __0sscanf.o(.text) for __0sscanf
    http_cgi.o(.text) refers to at_mem.o(i.free_mem) for free_mem
    http_cgi.o(.text) refers to h1_alloc.o(.text) for malloc
    http_cgi.o(.text) refers to fclose.o(.text) for fclose
    http_cgi.o(.text) refers to fs_mapi.o(i.finit) for finit
    http_cgi.o(.text) refers to fopen.o(.text) for fopen
    http_cgi.o(.text) refers to fwritefast.o(.text) for fwrite
    http_cgi.o(.text) refers to fs_mapi.o(i.fdelete) for fdelete
    http_cgi.o(.text) refers to strcmpv7m.o(.text) for strcmp
    http_cgi.o(.text) refers to main.o(.text) for Animation_Stop
    http_cgi.o(.text) refers to fs_mapi.o(i.ffind) for ffind
[...]
    __flsbuf_wide                            0x000083ef   Thumb Code     0  flsbuf.o(.text)
    _initio                                  0x000085cd   Thumb Code   210  initio.o(.text)
    _terminateio                             0x0000869f   Thumb Code    56  initio.o(.text)
    __rt_SIGRTMEM                            0x00008705   Thumb Code    14  defsig_rtmem_outer.o(.text)
    __user_setup_stackheap                   0x00008713   Thumb Code    74  sys_stackheap_outer.o(.text)
    _ll_udiv10                               0x0000875d   Thumb Code   138  lludiv10.o(.text)
    __lib_sel_fp_printf                      0x000087e7   Thumb Code     2  _printf_fp_dec.o(.text)
    _printf_fp_dec_real                      0x00008993   Thumb Code   628  _printf_fp_dec.o(.text)
    _printf_fp_hex_real                      0x00008c09   Thumb Code   760  _printf_fp_hex.o(.text)
    setvbuf                                  0x00008f09   Thumb Code    70  setvbuf.o(.text)
    fread                                    0x00008f4f   Thumb Code   284  freadfast.o(.text)
    fwrite                                   0x0000906b   Thumb Code   192  fwritefast.o(.text)
    _flushlinebuffered                       0x0000912d   Thumb Code    50  flushlinebuffered.o(.text)
    exit                                     0x00009165   Thumb Code    12  exit.o(.text)
    __sig_exit                               0x00009171   Thumb Code    10  defsig_exit.o(.text)
    __rt_SIGRTRED                            0x0000917b   Thumb Code    14  defsig_rtred_outer.o(.text)
    __rt_SIGRTMEM_inner                      0x00009189   Thumb Code    22  defsig_rtmem_inner.o(.text)
    _printf_fp_infnan                        0x000091d9   Thumb Code   112  _printf_fp_infnan.o(.text)
    _btod_etento                             0x00009259   Thumb Code   222  bigflt0.o(.text)
    _do_fflush                               0x0000933d   Thumb Code    54  fflush.o(.text)
    fflush                                   0x00009373   Thumb Code    42  fflush.o(.text)
    __default_signal_display                 0x000093a1   Thumb Code    50  defsig_general.o(.text)
    __rt_SIGRTRED_inner                      0x000093d5   Thumb Code    14  defsig_rtred_inner.o(.text)
    _btod_d2e                                0x00009409   Thumb Code    62  btod.o(CL$$btod_d2e)
    _d2e_denorm_low                          0x00009447   Thumb Code    70  btod.o(CL$$btod_d2e_denorm_low)
    _d2e_norm_op1                            0x0000948d   Thumb Code    96  btod.o(CL$$btod_d2e_norm_op1)
    __btod_div_common                        0x000094ed   Thumb Code   696  btod.o(CL$$btod_div_common)
    _e2e                                     0x00009825   Thumb Code   198  btod.o(CL$$btod_e2e)
    _btod_ediv                               0x000098eb   Thumb Code    40  btod.o(CL$$btod_ediv)
    _btod_emul                               0x00009913   Thumb Code    40  btod.o(CL$$btod_emul)
    __btod_mult_common                       0x0000993b   Thumb Code   580  btod.o(CL$$btod_mult_common)
    __ARM_fpclassify                         0x00009b7f   Thumb Code    40  fpclassify.o(i.__ARM_fpclassify)
    __sys_close                              0x00009ba9   Thumb Code    74  fs_sys.o(i.__sys_close)
    __sys_ensure                             0x00009bfd   Thumb Code    64  fs_sys.o(i.__sys_ensure)
    __sys_flen                               0x00009c45   Thumb Code    56  fs_sys.o(i.__sys_flen)
    __sys_open                               0x00009c85   Thumb Code   204  fs_sys.o(i.__sys_open)
    __sys_read                               0x00009d55   Thumb Code    86  fs_sys.o(i.__sys_read)
    __sys_seek                               0x00009db5   Thumb Code    66  fs_sys.o(i.__sys_seek)
    __sys_write                              0x00009e01   Thumb Code    80  fs_sys.o(i.__sys_write)
    _is_digit                                0x00009e59   Thumb Code    14  __printf_wp.o(i._is_digit)
    alloc_mem                                0x00009e9d   Thumb Code   174  at_mem.o(i.alloc_mem)
    arp_cache_add                            0x00009f55   Thumb Code   174  at_arp.o(i.arp_cache_add)
    arp_cache_early                          0x0000a095   Thumb Code   142  at_arp.o(i.arp_cache_early)
    arp_cache_find                           0x0000a12d   Thumb Code   168  at_arp.o(i.arp_cache_find)
    arp_cache_update                         0x0000a1e1   Thumb Code   228  at_arp.o(i.arp_cache_update)
    arp_init                                 0x0000a2d5   Thumb Code    34  at_arp.o(i.arp_init)
    arp_notify                               0x0000a335   Thumb Code    26  at_arp.o(i.arp_notify)
    arp_probe                                0x0000a35d   Thumb Code    14  at_arp.o(i.arp_probe)
    arp_process                              0x0000a3f9   Thumb Code   294  at_arp.o(i.arp_process)
    avail_mem                                0x0000a689   Thumb Code    22  at_mem.o(i.avail_mem)
    b64_to_asc                               0x0000a6a5   Thumb Code   120  at_lib.o(i.b64_to_asc)
    calc_chksum16be                          0x0000a71d   Thumb Code    18  at_lib.o(i.calc_chksum16be)
    chksum16_buf                             0x0000a8fd   Thumb Code    40  at_lib.o(i.chksum16_buf)
    chksum16_val                             0x0000a925   Thumb Code    10  at_lib.o(i.chksum16_val)
    dhcp_cbfunc                              0x0000a989   Thumb Code     2  at_dhcp.o(i.dhcp_cbfunc)
    dhcp_init                                0x0000a98d   Thumb Code    66  at_dhcp.o(i.dhcp_init)
    dhcp_run_client                          0x0000abd9   Thumb Code   440  at_dhcp.o(i.dhcp_run_client)
    efs_create                               0x0000b16f   Thumb Code   356  fs_efs.o(i.efs_create)
    efs_delete                               0x0000b2d3   Thumb Code   160  fs_efs.o(i.efs_delete)
    efs_ensure                               0x0000b373   Thumb Code    94  fs_efs.o(i.efs_ensure)
    efs_ffind                                0x0000b3d1   Thumb Code   202  fs_efs.o(i.efs_ffind)
    efs_find                                 0x0000b49b   Thumb Code   182  fs_efs.o(i.efs_find)
    efs_format                               0x0000b551   Thumb Code    78  fs_efs.o(i.efs_format)
    efs_fsize                                0x0000b5a1   Thumb Code   164  fs_efs.o(i.efs_fsize)
    efs_read                                 0x0000b837   Thumb Code   102  fs_efs.o(i.efs_read)
    efs_rename                               0x0000b89d   Thumb Code    98  fs_efs.o(i.efs_rename)
    efs_seek                                 0x0000b901   Thumb Code   210  fs_efs.o(i.efs_seek)
    efs_wclose                               0x0000b9d3   Thumb Code    68  fs_efs.o(i.efs_wclose)
    efs_write                                0x0000ba17   Thumb Code   220  fs_efs.o(i.efs_write)
    eth_chk_adr                              0x0000baf5   Thumb Code    10  at_ethernet.o(i.eth_chk_adr)
    eth_init_link                            0x0000bb05   Thumb Code    40  at_ethernet.o(i.eth_init_link)
    eth_run_link                             0x0000bb39   Thumb Code   194  at_ethernet.o(i.eth_run_link)
    eth_send_frame                           0x0000bc0d   Thumb Code   150  at_ethernet.o(i.eth_send_frame)
    fdelete                                  0x0000bcb5   Thumb Code    92  fs_mapi.o(i.fdelete)
    ffind                                    0x0000bd15   Thumb Code   434  fs_mapi.o(i.ffind)
    fformat                                  0x0000bed5   Thumb Code   118  fs_mapi.o(i.fformat)
    fgetc                                    0x0000bf59   Thumb Code    24  fgetc.o(i.fgetc)
    finit                                    0x0000bf71   Thumb Code   110  fs_mapi.o(i.finit)
    fn_cmp                                   0x0000bfed   Thumb Code    30  fs_lib.o(i.fn_cmp)
    fputc                                    0x0000c00b   Thumb Code    26  fputc.o(i.fputc)
    free_mem                                 0x0000c025   Thumb Code   124  at_mem.o(i.free_mem)
    frename                                  0x0000c0bd   Thumb Code   116  fs_mapi.o(i.frename)
    fs_cfg_drv                               0x0000c135   Thumb Code    92  fs_mapi.o(i.fs_cfg_drv)
    fs_efs_lock                              0x0000c1a5   Thumb Code    54  fs_lib.o(i.fs_efs_lock)
    fs_find_iob                              0x0000c1e5   Thumb Code    48  fs_lib.o(i.fs_find_iob)
    fs_map_drive                             0x0000c21d   Thumb Code   110  fs_lib.o(i.fs_map_drive)
    fs_no_path                               0x0000c295   Thumb Code    26  fs_lib.o(i.fs_no_path)
    fs_strpos                                0x0000c2af   Thumb Code    24  fs_lib.o(i.fs_strpos)
    ftp_accept_host                          0x0000c2c7   Thumb Code     4  at_ftp.o(i.ftp_accept_host)
    ftp_evt_notify                           0x0000c395   Thumb Code     2  at_ftp.o(i.ftp_evt_notify)
    ftp_file_access                          0x0000c397   Thumb Code     4  at_ftp.o(i.ftp_file_access)
    ftp_get_user_id                          0x0000c39d   Thumb Code    24  at_ftp.o(i.ftp_get_user_id)
    ftp_init                                 0x0000c3bd   Thumb Code    86  at_ftp.o(i.ftp_init)
    ftp_run_server                           0x0000ca01   Thumb Code  1804  at_ftp.o(i.ftp_run_server)
    get_rnd32                                0x0000d231   Thumb Code    18  at_system.o(i.get_rnd32)
    http_accept_host                         0x0000d25f   Thumb Code     4  at_http.o(i.http_accept_host)
    http_date                                0x0000d561   Thumb Code   112  at_http.o(i.http_date)
    http_encoding                            0x0000d5d5   Thumb Code     4  at_http.o(i.http_encoding)
    http_get_user_id                         0x0000d761   Thumb Code    28  at_http.o(i.http_get_user_id)
    http_get_var                             0x0000d785   Thumb Code   104  at_http.o(i.http_get_var)
    http_init                                0x0000d7f1   Thumb Code    72  at_http.o(i.http_init)
    http_run_server                          0x0000dfad   Thumb Code   816  at_http.o(i.http_run_server)
    icmp_init                                0x0000e3b1   Thumb Code    10  at_icmp.o(i.icmp_init)
    icmp_process                             0x0000e3c1   Thumb Code   198  at_icmp.o(i.icmp_process)
    icmp_run_engine                          0x0000e48d   Thumb Code    58  at_icmp.o(i.icmp_run_engine)
    ifree_mem                                0x0000e545   Thumb Code    48  at_mem.o(i.ifree_mem)
    init_TcpNet                              0x0000e57d   Thumb Code    38  at_system.o(i.init_TcpNet)
    init_mem                                 0x0000e681   Thumb Code    86  at_mem.o(i.init_mem)
    ip_chk_frame                             0x0000e6e1   Thumb Code   190  at_ip.o(i.ip_chk_frame)
    ip_get_locadr                            0x0000e7b5   Thumb Code   166  at_ip.o(i.ip_get_locadr)
    ip_init                                  0x0000e86d   Thumb Code     8  at_ip.o(i.ip_init)
    ip_run_local                             0x0000e879   Thumb Code    82  at_ip.o(i.ip_run_local)
    ip_send_frame                            0x0000e8d5   Thumb Code   328  at_ip.o(i.ip_send_frame)
    is_subnet                                0x0000ea55   Thumb Code    20  at_lib.o(i.is_subnet)
    main_TcpNet                              0x0000ea69   Thumb Code    86  at_system.o(i.main_TcpNet)
    mem_comp                                 0x0000eb4d   Thumb Code    24  at_lib.o(i.mem_comp)
    mem_copy                                 0x0000eb65   Thumb Code    22  at_lib.o(i.mem_copy)
    mem_crc32                                0x0000eb7b   Thumb Code    32  at_lib.o(i.mem_crc32)
    mem_set                                  0x0000eb9b   Thumb Code    10  at_lib.o(i.mem_set)
    mem_test                                 0x0000eba5   Thumb Code    20  at_lib.o(i.mem_test)
    nbns_init                                0x0000ebb9   Thumb Code    32  at_nbns.o(i.nbns_init)
    nrd_u32be                                0x0000ed41   Thumb Code    22  at_lib.o(i.nrd_u32be)
    nwr_u16be                                0x0000ed57   Thumb Code     8  at_lib.o(i.nwr_u16be)
    nwr_u32be                                0x0000ed5f   Thumb Code    16  at_lib.o(i.nwr_u32be)
    put_in_queue                             0x0000ef35   Thumb Code    36  at_ethernet.o(i.put_in_queue)
    resize_mem                               0x0000effd   Thumb Code    68  at_mem.o(i.resize_mem)
    sntp_get_time                            0x0000f0dd   Thumb Code   120  at_sntp.o(i.sntp_get_time)
    sntp_init                                0x0000f161   Thumb Code    26  at_sntp.o(i.sntp_init)
    sntp_run_client                          0x0000f209   Thumb Code    66  at_sntp.o(i.sntp_run_client)
    str_copy                                 0x0000f2a1   Thumb Code    18  at_lib.o(i.str_copy)
    str_crc32                                0x0000f2b3   Thumb Code    26  at_lib.o(i.str_crc32)
    str_pos                                  0x0000f2cd   Thumb Code    22  at_lib.o(i.str_pos)
    str_scomp                                0x0000f2e3   Thumb Code    26  at_lib.o(i.str_scomp)
    str_ucomp                                0x0000f2fd   Thumb Code    46  at_lib.o(i.str_ucomp)
    str_up_case                              0x0000f32b   Thumb Code    26  at_lib.o(i.str_up_case)
    tcp_abort                                0x0000f345   Thumb Code    76  at_tcp.o(i.tcp_abort)
    tcp_close                                0x0000f395   Thumb Code   150  at_tcp.o(i.tcp_close)
    tcp_connect                              0x0000f431   Thumb Code   176  at_tcp.o(i.tcp_connect)
    tcp_get_buf                              0x0000f4e5   Thumb Code    32  at_tcp.o(i.tcp_get_buf)
    tcp_get_free_port                        0x0000f505   Thumb Code    58  at_tcp.o(i.tcp_get_free_port)
    tcp_get_socket                           0x0000f549   Thumb Code    70  at_tcp.o(i.tcp_get_socket)
    tcp_get_state                            0x0000f595   Thumb Code    32  at_tcp.o(i.tcp_get_state)
    tcp_init                                 0x0000f5b9   Thumb Code    18  at_tcp.o(i.tcp_init)
    tcp_listen                               0x0000f5d1   Thumb Code   102  at_tcp.o(i.tcp_listen)
    tcp_max_dsize                            0x0000f6d5   Thumb Code    30  at_tcp.o(i.tcp_max_dsize)
    tcp_poll_sockets                         0x0000f759   Thumb Code   630  at_tcp.o(i.tcp_poll_sockets)
    tcp_process                              0x0000faf9   Thumb Code  1196  at_tcp.o(i.tcp_process)
    tcp_reset_tout                           0x00010079   Thumb Code    40  at_tcp.o(i.tcp_reset_tout)
    tcp_send                                 0x000100a5   Thumb Code   204  at_tcp.o(i.tcp_send)
    timer_tick                               0x000103ed   Thumb Code    14  at_system.o(i.timer_tick)
    udp_close                                0x00010401   Thumb Code    38  at_udp.o(i.udp_close)
    udp_get_buf                              0x0001042d   Thumb Code    32  at_udp.o(i.udp_get_buf)
    udp_get_socket                           0x0001044d   Thumb Code    62  at_udp.o(i.udp_get_socket)
    udp_init                                 0x00010491   Thumb Code    18  at_udp.o(i.udp_init)
    udp_open                                 0x000104a9   Thumb Code    96  at_udp.o(i.udp_open)
    udp_process                              0x0001053d   Thumb Code   178  at_udp.o(i.udp_process)
    udp_send                                 0x000105f5   Thumb Code   280  at_udp.o(i.udp_send)
    _get_lc_time                             0x000107f1   Thumb Code    44  lc_time_c.o(locale$$code)
    _get_lc_ctype                            0x0001081d   Thumb Code    44  lc_ctype_c.o(locale$$code)
    _get_lc_numeric                          0x00010849   Thumb Code    44  lc_numeric_c.o(locale$$code)
    _printf_fp_dec                           0x00010875   Thumb Code     4  printf1.o(x$fpl$printf1)
    _printf_fp_hex                           0x00010879   Thumb Code     4  printf2.o(x$fpl$printf2)
    __I$use$fp                               0x0001087c   Number         0  usenofp.o(x$fpl$usenofp)
    FileMD                                   0x00011790   Data           4  web.o(.constdata)
    FileTab                                  0x00014fe8   Data         104  web.o(.constdata)
    http_err_401                             0x00015050   Data          86  http_err.o(.constdata)
    http_err_403                             0x000150a6   Data          81  http_err.o(.constdata)
    http_err_404                             0x000150f7   Data          78  http_err.o(.constdata)
    http_err_501                             0x00015145   Data          75  http_err.o(.constdata)
    http_err_head                            0x00015190   Data          47  http_err.o(.constdata)
    http_err_foot                            0x000151bf   Data         110  http_err.o(.constdata)
    nlocalm                                  0x0001522d   Data          60  net_config.o(.constdata)
    sys_config                               0x0001526c   Data          16  net_config.o(.constdata)
    arp_config                               0x0001527c   Data          12  net_config.o(.constdata)
    dhcp_config                              0x00015288   Data           8  net_config.o(.constdata)
    udp_config                               0x00015290   Data           8  net_config.o(.constdata)
    tcp_config                               0x00015298   Data          24  net_config.o(.constdata)
    http_config                              0x000152b0   Data          24  net_config.o(.constdata)
    ftp_config                               0x000152c8   Data          24  net_config.o(.constdata)
    sntp_config                              0x000152e0   Data           5  net_config.o(.constdata)
    _NFILE                                   0x000152e6   Data           2  file_config.o(.constdata)
    _NDRV                                    0x000152e8   Data           2  file_config.o(.constdata)
    fs_DevPool                               0x000154ec   Data           8  file_config.o(.constdata)
    sf0_drv                                  0x000154f4   Data          24  fs_spi_flashprg.o(.constdata)
    __stdin_name                             0x0001550c   Data           6  retarget.o(.constdata)
    __stdout_name                            0x00015512   Data           7  retarget.o(.constdata)
    __stderr_name                            0x00015519   Data           7  retarget.o(.constdata)
    spi0_drv                                 0x0001552c   Data          32  spi_lpc17xx.o(.constdata)
    IP_Broadcast                             0x0001554c   Data           4  at_ip.o(.constdata)
    MAC_Broadcast                            0x0001583b   Data           6  at_ethernet.o(.constdata)
    _monlen                                  0x00015889   Data          12  _monlen.o(.constdata)
    Region$$Table$$Base                      0x000159b0   Number         0  anon$$obj.o(Region$$Table)
    Region$$Table$$Limit                     0x000159d0   Number         0  anon$$obj.o(Region$$Table)
    __ctype                                  0x00015b55   Data           0  lc_ctype_c.o(locale$$data)
    DelayValue                               0x10000000   Data           1  main.o(.data)
    timer10s_tick                            0x10000001   Data           1  main.o(.data)
    UDP_Socket                               0x10000002   Data           1  main.o(.data)
    ANIMATION_PLAY                           0x10000004   Data           4  main.o(.data)
    AnimationFileSize                        0x10000008   Data           4  main.o(.data)
    AnimationEffectsCount                    0x1000000c   Data           4  main.o(.data)
    CurrentAnimationEffect                   0x10000010   Data           4  main.o(.data)
    UDP_Socket_Receive_Length                0x10000014   Data           4  main.o(.data)
    UDP_Socket_Send_Length                   0x10000018   Data           4  main.o(.data)
    UDP_Socket_Listener_Data_Received        0x1000001c   Data           4  main.o(.data)
    AnimationFileName                        0x10000020   Data           4  main.o(.data)
    TICK_10MS                                0x10000024   Data           4  main.o(.data)
    TICK_100MS                               0x10000028   Data           4  main.o(.data)
    DHCP_TICK                                0x1000002c   Data           4  main.o(.data)
    DHCP_SUCCESS                             0x10000030   Data           4  main.o(.data)
    UDP_Socket_Remote_IP                     0x10000034   Data           4  main.o(.data)
    TCP_Buffer_Send_Length                   0x10000040   Data           4  tcp_users.o(.data)
    lhost_name                               0x10000044   Data          16  net_config.o(.data)
    own_hw_adr                               0x10000054   Data           6  net_config.o(.data)
    ADCIntDone                               0x10000084   Data           4  adc.o(.data)
    OverRunCounter                           0x10000088   Data           4  adc.o(.data)
    iap_entry                                0x10000090   Data           4  emac_dp83848.o(.data)
    RdIndex0                                 0x10000094   Data           4  i2c.o(.data)
    RdIndex1                                 0x10000098   Data           4  i2c.o(.data)
    RdIndex2                                 0x1000009c   Data           4  i2c.o(.data)
    WrIndex0                                 0x100000a0   Data           4  i2c.o(.data)
    WrIndex1                                 0x100000a4   Data           4  i2c.o(.data)
    WrIndex2                                 0x100000a8   Data           4  i2c.o(.data)
    SystemCoreClock                          0x100000ac   Data           4  system_lpc17xx.o(.data)
    UART_TxEmpty                             0x100000b0   Data           2  uart.o(.data)
    UART_Count                               0x100000b4   Data           8  uart.o(.data)
    UART_Status                              0x100000bc   Data           8  uart.o(.data)
    TIME_ZONE_OFFSET_SELECTED_VALUE          0x100000c4   Data           1  settings.o(.data)
    SETTINGS_DATA                            0x100000c8   Data          40  settings.o(.data)
    alarm_on                                 0x100000f0   Data           4  rtc.o(.data)
    SNTP_Server_IP_1                         0x100000f4   Data           4  sntp.o(.data)
    SNTP_Server_IP_2                         0x100000f8   Data           4  sntp.o(.data)
    SNTP_Server_IP_1_WORKS                   0x100000fc   Data           4  sntp.o(.data)
    SNTP_Server_IP_2_WORKS                   0x10000100   Data           4  sntp.o(.data)
    __aeabi_stdin                            0x10000134   Data           4  stdio_streams.o(.data)
    __aeabi_stdout                           0x10000138   Data           4  stdio_streams.o(.data)
    __aeabi_stderr                           0x1000013c   Data           4  stdio_streams.o(.data)
    currentEffect                            0x10000140   Data          30  main.o(.bss)
    UDP_Socket_Buffer_Send                   0x1000015e   Data         100  main.o(.bss)
    UDP_Socket_Buffer_Receive                0x100001c2   Data         100  main.o(.bss)
    TCP_Buffer_Send                          0x10000558   Data         100  tcp_users.o(.bss)
    TCP_USER_SESSIONS                        0x100005bc   Data         248  tcp_users.o(.bss)
    _iob                                     0x10002e3c   Data         288  file_config.o(.bss)
    ADCValue                                 0x10002f80   Data          32  adc.o(.bss)
    I2C_MasterState                          0x10005a04   Data          12  i2c.o(.bss)
    I2C_Timeout                              0x10005a10   Data          12  i2c.o(.bss)
    I2C_MasterBuffer                         0x10005a1c   Data         192  i2c.o(.bss)
    I2C_SlaveBuffer                          0x10005adc   Data         192  i2c.o(.bss)
    I2C_ReadLength                           0x10005b9c   Data          12  i2c.o(.bss)
    I2C_WriteLength                          0x10005ba8   Data          12  i2c.o(.bss)
    UART_Buffer                              0x10005bb4   Data         128  uart.o(.bss)
    Admins                                   0x10005c34   Data         248  admins.o(.bss)
    Users                                    0x10005d2c   Data         816  users.o(.bss)
    localm                                   0x10006130   Data          60  at_system.o(.bss)
    sys_control                              0x1000616c   Data          16  at_system.o(.bss)
    __stdin                                  0x100061a8   Data          84  stdio_streams.o(.bss)
    __stdout                                 0x100061fc   Data          84  stdio_streams.o(.bss)
    __stderr                                 0x10006250   Data          84  stdio_streams.o(.bss)
    __libspace_start                         0x100062a4   Data          96  libspace.o(.bss)
    __temporary_stack_top$libspace           0x10006304   Data           0  libspace.o(.bss)



==============================================================================

Memory Map of the image

  Image Entry point : 0x000020cd

  Load Region LR_IROM1 (Base: 0x00002000, Size: 0x00013db4, Max: 0x00080000, ABSOLUTE, COMPRESSED[0x00013cc0])

    Execution Region ER_IROM1 (Base: 0x00002000, Size: 0x00013c74, Max: 0x00080000, ABSOLUTE)

    Base Addr    Size         Type   Attr      Idx    E Section Name        Object

    0x00002000   0x000000cc   Data   RO          472    RESET               startup_lpc17xx.o
    0x000020cc   0x00000008   Code   RO         1799  * !!!main             c_w.l(__main.o)
    0x000020d4   0x00000034   Code   RO         2191    !!!scatter          c_w.l(__scatter.o)
    0x00002108   0x0000005a   Code   RO         2189    !!dczerorl2         c_w.l(__dczerorl2.o)
    0x00002162   0x00000002   PAD
    0x00002164   0x0000001c   Code   RO         2193    !!handler_zi        c_w.l(__scatter_zi.o)
    0x00002180   0x00000000   Code   RO         1742    .ARM.Collect$$_printf_percent$$00000000  c_w.l(_printf_percent.o)
    0x00002180   0x00000006   Code   RO         1735    .ARM.Collect$$_printf_percent$$00000001  c_w.l(_printf_n.o)
    0x00002186   0x00000006   Code   RO         1737    .ARM.Collect$$_printf_percent$$00000002  c_w.l(_printf_p.o)
    0x0000218c   0x00000006   Code   RO         1983    .ARM.Collect$$_printf_percent$$00000003  c_w.l(_printf_f.o)
    0x00002192   0x00000006   Code   RO         1984    .ARM.Collect$$_printf_percent$$00000004  c_w.l(_printf_e.o)
    0x00002198   0x00000006   Code   RO         1985    .ARM.Collect$$_printf_percent$$00000005  c_w.l(_printf_g.o)
    0x0000219e   0x00000006   Code   RO         1986    .ARM.Collect$$_printf_percent$$00000006  c_w.l(_printf_a.o)
    0x000021a4   0x0000000a   Code   RO         1990    .ARM.Collect$$_printf_percent$$00000007  c_w.l(_printf_ll.o)
    0x000021ae   0x00000006   Code   RO         1739    .ARM.Collect$$_printf_percent$$00000008  c_w.l(_printf_i.o)
    0x000021b4   0x00000006   Code   RO         1740    .ARM.Collect$$_printf_percent$$00000009  c_w.l(_printf_d.o)
    0x000021ba   0x00000006   Code   RO         1741    .ARM.Collect$$_printf_percent$$0000000A  c_w.l(_printf_u.o)
    0x000021c0   0x00000006   Code   RO         1738    .ARM.Collect$$_printf_percent$$0000000B  c_w.l(_printf_o.o)
    0x000021c6   0x00000006   Code   RO         1736    .ARM.Collect$$_printf_percent$$0000000C  c_w.l(_printf_x.o)
    0x000021cc   0x00000006   Code   RO         1987    .ARM.Collect$$_printf_percent$$0000000D  c_w.l(_printf_lli.o)
    0x000021d2   0x00000006   Code   RO         1988    .ARM.Collect$$_printf_percent$$0000000E  c_w.l(_printf_lld.o)
    0x000021d8   0x00000006   Code   RO         1989    .ARM.Collect$$_printf_percent$$0000000F  c_w.l(_printf_llu.o)
    0x000021de   0x00000006   Code   RO         1992    .ARM.Collect$$_printf_percent$$00000010  c_w.l(_printf_llo.o)
    0x000021e4   0x00000006   Code   RO         1993    .ARM.Collect$$_printf_percent$$00000011  c_w.l(_printf_llx.o)
    0x000021ea   0x0000000a   Code   RO         1858    .ARM.Collect$$_printf_percent$$00000012  c_w.l(_printf_l.o)
    0x000021f4   0x00000006   Code   RO         1733    .ARM.Collect$$_printf_percent$$00000013  c_w.l(_printf_c.o)
    0x000021fa   0x00000006   Code   RO         1734    .ARM.Collect$$_printf_percent$$00000014  c_w.l(_printf_s.o)
    0x00002200   0x00000006   Code   RO         1743    .ARM.Collect$$_printf_percent$$00000015  c_w.l(_printf_lc.o)
    0x00002206   0x00000006   Code   RO         1991    .ARM.Collect$$_printf_percent$$00000016  c_w.l(_printf_ls.o)
    0x0000220c   0x00000004   Code   RO         1857    .ARM.Collect$$_printf_percent$$00000017  c_w.l(_printf_percent_end.o)
    0x00002210   0x00000002   Code   RO         2094    .ARM.Collect$$libinit$$00000000  c_w.l(libinit.o)
    0x00002212   0x00000000   Code   RO         1905    .ARM.Collect$$libinit$$00000002  c_w.l(libinit2.o)
    0x00002212   0x00000008   Code   RO         1906    .ARM.Collect$$libinit$$00000003  c_w.l(libinit2.o)
    0x0000221a   0x00000000   Code   RO         1908    .ARM.Collect$$libinit$$00000008  c_w.l(libinit2.o)
    0x0000221a   0x00000000   Code   RO         1910    .ARM.Collect$$libinit$$0000000A  c_w.l(libinit2.o)
    0x0000221a   0x00000000   Code   RO         1912    .ARM.Collect$$libinit$$0000000C  c_w.l(libinit2.o)
    0x0000221a   0x00000006   Code   RO         1913    .ARM.Collect$$libinit$$0000000D  c_w.l(libinit2.o)
    0x00002220   0x00000000   Code   RO         1915    .ARM.Collect$$libinit$$0000000F  c_w.l(libinit2.o)
    0x00002220   0x0000000c   Code   RO         1916    .ARM.Collect$$libinit$$00000010  c_w.l(libinit2.o)
    0x0000222c   0x00000000   Code   RO         1917    .ARM.Collect$$libinit$$00000011  c_w.l(libinit2.o)
    0x0000222c   0x00000000   Code   RO         1919    .ARM.Collect$$libinit$$00000013  c_w.l(libinit2.o)
    0x0000222c   0x0000000a   Code   RO         1920    .ARM.Collect$$libinit$$00000014  c_w.l(libinit2.o)
    0x00002236   0x00000000   Code   RO         1921    .ARM.Collect$$libinit$$00000015  c_w.l(libinit2.o)
    0x00002236   0x0000000a   Code   RO         1922    .ARM.Collect$$libinit$$00000016  c_w.l(libinit2.o)
    0x00002240   0x00000000   Code   RO         1923    .ARM.Collect$$libinit$$00000017  c_w.l(libinit2.o)
    0x00002240   0x00000000   Code   RO         1925    .ARM.Collect$$libinit$$00000019  c_w.l(libinit2.o)
    0x00002240   0x00000000   Code   RO         1927    .ARM.Collect$$libinit$$0000001B  c_w.l(libinit2.o)
    0x00002240   0x00000000   Code   RO         1929    .ARM.Collect$$libinit$$0000001D  c_w.l(libinit2.o)
    0x00002240   0x00000000   Code   RO         1931    .ARM.Collect$$libinit$$0000001F  c_w.l(libinit2.o)
    0x00002240   0x00000000   Code   RO         1933    .ARM.Collect$$libinit$$00000021  c_w.l(libinit2.o)
    0x00002240   0x00000004   Code   RO         1934    .ARM.Collect$$libinit$$00000022  c_w.l(libinit2.o)
    0x00002244   0x00000000   Code   RO         1935    .ARM.Collect$$libinit$$00000023  c_w.l(libinit2.o)
    0x00002244   0x00000000   Code   RO         1939    .ARM.Collect$$libinit$$0000002A  c_w.l(libinit2.o)
    0x00002244   0x00000000   Code   RO         1941    .ARM.Collect$$libinit$$0000002C  c_w.l(libinit2.o)
    0x00002244   0x00000000   Code   RO         1943    .ARM.Collect$$libinit$$0000002E  c_w.l(libinit2.o)
    0x00002244   0x00000000   Code   RO         1945    .ARM.Collect$$libinit$$00000030  c_w.l(libinit2.o)
    0x00002244   0x00000002   Code   RO         1946    .ARM.Collect$$libinit$$00000031  c_w.l(libinit2.o)
    0x00002246   0x00000002   Code   RO         2186    .ARM.Collect$$libshutdown$$00000000  c_w.l(libshutdown.o)
    0x00002248   0x00000004   Code   RO         2096    .ARM.Collect$$libshutdown$$00000002  c_w.l(libshutdown2.o)
    0x0000224c   0x00000000   Code   RO         2097    .ARM.Collect$$libshutdown$$00000003  c_w.l(libshutdown2.o)
    0x0000224c   0x00000000   Code   RO         2100    .ARM.Collect$$libshutdown$$00000006  c_w.l(libshutdown2.o)
    0x0000224c   0x00000000   Code   RO         2103    .ARM.Collect$$libshutdown$$00000009  c_w.l(libshutdown2.o)
    0x0000224c   0x00000000   Code   RO         2105    .ARM.Collect$$libshutdown$$0000000B  c_w.l(libshutdown2.o)
    0x0000224c   0x00000000   Code   RO         2108    .ARM.Collect$$libshutdown$$0000000E  c_w.l(libshutdown2.o)
    0x0000224c   0x00000002   Code   RO         2109    .ARM.Collect$$libshutdown$$0000000F  c_w.l(libshutdown2.o)
    0x0000224e   0x00000000   Code   RO         1803    .ARM.Collect$$rtentry$$00000000  c_w.l(rtentry.o)
    0x0000224e   0x00000000   Code   RO         1951    .ARM.Collect$$rtentry$$00000002  c_w.l(rtentry2.o)
    0x0000224e   0x00000006   Code   RO         1963    .ARM.Collect$$rtentry$$00000004  c_w.l(rtentry4.o)
    0x00002254   0x00000000   Code   RO         1953    .ARM.Collect$$rtentry$$00000009  c_w.l(rtentry2.o)
    0x00002254   0x00000004   Code   RO         1954    .ARM.Collect$$rtentry$$0000000A  c_w.l(rtentry2.o)
    0x00002258   0x00000000   Code   RO         1956    .ARM.Collect$$rtentry$$0000000C  c_w.l(rtentry2.o)
    0x00002258   0x00000008   Code   RO         1957    .ARM.Collect$$rtentry$$0000000D  c_w.l(rtentry2.o)
    0x00002260   0x00000002   Code   RO         2110    .ARM.Collect$$rtexit$$00000000  c_w.l(rtexit.o)
    0x00002262   0x00000000   Code   RO         2164    .ARM.Collect$$rtexit$$00000002  c_w.l(rtexit2.o)
    0x00002262   0x00000004   Code   RO         2165    .ARM.Collect$$rtexit$$00000003  c_w.l(rtexit2.o)
    0x00002266   0x00000006   Code   RO         2166    .ARM.Collect$$rtexit$$00000004  c_w.l(rtexit2.o)
    0x0000226c   0x00000000   Code   RO         1971    .emb_text           c_w.l(maybetermalloc1.o)
    0x0000226c   0x0000047a   Code   RO            3    .text               main.o
    0x000026e6   0x00000002   PAD
    0x000026e8   0x00001124   Code   RO          191    .text               http_cgi.o
    0x0000380c   0x000002d0   Code   RO          258    .text               ftp_uif.o
    0x00003adc   0x0000006c   Code   RO          298    .text               http_uif.o
    0x00003b48   0x00000270   Code   RO          312    .text               led_cube_8x8x8.o
    0x00003db8   0x00000132   Code   RO          335    .text               protocol.o
    0x00003eea   0x00000002   PAD
    0x00003eec   0x00000180   Code   RO          368    .text               tcp_users.o
    0x0000406c   0x00000064   Code   RO          400    .text               net_config.o
    0x000040d0   0x00000098   Code   RO          439    .text               file_config.o
    0x00004168   0x00000040   Code   RO          473    .text               startup_lpc17xx.o
    0x000041a8   0x00000148   Code   RO          477    .text               fs_spi_flashprg.o
    0x000042f0   0x000000cc   Code   RO          492    .text               retarget.o
    0x000043bc   0x0000023c   Code   RO          521    .text               adc.o
    0x000045f8   0x00000458   Code   RO          579    .text               emac_dp83848.o
    0x00004a50   0x0000012c   Code   RO          609    .text               help.o
    0x00004b7c   0x00000518   Code   RO          623    .text               i2c.o
    0x00005094   0x00000168   Code   RO          655    .text               spi_lpc17xx.o
    0x000051fc   0x00000170   Code   RO          677    .text               system_lpc17xx.o
    0x0000536c   0x00000248   Code   RO          707    .text               uart.o
    0x000055b4   0x00000380   Code   RO          734    .text               tlc59116.o
    0x00005934   0x00000228   Code   RO          758    .text               settings.o
    0x00005b5c   0x00000184   Code   RO          783    .text               rtc.o
    0x00005ce0   0x000000e8   Code   RO          807    .text               sntp.o
    0x00005dc8   0x00000328   Code   RO          833    .text               admins.o
    0x000060f0   0x000003c0   Code   RO          860    .text               users.o
    0x000064b0   0x00000002   Code   RO         1601    .text               c_w.l(use_no_semi.o)
    0x000064b2   0x0000005e   Code   RO         1607    .text               c_w.l(h1_alloc.o)
    0x00006510   0x0000004e   Code   RO         1609    .text               c_w.l(h1_free.o)
    0x0000655e   0x000000ee   Code   RO         1665    .text               c_w.l(lludivv7m.o)
    0x0000664c   0x0000002c   Code   RO         1667    .text               c_w.l(__2sprintf.o)
    0x00006678   0x00000052   Code   RO         1673    .text               c_w.l(_printf_pad.o)
    0x000066ca   0x00000024   Code   RO         1675    .text               c_w.l(_printf_truncate.o)
    0x000066ee   0x00000052   Code   RO         1677    .text               c_w.l(_printf_str.o)
    0x00006740   0x00000078   Code   RO         1679    .text               c_w.l(_printf_dec.o)
    0x000067b8   0x0000002a   Code   RO         1681    .text               c_w.l(_printf_charcount.o)
    0x000067e2   0x00000002   PAD
    0x000067e4   0x000000bc   Code   RO         1683    .text               c_w.l(_printf_wctomb.o)
    0x000068a0   0x00000078   Code   RO         1690    .text               c_w.l(_printf_oct_int_ll.o)
    0x00006918   0x0000009c   Code   RO         1710    .text               c_w.l(_printf_hex_int_ll_ptr.o)
    0x000069b4   0x0000018c   Code   RO         1730    .text               c_w.l(__printf_flags_ss_wp.o)
    0x00006b40   0x0000003c   Code   RO         1744    .text               c_w.l(__0sscanf.o)
    0x00006b7c   0x00000150   Code   RO         1746    .text               c_w.l(_scanf_int.o)
    0x00006ccc   0x0000001a   Code   RO         1748    .text               c_w.l(atoi.o)
    0x00006ce6   0x0000004a   Code   RO         1750    .text               c_w.l(fgets.o)
    0x00006d30   0x00000022   Code   RO         1752    .text               c_w.l(fputs.o)
    0x00006d52   0x00000002   PAD
    0x00006d54   0x000000f8   Code   RO         1756    .text               c_w.l(fseek.o)
    0x00006e4c   0x000000ec   Code   RO         1760    .text               c_w.l(fopen.o)
    0x00006f38   0x0000004c   Code   RO         1762    .text               c_w.l(fclose.o)
    0x00006f84   0x00000048   Code   RO         1770    .text               c_w.l(strcpy.o)
    0x00006fcc   0x0000003e   Code   RO         1774    .text               c_w.l(strlen.o)
    0x0000700a   0x0000008a   Code   RO         1776    .text               c_w.l(rt_memcpy_v6.o)
    0x00007094   0x00000064   Code   RO         1778    .text               c_w.l(rt_memcpy_w.o)
    0x000070f8   0x00000044   Code   RO         1782    .text               c_w.l(rt_memclr.o)
    0x0000713c   0x0000004e   Code   RO         1784    .text               c_w.l(rt_memclr_w.o)
    0x0000718a   0x00000056   Code   RO         1786    .text               c_w.l(strncpy.o)
    0x000071e0   0x00000080   Code   RO         1788    .text               c_w.l(strcmpv7m.o)
    0x00007260   0x0000000c   Code   RO         1790    .text               c_w.l(localtime.o)
    0x0000726c   0x000001a4   Code   RO         1793    .text               c_w.l(mktime.o)
    0x00007410   0x00000368   Code   RO         1795    .text               c_w.l(strftime.o)
    0x00007778   0x00000006   Code   RO         1797    .text               c_w.l(heapauxi.o)
    0x0000777e   0x00000002   PAD
    0x00007780   0x00000008   Code   RO         1811    .text               c_w.l(rt_heap_descriptor_intlibspace.o)
    0x00007788   0x00000008   Code   RO         1816    .text               c_w.l(rt_locale_intlibspace.o)
    0x00007790   0x00000008   Code   RO         1821    .text               c_w.l(rt_errno_addr_intlibspace.o)
    0x00007798   0x00000004   Code   RO         1823    .text               c_w.l(hguard.o)
    0x0000779c   0x0000008a   Code   RO         1825    .text               c_w.l(init_alloc.o)
    0x00007826   0x0000000e   Code   RO         1829    .text               c_w.l(h1_init.o)
    0x00007834   0x0000002c   Code   RO         1845    .text               c_w.l(sprintf.o)
    0x00007860   0x000000b8   Code   RO         1847    .text               c_w.l(_printf_intcommon.o)
    0x00007918   0x00000030   Code   RO         1849    .text               c_w.l(_printf_char_common.o)
    0x00007948   0x0000000a   Code   RO         1851    .text               c_w.l(_sputc.o)
    0x00007952   0x0000002c   Code   RO         1853    .text               c_w.l(_printf_char.o)
    0x0000797e   0x0000002c   Code   RO         1855    .text               c_w.l(_printf_wchar.o)
    0x000079aa   0x0000001c   Code   RO         1859    .text               c_w.l(_chval.o)
    0x000079c6   0x00000002   PAD
    0x000079c8   0x0000002c   Code   RO         1861    .text               c_w.l(scanf_char.o)
    0x000079f4   0x00000040   Code   RO         1863    .text               c_w.l(_sgetc.o)
    0x00007a34   0x00000070   Code   RO         1865    .text               c_w.l(strtol.o)
    0x00007aa4   0x00000008   Code   RO         1867    .text               c_w.l(ferror.o)
    0x00007aac   0x00000046   Code   RO         1877    .text               c_w.l(ftell.o)
    0x00007af2   0x00000002   PAD
    0x00007af4   0x000000f0   Code   RO         1879    .text               c_w.l(stdio.o)
    0x00007be4   0x00000040   Code   RO         1894    .text               c_w.l(_wcrtomb.o)
    0x00007c24   0x000000a4   Code   RO         1900    .text               c_w.l(localtime_internal.o)
    0x00007cc8   0x00000008   Code   RO         1947    .text               c_w.l(libspace.o)
    0x00007cd0   0x00000010   Code   RO         1965    .text               c_w.l(rt_ctype_table.o)
    0x00007ce0   0x00000034   Code   RO         1973    .text               c_w.l(h1_extend.o)
    0x00007d14   0x00000012   Code   RO         1977    .text               c_w.l(isspace.o)
    0x00007d26   0x00000002   PAD
    0x00007d28   0x00000078   Code   RO         1981    .text               c_w.l(_printf_longlong_dec.o)
    0x00007da0   0x00000370   Code   RO         1994    .text               c_w.l(_scanf.o)
    0x00008110   0x0000009e   Code   RO         1996    .text               c_w.l(_strtoul.o)
    0x000081ae   0x00000240   Code   RO         1998    .text               c_w.l(filbuf.o)
    0x000083ee   0x000001de   Code   RO         2000    .text               c_w.l(flsbuf.o)
    0x000085cc   0x00000138   Code   RO         2002    .text               c_w.l(initio.o)
    0x00008704   0x0000000e   Code   RO         2006    .text               c_w.l(defsig_rtmem_outer.o)
    0x00008712   0x0000004a   Code   RO         2029    .text               c_w.l(sys_stackheap_outer.o)
    0x0000875c   0x0000008a   Code   RO         2035    .text               c_w.l(lludiv10.o)
    0x000087e6   0x00000420   Code   RO         2037    .text               c_w.l(_printf_fp_dec.o)
    0x00008c06   0x00000002   PAD
    0x00008c08   0x00000300   Code   RO         2039    .text               c_w.l(_printf_fp_hex.o)
    0x00008f08   0x00000046   Code   RO         2042    .text               c_w.l(setvbuf.o)
    0x00008f4e   0x0000011c   Code   RO         2044    .text               c_w.l(freadfast.o)
    0x0000906a   0x000000c0   Code   RO         2048    .text               c_w.l(fwritefast.o)
    0x0000912a   0x00000002   PAD
    0x0000912c   0x00000038   Code   RO         2050    .text               c_w.l(flushlinebuffered.o)
    0x00009164   0x0000000c   Code   RO         2069    .text               c_w.l(exit.o)
    0x00009170   0x0000000a   Code   RO         2071    .text               c_w.l(defsig_exit.o)
    0x0000917a   0x0000000e   Code   RO         2077    .text               c_w.l(defsig_rtred_outer.o)
    0x00009188   0x00000050   Code   RO         2081    .text               c_w.l(defsig_rtmem_inner.o)
    0x000091d8   0x00000080   Code   RO         2116    .text               c_w.l(_printf_fp_infnan.o)
    0x00009258   0x000000e4   Code   RO         2118    .text               c_w.l(bigflt0.o)
    0x0000933c   0x00000064   Code   RO         2143    .text               c_w.l(fflush.o)
    0x000093a0   0x00000032   Code   RO         2152    .text               c_w.l(defsig_general.o)
    0x000093d2   0x00000002   PAD
    0x000093d4   0x00000034   Code   RO         2156    .text               c_w.l(defsig_rtred_inner.o)
    0x00009408   0x0000003e   Code   RO         2121    CL$$btod_d2e        c_w.l(btod.o)
    0x00009446   0x00000046   Code   RO         2123    CL$$btod_d2e_denorm_low  c_w.l(btod.o)
    0x0000948c   0x00000060   Code   RO         2122    CL$$btod_d2e_norm_op1  c_w.l(btod.o)
    0x000094ec   0x00000338   Code   RO         2131    CL$$btod_div_common  c_w.l(btod.o)
    0x00009824   0x000000c6   Code   RO         2128    CL$$btod_e2e        c_w.l(btod.o)
    0x000098ea   0x00000028   Code   RO         2125    CL$$btod_ediv       c_w.l(btod.o)
    0x00009912   0x00000028   Code   RO         2124    CL$$btod_emul       c_w.l(btod.o)
    0x0000993a   0x00000244   Code   RO         2130    CL$$btod_mult_common  c_w.l(btod.o)
    0x00009b7e   0x00000028   Code   RO         2161    i.__ARM_fpclassify  m_ws.l(fpclassify.o)
    0x00009ba6   0x00000002   PAD
    0x00009ba8   0x00000054   Code   RO         1240    i.__sys_close       FS_CM3.lib(fs_sys.o)
    0x00009bfc   0x00000048   Code   RO         1241    i.__sys_ensure      FS_CM3.lib(fs_sys.o)
    0x00009c44   0x00000040   Code   RO         1242    i.__sys_flen        FS_CM3.lib(fs_sys.o)
    0x00009c84   0x000000d0   Code   RO         1243    i.__sys_open        FS_CM3.lib(fs_sys.o)
    0x00009d54   0x00000060   Code   RO         1244    i.__sys_read        FS_CM3.lib(fs_sys.o)
    0x00009db4   0x0000004c   Code   RO         1245    i.__sys_seek        FS_CM3.lib(fs_sys.o)
    0x00009e00   0x00000058   Code   RO         1246    i.__sys_write       FS_CM3.lib(fs_sys.o)
    0x00009e58   0x0000000e   Code   RO         1723    i._is_digit         c_w.l(__printf_wp.o)
    0x00009e66   0x00000002   PAD
    0x00009e68   0x00000034   Code   RO         1002    i.add_server_id     TCP_CM3.lib(at_http.o)
    0x00009e9c   0x000000b8   Code   RO         1216    i.alloc_mem         TCP_CM3.lib(at_mem.o)
    0x00009f54   0x000000b8   Code   RO         1287    i.arp_cache_add     TCP_CM3.lib(at_arp.o)
    0x0000a00c   0x00000088   Code   RO         1288    i.arp_cache_alloc   TCP_CM3.lib(at_arp.o)
    0x0000a094   0x00000098   Code   RO         1289    i.arp_cache_early   TCP_CM3.lib(at_arp.o)
    0x0000a12c   0x000000b4   Code   RO         1290    i.arp_cache_find    TCP_CM3.lib(at_arp.o)
    0x0000a1e0   0x000000f4   Code   RO         1293    i.arp_cache_update  TCP_CM3.lib(at_arp.o)
    0x0000a2d4   0x0000002c   Code   RO         1296    i.arp_init          TCP_CM3.lib(at_arp.o)
    0x0000a300   0x00000034   Code   RO         1297    i.arp_is_cacheable  TCP_CM3.lib(at_arp.o)
    0x0000a334   0x00000028   Code   RO         1298    i.arp_notify        TCP_CM3.lib(at_arp.o)
    0x0000a35c   0x00000014   Code   RO         1299    i.arp_probe         TCP_CM3.lib(at_arp.o)
    0x0000a370   0x00000088   Code   RO         1300    i.arp_proc_response  TCP_CM3.lib(at_arp.o)
    0x0000a3f8   0x00000138   Code   RO         1301    i.arp_process       TCP_CM3.lib(at_arp.o)
    0x0000a530   0x000000a0   Code   RO         1302    i.arp_send_reply    TCP_CM3.lib(at_arp.o)
    0x0000a5d0   0x000000b8   Code   RO         1303    i.arp_send_request  TCP_CM3.lib(at_arp.o)
    0x0000a688   0x0000001c   Code   RO         1217    i.avail_mem         TCP_CM3.lib(at_mem.o)
    0x0000a6a4   0x00000078   Code   RO         1167    i.b64_to_asc        TCP_CM3.lib(at_lib.o)
    0x0000a71c   0x00000012   Code   RO         1169    i.calc_chksum16be   TCP_CM3.lib(at_lib.o)
    0x0000a72e   0x00000002   PAD
    0x0000a730   0x000001cc   Code   RO         1004    i.chk_post_req      TCP_CM3.lib(at_http.o)
    0x0000a8fc   0x00000028   Code   RO         1170    i.chksum16_buf      TCP_CM3.lib(at_lib.o)
    0x0000a924   0x0000000a   Code   RO         1171    i.chksum16_val      TCP_CM3.lib(at_lib.o)
    0x0000a92e   0x00000014   Code   RO         1101    i.close_file        TCP_CM3.lib(at_ftp.o)
    0x0000a942   0x0000001e   Code   RO         1005    i.cmp_fname_ext     TCP_CM3.lib(at_http.o)
    0x0000a960   0x00000028   Code   RO         1006    i.cmp_header        TCP_CM3.lib(at_http.o)
    0x0000a988   0x00000002   Code   RO         1082    i.dhcp_cbfunc       TCP_CM3.lib(at_dhcp.o)
    0x0000a98a   0x00000002   PAD
    0x0000a98c   0x00000050   Code   RO         1084    i.dhcp_init         TCP_CM3.lib(at_dhcp.o)
    0x0000a9dc   0x000001fc   Code   RO         1085    i.dhcp_listener     TCP_CM3.lib(at_dhcp.o)
    0x0000abd8   0x000001c4   Code   RO         1086    i.dhcp_run_client   TCP_CM3.lib(at_dhcp.o)
    0x0000ad9c   0x00000210   Code   RO         1087    i.dhcp_send_message  TCP_CM3.lib(at_dhcp.o)
    0x0000afac   0x000000aa   Code   RO         1495    i.efs_AllocBlock    FS_CM3.lib(fs_efs.o)
    0x0000b056   0x0000005e   Code   RO         1496    i.efs_BlockFull     FS_CM3.lib(fs_efs.o)
    0x0000b0b4   0x00000038   Code   RO         1497    i.efs_BlockInvalid  FS_CM3.lib(fs_efs.o)
    0x0000b0ec   0x0000002e   Code   RO         1498    i.efs_InitBlock     FS_CM3.lib(fs_efs.o)
    0x0000b11a   0x0000002a   Code   RO         1499    i.efs_ReadBlock     FS_CM3.lib(fs_efs.o)
    0x0000b144   0x0000002a   Code   RO         1500    i.efs_WriteBlock    FS_CM3.lib(fs_efs.o)
    0x0000b16e   0x00000164   Code   RO         1503    i.efs_create        FS_CM3.lib(fs_efs.o)
    0x0000b2d2   0x000000a0   Code   RO         1505    i.efs_delete        FS_CM3.lib(fs_efs.o)
    0x0000b372   0x0000005e   Code   RO         1506    i.efs_ensure        FS_CM3.lib(fs_efs.o)
    0x0000b3d0   0x000000ca   Code   RO         1507    i.efs_ffind         FS_CM3.lib(fs_efs.o)
    0x0000b49a   0x000000b6   Code   RO         1508    i.efs_find          FS_CM3.lib(fs_efs.o)
    0x0000b550   0x0000004e   Code   RO         1509    i.efs_format        FS_CM3.lib(fs_efs.o)
    0x0000b59e   0x00000002   PAD
    0x0000b5a0   0x000000a4   Code   RO         1511    i.efs_fsize         FS_CM3.lib(fs_efs.o)
    0x0000b644   0x0000005c   Code   RO         1512    i.efs_get_freeID    FS_CM3.lib(fs_efs.o)
    0x0000b6a0   0x00000044   Code   RO         1513    i.efs_get_freeMem   FS_CM3.lib(fs_efs.o)
    0x0000b6e4   0x00000034   Code   RO         1514    i.efs_is_busy       FS_CM3.lib(fs_efs.o)
    0x0000b718   0x00000092   Code   RO         1515    i.efs_mark_fileMem  FS_CM3.lib(fs_efs.o)
    0x0000b7aa   0x00000048   Code   RO         1516    i.efs_mark_freeMem  FS_CM3.lib(fs_efs.o)
    0x0000b7f2   0x00000024   Code   RO         1517    i.efs_rd_alloc      FS_CM3.lib(fs_efs.o)
    0x0000b816   0x00000020   Code   RO         1518    i.efs_rd_sig        FS_CM3.lib(fs_efs.o)
    0x0000b836   0x00000066   Code   RO         1519    i.efs_read          FS_CM3.lib(fs_efs.o)
    0x0000b89c   0x00000062   Code   RO         1520    i.efs_rename        FS_CM3.lib(fs_efs.o)
    0x0000b8fe   0x00000002   PAD
    0x0000b900   0x000000d2   Code   RO         1521    i.efs_seek          FS_CM3.lib(fs_efs.o)
    0x0000b9d2   0x00000044   Code   RO         1522    i.efs_wclose        FS_CM3.lib(fs_efs.o)
    0x0000ba16   0x000000dc   Code   RO         1523    i.efs_write         FS_CM3.lib(fs_efs.o)
    0x0000baf2   0x00000002   PAD
    0x0000baf4   0x00000010   Code   RO         1152    i.eth_chk_adr       TCP_CM3.lib(at_ethernet.o)
    0x0000bb04   0x00000034   Code   RO         1154    i.eth_init_link     TCP_CM3.lib(at_ethernet.o)
    0x0000bb38   0x000000d4   Code   RO         1155    i.eth_run_link      TCP_CM3.lib(at_ethernet.o)
    0x0000bc0c   0x000000a8   Code   RO         1156    i.eth_send_frame    TCP_CM3.lib(at_ethernet.o)
    0x0000bcb4   0x00000060   Code   RO         1258    i.fdelete           FS_CM3.lib(fs_mapi.o)
    0x0000bd14   0x000001c0   Code   RO         1259    i.ffind             FS_CM3.lib(fs_mapi.o)
    0x0000bed4   0x00000084   Code   RO         1260    i.fformat           FS_CM3.lib(fs_mapi.o)
    0x0000bf58   0x00000018   Code   RO         1870    i.fgetc             c_w.l(fgetc.o)
    0x0000bf70   0x0000007c   Code   RO         1263    i.finit             FS_CM3.lib(fs_mapi.o)
    0x0000bfec   0x0000001e   Code   RO         1559    i.fn_cmp            FS_CM3.lib(fs_lib.o)
    0x0000c00a   0x0000001a   Code   RO         1874    i.fputc             c_w.l(fputc.o)
    0x0000c024   0x00000084   Code   RO         1218    i.free_mem          TCP_CM3.lib(at_mem.o)
    0x0000c0a8   0x00000014   Code   RO         1102    i.free_name         TCP_CM3.lib(at_ftp.o)
    0x0000c0bc   0x00000078   Code   RO         1264    i.frename           FS_CM3.lib(fs_mapi.o)
    0x0000c134   0x00000070   Code   RO         1265    i.fs_cfg_drv        FS_CM3.lib(fs_mapi.o)
    0x0000c1a4   0x00000040   Code   RO         1562    i.fs_efs_lock       FS_CM3.lib(fs_lib.o)
    0x0000c1e4   0x00000038   Code   RO         1565    i.fs_find_iob       FS_CM3.lib(fs_lib.o)
    0x0000c21c   0x00000078   Code   RO         1566    i.fs_map_drive      FS_CM3.lib(fs_lib.o)
    0x0000c294   0x0000001a   Code   RO         1567    i.fs_no_path        FS_CM3.lib(fs_lib.o)
    0x0000c2ae   0x00000018   Code   RO         1568    i.fs_strpos         FS_CM3.lib(fs_lib.o)
    0x0000c2c6   0x00000004   Code   RO         1103    i.ftp_accept_host   TCP_CM3.lib(at_ftp.o)
    0x0000c2ca   0x00000002   PAD
    0x0000c2cc   0x000000c8   Code   RO         1105    i.ftp_data_cb       TCP_CM3.lib(at_ftp.o)
    0x0000c394   0x00000002   Code   RO         1106    i.ftp_evt_notify    TCP_CM3.lib(at_ftp.o)
    0x0000c396   0x00000004   Code   RO         1107    i.ftp_file_access   TCP_CM3.lib(at_ftp.o)
    0x0000c39a   0x00000002   PAD
    0x0000c39c   0x00000020   Code   RO         1108    i.ftp_get_user_id   TCP_CM3.lib(at_ftp.o)
    0x0000c3bc   0x00000064   Code   RO         1109    i.ftp_init          TCP_CM3.lib(at_ftp.o)
    0x0000c420   0x00000044   Code   RO         1110    i.ftp_kill_session  TCP_CM3.lib(at_ftp.o)
    0x0000c464   0x00000568   Code   RO         1111    i.ftp_listener      TCP_CM3.lib(at_ftp.o)
    0x0000c9cc   0x00000034   Code   RO         1112    i.ftp_map_session   TCP_CM3.lib(at_ftp.o)
    0x0000ca00   0x0000071c   Code   RO         1113    i.ftp_run_server    TCP_CM3.lib(at_ftp.o)
    0x0000d11c   0x00000028   Code   RO         1173    i.get_crc32         TCP_CM3.lib(at_lib.o)
    0x0000d144   0x00000068   Code   RO         1007    i.get_file_type     TCP_CM3.lib(at_http.o)
    0x0000d1ac   0x00000028   Code   RO         1114    i.get_fname         TCP_CM3.lib(at_ftp.o)
    0x0000d1d4   0x00000028   Code   RO         1008    i.get_next_field    TCP_CM3.lib(at_http.o)
    0x0000d1fc   0x00000032   Code   RO         1009    i.get_next_par      TCP_CM3.lib(at_http.o)
    0x0000d22e   0x00000002   PAD
    0x0000d230   0x0000001c   Code   RO         1230    i.get_rnd32         TCP_CM3.lib(at_system.o)
    0x0000d24c   0x00000012   Code   RO         1010    i.hex2byte          TCP_CM3.lib(at_http.o)
    0x0000d25e   0x00000004   Code   RO         1011    i.http_accept_host  TCP_CM3.lib(at_http.o)
    0x0000d262   0x00000002   PAD
    0x0000d264   0x000002fc   Code   RO         1012    i.http_add_header   TCP_CM3.lib(at_http.o)
    0x0000d560   0x00000074   Code   RO         1014    i.http_date         TCP_CM3.lib(at_http.o)
    0x0000d5d4   0x00000004   Code   RO         1015    i.http_encoding     TCP_CM3.lib(at_http.o)
    0x0000d5d8   0x00000188   Code   RO         1016    i.http_error_msg    TCP_CM3.lib(at_http.o)
    0x0000d760   0x00000024   Code   RO         1022    i.http_get_user_id  TCP_CM3.lib(at_http.o)
    0x0000d784   0x0000006c   Code   RO         1023    i.http_get_var      TCP_CM3.lib(at_http.o)
    0x0000d7f0   0x00000050   Code   RO         1024    i.http_init         TCP_CM3.lib(at_http.o)
    0x0000d840   0x0000005e   Code   RO         1025    i.http_kill_session  TCP_CM3.lib(at_http.o)
    0x0000d89e   0x00000002   PAD
    0x0000d8a0   0x00000224   Code   RO         1026    i.http_listener     TCP_CM3.lib(at_http.o)
    0x0000dac4   0x00000120   Code   RO         1027    i.http_open_file    TCP_CM3.lib(at_http.o)
    0x0000dbe4   0x00000154   Code   RO         1028    i.http_proc_header  TCP_CM3.lib(at_http.o)
    0x0000dd38   0x0000017c   Code   RO         1029    i.http_proc_multipart  TCP_CM3.lib(at_http.o)
    0x0000deb4   0x000000f8   Code   RO         1030    i.http_proc_post    TCP_CM3.lib(at_http.o)
    0x0000dfac   0x0000033c   Code   RO         1031    i.http_run_server   TCP_CM3.lib(at_http.o)
    0x0000e2e8   0x0000001e   Code   RO         1032    i.http_strcpy       TCP_CM3.lib(at_http.o)
    0x0000e306   0x00000002   PAD
    0x0000e308   0x000000a8   Code   RO         1033    i.http_to_utc       TCP_CM3.lib(at_http.o)
    0x0000e3b0   0x00000010   Code   RO          899    i.icmp_init         TCP_CM3.lib(at_icmp.o)
    0x0000e3c0   0x000000cc   Code   RO          901    i.icmp_process      TCP_CM3.lib(at_icmp.o)
    0x0000e48c   0x00000048   Code   RO          902    i.icmp_run_engine   TCP_CM3.lib(at_icmp.o)
    0x0000e4d4   0x00000070   Code   RO          903    i.icmp_send_message  TCP_CM3.lib(at_icmp.o)
    0x0000e544   0x00000038   Code   RO         1219    i.ifree_mem         TCP_CM3.lib(at_mem.o)
    0x0000e57c   0x00000030   Code   RO         1231    i.init_TcpNet       TCP_CM3.lib(at_system.o)
    0x0000e5ac   0x000000d2   Code   RO         1268    i.init_drv          FS_CM3.lib(fs_mapi.o)
    0x0000e67e   0x00000002   PAD
    0x0000e680   0x00000060   Code   RO         1220    i.init_mem          TCP_CM3.lib(at_mem.o)
    0x0000e6e0   0x000000c8   Code   RO          885    i.ip_chk_frame      TCP_CM3.lib(at_ip.o)
    0x0000e7a8   0x0000000a   Code   RO          886    i.ip_get_chksum     TCP_CM3.lib(at_ip.o)
    0x0000e7b2   0x00000002   PAD
    0x0000e7b4   0x000000b8   Code   RO          887    i.ip_get_locadr     TCP_CM3.lib(at_ip.o)
    0x0000e86c   0x0000000c   Code   RO          888    i.ip_init           TCP_CM3.lib(at_ip.o)
    0x0000e878   0x0000005c   Code   RO          889    i.ip_run_local      TCP_CM3.lib(at_ip.o)
    0x0000e8d4   0x00000150   Code   RO          890    i.ip_send_frame     TCP_CM3.lib(at_ip.o)
    0x0000ea24   0x00000030   Code   RO         1115    i.is_ffind_busy     TCP_CM3.lib(at_ftp.o)
    0x0000ea54   0x00000014   Code   RO         1174    i.is_subnet         TCP_CM3.lib(at_lib.o)
    0x0000ea68   0x00000064   Code   RO         1232    i.main_TcpNet       TCP_CM3.lib(at_system.o)
    0x0000eacc   0x00000080   Code   RO         1116    i.make_path         TCP_CM3.lib(at_ftp.o)
    0x0000eb4c   0x00000018   Code   RO         1175    i.mem_comp          TCP_CM3.lib(at_lib.o)
    0x0000eb64   0x00000016   Code   RO         1176    i.mem_copy          TCP_CM3.lib(at_lib.o)
    0x0000eb7a   0x00000020   Code   RO         1177    i.mem_crc32         TCP_CM3.lib(at_lib.o)
    0x0000eb9a   0x0000000a   Code   RO         1179    i.mem_set           TCP_CM3.lib(at_lib.o)
    0x0000eba4   0x00000014   Code   RO         1180    i.mem_test          TCP_CM3.lib(at_lib.o)
    0x0000ebb8   0x00000028   Code   RO         1076    i.nbns_init         TCP_CM3.lib(at_nbns.o)
    0x0000ebe0   0x00000160   Code   RO         1077    i.nbns_listener     TCP_CM3.lib(at_nbns.o)
    0x0000ed40   0x00000016   Code   RO         1182    i.nrd_u32be         TCP_CM3.lib(at_lib.o)
    0x0000ed56   0x00000008   Code   RO         1183    i.nwr_u16be         TCP_CM3.lib(at_lib.o)
    0x0000ed5e   0x00000010   Code   RO         1184    i.nwr_u32be         TCP_CM3.lib(at_lib.o)
    0x0000ed6e   0x00000020   Code   RO         1117    i.path_dir_up       TCP_CM3.lib(at_ftp.o)
    0x0000ed8e   0x00000002   PAD
    0x0000ed90   0x00000068   Code   RO         1088    i.proc_opt_renew    TCP_CM3.lib(at_dhcp.o)
    0x0000edf8   0x000000e0   Code   RO         1089    i.proc_opt_req      TCP_CM3.lib(at_dhcp.o)
    0x0000eed8   0x00000034   Code   RO         1090    i.proc_opt_sel      TCP_CM3.lib(at_dhcp.o)
    0x0000ef0c   0x00000028   Code   RO         1034    i.proc_req_line     TCP_CM3.lib(at_http.o)
    0x0000ef34   0x00000028   Code   RO         1157    i.put_in_queue      TCP_CM3.lib(at_ethernet.o)
    0x0000ef5c   0x000000a0   Code   RO         1035    i.read_script_line  TCP_CM3.lib(at_http.o)
    0x0000effc   0x00000048   Code   RO         1221    i.resize_mem        TCP_CM3.lib(at_mem.o)
    0x0000f044   0x0000004c   Code   RO         1036    i.search_delim      TCP_CM3.lib(at_http.o)
    0x0000f090   0x0000004c   Code   RO         1118    i.set_mask          TCP_CM3.lib(at_ftp.o)
    0x0000f0dc   0x00000084   Code   RO         1139    i.sntp_get_time     TCP_CM3.lib(at_sntp.o)
    0x0000f160   0x00000024   Code   RO         1140    i.sntp_init         TCP_CM3.lib(at_sntp.o)
    0x0000f184   0x00000084   Code   RO         1141    i.sntp_listener     TCP_CM3.lib(at_sntp.o)
    0x0000f208   0x00000050   Code   RO         1142    i.sntp_run_client   TCP_CM3.lib(at_sntp.o)
    0x0000f258   0x00000030   Code   RO         1143    i.sntp_send_message  TCP_CM3.lib(at_sntp.o)
    0x0000f288   0x00000018   Code   RO         1144    i.sntp_stop         TCP_CM3.lib(at_sntp.o)
    0x0000f2a0   0x00000012   Code   RO         1185    i.str_copy          TCP_CM3.lib(at_lib.o)
    0x0000f2b2   0x0000001a   Code   RO         1186    i.str_crc32         TCP_CM3.lib(at_lib.o)
    0x0000f2cc   0x00000016   Code   RO         1187    i.str_pos           TCP_CM3.lib(at_lib.o)
    0x0000f2e2   0x0000001a   Code   RO         1188    i.str_scomp         TCP_CM3.lib(at_lib.o)
    0x0000f2fc   0x0000002e   Code   RO         1189    i.str_ucomp         TCP_CM3.lib(at_lib.o)
    0x0000f32a   0x0000001a   Code   RO         1190    i.str_up_case       TCP_CM3.lib(at_lib.o)
    0x0000f344   0x00000050   Code   RO          910    i.tcp_abort         TCP_CM3.lib(at_tcp.o)
    0x0000f394   0x0000009c   Code   RO          912    i.tcp_close         TCP_CM3.lib(at_tcp.o)
    0x0000f430   0x000000b4   Code   RO          913    i.tcp_connect       TCP_CM3.lib(at_tcp.o)
    0x0000f4e4   0x00000020   Code   RO          915    i.tcp_get_buf       TCP_CM3.lib(at_tcp.o)
    0x0000f504   0x00000044   Code   RO          916    i.tcp_get_free_port  TCP_CM3.lib(at_tcp.o)
    0x0000f548   0x0000004c   Code   RO          917    i.tcp_get_socket    TCP_CM3.lib(at_tcp.o)
    0x0000f594   0x00000024   Code   RO          918    i.tcp_get_state     TCP_CM3.lib(at_tcp.o)
    0x0000f5b8   0x00000018   Code   RO          919    i.tcp_init          TCP_CM3.lib(at_tcp.o)
    0x0000f5d0   0x0000006c   Code   RO          921    i.tcp_listen        TCP_CM3.lib(at_tcp.o)
    0x0000f63c   0x00000098   Code   RO          922    i.tcp_map_socket    TCP_CM3.lib(at_tcp.o)
    0x0000f6d4   0x00000024   Code   RO          923    i.tcp_max_dsize     TCP_CM3.lib(at_tcp.o)
    0x0000f6f8   0x0000005e   Code   RO          925    i.tcp_parse_opt     TCP_CM3.lib(at_tcp.o)
    0x0000f756   0x00000002   PAD
    0x0000f758   0x00000284   Code   RO          926    i.tcp_poll_sockets  TCP_CM3.lib(at_tcp.o)
    0x0000f9dc   0x000000c8   Code   RO          927    i.tcp_proc_acknr    TCP_CM3.lib(at_tcp.o)
    0x0000faa4   0x00000052   Code   RO          928    i.tcp_proc_dupack   TCP_CM3.lib(at_tcp.o)
    0x0000faf6   0x00000002   PAD
    0x0000faf8   0x000004b8   Code   RO          929    i.tcp_process       TCP_CM3.lib(at_tcp.o)
    0x0000ffb0   0x0000001a   Code   RO          930    i.tcp_que_free      TCP_CM3.lib(at_tcp.o)
    0x0000ffca   0x0000001a   Code   RO          931    i.tcp_que_init      TCP_CM3.lib(at_tcp.o)
    0x0000ffe4   0x00000094   Code   RO          932    i.tcp_que_resend    TCP_CM3.lib(at_tcp.o)
    0x00010078   0x0000002c   Code   RO          934    i.tcp_reset_tout    TCP_CM3.lib(at_tcp.o)
    0x000100a4   0x000000d4   Code   RO          936    i.tcp_send          TCP_CM3.lib(at_tcp.o)
    0x00010178   0x0000006a   Code   RO          937    i.tcp_send_ctrl     TCP_CM3.lib(at_tcp.o)
    0x000101e2   0x00000050   Code   RO          938    i.tcp_send_data     TCP_CM3.lib(at_tcp.o)
    0x00010232   0x00000068   Code   RO          939    i.tcp_send_reset    TCP_CM3.lib(at_tcp.o)
    0x0001029a   0x00000026   Code   RO          940    i.tcp_set_cwnd      TCP_CM3.lib(at_tcp.o)
    0x000102c0   0x00000068   Code   RO          941    i.tcp_transit       TCP_CM3.lib(at_tcp.o)
    0x00010328   0x000000c4   Code   RO          942    i.tcp_write         TCP_CM3.lib(at_tcp.o)
    0x000103ec   0x00000014   Code   RO         1233    i.timer_tick        TCP_CM3.lib(at_system.o)
    0x00010400   0x0000002c   Code   RO          977    i.udp_close         TCP_CM3.lib(at_udp.o)
    0x0001042c   0x00000020   Code   RO          979    i.udp_get_buf       TCP_CM3.lib(at_udp.o)
    0x0001044c   0x00000044   Code   RO          980    i.udp_get_socket    TCP_CM3.lib(at_udp.o)
    0x00010490   0x00000018   Code   RO          981    i.udp_init          TCP_CM3.lib(at_udp.o)
    0x000104a8   0x00000068   Code   RO          984    i.udp_open          TCP_CM3.lib(at_udp.o)
    0x00010510   0x0000002c   Code   RO          985    i.udp_port_in_use   TCP_CM3.lib(at_udp.o)
    0x0001053c   0x000000b8   Code   RO          986    i.udp_process       TCP_CM3.lib(at_udp.o)
    0x000105f4   0x0000011c   Code   RO          988    i.udp_send          TCP_CM3.lib(at_udp.o)
    0x00010710   0x000000e0   Code   RO         1037    i.utc_to_http       TCP_CM3.lib(at_http.o)
    0x000107f0   0x0000002c   Code   RO         1897    locale$$code        c_w.l(lc_time_c.o)
    0x0001081c   0x0000002c   Code   RO         2067    locale$$code        c_w.l(lc_ctype_c.o)
    0x00010848   0x0000002c   Code   RO         2148    locale$$code        c_w.l(lc_numeric_c.o)
    0x00010874   0x00000004   Code   RO         2021    x$fpl$printf1       fz_ws.l(printf1.o)
    0x00010878   0x00000004   Code   RO         2023    x$fpl$printf2       fz_ws.l(printf2.o)
    0x0001087c   0x00000000   Code   RO         2160    x$fpl$usenofp       fz_ws.l(usenofp.o)
    0x0001087c   0x00000f12   Data   RO          193    .constdata          http_cgi.o
    0x0001178e   0x00000002   PAD
    0x00011790   0x00000004   Data   RO          245    .constdata          web.o
    0x00011794   0x00003853   Data   RO          246    .constdata          web.o
    0x00014fe7   0x00000001   PAD
    0x00014fe8   0x00000068   Data   RO          247    .constdata          web.o
    0x00015050   0x00000056   Data   RO          284    .constdata          http_err.o
    0x000150a6   0x00000051   Data   RO          285    .constdata          http_err.o
    0x000150f7   0x0000004e   Data   RO          286    .constdata          http_err.o
    0x00015145   0x0000004b   Data   RO          287    .constdata          http_err.o
    0x00015190   0x0000002f   Data   RO          288    .constdata          http_err.o
    0x000151bf   0x0000006e   Data   RO          289    .constdata          http_err.o
    0x0001522d   0x0000003c   Data   RO          407    .constdata          net_config.o
    0x00015269   0x00000003   PAD
    0x0001526c   0x00000010   Data   RO          408    .constdata          net_config.o
    0x0001527c   0x0000000c   Data   RO          409    .constdata          net_config.o
    0x00015288   0x00000008   Data   RO          410    .constdata          net_config.o
    0x00015290   0x00000008   Data   RO          411    .constdata          net_config.o
    0x00015298   0x00000018   Data   RO          412    .constdata          net_config.o
    0x000152b0   0x00000018   Data   RO          413    .constdata          net_config.o
    0x000152c8   0x00000018   Data   RO          414    .constdata          net_config.o
    0x000152e0   0x00000005   Data   RO          415    .constdata          net_config.o
    0x000152e5   0x00000001   PAD
    0x000152e6   0x00000002   Data   RO          442    .constdata          file_config.o
    0x000152e8   0x00000002   Data   RO          443    .constdata          file_config.o
    0x000152ea   0x00000002   PAD
    0x000152ec   0x00000200   Data   RO          445    .constdata          file_config.o
    0x000154ec   0x00000008   Data   RO          446    .constdata          file_config.o
    0x000154f4   0x00000018   Data   RO          478    .constdata          fs_spi_flashprg.o
    0x0001550c   0x00000006   Data   RO          493    .constdata          retarget.o
    0x00015512   0x00000007   Data   RO          494    .constdata          retarget.o
    0x00015519   0x00000007   Data   RO          495    .constdata          retarget.o
    0x00015520   0x0000000c   Data   RO          626    .constdata          i2c.o
    0x0001552c   0x00000020   Data   RO          656    .constdata          spi_lpc17xx.o
    0x0001554c   0x00000008   Data   RO          891    .constdata          TCP_CM3.lib(at_ip.o)
    0x00015554   0x000000f4   Data   RO         1038    .constdata          TCP_CM3.lib(at_http.o)
    0x00015648   0x00000008   Data   RO         1078    .constdata          TCP_CM3.lib(at_nbns.o)
    0x00015650   0x000001eb   Data   RO         1119    .constdata          TCP_CM3.lib(at_ftp.o)
    0x0001583b   0x00000006   Data   RO         1159    .constdata          TCP_CM3.lib(at_ethernet.o)
    0x00015841   0x00000006   Data   RO         1304    .constdata          TCP_CM3.lib(at_arp.o)
    0x00015847   0x00000001   PAD
    0x00015848   0x00000008   Data   RO         1684    .constdata          c_w.l(_printf_wctomb.o)
    0x00015850   0x00000028   Data   RO         1711    .constdata          c_w.l(_printf_hex_int_ll_ptr.o)
    0x00015878   0x00000011   Data   RO         1731    .constdata          c_w.l(__printf_flags_ss_wp.o)
    0x00015889   0x0000000c   Data   RO         1899    .constdata          c_w.l(_monlen.o)
    0x00015895   0x00000026   Data   RO         2040    .constdata          c_w.l(_printf_fp_hex.o)
    0x000158bb   0x00000001   PAD
    0x000158bc   0x00000094   Data   RO         2119    .constdata          c_w.l(bigflt0.o)
    0x00015950   0x0000000e   Data   RO          416    .conststring        net_config.o
    0x0001595e   0x00000018   Data   RO          417    .conststring        net_config.o
    0x00015976   0x0000000b   Data   RO          418    .conststring        net_config.o
    0x00015981   0x0000002c   Data   RO          759    .conststring        settings.o
    0x000159ad   0x00000003   PAD
    0x000159b0   0x00000020   Data   RO         2187    Region$$Table       anon$$obj.o
    0x000159d0   0x00000178   Data   RO         1896    locale$$data        c_w.l(lc_time_c.o)
    0x00015b48   0x00000110   Data   RO         2066    locale$$data        c_w.l(lc_ctype_c.o)
    0x00015c58   0x0000001c   Data   RO         2147    locale$$data        c_w.l(lc_numeric_c.o)


    Execution Region RW_IRAM1 (Base: 0x10000000, Size: 0x00006f08, Max: 0x00008000, ABSOLUTE, COMPRESSED[0x0000004c])

    Base Addr    Size         Type   Attr      Idx    E Section Name        Object

    0x10000000   0x00000038   Data   RW            5    .data               main.o
    0x10000038   0x00000008   Data   RW          194    .data               http_cgi.o
    0x10000040   0x00000004   Data   RW          370    .data               tcp_users.o
    0x10000044   0x00000010   Data   RW          419    .data               net_config.o
    0x10000054   0x00000006   Data   RW          420    .data               net_config.o
    0x1000005a   0x00000014   Data   RW          421    .data               net_config.o
    0x1000006e   0x00000014   Data   RW          422    .data               net_config.o
    0x10000082   0x00000002   PAD
    0x10000084   0x00000008   Data   RW          523    .data               adc.o
    0x1000008c   0x00000008   Data   RW          581    .data               emac_dp83848.o
    0x10000094   0x00000018   Data   RW          627    .data               i2c.o
    0x100000ac   0x00000004   Data   RW          678    .data               system_lpc17xx.o
    0x100000b0   0x00000014   Data   RW          709    .data               uart.o
    0x100000c4   0x0000002c   Data   RW          760    .data               settings.o
    0x100000f0   0x00000004   Data   RW          784    .data               rtc.o
    0x100000f4   0x00000010   Data   RW          808    .data               sntp.o
    0x10000104   0x0000000c   Data   RW          892    .data               TCP_CM3.lib(at_ip.o)
    0x10000110   0x00000004   Data   RW          943    .data               TCP_CM3.lib(at_tcp.o)
    0x10000114   0x00000002   Data   RW          989    .data               TCP_CM3.lib(at_udp.o)
    0x10000116   0x00000002   PAD
    0x10000118   0x0000000c   Data   RW         1039    .data               TCP_CM3.lib(at_http.o)
    0x10000124   0x00000001   Data   RW         1079    .data               TCP_CM3.lib(at_nbns.o)
    0x10000125   0x00000003   Data   RW         1120    .data               TCP_CM3.lib(at_ftp.o)
    0x10000128   0x00000001   Data   RW         1270    .data               FS_CM3.lib(fs_mapi.o)
    0x10000129   0x00000003   PAD
    0x1000012c   0x00000008   Data   RW         1305    .data               TCP_CM3.lib(at_arp.o)
    0x10000134   0x00000004   Data   RW         1885    .data               c_w.l(stdio_streams.o)
    0x10000138   0x00000004   Data   RW         1886    .data               c_w.l(stdio_streams.o)
    0x1000013c   0x00000004   Data   RW         1887    .data               c_w.l(stdio_streams.o)
    0x10000140   0x000000e6   Zero   RW            4    .bss                main.o
    0x10000226   0x00000002   PAD
    0x10000228   0x00000220   Zero   RW          192    .bss                http_cgi.o
    0x10000448   0x00000110   Zero   RW          259    .bss                ftp_uif.o
    0x10000558   0x0000015c   Zero   RW          369    .bss                tcp_users.o
    0x100006b4   0x00002000   Zero   RW          401    .bss                net_config.o
    0x100026b4   0x0000008c   Zero   RW          402    .bss                net_config.o
    0x10002740   0x0000003c   Zero   RW          403    .bss                net_config.o
    0x1000277c   0x00000550   Zero   RW          404    .bss                net_config.o
    0x10002ccc   0x00000138   Zero   RW          405    .bss                net_config.o
    0x10002e04   0x00000038   Zero   RW          406    .bss                net_config.o
    0x10002e3c   0x00000120   Zero   RW          440    .bss                file_config.o
    0x10002f5c   0x00000024   Zero   RW          441    .bss                file_config.o
    0x10002f80   0x00000020   Zero   RW          522    .bss                adc.o
    0x10002fa0   0x00002a64   Zero   RW          580    .bss                emac_dp83848.o
    0x10005a04   0x000001b0   Zero   RW          624    .bss                i2c.o
    0x10005bb4   0x00000080   Zero   RW          708    .bss                uart.o
    0x10005c34   0x000000f8   Zero   RW          834    .bss                admins.o
    0x10005d2c   0x00000330   Zero   RW          861    .bss                users.o
    0x1000605c   0x00000010   Zero   RW          904    .bss                TCP_CM3.lib(at_icmp.o)
    0x1000606c   0x00000020   Zero   RW         1091    .bss                TCP_CM3.lib(at_dhcp.o)
    0x1000608c   0x00000010   Zero   RW         1145    .bss                TCP_CM3.lib(at_sntp.o)
    0x1000609c   0x00000084   Zero   RW         1158    .bss                TCP_CM3.lib(at_ethernet.o)
    0x10006120   0x00000010   Zero   RW         1222    .bss                TCP_CM3.lib(at_mem.o)
    0x10006130   0x0000004c   Zero   RW         1234    .bss                TCP_CM3.lib(at_system.o)
    0x1000617c   0x0000002c   Zero   RW         1791    .bss                c_w.l(localtime.o)
    0x100061a8   0x00000054   Zero   RW         1882    .bss                c_w.l(stdio_streams.o)
    0x100061fc   0x00000054   Zero   RW         1883    .bss                c_w.l(stdio_streams.o)
    0x10006250   0x00000054   Zero   RW         1884    .bss                c_w.l(stdio_streams.o)
    0x100062a4   0x00000060   Zero   RW         1948    .bss                c_w.l(libspace.o)
    0x10006304   0x00000004   PAD
    0x10006308   0x00000800   Zero   RW          471    HEAP                startup_lpc17xx.o
    0x10006b08   0x00000400   Zero   RW          470    STACK               startup_lpc17xx.o


==============================================================================

Image component sizes


      Code (inc. data)   RO Data    RW Data    ZI Data      Debug   Object Name

       572         50          0          8         32      42450   adc.o
       808         52          0          0        248       5117   admins.o
      1112         60          0          8      10852      33262   emac_dp83848.o
       152         16        524          0        324       4739   file_config.o
       328          4         24          0          0       2417   fs_spi_flashprg.o
       720        164          0          0        272       9896   ftp_uif.o
       300         74          0          0          0        782   help.o
      4388       1058       3858          8        544      22781   http_cgi.o
         0          0        477          0          0        758   http_err.o
       108          4          0          0          0       1410   http_uif.o
      1304         72         12         24        432       5608   i2c.o
       624         20          0          0          0       1680   led_cube_8x8x8.o
      1146         62          0         56        230      31454   main.o
       100          0        230         62      10120       2965   net_config.o
       306          6          0          0          0       3755   protocol.o
       204         24         20          0          0       3577   retarget.o
       388         16          0          4          0       3005   rtc.o
       552         78         44         44          0       2337   settings.o
       232         14          0         16          0       1783   sntp.o
       360         16         32          0          0       2175   spi_lpc17xx.o
        64         26        204          0       3072        764   startup_lpc17xx.o
       368         32          0          4          0       1077   system_lpc17xx.o
       384         14          0          4        348      11102   tcp_users.o
       896         32          0          0          0       3233   tlc59116.o
       584         28          0         20        128       3192   uart.o
       960         26          0          0        816       5320   users.o
         0          0      14527          0          0        553   web.o

    ----------------------------------------------------------------------
     16964       1948      19996        260      27420     207192   Object Totals
         0          0         32          0          0          0   (incl. Generated)
         4          0         12          2          2          0   (incl. Padding)

    ----------------------------------------------------------------------

      Code (inc. data)   RO Data    RW Data    ZI Data      Debug   Library Member Name

      2882          8          0          0          0       2068   fs_efs.o
       320         28          0          0          0        448   fs_lib.o
      1242         70          0          1          0        604   fs_mapi.o
       688         58          0          0          0        564   fs_sys.o
      1844        144          6          8          0       1108   at_arp.o
      1950        104          0          0         32        720   at_dhcp.o
       488         58          6          0        132        404   at_ethernet.o
      4030        858        491          3          0       1324   at_ftp.o
      5722       1204        244         12          0       2284   at_http.o
       404         30          0          0         16        308   at_icmp.o
       834         56          8         12          0        520   at_ip.o
       566          6          0          0          0       1436   at_lib.o
       568         46          0          0         16        520   at_mem.o
       392         26          8          1          0        184   at_nbns.o
       452         58          0          0         16        472   at_sntp.o
       196         40          0          0         76        292   at_system.o
      4260        176          0          4          0       2240   at_tcp.o
       784         40          0          2          0        624   at_udp.o
        60          8          0          0          0         84   __0sscanf.o
        44          6          0          0          0         84   __2sprintf.o
        90          0          0          0          0          0   __dczerorl2.o
         8          0          0          0          0         68   __main.o
       396          6         17          0          0         92   __printf_flags_ss_wp.o
        14          0          0          0          0         68   __printf_wp.o
        52          8          0          0          0          0   __scatter.o
        28          0          0          0          0          0   __scatter_zi.o
        28          0          0          0          0         68   _chval.o
         0          0         12          0          0          0   _monlen.o
         6          0          0          0          0          0   _printf_a.o
         6          0          0          0          0          0   _printf_c.o
        44          0          0          0          0        108   _printf_char.o
        48          6          0          0          0         96   _printf_char_common.o
        42          0          0          0          0         68   _printf_charcount.o
         6          0          0          0          0          0   _printf_d.o
       120         18          0          0          0         92   _printf_dec.o
         6          0          0          0          0          0   _printf_e.o
         6          0          0          0          0          0   _printf_f.o
      1056          0          0          0          0        216   _printf_fp_dec.o
       768          8         38          0          0        100   _printf_fp_hex.o
       128         16          0          0          0         84   _printf_fp_infnan.o
         6          0          0          0          0          0   _printf_g.o
       156          6         40          0          0        160   _printf_hex_int_ll_ptr.o
         6          0          0          0          0          0   _printf_i.o
       184          0          0          0          0         88   _printf_intcommon.o
        10          0          0          0          0          0   _printf_l.o
         6          0          0          0          0          0   _printf_lc.o
        10          0          0          0          0          0   _printf_ll.o
         6          0          0          0          0          0   _printf_lld.o
         6          0          0          0          0          0   _printf_lli.o
         6          0          0          0          0          0   _printf_llo.o
         6          0          0          0          0          0   _printf_llu.o
         6          0          0          0          0          0   _printf_llx.o
       120         16          0          0          0         92   _printf_longlong_dec.o
         6          0          0          0          0          0   _printf_ls.o
         6          0          0          0          0          0   _printf_n.o
         6          0          0          0          0          0   _printf_o.o
       120          8          0          0          0        124   _printf_oct_int_ll.o
         6          0          0          0          0          0   _printf_p.o
        82          0          0          0          0        108   _printf_pad.o
         0          0          0          0          0          0   _printf_percent.o
         4          0          0          0          0          0   _printf_percent_end.o
         6          0          0          0          0          0   _printf_s.o
        82          0          0          0          0         80   _printf_str.o
        36          0          0          0          0         84   _printf_truncate.o
         6          0          0          0          0          0   _printf_u.o
        44          0          0          0          0        108   _printf_wchar.o
       188          6          8          0          0         92   _printf_wctomb.o
         6          0          0          0          0          0   _printf_x.o
       880          4          0          0          0        100   _scanf.o
       336          0          0          0          0         96   _scanf_int.o
        64          0          0          0          0         84   _sgetc.o
        10          0          0          0          0         68   _sputc.o
       158          0          0          0          0         92   _strtoul.o
        64          0          0          0          0         92   _wcrtomb.o
        26          0          0          0          0         80   atoi.o
       228          6        148          0          0         96   bigflt0.o
      1910        128          0          0          0        672   btod.o
        10          0          0          0          0         68   defsig_exit.o
        50          0          0          0          0         88   defsig_general.o
        80         58          0          0          0         76   defsig_rtmem_inner.o
        14          0          0          0          0         80   defsig_rtmem_outer.o
        52         38          0          0          0         76   defsig_rtred_inner.o
        14          0          0          0          0         80   defsig_rtred_outer.o
        12          0          0          0          0         72   exit.o
        76          0          0          0          0         88   fclose.o
         8          0          0          0          0         68   ferror.o
       100          4          0          0          0        120   fflush.o
        24          0          0          0          0         68   fgetc.o
        74          0          0          0          0         84   fgets.o
       576          0          0          0          0        132   filbuf.o
       478          0          0          0          0         88   flsbuf.o
        56          6          0          0          0         80   flushlinebuffered.o
       236          4          0          0          0        128   fopen.o
        26          0          0          0          0         68   fputc.o
        34          0          0          0          0         80   fputs.o
       284          0          0          0          0         96   freadfast.o
       248          6          0          0          0         84   fseek.o
        70          0          0          0          0         76   ftell.o
       192          0          0          0          0         88   fwritefast.o
        94          0          0          0          0         80   h1_alloc.o
        52          0          0          0          0         68   h1_extend.o
        78          0          0          0          0         80   h1_free.o
        14          0          0          0          0         84   h1_init.o
         6          0          0          0          0        152   heapauxi.o
         4          0          0          0          0        136   hguard.o
       138          0          0          0          0        168   init_alloc.o
       312         46          0          0          0        112   initio.o
        18          0          0          0          0         76   isspace.o
        44         10        272          0          0         76   lc_ctype_c.o
        44         10         28          0          0         76   lc_numeric_c.o
        44         10        376          0          0         76   lc_time_c.o
         2          0          0          0          0          0   libinit.o
        52          0          0          0          0          0   libinit2.o
         2          0          0          0          0          0   libshutdown.o
         6          0          0          0          0          0   libshutdown2.o
         8          4          0          0         96         68   libspace.o
       138          0          0          0          0         80   lludiv10.o
       238          0          0          0          0        100   lludivv7m.o
        12          6          0          0         44         68   localtime.o
       164          6          0          0          0         80   localtime_internal.o
         0          0          0          0          0          0   maybetermalloc1.o
       420          8          0          0          0        128   mktime.o
        16          4          0          0          0         76   rt_ctype_table.o
         8          4          0          0          0         68   rt_errno_addr_intlibspace.o
         8          4          0          0          0         68   rt_heap_descriptor_intlibspace.o
         8          4          0          0          0         68   rt_locale_intlibspace.o
        68          0          0          0          0         68   rt_memclr.o
        78          0          0          0          0         80   rt_memclr_w.o
       138          0          0          0          0         68   rt_memcpy_v6.o
       100          0          0          0          0         80   rt_memcpy_w.o
         0          0          0          0          0          0   rtentry.o
        12          0          0          0          0          0   rtentry2.o
         6          0          0          0          0          0   rtentry4.o
         2          0          0          0          0          0   rtexit.o
        10          0          0          0          0          0   rtexit2.o
        44          8          0          0          0         84   scanf_char.o
        70          0          0          0          0         80   setvbuf.o
        44          6          0          0          0         84   sprintf.o
       240          6          0          0          0        156   stdio.o
         0          0          0         12        252          0   stdio_streams.o
       128          0          0          0          0         68   strcmpv7m.o
        72          0          0          0          0         80   strcpy.o
       872        124          0          0          0        184   strftime.o
        62          0          0          0          0         76   strlen.o
        86          0          0          0          0         76   strncpy.o
       112          0          0          0          0         88   strtol.o
        74          0          0          0          0         80   sys_stackheap_outer.o
         2          0          0          0          0         68   use_no_semi.o
         4          0          0          0          0         68   printf1.o
         4          0          0          0          0         68   printf2.o
         0          0          0          0          0          0   usenofp.o
        40          0          0          0          0         68   fpclassify.o

    ----------------------------------------------------------------------
     42348       3636       1704         60        684      25164   Library Totals
        56          0          2          5          4          0   (incl. Padding)

    ----------------------------------------------------------------------

      Code (inc. data)   RO Data    RW Data    ZI Data      Debug   Library Name

      5132        164          0          1          0       3684   FS_CM3.lib
     22490       2846        763         42        288      12436   TCP_CM3.lib
     14622        626        939         12        392       8840   c_w.l
         8          0          0          0          0        136   fz_ws.l
        40          0          0          0          0         68   m_ws.l

    ----------------------------------------------------------------------
     42348       3636       1704         60        684      25164   Library Totals

    ----------------------------------------------------------------------

==============================================================================


      Code (inc. data)   RO Data    RW Data    ZI Data      Debug   

     59312       5584      21700        320      28104     214156   Grand Totals
     59312       5584      21700         76      28104     214156   ELF Image Totals (compressed)
     59312       5584      21700         76          0          0   ROM Totals

==============================================================================

    Total RO  Size (Code + RO Data)                81012 (  79.11kB)
    Total RW  Size (RW Data + ZI Data)             28424 (  27.76kB)
    Total ROM Size (Code + RO Data + RW Data)      81088 (  79.19kB)

==============================================================================

