ARM Linker, 5.03 [Build 76] [MDK-ARM Standard][RL-ARM]

==============================================================================

Section Cross References

    main.o(.text) refers to uart.o(.text) for UART_Init
    main.o(.text) refers to strlen.o(.text) for strlen
    main.o(.text) refers to led_cube_8x8x8.o(.text) for LED_CUBE_Timer
    main.o(.text) refers to system_lpc17xx.o(.text) for SystemInit
    main.o(.text) refers to led_cube_8x8x8_animations.o(.text) for LED_CUBE_Animation_String_belt
    main.o(.text) refers to main.o(.data) for .data
    main.o(.text) refers to system_lpc17xx.o(.data) for SystemCoreClock
    led_cube_8x8x8.o(.text) refers to delay.o(.text) for Delay_us
    led_cube_8x8x8.o(.text) refers to led_cube_8x8x8.o(.bss) for .bss
    led_cube_8x8x8.o(.text) refers to led_cube_8x8x8.o(.data) for .data
    led_cube_8x8x8.o(.text) refers to rand.o(.emb_text) for rand
    led_cube_8x8x8_animations.o(.text) refers to led_cube_8x8x8.o(.bss) for cube
    led_cube_8x8x8_animations.o(.text) refers to led_cube_8x8x8.o(.text) for LED_CUBE_Clear
    led_cube_8x8x8_animations.o(.text) refers to tolower.o(.text) for tolower
    led_cube_8x8x8_animations.o(.text) refers to delay.o(.text) for Delay_ms
    led_cube_8x8x8_animations.o(.text) refers to rand.o(.emb_text) for rand
    led_cube_8x8x8_animations.o(.text) refers to led_cube_8x8x8_translation.o(.text) for move_y_fwd
    led_cube_8x8x8_animations.o(.text) refers to led_cube_8x8x8_rotation.o(.text) for rotate_90_auto
    led_cube_8x8x8_animations.o(.text) refers to led_cube_8x8x8_animations.o(.data) for .data
    led_cube_8x8x8_translation.o(.text) refers to led_cube_8x8x8.o(.bss) for cube
    led_cube_8x8x8_rotation.o(.text) refers to led_cube_8x8x8.o(.text) for LED_CUBE_Clear
    led_cube_8x8x8_rotation.o(.text) refers to delay.o(.text) for Delay_ms
    led_cube_8x8x8_rotation.o(.text) refers to led_cube_8x8x8.o(.bss) for cube
    startup_lpc17xx.o(STACK) refers (Special) to heapauxi.o(.text) for __use_two_region_memory
    startup_lpc17xx.o(HEAP) refers (Special) to heapauxi.o(.text) for __use_two_region_memory
    startup_lpc17xx.o(RESET) refers (Special) to heapauxi.o(.text) for __use_two_region_memory
    startup_lpc17xx.o(RESET) refers to startup_lpc17xx.o(STACK) for __initial_sp
    startup_lpc17xx.o(RESET) refers to startup_lpc17xx.o(.text) for Reset_Handler
    startup_lpc17xx.o(RESET) refers to main.o(.text) for SysTick_Handler
    startup_lpc17xx.o(RESET) refers to uart.o(.text) for UART0_IRQHandler
    startup_lpc17xx.o(.text) refers (Special) to heapauxi.o(.text) for __use_two_region_memory
    startup_lpc17xx.o(.text) refers to system_lpc17xx.o(.text) for SystemInit
    startup_lpc17xx.o(.text) refers to __main.o(!!!main) for __main
    startup_lpc17xx.o(.text) refers to startup_lpc17xx.o(HEAP) for Heap_Mem
    startup_lpc17xx.o(.text) refers to startup_lpc17xx.o(STACK) for Stack_Mem
    help.o(.text) refers to _printf_percent.o(.ARM.Collect$$_printf_percent$$00000000) for _printf_percent
    help.o(.text) refers to _printf_d.o(.ARM.Collect$$_printf_percent$$00000009) for _printf_d
    help.o(.text) refers to _printf_dec.o(.text) for _printf_int_dec
    help.o(.text) refers to _printf_pad.o(.text) for _printf_pre_padding
    help.o(.text) refers to strlen.o(.text) for strlen
    help.o(.text) refers to h1_alloc.o(.text) for malloc
    help.o(.text) refers to strcpy.o(.text) for strcpy
    help.o(.text) refers to lludivv7m.o(.text) for __aeabi_uldivmod
    help.o(.text) refers to __2sprintf.o(.text) for __2sprintf
    system_lpc17xx.o(.text) refers to lludivv7m.o(.text) for __aeabi_uldivmod
    system_lpc17xx.o(.text) refers to system_lpc17xx.o(.data) for .data
    uart.o(.text) refers to system_lpc17xx.o(.data) for SystemCoreClock
    uart.o(.text) refers to uart.o(.data) for .data
    uart.o(.text) refers to uart.o(.bss) for .bss
    malloc.o(.text) refers (Special) to hguard.o(.text) for __heap$guard
    malloc.o(.text) refers (Special) to init_alloc.o(.text) for _init_alloc
    malloc.o(.text) refers to rt_heap_descriptor_intlibspace.o(.text) for __rt_heap_descriptor
    malloc.o(.text) refers to heapstubs.o(.text) for __Heap_Alloc
    h1_alloc.o(.text) refers (Special) to h1_init.o(.text) for __Heap_Initialize
    h1_alloc.o(.text) refers to rt_heap_descriptor_intlibspace.o(.text) for __rt_heap_descriptor
    h1_alloc.o(.text) refers to init_alloc.o(.text) for __Heap_Full
    h1_alloc_mt.o(.text) refers (Special) to h1_init.o(.text) for __Heap_Initialize
    h1_alloc_mt.o(.text) refers to init_alloc.o(.text) for __Heap_Full
    h1_alloc_mt.o(.text) refers to rt_heap_descriptor_intlibspace.o(.text) for __rt_heap_descriptor
    heap2.o(i._FDIterate) refers to heap2.o(.constdata) for .constdata
    heap2.o(i.___Heap_ProvideMemory$realtime) refers to fdtree.o(i._FDTree_Delete) for _FDTree_Delete
    heap2.o(i.___Heap_ProvideMemory$realtime) refers to fdtree.o(i._FDTree_Insert) for _FDTree_Insert
    heap2.o(i.___Heap_Stats$realtime) refers to heap2.o(i._Heap2_StatsIterate) for _Heap2_StatsIterate
    heap2.o(i.___Heap_Valid$realtime) refers to heap2.o(i._FDIterate) for _FDIterate
    heap2.o(i.___Heap_Valid$realtime) refers to heap2.o(.constdata) for .constdata
    heap2.o(i._free$realtime) refers to rt_heap_descriptor_intlibspace.o(.text) for __rt_heap_descriptor
    heap2.o(i._free$realtime) refers to fdtree.o(i._FDTree_Delete) for _FDTree_Delete
    heap2.o(i._free$realtime) refers to fdtree.o(i._FDTree_Insert) for _FDTree_Insert
    heap2.o(i._malloc$realtime) refers to rt_heap_descriptor_intlibspace.o(.text) for __rt_heap_descriptor
    heap2.o(i._malloc$realtime) refers to fdtree.o(i._FDTree_FindFirst) for _FDTree_FindFirst
    heap2.o(i._malloc$realtime) refers to init_alloc.o(.text) for __Heap_Full
    heap2.o(i._malloc$realtime) refers to fdtree.o(i._FDTree_RemoveNode) for _FDTree_RemoveNode
    heap2.o(i._malloc$realtime) refers to fdtree.o(i._FDTree_Insert) for _FDTree_Insert
    heap2.o(i._posix_memalign$realtime) refers to rt_heap_descriptor_intlibspace.o(.text) for __rt_heap_descriptor
    heap2.o(i._posix_memalign$realtime) refers to fdtree.o(i._FDTree_FindFirst) for _FDTree_FindFirst
    heap2.o(i._posix_memalign$realtime) refers to init_alloc.o(.text) for __Heap_Full
    heap2.o(i._posix_memalign$realtime) refers to fdtree.o(i._FDTree_RemoveNode) for _FDTree_RemoveNode
    heap2.o(i._posix_memalign$realtime) refers to fdtree.o(i._FDTree_Insert) for _FDTree_Insert
    heap2.o(i._realloc$realtime) refers to rt_heap_descriptor_intlibspace.o(.text) for __rt_heap_descriptor
    heap2.o(i._realloc$realtime) refers to fdtree.o(i._FDTree_Insert) for _FDTree_Insert
    heap2.o(i._realloc$realtime) refers to h1_free.o(.text) for free
    heap2.o(i._realloc$realtime) refers to h1_alloc.o(.text) for malloc
    heap2.o(i._realloc$realtime) refers to fdtree.o(i._FDTree_Delete) for _FDTree_Delete
    heap2.o(i._realloc$realtime) refers to rt_memcpy_w.o(.text) for __aeabi_memcpy4
    heap2mt.o(i._FDIterate) refers to heap2mt.o(.constdata) for .constdata
    heap2mt.o(i.___Heap_Initialize$realtime$concurrent) refers to mutex_dummy.o(.text) for _mutex_initialize
    heap2mt.o(i.___Heap_ProvideMemory$realtime$concurrent) refers to fdtree.o(i._FDTree_Delete) for _FDTree_Delete
    heap2mt.o(i.___Heap_ProvideMemory$realtime$concurrent) refers to fdtree.o(i._FDTree_Insert) for _FDTree_Insert
    heap2mt.o(i.___Heap_Stats$realtime$concurrent) refers to heap2mt.o(i._Heap2_StatsIterate) for _Heap2_StatsIterate
    heap2mt.o(i.___Heap_Valid$realtime$concurrent) refers to heap2mt.o(i._FDIterate) for _FDIterate
    heap2mt.o(i.___Heap_Valid$realtime$concurrent) refers to heap2mt.o(.constdata) for .constdata
    heap2mt.o(i._free$realtime$concurrent) refers to rt_heap_descriptor_intlibspace.o(.text) for __rt_heap_descriptor
    heap2mt.o(i._free$realtime$concurrent) refers to fdtree.o(i._FDTree_Delete) for _FDTree_Delete
    heap2mt.o(i._free$realtime$concurrent) refers to fdtree.o(i._FDTree_Insert) for _FDTree_Insert
    heap2mt.o(i._malloc$realtime$concurrent) refers to rt_heap_descriptor_intlibspace.o(.text) for __rt_heap_descriptor
    heap2mt.o(i._malloc$realtime$concurrent) refers to fdtree.o(i._FDTree_FindFirst) for _FDTree_FindFirst
    heap2mt.o(i._malloc$realtime$concurrent) refers to init_alloc.o(.text) for __Heap_Full
    heap2mt.o(i._malloc$realtime$concurrent) refers to fdtree.o(i._FDTree_RemoveNode) for _FDTree_RemoveNode
    heap2mt.o(i._malloc$realtime$concurrent) refers to fdtree.o(i._FDTree_Insert) for _FDTree_Insert
    heap2mt.o(i._posix_memalign$realtime$concurrent) refers to rt_heap_descriptor_intlibspace.o(.text) for __rt_heap_descriptor
    heap2mt.o(i._posix_memalign$realtime$concurrent) refers to fdtree.o(i._FDTree_FindFirst) for _FDTree_FindFirst
    heap2mt.o(i._posix_memalign$realtime$concurrent) refers to init_alloc.o(.text) for __Heap_Full
    heap2mt.o(i._posix_memalign$realtime$concurrent) refers to fdtree.o(i._FDTree_RemoveNode) for _FDTree_RemoveNode
    heap2mt.o(i._posix_memalign$realtime$concurrent) refers to fdtree.o(i._FDTree_Insert) for _FDTree_Insert
    heap2mt.o(i._realloc$realtime$concurrent) refers to rt_heap_descriptor_intlibspace.o(.text) for __rt_heap_descriptor
    heap2mt.o(i._realloc$realtime$concurrent) refers to fdtree.o(i._FDTree_Insert) for _FDTree_Insert
    heap2mt.o(i._realloc$realtime$concurrent) refers to h1_free.o(.text) for free
    heap2mt.o(i._realloc$realtime$concurrent) refers to h1_alloc.o(.text) for malloc
    heap2mt.o(i._realloc$realtime$concurrent) refers to fdtree.o(i._FDTree_Delete) for _FDTree_Delete
    heap2mt.o(i._realloc$realtime$concurrent) refers to rt_memcpy_w.o(.text) for __aeabi_memcpy4
    tolower.o(.text) refers to rt_ctype_table.o(.text) for __rt_ctype_table
    __2sprintf.o(.text) refers to _printf_char_common.o(.text) for _printf_char_common
    __2sprintf.o(.text) refers to _sputc.o(.text) for _sputc
    noretval__2sprintf.o(.text) refers to _printf_char_common.o(.text) for _printf_char_common
    noretval__2sprintf.o(.text) refers to _sputc.o(.text) for _sputc
    __printf.o(.text) refers to _printf_percent.o(.ARM.Collect$$_printf_percent$$00000000) for _printf_percent
    _printf_dec.o(.text) refers to _printf_intcommon.o(.text) for _printf_int_common
    __printf_flags.o(.text) refers to _printf_percent.o(.ARM.Collect$$_printf_percent$$00000000) for _printf_percent
    __printf_flags.o(.text) refers to __printf_flags.o(.constdata) for .constdata
    __printf_ss.o(.text) refers to _printf_percent.o(.ARM.Collect$$_printf_percent$$00000000) for _printf_percent
    __printf_flags_ss.o(.text) refers to _printf_percent.o(.ARM.Collect$$_printf_percent$$00000000) for _printf_percent
    __printf_flags_ss.o(.text) refers to __printf_flags_ss.o(.constdata) for .constdata
    __printf_wp.o(.text) refers to __printf_wp.o(i._is_digit) for _is_digit
    __printf_wp.o(.text) refers to _printf_percent.o(.ARM.Collect$$_printf_percent$$00000000) for _printf_percent
    __printf_flags_wp.o(.text) refers to __printf_wp.o(i._is_digit) for _is_digit
    __printf_flags_wp.o(.text) refers to _printf_percent.o(.ARM.Collect$$_printf_percent$$00000000) for _printf_percent
    __printf_flags_wp.o(.text) refers to __printf_flags_wp.o(.constdata) for .constdata
    __printf_ss_wp.o(.text) refers to __printf_wp.o(i._is_digit) for _is_digit
    __printf_ss_wp.o(.text) refers to _printf_percent.o(.ARM.Collect$$_printf_percent$$00000000) for _printf_percent
    __printf_flags_ss_wp.o(.text) refers to __printf_wp.o(i._is_digit) for _is_digit
    __printf_flags_ss_wp.o(.text) refers to _printf_percent.o(.ARM.Collect$$_printf_percent$$00000000) for _printf_percent
    __printf_flags_ss_wp.o(.text) refers to __printf_flags_ss_wp.o(.constdata) for .constdata
    _printf_d.o(.ARM.Collect$$_printf_percent$$00000009) refers (Weak) to _printf_dec.o(.text) for _printf_int_dec
    _printf_percent.o(.ARM.Collect$$_printf_percent$$00000000) refers (Special) to _printf_percent_end.o(.ARM.Collect$$_printf_percent$$00000017) for _printf_percent_end
    rand.o(.emb_text) refers (Special) to libinit2.o(.ARM.Collect$$libinit$$0000000B) for __rt_lib_init_rand_2
    rand.o(.emb_text) refers to rand.o(.text) for _rand_init
    rand.o(.emb_text) refers to rand.o(.bss) for _random_number_data
    rand.o(.text) refers (Special) to libinit2.o(.ARM.Collect$$libinit$$0000000B) for __rt_lib_init_rand_2
    rand.o(.text) refers to rand.o(.bss) for .bss
    rand.o(.bss) refers (Special) to libinit2.o(.ARM.Collect$$libinit$$0000000B) for __rt_lib_init_rand_2
    __main.o(!!!main) refers to rtentry.o(.ARM.Collect$$rtentry$$00000000) for __rt_entry
    rtentry.o(.ARM.Collect$$rtentry$$00000000) refers (Special) to rtentry2.o(.ARM.Collect$$rtentry$$0000000A) for __rt_entry_li
    rtentry.o(.ARM.Collect$$rtentry$$00000000) refers (Special) to rtentry2.o(.ARM.Collect$$rtentry$$0000000D) for __rt_entry_main
    rtentry.o(.ARM.Collect$$rtentry$$00000000) refers (Special) to rtentry2.o(.ARM.Collect$$rtentry$$0000000C) for __rt_entry_postli_1
    rtentry.o(.ARM.Collect$$rtentry$$00000000) refers (Special) to rtentry2.o(.ARM.Collect$$rtentry$$00000009) for __rt_entry_postsh_1
    rtentry.o(.ARM.Collect$$rtentry$$00000000) refers (Special) to rtentry2.o(.ARM.Collect$$rtentry$$00000002) for __rt_entry_presh_1
    rtentry.o(.ARM.Collect$$rtentry$$00000000) refers (Special) to rtentry4.o(.ARM.Collect$$rtentry$$00000004) for __rt_entry_sh
    rt_ctype_table.o(.text) refers to rt_locale_intlibspace.o(.text) for __rt_locale
    rt_ctype_table.o(.text) refers to lc_ctype_c.o(locale$$code) for _get_lc_ctype
    aeabi_ldiv0_sigfpe.o(.text) refers to rt_div0.o(.text) for __rt_div0
    rt_heap_descriptor.o(.text) refers to rt_heap_descriptor.o(.bss) for __rt_heap_descriptor_data
    rt_heap_descriptor_intlibspace.o(.text) refers to libspace.o(.bss) for __libspace_start
    init_alloc.o(.text) refers (Special) to hguard.o(.text) for __heap$guard
    init_alloc.o(.text) refers (Special) to libinit2.o(.ARM.Collect$$libinit$$00000003) for __rt_lib_init_heap_2
    init_alloc.o(.text) refers (Special) to maybetermalloc1.o(.emb_text) for _maybe_terminate_alloc
    init_alloc.o(.text) refers to h1_extend.o(.text) for __Heap_ProvideMemory
    init_alloc.o(.text) refers to defsig_rtmem_outer.o(.text) for __rt_SIGRTMEM
    init_alloc.o(.text) refers to rt_heap_descriptor_intlibspace.o(.text) for __rt_heap_descriptor
    init_alloc.o(.text) refers to h1_init.o(.text) for __Heap_Initialize
    free.o(.text) refers (Special) to hguard.o(.text) for __heap$guard
    free.o(.text) refers to rt_heap_descriptor_intlibspace.o(.text) for __rt_heap_descriptor
    free.o(.text) refers to heapstubs.o(.text) for __Heap_Free
    h1_free.o(.text) refers to rt_heap_descriptor_intlibspace.o(.text) for __rt_heap_descriptor
    h1_init_mt.o(.text) refers to mutex_dummy.o(.text) for _mutex_initialize
    h1_free_mt.o(.text) refers to rt_heap_descriptor_intlibspace.o(.text) for __rt_heap_descriptor
    _printf_intcommon.o(.text) refers (Weak) to _printf_pad.o(.text) for _printf_pre_padding
    _printf_intcommon.o(.text) refers (Weak) to _printf_pad.o(.text) for _printf_pre_padding
    _printf_intcommon.o(.text) refers (Weak) to _printf_pad.o(.text) for _printf_post_padding
    _printf_char_common.o(.text) refers to __printf_flags_wp.o(.text) for __printf
    _get_argv.o(.text) refers (Special) to hrguard.o(.text) for __heap_region$guard
    _get_argv.o(.text) refers to h1_alloc.o(.text) for malloc
    _get_argv.o(.text) refers to defsig_rtmem_outer.o(.text) for __rt_SIGRTMEM
    _get_argv.o(.text) refers to sys_command.o(.text) for _sys_command_string
    libinit2.o(.ARM.Collect$$libinit$$00000003) refers (Weak) to init_alloc.o(.text) for _init_alloc
    libinit2.o(.ARM.Collect$$libinit$$0000000B) refers (Weak) to rand.o(.text) for _rand_init
    libinit2.o(.ARM.Collect$$libinit$$0000000D) refers (Weak) to rt_locale_intlibspace.o(.text) for __rt_locale
    libinit2.o(.ARM.Collect$$libinit$$0000000E) refers to libinit2.o(.ARM.Collect$$libinit$$0000000D) for .ARM.Collect$$libinit$$0000000D
    libinit2.o(.ARM.Collect$$libinit$$00000010) refers to libinit2.o(.ARM.Collect$$libinit$$0000000D) for .ARM.Collect$$libinit$$0000000D
    libinit2.o(.ARM.Collect$$libinit$$00000010) refers (Weak) to lc_ctype_c.o(locale$$code) for _get_lc_ctype
    libinit2.o(.ARM.Collect$$libinit$$00000012) refers to libinit2.o(.ARM.Collect$$libinit$$0000000D) for .ARM.Collect$$libinit$$0000000D
    libinit2.o(.ARM.Collect$$libinit$$00000014) refers to libinit2.o(.ARM.Collect$$libinit$$0000000D) for .ARM.Collect$$libinit$$0000000D
    libinit2.o(.ARM.Collect$$libinit$$00000016) refers to libinit2.o(.ARM.Collect$$libinit$$0000000D) for .ARM.Collect$$libinit$$0000000D
    libinit2.o(.ARM.Collect$$libinit$$00000024) refers to argv_veneer.o(.emb_text) for __ARM_argv_veneer
    libinit2.o(.ARM.Collect$$libinit$$00000025) refers to argv_veneer.o(.emb_text) for __ARM_argv_veneer
    sys_command.o(.text) refers (Special) to use_no_semi.o(.text) for __I$use$semihosting
    sys_command.o(.text) refers (Special) to indicate_semi.o(.text) for __semihosting_library_function
    libspace.o(.text) refers to libspace.o(.bss) for __libspace_start
    rtentry2.o(.ARM.Collect$$rtentry$$00000008) refers to boardinit2.o(.text) for _platform_post_stackheap_init
    rtentry2.o(.ARM.Collect$$rtentry$$0000000A) refers to libinit.o(.ARM.Collect$$libinit$$00000000) for __rt_lib_init
    rtentry2.o(.ARM.Collect$$rtentry$$0000000B) refers to boardinit3.o(.text) for _platform_post_lib_init
    rtentry2.o(.ARM.Collect$$rtentry$$0000000D) refers to main.o(.text) for main
    rtentry2.o(.ARM.Collect$$rtentry$$0000000D) refers to exit.o(.text) for exit
    rtentry2.o(.ARM.exidx) refers to rtentry2.o(.ARM.Collect$$rtentry$$00000001) for .ARM.Collect$$rtentry$$00000001
    rtentry2.o(.ARM.exidx) refers to rtentry2.o(.ARM.Collect$$rtentry$$00000008) for .ARM.Collect$$rtentry$$00000008
    rtentry2.o(.ARM.exidx) refers to rtentry2.o(.ARM.Collect$$rtentry$$0000000A) for .ARM.Collect$$rtentry$$0000000A
    rtentry2.o(.ARM.exidx) refers to rtentry2.o(.ARM.Collect$$rtentry$$0000000B) for .ARM.Collect$$rtentry$$0000000B
    rtentry2.o(.ARM.exidx) refers to rtentry2.o(.ARM.Collect$$rtentry$$0000000D) for .ARM.Collect$$rtentry$$0000000D
    rtentry4.o(.ARM.Collect$$rtentry$$00000004) refers to sys_stackheap_outer.o(.text) for __user_setup_stackheap
    rtentry4.o(.ARM.exidx) refers to rtentry4.o(.ARM.Collect$$rtentry$$00000004) for .ARM.Collect$$rtentry$$00000004
    rt_div0.o(.text) refers to defsig_fpe_outer.o(.text) for __rt_SIGFPE
    rt_locale.o(.text) refers to rt_locale.o(.bss) for __rt_locale_data
    rt_locale_intlibspace.o(.text) refers to libspace.o(.bss) for __libspace_start
    maybetermalloc2.o(.emb_text) refers (Special) to term_alloc.o(.text) for _terminate_alloc
    h1_extend.o(.text) refers to h1_free.o(.text) for free
    h1_extend_mt.o(.text) refers to h1_free_mt.o(.text) for _free_internal
    lc_ctype_c.o(locale$$data) refers (Special) to libinit2.o(.ARM.Collect$$libinit$$00000010) for __rt_lib_init_lc_ctype_2
    lc_ctype_c.o(locale$$code) refers (Special) to libinit2.o(.ARM.Collect$$libinit$$00000010) for __rt_lib_init_lc_ctype_2
    lc_ctype_c.o(locale$$code) refers to strcmpv7m.o(.text) for strcmp
    lc_ctype_c.o(locale$$code) refers to lc_ctype_c.o(locale$$data) for __lcctype_c_name
    defsig_rtmem_outer.o(.text) refers to defsig_rtmem_inner.o(.text) for __rt_SIGRTMEM_inner
    defsig_rtmem_outer.o(.text) refers to defsig_exit.o(.text) for __sig_exit
    defsig_rtmem_formal.o(.text) refers to rt_raise.o(.text) for __rt_raise
    heapauxa.o(.text) refers to heapauxa.o(.data) for .data
    argv_veneer.o(.emb_text) refers to no_argv.o(.text) for __ARM_get_argv
    sys_stackheap_outer.o(.text) refers to libspace.o(.text) for __user_perproc_libspace
    sys_stackheap_outer.o(.text) refers to startup_lpc17xx.o(.text) for __user_initial_stackheap
    rt_raise.o(.text) refers to __raise.o(.text) for __raise
    rt_raise.o(.text) refers to sys_exit.o(.text) for _sys_exit
    term_alloc.o(.text) refers (Special) to libshutdown2.o(.ARM.Collect$$libshutdown$$0000000D) for __rt_lib_shutdown_heap_2
    term_alloc.o(.text) refers to rt_heap_descriptor_intlibspace.o(.text) for __rt_heap_descriptor
    term_alloc.o(.text) refers to h1_final.o(.text) for __Heap_Finalize
    exit.o(.text) refers to rtexit.o(.ARM.Collect$$rtexit$$00000000) for __rt_exit
    defsig_exit.o(.text) refers to sys_exit.o(.text) for _sys_exit
    defsig_fpe_outer.o(.text) refers to defsig_fpe_inner.o(.text) for __rt_SIGFPE_inner
    defsig_fpe_outer.o(.text) refers to defsig_exit.o(.text) for __sig_exit
    defsig_fpe_formal.o(.text) refers to rt_raise.o(.text) for __rt_raise
    defsig_rtmem_inner.o(.text) refers to defsig_general.o(.text) for __default_signal_display
    _get_argv_nomalloc.o(.text) refers (Special) to hrguard.o(.text) for __heap_region$guard
    _get_argv_nomalloc.o(.text) refers to defsig_rtmem_outer.o(.text) for __rt_SIGRTMEM
    _get_argv_nomalloc.o(.text) refers to sys_command.o(.text) for _sys_command_string
    libinit.o(.ARM.Collect$$libinit$$00000000) refers (Special) to libinit2.o(.ARM.Collect$$libinit$$0000002C) for __rt_lib_init_alloca_1
    libinit.o(.ARM.Collect$$libinit$$00000000) refers (Special) to libinit2.o(.ARM.Collect$$libinit$$0000002A) for __rt_lib_init_argv_1
    libinit.o(.ARM.Collect$$libinit$$00000000) refers (Special) to libinit2.o(.ARM.Collect$$libinit$$00000019) for __rt_lib_init_atexit_1
    libinit.o(.ARM.Collect$$libinit$$00000000) refers (Special) to libinit2.o(.ARM.Collect$$libinit$$0000001F) for __rt_lib_init_clock_1
    libinit.o(.ARM.Collect$$libinit$$00000000) refers (Special) to libinit2.o(.ARM.Collect$$libinit$$00000030) for __rt_lib_init_cpp_1
    libinit.o(.ARM.Collect$$libinit$$00000000) refers (Special) to libinit2.o(.ARM.Collect$$libinit$$0000002E) for __rt_lib_init_exceptions_1
    libinit.o(.ARM.Collect$$libinit$$00000000) refers (Special) to libinit2.o(.ARM.Collect$$libinit$$00000002) for __rt_lib_init_fp_1
    libinit.o(.ARM.Collect$$libinit$$00000000) refers (Special) to libinit2.o(.ARM.Collect$$libinit$$0000001D) for __rt_lib_init_fp_trap_1
    libinit.o(.ARM.Collect$$libinit$$00000000) refers (Special) to libinit2.o(.ARM.Collect$$libinit$$00000021) for __rt_lib_init_getenv_1
    libinit.o(.ARM.Collect$$libinit$$00000000) refers (Special) to libinit2.o(.ARM.Collect$$libinit$$00000008) for __rt_lib_init_heap_1
    libinit.o(.ARM.Collect$$libinit$$00000000) refers (Special) to libinit2.o(.ARM.Collect$$libinit$$0000000F) for __rt_lib_init_lc_collate_1
    libinit.o(.ARM.Collect$$libinit$$00000000) refers (Special) to libinit2.o(.ARM.Collect$$libinit$$00000011) for __rt_lib_init_lc_ctype_1
    libinit.o(.ARM.Collect$$libinit$$00000000) refers (Special) to libinit2.o(.ARM.Collect$$libinit$$00000013) for __rt_lib_init_lc_monetary_1
    libinit.o(.ARM.Collect$$libinit$$00000000) refers (Special) to libinit2.o(.ARM.Collect$$libinit$$00000015) for __rt_lib_init_lc_numeric_1
    libinit.o(.ARM.Collect$$libinit$$00000000) refers (Special) to libinit2.o(.ARM.Collect$$libinit$$00000017) for __rt_lib_init_lc_time_1
    libinit.o(.ARM.Collect$$libinit$$00000000) refers (Special) to libinit2.o(.ARM.Collect$$libinit$$0000000C) for __rt_lib_init_rand_1
    libinit.o(.ARM.Collect$$libinit$$00000000) refers (Special) to libinit2.o(.ARM.Collect$$libinit$$00000031) for __rt_lib_init_return
    libinit.o(.ARM.Collect$$libinit$$00000000) refers (Special) to libinit2.o(.ARM.Collect$$libinit$$0000001B) for __rt_lib_init_signal_1
    libinit.o(.ARM.Collect$$libinit$$00000000) refers (Special) to libinit2.o(.ARM.Collect$$libinit$$00000023) for __rt_lib_init_stdio_1
    libinit.o(.ARM.Collect$$libinit$$00000000) refers (Special) to libinit2.o(.ARM.Collect$$libinit$$0000000A) for __rt_lib_init_user_alloc_1
    sys_exit.o(.text) refers (Special) to use_no_semi.o(.text) for __I$use$semihosting
    sys_exit.o(.text) refers (Special) to indicate_semi.o(.text) for __semihosting_library_function
    rtexit.o(.ARM.Collect$$rtexit$$00000000) refers (Special) to rtexit2.o(.ARM.Collect$$rtexit$$00000004) for __rt_exit_exit
    rtexit.o(.ARM.Collect$$rtexit$$00000000) refers (Special) to rtexit2.o(.ARM.Collect$$rtexit$$00000003) for __rt_exit_ls
    rtexit.o(.ARM.Collect$$rtexit$$00000000) refers (Special) to rtexit2.o(.ARM.Collect$$rtexit$$00000002) for __rt_exit_prels_1
    rtexit.o(.ARM.exidx) refers (Special) to rtexit2.o(.ARM.Collect$$rtexit$$00000004) for __rt_exit_exit
    rtexit.o(.ARM.exidx) refers (Special) to rtexit2.o(.ARM.Collect$$rtexit$$00000003) for __rt_exit_ls
    rtexit.o(.ARM.exidx) refers (Special) to rtexit2.o(.ARM.Collect$$rtexit$$00000002) for __rt_exit_prels_1
    rtexit.o(.ARM.exidx) refers to rtexit.o(.ARM.Collect$$rtexit$$00000000) for .ARM.Collect$$rtexit$$00000000
    __raise.o(.text) refers to defsig.o(CL$$defsig) for __default_signal_handler
    defsig_general.o(.text) refers to sys_wrch.o(.text) for _ttywrch
    defsig_fpe_inner.o(.text) refers to defsig_general.o(.text) for __default_signal_display
    libshutdown2.o(.ARM.Collect$$libshutdown$$0000000C) refers (Weak) to term_alloc.o(.text) for _terminate_alloc
    sys_wrch.o(.text) refers (Special) to use_no_semi.o(.text) for __I$use$semihosting
    sys_wrch.o(.text) refers (Special) to indicate_semi.o(.text) for __semihosting_library_function
    rtexit2.o(.ARM.Collect$$rtexit$$00000003) refers to libshutdown.o(.ARM.Collect$$libshutdown$$00000000) for __rt_lib_shutdown
    rtexit2.o(.ARM.Collect$$rtexit$$00000004) refers to sys_exit.o(.text) for _sys_exit
    rtexit2.o(.ARM.exidx) refers to rtexit2.o(.ARM.Collect$$rtexit$$00000001) for .ARM.Collect$$rtexit$$00000001
    rtexit2.o(.ARM.exidx) refers to rtexit2.o(.ARM.Collect$$rtexit$$00000003) for .ARM.Collect$$rtexit$$00000003
    rtexit2.o(.ARM.exidx) refers to rtexit2.o(.ARM.Collect$$rtexit$$00000004) for .ARM.Collect$$rtexit$$00000004
    defsig.o(CL$$defsig) refers to defsig_fpe_inner.o(.text) for __rt_SIGFPE_inner
    defsig.o(CL$$defsig) refers to defsig_rtmem_inner.o(.text) for __rt_SIGRTMEM_inner
    defsig_abrt_inner.o(.text) refers to defsig_general.o(.text) for __default_signal_display
    defsig_rtred_inner.o(.text) refers to defsig_general.o(.text) for __default_signal_display
    defsig_stak_inner.o(.text) refers to defsig_general.o(.text) for __default_signal_display
    defsig_pvfn_inner.o(.text) refers to defsig_general.o(.text) for __default_signal_display
    defsig_cppl_inner.o(.text) refers to defsig_general.o(.text) for __default_signal_display
    defsig_segv_inner.o(.text) refers to defsig_general.o(.text) for __default_signal_display
    defsig_other.o(.text) refers to defsig_general.o(.text) for __default_signal_display
    libshutdown.o(.ARM.Collect$$libshutdown$$00000000) refers (Special) to libshutdown2.o(.ARM.Collect$$libshutdown$$00000006) for __rt_lib_shutdown_fp_trap_1
    libshutdown.o(.ARM.Collect$$libshutdown$$00000000) refers (Special) to libshutdown2.o(.ARM.Collect$$libshutdown$$0000000E) for __rt_lib_shutdown_heap_1
    libshutdown.o(.ARM.Collect$$libshutdown$$00000000) refers (Special) to libshutdown2.o(.ARM.Collect$$libshutdown$$0000000F) for __rt_lib_shutdown_return
    libshutdown.o(.ARM.Collect$$libshutdown$$00000000) refers (Special) to libshutdown2.o(.ARM.Collect$$libshutdown$$00000009) for __rt_lib_shutdown_signal_1
    libshutdown.o(.ARM.Collect$$libshutdown$$00000000) refers (Special) to libshutdown2.o(.ARM.Collect$$libshutdown$$00000003) for __rt_lib_shutdown_stdio_1
    libshutdown.o(.ARM.Collect$$libshutdown$$00000000) refers (Special) to libshutdown2.o(.ARM.Collect$$libshutdown$$0000000B) for __rt_lib_shutdown_user_alloc_1


==============================================================================

Removing Unused input sections from the image.

    Removing main.o(.rev16_text), (4 bytes).
    Removing main.o(.revsh_text), (4 bytes).
    Removing led_cube_8x8x8.o(.rev16_text), (4 bytes).
    Removing led_cube_8x8x8.o(.revsh_text), (4 bytes).
    Removing led_cube_8x8x8_animations.o(.rev16_text), (4 bytes).
    Removing led_cube_8x8x8_animations.o(.revsh_text), (4 bytes).
    Removing led_cube_8x8x8_translation.o(.rev16_text), (4 bytes).
    Removing led_cube_8x8x8_translation.o(.revsh_text), (4 bytes).
    Removing led_cube_8x8x8_rotation.o(.rev16_text), (4 bytes).
    Removing led_cube_8x8x8_rotation.o(.revsh_text), (4 bytes).
    Removing help.o(.text), (300 bytes).
    Removing system_lpc17xx.o(.rev16_text), (4 bytes).
    Removing system_lpc17xx.o(.revsh_text), (4 bytes).
    Removing uart.o(.rev16_text), (4 bytes).
    Removing uart.o(.revsh_text), (4 bytes).
    Removing delay.o(.rev16_text), (4 bytes).
    Removing delay.o(.revsh_text), (4 bytes).

17 unused section(s) (total 364 bytes) removed from the image.

==============================================================================

Image Symbol Table

    Local Symbols

    Symbol Name                              Value     Ov Type        Size  Object(Section)

    RESET                                    0x00000000   Section      204  startup_lpc17xx.o(RESET)
    ../clib/angel/boardlib.s                 0x00000000   Number         0  boardinit1.o ABSOLUTE
    ../clib/angel/boardlib.s                 0x00000000   Number         0  boardinit3.o ABSOLUTE
    ../clib/angel/boardlib.s                 0x00000000   Number         0  boardinit2.o ABSOLUTE
    ../clib/angel/boardlib.s                 0x00000000   Number         0  boardshut.o ABSOLUTE
    ../clib/angel/handlers.s                 0x00000000   Number         0  __scatter_copy.o ABSOLUTE
    ../clib/angel/handlers.s                 0x00000000   Number         0  __scatter_zi.o ABSOLUTE
    ../clib/angel/kernel.s                   0x00000000   Number         0  rtentry2.o ABSOLUTE
    ../clib/angel/kernel.s                   0x00000000   Number         0  rtexit.o ABSOLUTE
    ../clib/angel/kernel.s                   0x00000000   Number         0  rtexit2.o ABSOLUTE
    ../clib/angel/kernel.s                   0x00000000   Number         0  rtentry.o ABSOLUTE
    ../clib/angel/kernel.s                   0x00000000   Number         0  rtentry4.o ABSOLUTE
    ../clib/angel/rt.s                       0x00000000   Number         0  rt_raise.o ABSOLUTE
    ../clib/angel/rt.s                       0x00000000   Number         0  rt_heap_descriptor_intlibspace.o ABSOLUTE
    ../clib/angel/rt.s                       0x00000000   Number         0  rt_ctype_table.o ABSOLUTE
    ../clib/angel/rt.s                       0x00000000   Number         0  rt_heap_descriptor.o ABSOLUTE
    ../clib/angel/rt.s                       0x00000000   Number         0  aeabi_ldiv0_sigfpe.o ABSOLUTE
    ../clib/angel/rt.s                       0x00000000   Number         0  aeabi_ldiv0.o ABSOLUTE
    ../clib/angel/rt.s                       0x00000000   Number         0  rt_locale_intlibspace.o ABSOLUTE
    ../clib/angel/rt.s                       0x00000000   Number         0  rt_div0.o ABSOLUTE
    ../clib/angel/rt.s                       0x00000000   Number         0  rt_locale.o ABSOLUTE
    ../clib/angel/scatter.s                  0x00000000   Number         0  __scatter.o ABSOLUTE
    ../clib/angel/startup.s                  0x00000000   Number         0  __main.o ABSOLUTE
    ../clib/angel/sys.s                      0x00000000   Number         0  libspace.o ABSOLUTE
    ../clib/angel/sys.s                      0x00000000   Number         0  mutex_dummy.o ABSOLUTE
    ../clib/angel/sys.s                      0x00000000   Number         0  sys_stackheap_outer.o ABSOLUTE
    ../clib/angel/sys.s                      0x00000000   Number         0  indicate_semi.o ABSOLUTE
    ../clib/angel/sys.s                      0x00000000   Number         0  use_no_semi.o ABSOLUTE
    ../clib/angel/sysapp.c                   0x00000000   Number         0  sys_command.o ABSOLUTE
    ../clib/angel/sysapp.c                   0x00000000   Number         0  sys_exit.o ABSOLUTE
    ../clib/angel/sysapp.c                   0x00000000   Number         0  sys_wrch.o ABSOLUTE
    ../clib/armsys.c                         0x00000000   Number         0  no_argv.o ABSOLUTE
    ../clib/armsys.c                         0x00000000   Number         0  _get_argv.o ABSOLUTE
    ../clib/armsys.c                         0x00000000   Number         0  argv_veneer.o ABSOLUTE
    ../clib/armsys.c                         0x00000000   Number         0  argv_veneer.o ABSOLUTE
    ../clib/armsys.c                         0x00000000   Number         0  _get_argv_nomalloc.o ABSOLUTE
    ../clib/ctype.c                          0x00000000   Number         0  tolower.o ABSOLUTE
    ../clib/heap1.c                          0x00000000   Number         0  h1_init.o ABSOLUTE
    ../clib/heap1.c                          0x00000000   Number         0  h1_final_mt.o ABSOLUTE
    ../clib/heap1.c                          0x00000000   Number         0  h1_free.o ABSOLUTE
    ../clib/heap1.c                          0x00000000   Number         0  h1_extend.o ABSOLUTE
    ../clib/heap1.c                          0x00000000   Number         0  h1_free_mt.o ABSOLUTE
    ../clib/heap1.c                          0x00000000   Number         0  h1_init_mt.o ABSOLUTE
    ../clib/heap1.c                          0x00000000   Number         0  h1_final.o ABSOLUTE
    ../clib/heap1.c                          0x00000000   Number         0  h1_extend_mt.o ABSOLUTE
    ../clib/heap1.c                          0x00000000   Number         0  h1_alloc.o ABSOLUTE
    ../clib/heap1.c                          0x00000000   Number         0  h1_alloc_mt.o ABSOLUTE
    ../clib/heap2.c                          0x00000000   Number         0  heap2mt.o ABSOLUTE
    ../clib/heap2.c                          0x00000000   Number         0  fdtree.o ABSOLUTE
    ../clib/heap2.c                          0x00000000   Number         0  heap2.o ABSOLUTE
    ../clib/heapalloc.c                      0x00000000   Number         0  heapstubs.o ABSOLUTE
    ../clib/heapalloc.c                      0x00000000   Number         0  term_alloc.o ABSOLUTE
    ../clib/heapalloc.c                      0x00000000   Number         0  malloc.o ABSOLUTE
    ../clib/heapalloc.c                      0x00000000   Number         0  maybetermalloc1.o ABSOLUTE
    ../clib/heapalloc.c                      0x00000000   Number         0  maybetermalloc2.o ABSOLUTE
    ../clib/heapalloc.c                      0x00000000   Number         0  maybetermalloc2.o ABSOLUTE
    ../clib/heapalloc.c                      0x00000000   Number         0  maybetermalloc1.o ABSOLUTE
    ../clib/heapalloc.c                      0x00000000   Number         0  hrguard.o ABSOLUTE
    ../clib/heapalloc.c                      0x00000000   Number         0  hguard.o ABSOLUTE
    ../clib/heapalloc.c                      0x00000000   Number         0  init_alloc.o ABSOLUTE
    ../clib/heapalloc.c                      0x00000000   Number         0  free.o ABSOLUTE
    ../clib/heapaux.c                        0x00000000   Number         0  heapauxi.o ABSOLUTE
    ../clib/heapaux.c                        0x00000000   Number         0  heapauxa.o ABSOLUTE
    ../clib/libinit.s                        0x00000000   Number         0  libinit.o ABSOLUTE
    ../clib/libinit.s                        0x00000000   Number         0  libshutdown2.o ABSOLUTE
    ../clib/libinit.s                        0x00000000   Number         0  libinit2.o ABSOLUTE
    ../clib/libinit.s                        0x00000000   Number         0  libshutdown.o ABSOLUTE
    ../clib/locale.s                         0x00000000   Number         0  lc_ctype_c.o ABSOLUTE
    ../clib/longlong.s                       0x00000000   Number         0  lludivv7m.o ABSOLUTE
    ../clib/memcpset.s                       0x00000000   Number         0  strcmpv7m.o ABSOLUTE
    ../clib/memcpset.s                       0x00000000   Number         0  rt_memcpy_w.o ABSOLUTE
    ../clib/misc.s                           0x00000000   Number         0  printf_stubs.o ABSOLUTE
    ../clib/printf.c                         0x00000000   Number         0  __printf_flags.o ABSOLUTE
    ../clib/printf.c                         0x00000000   Number         0  _printf_dec.o ABSOLUTE
    ../clib/printf.c                         0x00000000   Number         0  _printf_pad.o ABSOLUTE
    ../clib/printf.c                         0x00000000   Number         0  __printf.o ABSOLUTE
    ../clib/printf.c                         0x00000000   Number         0  __2sprintf.o ABSOLUTE
    ../clib/printf.c                         0x00000000   Number         0  __printf_wp.o ABSOLUTE
    ../clib/printf.c                         0x00000000   Number         0  __printf_flags_ss.o ABSOLUTE
    ../clib/printf.c                         0x00000000   Number         0  __printf_nopercent.o ABSOLUTE
    ../clib/printf.c                         0x00000000   Number         0  _printf_intcommon.o ABSOLUTE
    ../clib/printf.c                         0x00000000   Number         0  __printf_ss_wp.o ABSOLUTE
    ../clib/printf.c                         0x00000000   Number         0  _printf_char_common.o ABSOLUTE
    ../clib/printf.c                         0x00000000   Number         0  _sputc.o ABSOLUTE
    ../clib/printf.c                         0x00000000   Number         0  __printf_flags_ss_wp.o ABSOLUTE
    ../clib/printf.c                         0x00000000   Number         0  noretval__2sprintf.o ABSOLUTE
    ../clib/printf.c                         0x00000000   Number         0  __printf_ss.o ABSOLUTE
    ../clib/printf.c                         0x00000000   Number         0  __printf_flags_wp.o ABSOLUTE
    ../clib/printf_percent.s                 0x00000000   Number         0  _printf_percent_end.o ABSOLUTE
    ../clib/printf_percent.s                 0x00000000   Number         0  _printf_percent.o ABSOLUTE
    ../clib/printf_percent.s                 0x00000000   Number         0  _printf_d.o ABSOLUTE
    ../clib/signal.c                         0x00000000   Number         0  defsig_general.o ABSOLUTE
    ../clib/signal.c                         0x00000000   Number         0  defsig_abrt_inner.o ABSOLUTE
    ../clib/signal.c                         0x00000000   Number         0  defsig_fpe_inner.o ABSOLUTE
    ../clib/signal.c                         0x00000000   Number         0  defsig_rtred_inner.o ABSOLUTE
    ../clib/signal.c                         0x00000000   Number         0  defsig_stak_inner.o ABSOLUTE
    ../clib/signal.c                         0x00000000   Number         0  defsig_pvfn_inner.o ABSOLUTE
    ../clib/signal.c                         0x00000000   Number         0  defsig_cppl_inner.o ABSOLUTE
    ../clib/signal.c                         0x00000000   Number         0  defsig_segv_inner.o ABSOLUTE
    ../clib/signal.c                         0x00000000   Number         0  defsig_rtmem_inner.o ABSOLUTE
    ../clib/signal.c                         0x00000000   Number         0  defsig_other.o ABSOLUTE
    ../clib/signal.c                         0x00000000   Number         0  defsig_exit.o ABSOLUTE
    ../clib/signal.c                         0x00000000   Number         0  __raise.o ABSOLUTE
    ../clib/signal.c                         0x00000000   Number         0  defsig_rtmem_formal.o ABSOLUTE
    ../clib/signal.c                         0x00000000   Number         0  defsig_fpe_outer.o ABSOLUTE
    ../clib/signal.c                         0x00000000   Number         0  defsig_fpe_formal.o ABSOLUTE
    ../clib/signal.c                         0x00000000   Number         0  defsig_rtmem_outer.o ABSOLUTE
    ../clib/signal.s                         0x00000000   Number         0  defsig.o ABSOLUTE
    ../clib/stdlib.c                         0x00000000   Number         0  rand.o ABSOLUTE
    ../clib/stdlib.c                         0x00000000   Number         0  rand.o ABSOLUTE
    ../clib/stdlib.c                         0x00000000   Number         0  exit.o ABSOLUTE
    ../clib/string.c                         0x00000000   Number         0  strcpy.o ABSOLUTE
    ../clib/string.c                         0x00000000   Number         0  strlen.o ABSOLUTE
    ../fplib/fpinit.s                        0x00000000   Number         0  fpinit.o ABSOLUTE
    Libraries\DELAY.c                        0x00000000   Number         0  delay.o ABSOLUTE
    Libraries\HELP.c                         0x00000000   Number         0  help.o ABSOLUTE
    Libraries\LED_CUBE_8x8x8.c               0x00000000   Number         0  led_cube_8x8x8.o ABSOLUTE
    Libraries\LED_CUBE_8x8x8_Animations.c    0x00000000   Number         0  led_cube_8x8x8_animations.o ABSOLUTE
    Libraries\LED_CUBE_8x8x8_Rotation.c      0x00000000   Number         0  led_cube_8x8x8_rotation.o ABSOLUTE
    Libraries\LED_CUBE_8x8x8_Translation.c   0x00000000   Number         0  led_cube_8x8x8_translation.o ABSOLUTE
    Libraries\UART.c                         0x00000000   Number         0  uart.o ABSOLUTE
    Libraries\\DELAY.c                       0x00000000   Number         0  delay.o ABSOLUTE
    Libraries\\LED_CUBE_8x8x8.c              0x00000000   Number         0  led_cube_8x8x8.o ABSOLUTE
    Libraries\\LED_CUBE_8x8x8_Animations.c   0x00000000   Number         0  led_cube_8x8x8_animations.o ABSOLUTE
    Libraries\\LED_CUBE_8x8x8_Rotation.c     0x00000000   Number         0  led_cube_8x8x8_rotation.o ABSOLUTE
    Libraries\\LED_CUBE_8x8x8_Translation.c  0x00000000   Number         0  led_cube_8x8x8_translation.o ABSOLUTE
    Libraries\\UART.c                        0x00000000   Number         0  uart.o ABSOLUTE
    Libraries\\system_LPC17xx.c              0x00000000   Number         0  system_lpc17xx.o ABSOLUTE
    Libraries\system_LPC17xx.c               0x00000000   Number         0  system_lpc17xx.o ABSOLUTE
    MAIN.c                                   0x00000000   Number         0  main.o ABSOLUTE
    MAIN.c                                   0x00000000   Number         0  main.o ABSOLUTE
    dc.s                                     0x00000000   Number         0  dc.o ABSOLUTE
    startup_LPC17xx.s                        0x00000000   Number         0  startup_lpc17xx.o ABSOLUTE
    !!!main                                  0x000000cc   Section        8  __main.o(!!!main)
    !!!scatter                               0x000000d4   Section       52  __scatter.o(!!!scatter)
    !!handler_copy                           0x00000108   Section       26  __scatter_copy.o(!!handler_copy)
    !!handler_zi                             0x00000124   Section       28  __scatter_zi.o(!!handler_zi)
    .ARM.Collect$$libinit$$00000000          0x00000140   Section        2  libinit.o(.ARM.Collect$$libinit$$00000000)
    .ARM.Collect$$libinit$$00000002          0x00000142   Section        0  libinit2.o(.ARM.Collect$$libinit$$00000002)
    .ARM.Collect$$libinit$$00000008          0x00000142   Section        0  libinit2.o(.ARM.Collect$$libinit$$00000008)
    .ARM.Collect$$libinit$$0000000A          0x00000142   Section        0  libinit2.o(.ARM.Collect$$libinit$$0000000A)
    .ARM.Collect$$libinit$$0000000B          0x00000142   Section        4  libinit2.o(.ARM.Collect$$libinit$$0000000B)
    .ARM.Collect$$libinit$$0000000C          0x00000146   Section        0  libinit2.o(.ARM.Collect$$libinit$$0000000C)
    .ARM.Collect$$libinit$$0000000D          0x00000146   Section        6  libinit2.o(.ARM.Collect$$libinit$$0000000D)
    .ARM.Collect$$libinit$$0000000F          0x0000014c   Section        0  libinit2.o(.ARM.Collect$$libinit$$0000000F)
    .ARM.Collect$$libinit$$00000010          0x0000014c   Section       12  libinit2.o(.ARM.Collect$$libinit$$00000010)
    .ARM.Collect$$libinit$$00000011          0x00000158   Section        0  libinit2.o(.ARM.Collect$$libinit$$00000011)
    .ARM.Collect$$libinit$$00000013          0x00000158   Section        0  libinit2.o(.ARM.Collect$$libinit$$00000013)
    .ARM.Collect$$libinit$$00000015          0x00000158   Section        0  libinit2.o(.ARM.Collect$$libinit$$00000015)
    .ARM.Collect$$libinit$$00000017          0x00000158   Section        0  libinit2.o(.ARM.Collect$$libinit$$00000017)
    .ARM.Collect$$libinit$$00000019          0x00000158   Section        0  libinit2.o(.ARM.Collect$$libinit$$00000019)
    .ARM.Collect$$libinit$$0000001B          0x00000158   Section        0  libinit2.o(.ARM.Collect$$libinit$$0000001B)
    .ARM.Collect$$libinit$$0000001D          0x00000158   Section        0  libinit2.o(.ARM.Collect$$libinit$$0000001D)
    .ARM.Collect$$libinit$$0000001F          0x00000158   Section        0  libinit2.o(.ARM.Collect$$libinit$$0000001F)
    .ARM.Collect$$libinit$$00000021          0x00000158   Section        0  libinit2.o(.ARM.Collect$$libinit$$00000021)
    .ARM.Collect$$libinit$$00000023          0x00000158   Section        0  libinit2.o(.ARM.Collect$$libinit$$00000023)
    .ARM.Collect$$libinit$$0000002A          0x00000158   Section        0  libinit2.o(.ARM.Collect$$libinit$$0000002A)
    .ARM.Collect$$libinit$$0000002C          0x00000158   Section        0  libinit2.o(.ARM.Collect$$libinit$$0000002C)
    .ARM.Collect$$libinit$$0000002E          0x00000158   Section        0  libinit2.o(.ARM.Collect$$libinit$$0000002E)
    .ARM.Collect$$libinit$$00000030          0x00000158   Section        0  libinit2.o(.ARM.Collect$$libinit$$00000030)
    .ARM.Collect$$libinit$$00000031          0x00000158   Section        2  libinit2.o(.ARM.Collect$$libinit$$00000031)
    .ARM.Collect$$libshutdown$$00000000      0x0000015a   Section        2  libshutdown.o(.ARM.Collect$$libshutdown$$00000000)
    .ARM.Collect$$libshutdown$$00000003      0x0000015c   Section        0  libshutdown2.o(.ARM.Collect$$libshutdown$$00000003)
    .ARM.Collect$$libshutdown$$00000006      0x0000015c   Section        0  libshutdown2.o(.ARM.Collect$$libshutdown$$00000006)
    .ARM.Collect$$libshutdown$$00000009      0x0000015c   Section        0  libshutdown2.o(.ARM.Collect$$libshutdown$$00000009)
    .ARM.Collect$$libshutdown$$0000000B      0x0000015c   Section        0  libshutdown2.o(.ARM.Collect$$libshutdown$$0000000B)
    .ARM.Collect$$libshutdown$$0000000E      0x0000015c   Section        0  libshutdown2.o(.ARM.Collect$$libshutdown$$0000000E)
    .ARM.Collect$$libshutdown$$0000000F      0x0000015c   Section        2  libshutdown2.o(.ARM.Collect$$libshutdown$$0000000F)
    .ARM.Collect$$rtentry$$00000000          0x0000015e   Section        0  rtentry.o(.ARM.Collect$$rtentry$$00000000)
    .ARM.Collect$$rtentry$$00000002          0x0000015e   Section        0  rtentry2.o(.ARM.Collect$$rtentry$$00000002)
    .ARM.Collect$$rtentry$$00000004          0x0000015e   Section        6  rtentry4.o(.ARM.Collect$$rtentry$$00000004)
    .ARM.Collect$$rtentry$$00000009          0x00000164   Section        0  rtentry2.o(.ARM.Collect$$rtentry$$00000009)
    .ARM.Collect$$rtentry$$0000000A          0x00000164   Section        4  rtentry2.o(.ARM.Collect$$rtentry$$0000000A)
    .ARM.Collect$$rtentry$$0000000C          0x00000168   Section        0  rtentry2.o(.ARM.Collect$$rtentry$$0000000C)
    .ARM.Collect$$rtentry$$0000000D          0x00000168   Section        8  rtentry2.o(.ARM.Collect$$rtentry$$0000000D)
    .ARM.Collect$$rtexit$$00000000           0x00000170   Section        2  rtexit.o(.ARM.Collect$$rtexit$$00000000)
    .ARM.Collect$$rtexit$$00000002           0x00000172   Section        0  rtexit2.o(.ARM.Collect$$rtexit$$00000002)
    .ARM.Collect$$rtexit$$00000003           0x00000172   Section        4  rtexit2.o(.ARM.Collect$$rtexit$$00000003)
    .ARM.Collect$$rtexit$$00000004           0x00000176   Section        6  rtexit2.o(.ARM.Collect$$rtexit$$00000004)
    .emb_text                                0x0000017c   Section       52  rand.o(.emb_text)
    .text                                    0x000001b0   Section        0  main.o(.text)
    .text                                    0x00000360   Section        0  led_cube_8x8x8.o(.text)
    .text                                    0x0000090c   Section        0  led_cube_8x8x8_animations.o(.text)
    invader_show_loop                        0x00002b55   Thumb Code   498  led_cube_8x8x8_animations.o(.text)
    .text                                    0x0000302c   Section        0  led_cube_8x8x8_translation.o(.text)
    .text                                    0x00003208   Section        0  led_cube_8x8x8_rotation.o(.text)
    .text                                    0x0000454c   Section       64  startup_lpc17xx.o(.text)
    .text                                    0x0000458c   Section        0  system_lpc17xx.o(.text)
    .text                                    0x000046fc   Section        0  uart.o(.text)
    NVIC_EnableIRQ                           0x00004911   Thumb Code    24  uart.o(.text)
    .text                                    0x00004944   Section        0  delay.o(.text)
    .text                                    0x0000496c   Section      238  lludivv7m.o(.text)
    .text                                    0x00004a5a   Section        0  tolower.o(.text)
    .text                                    0x00004a74   Section        0  rand.o(.text)
    .text                                    0x00004ab0   Section        0  strlen.o(.text)
    .text                                    0x00004aee   Section        0  heapauxi.o(.text)
    .text                                    0x00004af4   Section       16  rt_ctype_table.o(.text)
    .text                                    0x00004b04   Section        8  libspace.o(.text)
    .text                                    0x00004b0c   Section        8  rt_locale_intlibspace.o(.text)
    .text                                    0x00004b14   Section        2  use_no_semi.o(.text)
    .text                                    0x00004b16   Section       74  sys_stackheap_outer.o(.text)
    .text                                    0x00004b16   Section        0  indicate_semi.o(.text)
    .text                                    0x00004b60   Section        0  exit.o(.text)
    .text                                    0x00004b6c   Section      128  strcmpv7m.o(.text)
    .text                                    0x00004bec   Section        0  sys_exit.o(.text)
    locale$$code                             0x00004bf8   Section       44  lc_ctype_c.o(locale$$code)
    locale$$data                             0x00004c44   Section      272  lc_ctype_c.o(locale$$data)
    __lcctype_c_name                         0x00004c48   Data           2  lc_ctype_c.o(locale$$data)
    __lcctype_c_start                        0x00004c50   Data           0  lc_ctype_c.o(locale$$data)
    __lcctype_c_end                          0x00004d54   Data           0  lc_ctype_c.o(locale$$data)
    .data                                    0x10000000   Section       28  main.o(.data)
    .data                                    0x1000001c   Section        4  led_cube_8x8x8.o(.data)
    cube_show_layer                          0x1000001c   Data           4  led_cube_8x8x8.o(.data)
    .data                                    0x10000020   Section        8  led_cube_8x8x8_animations.o(.data)
    prescaler                                0x10000020   Data           4  led_cube_8x8x8_animations.o(.data)
    direction                                0x10000024   Data           4  led_cube_8x8x8_animations.o(.data)
    .data                                    0x10000028   Section        4  system_lpc17xx.o(.data)
    .data                                    0x1000002c   Section       20  uart.o(.data)
    .bss                                     0x10000040   Section       64  led_cube_8x8x8.o(.bss)
    .bss                                     0x10000080   Section      128  uart.o(.bss)
    .bss                                     0x10000100   Section      228  rand.o(.bss)
    .bss                                     0x100001e4   Section       96  libspace.o(.bss)
    HEAP                                     0x10000248   Section     2048  startup_lpc17xx.o(HEAP)
    Heap_Mem                                 0x10000248   Data        2048  startup_lpc17xx.o(HEAP)
    STACK                                    0x10000a48   Section     1024  startup_lpc17xx.o(STACK)
    Stack_Mem                                0x10000a48   Data        1024  startup_lpc17xx.o(STACK)
    __initial_sp                             0x10000e48   Data           0  startup_lpc17xx.o(STACK)

    Global Symbols

    Symbol Name                              Value     Ov Type        Size  Object(Section)

    BuildAttributes$$THM_ISAv4$P$D$K$B$S$PE$A:L22UL41UL21$X:L11$S22US41US21$IEEE1$IW$USESV6$~STKCKD$USESV7$~SHL$OTIME$ROPI$EBA8$UX$STANDARDLIB$REQ8$PRES8$EABIv2 0x00000000   Number         0  anon$$obj.o ABSOLUTE
    __ARM_use_no_argv                        0x00000000   Number         0  main.o ABSOLUTE
    __Vectors                                0x00000000   Data           4  startup_lpc17xx.o(RESET)
    _printf_flags                            0x00000000   Number         0  printf_stubs.o ABSOLUTE
    _printf_return_value                     0x00000000   Number         0  printf_stubs.o ABSOLUTE
    _printf_sizespec                         0x00000000   Number         0  printf_stubs.o ABSOLUTE
    _printf_widthprec                        0x00000000   Number         0  printf_stubs.o ABSOLUTE
    __ARM_exceptions_init                     - Undefined Weak Reference
    __alloca_initialize                       - Undefined Weak Reference
    __cpp_initialize__aeabi_                  - Undefined Weak Reference
    __cxa_finalize                            - Undefined Weak Reference
    __sigvec_lookup                           - Undefined Weak Reference
    __user_heap_extent                        - Undefined Weak Reference
    _atexit_init                              - Undefined Weak Reference
    _call_atexit_fns                          - Undefined Weak Reference
    _clock_init                               - Undefined Weak Reference
    _fp_trap_init                             - Undefined Weak Reference
    _fp_trap_shutdown                         - Undefined Weak Reference
    _get_lc_collate                           - Undefined Weak Reference
    _get_lc_monetary                          - Undefined Weak Reference
    _get_lc_numeric                           - Undefined Weak Reference
    _get_lc_time                              - Undefined Weak Reference
    _getenv_init                              - Undefined Weak Reference
    _handle_redirection                       - Undefined Weak Reference
    _initio                                   - Undefined Weak Reference
    _mutex_acquire                            - Undefined Weak Reference
    _mutex_free                               - Undefined Weak Reference
    _mutex_release                            - Undefined Weak Reference
    _printf_truncate_signed                   - Undefined Weak Reference
    _printf_truncate_unsigned                 - Undefined Weak Reference
    _signal_finish                            - Undefined Weak Reference
    _signal_init                              - Undefined Weak Reference
    _terminateio                              - Undefined Weak Reference
    __main                                   0x000000cd   Thumb Code     8  __main.o(!!!main)
    __scatterload                            0x000000d5   Thumb Code     0  __scatter.o(!!!scatter)
    __scatterload_rt2                        0x000000d5   Thumb Code    44  __scatter.o(!!!scatter)
    __scatterload_rt2_thumb_only             0x000000d5   Thumb Code     0  __scatter.o(!!!scatter)
    __scatterload_null                       0x000000e3   Thumb Code     0  __scatter.o(!!!scatter)
    __scatterload_copy                       0x00000109   Thumb Code    26  __scatter_copy.o(!!handler_copy)
    __scatterload_zeroinit                   0x00000125   Thumb Code    28  __scatter_zi.o(!!handler_zi)
    __rt_lib_init                            0x00000141   Thumb Code     0  libinit.o(.ARM.Collect$$libinit$$00000000)
    __rt_lib_init_fp_1                       0x00000143   Thumb Code     0  libinit2.o(.ARM.Collect$$libinit$$00000002)
    __rt_lib_init_heap_1                     0x00000143   Thumb Code     0  libinit2.o(.ARM.Collect$$libinit$$00000008)
    __rt_lib_init_rand_2                     0x00000143   Thumb Code     0  libinit2.o(.ARM.Collect$$libinit$$0000000B)
    __rt_lib_init_user_alloc_1               0x00000143   Thumb Code     0  libinit2.o(.ARM.Collect$$libinit$$0000000A)
    __rt_lib_init_lc_common                  0x00000147   Thumb Code     0  libinit2.o(.ARM.Collect$$libinit$$0000000D)
    __rt_lib_init_rand_1                     0x00000147   Thumb Code     0  libinit2.o(.ARM.Collect$$libinit$$0000000C)
    __rt_lib_init_lc_collate_1               0x0000014d   Thumb Code     0  libinit2.o(.ARM.Collect$$libinit$$0000000F)
    __rt_lib_init_lc_ctype_2                 0x0000014d   Thumb Code     0  libinit2.o(.ARM.Collect$$libinit$$00000010)
    __rt_lib_init_alloca_1                   0x00000159   Thumb Code     0  libinit2.o(.ARM.Collect$$libinit$$0000002C)
    __rt_lib_init_argv_1                     0x00000159   Thumb Code     0  libinit2.o(.ARM.Collect$$libinit$$0000002A)
    __rt_lib_init_atexit_1                   0x00000159   Thumb Code     0  libinit2.o(.ARM.Collect$$libinit$$00000019)
    __rt_lib_init_clock_1                    0x00000159   Thumb Code     0  libinit2.o(.ARM.Collect$$libinit$$0000001F)
    __rt_lib_init_cpp_1                      0x00000159   Thumb Code     0  libinit2.o(.ARM.Collect$$libinit$$00000030)
    __rt_lib_init_exceptions_1               0x00000159   Thumb Code     0  libinit2.o(.ARM.Collect$$libinit$$0000002E)
    __rt_lib_init_fp_trap_1                  0x00000159   Thumb Code     0  libinit2.o(.ARM.Collect$$libinit$$0000001D)
    __rt_lib_init_getenv_1                   0x00000159   Thumb Code     0  libinit2.o(.ARM.Collect$$libinit$$00000021)
    __rt_lib_init_lc_ctype_1                 0x00000159   Thumb Code     0  libinit2.o(.ARM.Collect$$libinit$$00000011)
    __rt_lib_init_lc_monetary_1              0x00000159   Thumb Code     0  libinit2.o(.ARM.Collect$$libinit$$00000013)
    __rt_lib_init_lc_numeric_1               0x00000159   Thumb Code     0  libinit2.o(.ARM.Collect$$libinit$$00000015)
    __rt_lib_init_lc_time_1                  0x00000159   Thumb Code     0  libinit2.o(.ARM.Collect$$libinit$$00000017)
    __rt_lib_init_return                     0x00000159   Thumb Code     0  libinit2.o(.ARM.Collect$$libinit$$00000031)
    __rt_lib_init_signal_1                   0x00000159   Thumb Code     0  libinit2.o(.ARM.Collect$$libinit$$0000001B)
    __rt_lib_init_stdio_1                    0x00000159   Thumb Code     0  libinit2.o(.ARM.Collect$$libinit$$00000023)
    __rt_lib_shutdown                        0x0000015b   Thumb Code     0  libshutdown.o(.ARM.Collect$$libshutdown$$00000000)
    __rt_lib_shutdown_fp_trap_1              0x0000015d   Thumb Code     0  libshutdown2.o(.ARM.Collect$$libshutdown$$00000006)
    __rt_lib_shutdown_heap_1                 0x0000015d   Thumb Code     0  libshutdown2.o(.ARM.Collect$$libshutdown$$0000000E)
    __rt_lib_shutdown_return                 0x0000015d   Thumb Code     0  libshutdown2.o(.ARM.Collect$$libshutdown$$0000000F)
    __rt_lib_shutdown_signal_1               0x0000015d   Thumb Code     0  libshutdown2.o(.ARM.Collect$$libshutdown$$00000009)
    __rt_lib_shutdown_stdio_1                0x0000015d   Thumb Code     0  libshutdown2.o(.ARM.Collect$$libshutdown$$00000003)
    __rt_lib_shutdown_user_alloc_1           0x0000015d   Thumb Code     0  libshutdown2.o(.ARM.Collect$$libshutdown$$0000000B)
    __rt_entry                               0x0000015f   Thumb Code     0  rtentry.o(.ARM.Collect$$rtentry$$00000000)
    __rt_entry_presh_1                       0x0000015f   Thumb Code     0  rtentry2.o(.ARM.Collect$$rtentry$$00000002)
    __rt_entry_sh                            0x0000015f   Thumb Code     0  rtentry4.o(.ARM.Collect$$rtentry$$00000004)
    __rt_entry_li                            0x00000165   Thumb Code     0  rtentry2.o(.ARM.Collect$$rtentry$$0000000A)
    __rt_entry_postsh_1                      0x00000165   Thumb Code     0  rtentry2.o(.ARM.Collect$$rtentry$$00000009)
    __rt_entry_main                          0x00000169   Thumb Code     0  rtentry2.o(.ARM.Collect$$rtentry$$0000000D)
    __rt_entry_postli_1                      0x00000169   Thumb Code     0  rtentry2.o(.ARM.Collect$$rtentry$$0000000C)
    __rt_exit                                0x00000171   Thumb Code     0  rtexit.o(.ARM.Collect$$rtexit$$00000000)
    __rt_exit_ls                             0x00000173   Thumb Code     0  rtexit2.o(.ARM.Collect$$rtexit$$00000003)
    __rt_exit_prels_1                        0x00000173   Thumb Code     0  rtexit2.o(.ARM.Collect$$rtexit$$00000002)
    __rt_exit_exit                           0x00000177   Thumb Code     0  rtexit2.o(.ARM.Collect$$rtexit$$00000004)
    rand                                     0x0000017d   Thumb Code    48  rand.o(.emb_text)
    UART_CONSOLE_Init                        0x000001b1   Thumb Code    10  main.o(.text)
    UART_CONSOLE_Send_Buffer                 0x000001bb   Thumb Code    10  main.o(.text)
    UART_CONSOLE_Send_String                 0x000001c5   Thumb Code    22  main.o(.text)
    UART_CONSOLE_Send_Char                   0x000001db   Thumb Code     8  main.o(.text)
    Status_LEDs_Init                         0x000001e3   Thumb Code    36  main.o(.text)
    Status_LED1_Set                          0x00000207   Thumb Code    24  main.o(.text)
    Status_LED2_Set                          0x0000021f   Thumb Code    24  main.o(.text)
    Status_LED1_Toggle                       0x00000237   Thumb Code    10  main.o(.text)
    Status_LED2_Toggle                       0x00000241   Thumb Code    10  main.o(.text)
    SysTick_Handler                          0x0000024b   Thumb Code    94  main.o(.text)
    Init                                     0x000002a9   Thumb Code    66  main.o(.text)
    main                                     0x000002eb   Thumb Code    70  main.o(.text)
    LED_CUBE_Layers_Set                      0x00000361   Thumb Code   180  led_cube_8x8x8.o(.text)
    LED_CUBE_Layer_Set                       0x00000415   Thumb Code   172  led_cube_8x8x8.o(.text)
    LED_CUBE_Clock_Set                       0x000004c1   Thumb Code   168  led_cube_8x8x8.o(.text)
    LED_CUBE_Outputs_Set                     0x00000569   Thumb Code   196  led_cube_8x8x8.o(.text)
    LED_CUBE_Frame_show                      0x0000062d   Thumb Code    92  led_cube_8x8x8.o(.text)
    LED_CUBE_Timer                           0x00000689   Thumb Code    98  led_cube_8x8x8.o(.text)
    LED_CUBE_Clear                           0x000006eb   Thumb Code    30  led_cube_8x8x8.o(.text)
    LED_CUBE_Clear_layer                     0x00000709   Thumb Code    20  led_cube_8x8x8.o(.text)
    LED_CUBE_Full                            0x0000071d   Thumb Code    30  led_cube_8x8x8.o(.text)
    LED_CUBE_Cube_3                          0x0000073b   Thumb Code    38  led_cube_8x8x8.o(.text)
    LED_CUBE_Cube_4_line                     0x00000761   Thumb Code    32  led_cube_8x8x8.o(.text)
    LED_CUBE_Random                          0x00000781   Thumb Code    48  led_cube_8x8x8.o(.text)
    LED_CUBE_Test_z                          0x000007b1   Thumb Code    30  led_cube_8x8x8.o(.text)
    LED_CUBE_Test_y                          0x000007cf   Thumb Code    16  led_cube_8x8x8.o(.text)
    LED_CUBE_Test_x                          0x000007df   Thumb Code    18  led_cube_8x8x8.o(.text)
    LED_CUBE_Clocks_Set                      0x000007f1   Thumb Code   180  led_cube_8x8x8.o(.text)
    LED_CUBE_Init                            0x000008a5   Thumb Code    90  led_cube_8x8x8.o(.text)
    LED_CUBE_Animation_Char                  0x0000090d   Thumb Code  3550  led_cube_8x8x8_animations.o(.text)
    LED_CUBE_Animation_String_to_front       0x000016eb   Thumb Code    54  led_cube_8x8x8_animations.o(.text)
    LED_CUBE_Animation_Move_belt_left        0x00001721   Thumb Code    22  led_cube_8x8x8_animations.o(.text)
    LED_CUBE_Animation_Show_belt             0x00001737   Thumb Code   154  led_cube_8x8x8_animations.o(.text)
    LED_CUBE_Animation_Set_char_to_belt      0x000017d1   Thumb Code    82  led_cube_8x8x8_animations.o(.text)
    LED_CUBE_Animation_String_belt           0x00001823   Thumb Code    80  led_cube_8x8x8_animations.o(.text)
    LED_CUBE_Animations_Cube_2_auto_show     0x00001873   Thumb Code   164  led_cube_8x8x8_animations.o(.text)
    LED_CUBE_Animations_Cube2_move_z_rev     0x00001917   Thumb Code    36  led_cube_8x8x8_animations.o(.text)
    LED_CUBE_Animations_Cube2_move_z_fwd     0x0000193b   Thumb Code    36  led_cube_8x8x8_animations.o(.text)
    LED_CUBE_Animations_Cube2_move_x_rev     0x0000195f   Thumb Code    40  led_cube_8x8x8_animations.o(.text)
    LED_CUBE_Animations_Cube2_move_x_fwd     0x00001987   Thumb Code    36  led_cube_8x8x8_animations.o(.text)
    LED_CUBE_Animations_Cube2_move_y_rev     0x000019ab   Thumb Code    40  led_cube_8x8x8_animations.o(.text)
    LED_CUBE_Animations_Cube2_move_y_fwd     0x000019d3   Thumb Code    36  led_cube_8x8x8_animations.o(.text)
    LED_CUBE_Animation_Cube_2_auto           0x000019f7   Thumb Code   468  led_cube_8x8x8_animations.o(.text)
    LED_CUBE_Animations_Cubes_2              0x00001bcb   Thumb Code   400  led_cube_8x8x8_animations.o(.text)
    LED_CUBE_Animations_wipe                 0x00001d5b   Thumb Code    82  led_cube_8x8x8_animations.o(.text)
    LED_CUBE_Animations_explosion            0x00001dad   Thumb Code   188  led_cube_8x8x8_animations.o(.text)
    LED_CUBE_Animations_Outline_shrink       0x00001e69   Thumb Code   202  led_cube_8x8x8_animations.o(.text)
    LED_CUBE_Animations_Cubes_4              0x00001f33   Thumb Code   382  led_cube_8x8x8_animations.o(.text)
    LED_CUBE_Animations_Cube_stars           0x000020b1   Thumb Code    86  led_cube_8x8x8_animations.o(.text)
    LED_CUBE_Animations_Cube_Outline         0x00002107   Thumb Code   256  led_cube_8x8x8_animations.o(.text)
    LED_CUBE_Animations_Cube_waves           0x00002207   Thumb Code   436  led_cube_8x8x8_animations.o(.text)
    LED_CUBE_Animations_Cube_sonic           0x000023bb   Thumb Code   936  led_cube_8x8x8_animations.o(.text)
    LED_CUBE_Animtions_Outline_shrink        0x00002763   Thumb Code   196  led_cube_8x8x8_animations.o(.text)
    LED_CUBE_Animations_Show_belt            0x00002827   Thumb Code   154  led_cube_8x8x8_animations.o(.text)
    invaders_move_right                      0x000028c1   Thumb Code   250  led_cube_8x8x8_animations.o(.text)
    invaders_move_left                       0x000029bb   Thumb Code   252  led_cube_8x8x8_animations.o(.text)
    invaders_move_down                       0x00002ab7   Thumb Code   158  led_cube_8x8x8_animations.o(.text)
    LED_CUBE_Animations_Cube_invaders        0x00002d47   Thumb Code   340  led_cube_8x8x8_animations.o(.text)
    LED_CUBE_Animations_Cube_belt_wipe       0x00002e9b   Thumb Code    90  led_cube_8x8x8_animations.o(.text)
    LED_CUBE_Animations_Cube_block_wipe      0x00002ef5   Thumb Code   100  led_cube_8x8x8_animations.o(.text)
    LED_CUBE_Animations_Cube_stripes         0x00002f59   Thumb Code   206  led_cube_8x8x8_animations.o(.text)
    move_z_fwd                               0x0000302d   Thumb Code    36  led_cube_8x8x8_translation.o(.text)
    move_z_rev                               0x00003051   Thumb Code    36  led_cube_8x8x8_translation.o(.text)
    move_y_fwd                               0x00003075   Thumb Code    92  led_cube_8x8x8_translation.o(.text)
    move_y_rev                               0x000030d1   Thumb Code   106  led_cube_8x8x8_translation.o(.text)
    move_x_fwd                               0x0000313b   Thumb Code   102  led_cube_8x8x8_translation.o(.text)
    move_x_rev                               0x000031a1   Thumb Code    98  led_cube_8x8x8_translation.o(.text)
    rotate_90_auto                           0x00003209   Thumb Code  4802  led_cube_8x8x8_rotation.o(.text)
    rotate_90_deg                            0x000044cb   Thumb Code   124  led_cube_8x8x8_rotation.o(.text)
    Reset_Handler                            0x0000454d   Thumb Code     8  startup_lpc17xx.o(.text)
    NMI_Handler                              0x00004555   Thumb Code     2  startup_lpc17xx.o(.text)
    HardFault_Handler                        0x00004557   Thumb Code     2  startup_lpc17xx.o(.text)
    MemManage_Handler                        0x00004559   Thumb Code     2  startup_lpc17xx.o(.text)
    BusFault_Handler                         0x0000455b   Thumb Code     2  startup_lpc17xx.o(.text)
    UsageFault_Handler                       0x0000455d   Thumb Code     2  startup_lpc17xx.o(.text)
    SVC_Handler                              0x0000455f   Thumb Code     2  startup_lpc17xx.o(.text)
    DebugMon_Handler                         0x00004561   Thumb Code     2  startup_lpc17xx.o(.text)
    PendSV_Handler                           0x00004563   Thumb Code     2  startup_lpc17xx.o(.text)
    ADC_IRQHandler                           0x00004567   Thumb Code     0  startup_lpc17xx.o(.text)
    BOD_IRQHandler                           0x00004567   Thumb Code     0  startup_lpc17xx.o(.text)
    CANActivity_IRQHandler                   0x00004567   Thumb Code     0  startup_lpc17xx.o(.text)
    CAN_IRQHandler                           0x00004567   Thumb Code     0  startup_lpc17xx.o(.text)
    DMA_IRQHandler                           0x00004567   Thumb Code     0  startup_lpc17xx.o(.text)
    EINT0_IRQHandler                         0x00004567   Thumb Code     0  startup_lpc17xx.o(.text)
    EINT1_IRQHandler                         0x00004567   Thumb Code     0  startup_lpc17xx.o(.text)
    EINT2_IRQHandler                         0x00004567   Thumb Code     0  startup_lpc17xx.o(.text)
    EINT3_IRQHandler                         0x00004567   Thumb Code     0  startup_lpc17xx.o(.text)
    ENET_IRQHandler                          0x00004567   Thumb Code     0  startup_lpc17xx.o(.text)
    I2C0_IRQHandler                          0x00004567   Thumb Code     0  startup_lpc17xx.o(.text)
    I2C1_IRQHandler                          0x00004567   Thumb Code     0  startup_lpc17xx.o(.text)
    I2C2_IRQHandler                          0x00004567   Thumb Code     0  startup_lpc17xx.o(.text)
    I2S_IRQHandler                           0x00004567   Thumb Code     0  startup_lpc17xx.o(.text)
    MCPWM_IRQHandler                         0x00004567   Thumb Code     0  startup_lpc17xx.o(.text)
    PLL0_IRQHandler                          0x00004567   Thumb Code     0  startup_lpc17xx.o(.text)
    PLL1_IRQHandler                          0x00004567   Thumb Code     0  startup_lpc17xx.o(.text)
    PWM1_IRQHandler                          0x00004567   Thumb Code     0  startup_lpc17xx.o(.text)
    QEI_IRQHandler                           0x00004567   Thumb Code     0  startup_lpc17xx.o(.text)
    RIT_IRQHandler                           0x00004567   Thumb Code     0  startup_lpc17xx.o(.text)
    RTC_IRQHandler                           0x00004567   Thumb Code     0  startup_lpc17xx.o(.text)
    SPI_IRQHandler                           0x00004567   Thumb Code     0  startup_lpc17xx.o(.text)
    SSP0_IRQHandler                          0x00004567   Thumb Code     0  startup_lpc17xx.o(.text)
    SSP1_IRQHandler                          0x00004567   Thumb Code     0  startup_lpc17xx.o(.text)
    TIMER0_IRQHandler                        0x00004567   Thumb Code     0  startup_lpc17xx.o(.text)
    TIMER1_IRQHandler                        0x00004567   Thumb Code     0  startup_lpc17xx.o(.text)
    TIMER2_IRQHandler                        0x00004567   Thumb Code     0  startup_lpc17xx.o(.text)
    TIMER3_IRQHandler                        0x00004567   Thumb Code     0  startup_lpc17xx.o(.text)
    UART2_IRQHandler                         0x00004567   Thumb Code     0  startup_lpc17xx.o(.text)
    UART3_IRQHandler                         0x00004567   Thumb Code     0  startup_lpc17xx.o(.text)
    USBActivity_IRQHandler                   0x00004567   Thumb Code     0  startup_lpc17xx.o(.text)
    USB_IRQHandler                           0x00004567   Thumb Code     0  startup_lpc17xx.o(.text)
    WDT_IRQHandler                           0x00004567   Thumb Code     0  startup_lpc17xx.o(.text)
    __user_initial_stackheap                 0x00004569   Thumb Code     0  startup_lpc17xx.o(.text)
    SystemCoreClockUpdate                    0x0000458d   Thumb Code   194  system_lpc17xx.o(.text)
    SystemInit                               0x0000464f   Thumb Code   142  system_lpc17xx.o(.text)
    UART_RBR_Disable                         0x000046fd   Thumb Code    14  uart.o(.text)
    UART_RBR_Enable                          0x0000470b   Thumb Code    14  uart.o(.text)
    UART_Init                                0x00004719   Thumb Code   206  uart.o(.text)
    UART_SendChar                            0x000047e7   Thumb Code    32  uart.o(.text)
    UART_SendBuffer                          0x00004807   Thumb Code    28  uart.o(.text)
    UART_GetChar                             0x00004823   Thumb Code    24  uart.o(.text)
    UART0_IRQHandler                         0x0000483b   Thumb Code   106  uart.o(.text)
    UART1_IRQHandler                         0x000048a5   Thumb Code   108  uart.o(.text)
    Delay_ms                                 0x00004945   Thumb Code    20  delay.o(.text)
    Delay_us                                 0x00004959   Thumb Code    20  delay.o(.text)
    __aeabi_uldivmod                         0x0000496d   Thumb Code     0  lludivv7m.o(.text)
    _ll_udiv                                 0x0000496d   Thumb Code   238  lludivv7m.o(.text)
    tolower                                  0x00004a5b   Thumb Code    26  tolower.o(.text)
    srand                                    0x00004a75   Thumb Code    42  rand.o(.text)
    _rand_init                               0x00004a9f   Thumb Code     4  rand.o(.text)
    strlen                                   0x00004ab1   Thumb Code    62  strlen.o(.text)
    __use_two_region_memory                  0x00004aef   Thumb Code     2  heapauxi.o(.text)
    __rt_heap_escrow                         0x00004af1   Thumb Code     2  heapauxi.o(.text)
    __rt_heap_expand                         0x00004af3   Thumb Code     2  heapauxi.o(.text)
    __rt_ctype_table                         0x00004af5   Thumb Code    16  rt_ctype_table.o(.text)
    __user_libspace                          0x00004b05   Thumb Code     8  libspace.o(.text)
    __user_perproc_libspace                  0x00004b05   Thumb Code     0  libspace.o(.text)
    __user_perthread_libspace                0x00004b05   Thumb Code     0  libspace.o(.text)
    __rt_locale                              0x00004b0d   Thumb Code     8  rt_locale_intlibspace.o(.text)
    __I$use$semihosting                      0x00004b15   Thumb Code     0  use_no_semi.o(.text)
    __use_no_semihosting_swi                 0x00004b15   Thumb Code     2  use_no_semi.o(.text)
    __semihosting_library_function           0x00004b17   Thumb Code     0  indicate_semi.o(.text)
    __user_setup_stackheap                   0x00004b17   Thumb Code    74  sys_stackheap_outer.o(.text)
    exit                                     0x00004b61   Thumb Code    12  exit.o(.text)
    strcmp                                   0x00004b6d   Thumb Code   128  strcmpv7m.o(.text)
    _sys_exit                                0x00004bed   Thumb Code     8  sys_exit.o(.text)
    _get_lc_ctype                            0x00004bf9   Thumb Code    44  lc_ctype_c.o(locale$$code)
    Region$$Table$$Base                      0x00004c24   Number         0  anon$$obj.o(Region$$Table)
    Region$$Table$$Limit                     0x00004c44   Number         0  anon$$obj.o(Region$$Table)
    __ctype                                  0x00004c51   Data           0  lc_ctype_c.o(locale$$data)
    timerLEDCube_tick                        0x10000000   Data           4  main.o(.data)
    timer10s_tick                            0x10000004   Data           4  main.o(.data)
    timer100s_tick                           0x10000008   Data           4  main.o(.data)
    timer1s_tick                             0x1000000c   Data           4  main.o(.data)
    TICK_10MS                                0x10000010   Data           4  main.o(.data)
    TICK_100MS                               0x10000014   Data           4  main.o(.data)
    TICK_1S                                  0x10000018   Data           4  main.o(.data)
    SystemCoreClock                          0x10000028   Data           4  system_lpc17xx.o(.data)
    UART_TxEmpty                             0x1000002c   Data           2  uart.o(.data)
    UART_Count                               0x10000030   Data           8  uart.o(.data)
    UART_Status                              0x10000038   Data           8  uart.o(.data)
    cube                                     0x10000040   Data          64  led_cube_8x8x8.o(.bss)
    UART_Buffer                              0x10000080   Data         128  uart.o(.bss)
    _random_number_data                      0x10000100   Data         228  rand.o(.bss)
    __libspace_start                         0x100001e4   Data          96  libspace.o(.bss)
    __temporary_stack_top$libspace           0x10000244   Data           0  libspace.o(.bss)



==============================================================================

Memory Map of the image

  Image Entry point : 0x000000cd

  Load Region LR_IROM1 (Base: 0x00000000, Size: 0x00004d94, Max: 0x00080000, ABSOLUTE)

    Execution Region ER_IROM1 (Base: 0x00000000, Size: 0x00004d54, Max: 0x00080000, ABSOLUTE)

    Base Addr    Size         Type   Attr      Idx    E Section Name        Object

    0x00000000   0x000000cc   Data   RO          212    RESET               startup_lpc17xx.o
    0x000000cc   0x00000008   Code   RO          424  * !!!main             c_w.l(__main.o)
    0x000000d4   0x00000034   Code   RO          661    !!!scatter          c_w.l(__scatter.o)
    0x00000108   0x0000001a   Code   RO          663    !!handler_copy      c_w.l(__scatter_copy.o)
    0x00000122   0x00000002   PAD
    0x00000124   0x0000001c   Code   RO          665    !!handler_zi        c_w.l(__scatter_zi.o)
    0x00000140   0x00000002   Code   RO          601    .ARM.Collect$$libinit$$00000000  c_w.l(libinit.o)
    0x00000142   0x00000000   Code   RO          478    .ARM.Collect$$libinit$$00000002  c_w.l(libinit2.o)
    0x00000142   0x00000000   Code   RO          481    .ARM.Collect$$libinit$$00000008  c_w.l(libinit2.o)
    0x00000142   0x00000000   Code   RO          483    .ARM.Collect$$libinit$$0000000A  c_w.l(libinit2.o)
    0x00000142   0x00000004   Code   RO          484    .ARM.Collect$$libinit$$0000000B  c_w.l(libinit2.o)
    0x00000146   0x00000000   Code   RO          485    .ARM.Collect$$libinit$$0000000C  c_w.l(libinit2.o)
    0x00000146   0x00000006   Code   RO          486    .ARM.Collect$$libinit$$0000000D  c_w.l(libinit2.o)
    0x0000014c   0x00000000   Code   RO          488    .ARM.Collect$$libinit$$0000000F  c_w.l(libinit2.o)
    0x0000014c   0x0000000c   Code   RO          489    .ARM.Collect$$libinit$$00000010  c_w.l(libinit2.o)
    0x00000158   0x00000000   Code   RO          490    .ARM.Collect$$libinit$$00000011  c_w.l(libinit2.o)
    0x00000158   0x00000000   Code   RO          492    .ARM.Collect$$libinit$$00000013  c_w.l(libinit2.o)
    0x00000158   0x00000000   Code   RO          494    .ARM.Collect$$libinit$$00000015  c_w.l(libinit2.o)
    0x00000158   0x00000000   Code   RO          496    .ARM.Collect$$libinit$$00000017  c_w.l(libinit2.o)
    0x00000158   0x00000000   Code   RO          498    .ARM.Collect$$libinit$$00000019  c_w.l(libinit2.o)
    0x00000158   0x00000000   Code   RO          500    .ARM.Collect$$libinit$$0000001B  c_w.l(libinit2.o)
    0x00000158   0x00000000   Code   RO          502    .ARM.Collect$$libinit$$0000001D  c_w.l(libinit2.o)
    0x00000158   0x00000000   Code   RO          504    .ARM.Collect$$libinit$$0000001F  c_w.l(libinit2.o)
    0x00000158   0x00000000   Code   RO          506    .ARM.Collect$$libinit$$00000021  c_w.l(libinit2.o)
    0x00000158   0x00000000   Code   RO          508    .ARM.Collect$$libinit$$00000023  c_w.l(libinit2.o)
    0x00000158   0x00000000   Code   RO          512    .ARM.Collect$$libinit$$0000002A  c_w.l(libinit2.o)
    0x00000158   0x00000000   Code   RO          514    .ARM.Collect$$libinit$$0000002C  c_w.l(libinit2.o)
    0x00000158   0x00000000   Code   RO          516    .ARM.Collect$$libinit$$0000002E  c_w.l(libinit2.o)
    0x00000158   0x00000000   Code   RO          518    .ARM.Collect$$libinit$$00000030  c_w.l(libinit2.o)
    0x00000158   0x00000002   Code   RO          519    .ARM.Collect$$libinit$$00000031  c_w.l(libinit2.o)
    0x0000015a   0x00000002   Code   RO          658    .ARM.Collect$$libshutdown$$00000000  c_w.l(libshutdown.o)
    0x0000015c   0x00000000   Code   RO          618    .ARM.Collect$$libshutdown$$00000003  c_w.l(libshutdown2.o)
    0x0000015c   0x00000000   Code   RO          621    .ARM.Collect$$libshutdown$$00000006  c_w.l(libshutdown2.o)
    0x0000015c   0x00000000   Code   RO          624    .ARM.Collect$$libshutdown$$00000009  c_w.l(libshutdown2.o)
    0x0000015c   0x00000000   Code   RO          626    .ARM.Collect$$libshutdown$$0000000B  c_w.l(libshutdown2.o)
    0x0000015c   0x00000000   Code   RO          629    .ARM.Collect$$libshutdown$$0000000E  c_w.l(libshutdown2.o)
    0x0000015c   0x00000002   Code   RO          630    .ARM.Collect$$libshutdown$$0000000F  c_w.l(libshutdown2.o)
    0x0000015e   0x00000000   Code   RO          428    .ARM.Collect$$rtentry$$00000000  c_w.l(rtentry.o)
    0x0000015e   0x00000000   Code   RO          526    .ARM.Collect$$rtentry$$00000002  c_w.l(rtentry2.o)
    0x0000015e   0x00000006   Code   RO          538    .ARM.Collect$$rtentry$$00000004  c_w.l(rtentry4.o)
    0x00000164   0x00000000   Code   RO          528    .ARM.Collect$$rtentry$$00000009  c_w.l(rtentry2.o)
    0x00000164   0x00000004   Code   RO          529    .ARM.Collect$$rtentry$$0000000A  c_w.l(rtentry2.o)
    0x00000168   0x00000000   Code   RO          531    .ARM.Collect$$rtentry$$0000000C  c_w.l(rtentry2.o)
    0x00000168   0x00000008   Code   RO          532    .ARM.Collect$$rtentry$$0000000D  c_w.l(rtentry2.o)
    0x00000170   0x00000002   Code   RO          604    .ARM.Collect$$rtexit$$00000000  c_w.l(rtexit.o)
    0x00000172   0x00000000   Code   RO          634    .ARM.Collect$$rtexit$$00000002  c_w.l(rtexit2.o)
    0x00000172   0x00000004   Code   RO          635    .ARM.Collect$$rtexit$$00000003  c_w.l(rtexit2.o)
    0x00000176   0x00000006   Code   RO          636    .ARM.Collect$$rtexit$$00000004  c_w.l(rtexit2.o)
    0x0000017c   0x00000034   Code   RO          413    .emb_text           c_w.l(rand.o)
    0x000001b0   0x000001b0   Code   RO            3    .text               main.o
    0x00000360   0x000005ac   Code   RO           94    .text               led_cube_8x8x8.o
    0x0000090c   0x00002720   Code   RO          139    .text               led_cube_8x8x8_animations.o
    0x0000302c   0x000001dc   Code   RO          164    .text               led_cube_8x8x8_translation.o
    0x00003208   0x00001344   Code   RO          188    .text               led_cube_8x8x8_rotation.o
    0x0000454c   0x00000040   Code   RO          213    .text               startup_lpc17xx.o
    0x0000458c   0x00000170   Code   RO          231    .text               system_lpc17xx.o
    0x000046fc   0x00000248   Code   RO          264    .text               uart.o
    0x00004944   0x00000028   Code   RO          298    .text               delay.o
    0x0000496c   0x000000ee   Code   RO          377    .text               c_w.l(lludivv7m.o)
    0x00004a5a   0x0000001a   Code   RO          379    .text               c_w.l(tolower.o)
    0x00004a74   0x0000003c   Code   RO          414    .text               c_w.l(rand.o)
    0x00004ab0   0x0000003e   Code   RO          420    .text               c_w.l(strlen.o)
    0x00004aee   0x00000006   Code   RO          422    .text               c_w.l(heapauxi.o)
    0x00004af4   0x00000010   Code   RO          429    .text               c_w.l(rt_ctype_table.o)
    0x00004b04   0x00000008   Code   RO          522    .text               c_w.l(libspace.o)
    0x00004b0c   0x00000008   Code   RO          545    .text               c_w.l(rt_locale_intlibspace.o)
    0x00004b14   0x00000002   Code   RO          571    .text               c_w.l(use_no_semi.o)
    0x00004b16   0x00000000   Code   RO          573    .text               c_w.l(indicate_semi.o)
    0x00004b16   0x0000004a   Code   RO          574    .text               c_w.l(sys_stackheap_outer.o)
    0x00004b60   0x0000000c   Code   RO          580    .text               c_w.l(exit.o)
    0x00004b6c   0x00000080   Code   RO          590    .text               c_w.l(strcmpv7m.o)
    0x00004bec   0x0000000c   Code   RO          602    .text               c_w.l(sys_exit.o)
    0x00004bf8   0x0000002c   Code   RO          558    locale$$code        c_w.l(lc_ctype_c.o)
    0x00004c24   0x00000020   Data   RO          659    Region$$Table       anon$$obj.o
    0x00004c44   0x00000110   Data   RO          557    locale$$data        c_w.l(lc_ctype_c.o)


    Execution Region RW_IRAM1 (Base: 0x10000000, Size: 0x00000e48, Max: 0x00008000, ABSOLUTE)

    Base Addr    Size         Type   Attr      Idx    E Section Name        Object

    0x10000000   0x0000001c   Data   RW            4    .data               main.o
    0x1000001c   0x00000004   Data   RW           96    .data               led_cube_8x8x8.o
    0x10000020   0x00000008   Data   RW          140    .data               led_cube_8x8x8_animations.o
    0x10000028   0x00000004   Data   RW          232    .data               system_lpc17xx.o
    0x1000002c   0x00000014   Data   RW          266    .data               uart.o
    0x10000040   0x00000040   Zero   RW           95    .bss                led_cube_8x8x8.o
    0x10000080   0x00000080   Zero   RW          265    .bss                uart.o
    0x10000100   0x000000e4   Zero   RW          415    .bss                c_w.l(rand.o)
    0x100001e4   0x00000060   Zero   RW          523    .bss                c_w.l(libspace.o)
    0x10000244   0x00000004   PAD
    0x10000248   0x00000800   Zero   RW          211    HEAP                startup_lpc17xx.o
    0x10000a48   0x00000400   Zero   RW          210    STACK               startup_lpc17xx.o


==============================================================================

Image component sizes


      Code (inc. data)   RO Data    RW Data    ZI Data      Debug   Object Name

        40          0          0          0          0        588   delay.o
      1452         60          0          4         64      11682   led_cube_8x8x8.o
     10016         80          0          8          0      16184   led_cube_8x8x8_animations.o
      4932         10          0          0          0       4667   led_cube_8x8x8_rotation.o
       476          6          0          0          0       1948   led_cube_8x8x8_translation.o
       432         48          0         28          0      55318   main.o
        64         26        204          0       3072        768   startup_lpc17xx.o
       368         32          0          4          0      17701   system_lpc17xx.o
       584         28          0         20        128      27391   uart.o

    ----------------------------------------------------------------------
     18364        290        236         64       3264     136247   Object Totals
         0          0         32          0          0          0   (incl. Generated)
         0          0          0          0          0          0   (incl. Padding)

    ----------------------------------------------------------------------

      Code (inc. data)   RO Data    RW Data    ZI Data      Debug   Library Member Name

         8          0          0          0          0         68   __main.o
        52          8          0          0          0          0   __scatter.o
        26          0          0          0          0          0   __scatter_copy.o
        28          0          0          0          0          0   __scatter_zi.o
        12          0          0          0          0         72   exit.o
         6          0          0          0          0        152   heapauxi.o
         0          0          0          0          0          0   indicate_semi.o
        44         10        272          0          0         76   lc_ctype_c.o
         2          0          0          0          0          0   libinit.o
        24          0          0          0          0          0   libinit2.o
         2          0          0          0          0          0   libshutdown.o
         2          0          0          0          0          0   libshutdown2.o
         8          4          0          0         96         68   libspace.o
       238          0          0          0          0        100   lludivv7m.o
       112         18          0          0        228        160   rand.o
        16          4          0          0          0         76   rt_ctype_table.o
         8          4          0          0          0         68   rt_locale_intlibspace.o
         0          0          0          0          0          0   rtentry.o
        12          0          0          0          0          0   rtentry2.o
         6          0          0          0          0          0   rtentry4.o
         2          0          0          0          0          0   rtexit.o
        10          0          0          0          0          0   rtexit2.o
       128          0          0          0          0         68   strcmpv7m.o
        62          0          0          0          0         76   strlen.o
        12          4          0          0          0         68   sys_exit.o
        74          0          0          0          0         80   sys_stackheap_outer.o
        26          0          0          0          0         76   tolower.o
         2          0          0          0          0         68   use_no_semi.o

    ----------------------------------------------------------------------
       924         52        272          0        328       1276   Library Totals
         2          0          0          0          4          0   (incl. Padding)

    ----------------------------------------------------------------------

      Code (inc. data)   RO Data    RW Data    ZI Data      Debug   Library Name

       922         52        272          0        324       1276   c_w.l

    ----------------------------------------------------------------------
       924         52        272          0        328       1276   Library Totals

    ----------------------------------------------------------------------

==============================================================================


      Code (inc. data)   RO Data    RW Data    ZI Data      Debug   

     19288        342        508         64       3592     136015   Grand Totals
     19288        342        508         64       3592     136015   ELF Image Totals
     19288        342        508         64          0          0   ROM Totals

==============================================================================

    Total RO  Size (Code + RO Data)                19796 (  19.33kB)
    Total RW  Size (RW Data + ZI Data)              3656 (   3.57kB)
    Total ROM Size (Code + RO Data + RW Data)      19860 (  19.39kB)

==============================================================================

