<html>
<body>
<pre>
<h1>µVision Build Log</h1>
<h2>Project:</h2>
T:\LP_LED_CUBE_8x8x8_V301\LP_LED_CUBE_8x8x8_LPC176X_EXAMPLE\LP_LED_CUBE_8x8x8_LPC176X.uvproj
Project File Date:  09/02/2014

<h2>Output:</h2>
Rebuild target 'LP LED CUBE 8x8x8'
compiling LP_LED_CUBE_8x8x8_LPC176X.c...
assembling startup_LPC17xx.s...
compiling system_LPC17xx.c...
compiling DELAY.c...
compiling I2C.c...
compiling LED_CUBE_8x8x8.c...
compiling TLC59116.c...
compiling UART.c...
linking...
Program Size: Code=4720 RO-data=248 RW-data=52 ZI-data=1172  
FromELF: creating hex file...
After Build - User command #1: fromelf --bin ".\Obj\LP_LED_CUBE_8x8x8_LPC176X.axf" --output ".\Flash 0x2000\LP_LED_CUBE_8x8x8_LPC176X_EXAMPLE_V301.bin"
".\Obj\LP_LED_CUBE_8x8x8_LPC176X.axf" - 0 Error(s), 0 Warning(s).
</pre>
</body>
</html>
