<html>
<body>
<pre>
<h1>µVision Build Log</h1>
<h2>Project:</h2>
C:\Users\Dule\Desktop\Luka_Penger\lp-led-cube-8x8x8-project\LP_LED_CUBE_8x8x8_LPC176X\Http_upload.uvproj
Project File Date:  06/10/2014

<h2>Output:</h2>
Rebuild target 'LP LED CUBE 8x8x8'
custom translating Web.inp...
Custom: C:\Keil\ARM\bin\fcarm @Web\Web.inp
FCARM FILE CONVERTER V2.41
Completed 6 File(s), Ratio 85%
compiling MAIN.c...
MAIN.c(281): warning:  #550-D: variable "file_info" was set but never used
MAIN.c(282): warning:  #177-D: variable "file" was declared but never referenced
compiling HTTP_CGI.c...
compiling WEB.C...
compiling FTP_uif.c...
compiling HTTP_err.c...
compiling HTTP_uif.c...
compiling LED_CUBE_8x8x8.c...
compiling PROTOCOL.c...
compiling TCP_USERS.c...
compiling Net_Config.c...
compiling File_Config.c...
assembling startup_LPC17xx.s...
compiling FS_SPI_FlashPrg.c...
compiling Retarget.c...
compiling ADC.c...
compiling DELAY.c...
compiling EMAC_DP83848.c...
compiling HELP.c...
compiling I2C.c...
compiling SPI_LPC17xx.c...
compiling system_LPC17xx.c...
compiling UART.c...
compiling TLC59116.c...
compiling SETTINGS.c...
compiling RTC.c...
compiling SNTP.c...
compiling ADMINS.c...
compiling USERS.c...
linking...
Program Size: Code=59168 RO-data=17380 RW-data=308 ZI-data=27964  
FromELF: creating hex file...
After Build - User command #1: fromelf --bin ".\Obj\LP_LED_CUBE_8x8x8.axf" --output ".\Flash 0x2000\LP_LED_CUBE_8x8x8.bin"
".\Obj\LP_LED_CUBE_8x8x8.axf" - 0 Errors, 2 Warning(s).
Load "C:\\Users\\Dule\\Desktop\\Luka_Penger\\lp-led-cube-8x8x8-project\\LP_LED_CUBE_8x8x8_LPC176X\\Obj\\LP_LED_CUBE_8x8x8.axf" 
Full Chip Erase Done.
Programming Done.
Verify OK.
Application running ...
Rebuild target 'LP LED CUBE 8x8x8'
custom translating Web.inp...
Custom: C:\Keil\ARM\bin\fcarm @Web\Web.inp
FCARM FILE CONVERTER V2.41
Completed 6 File(s), Ratio 85%
compiling MAIN.c...
MAIN.c(289): warning:  #550-D: variable "file_info" was set but never used
MAIN.c(290): warning:  #177-D: variable "file" was declared but never referenced
compiling HTTP_CGI.c...
compiling WEB.C...
compiling FTP_uif.c...
compiling HTTP_err.c...
compiling HTTP_uif.c...
compiling LED_CUBE_8x8x8.c...
compiling PROTOCOL.c...
compiling TCP_USERS.c...
compiling Net_Config.c...
compiling File_Config.c...
assembling startup_LPC17xx.s...
compiling FS_SPI_FlashPrg.c...
compiling Retarget.c...
compiling ADC.c...
compiling DELAY.c...
compiling EMAC_DP83848.c...
compiling HELP.c...
compiling I2C.c...
compiling SPI_LPC17xx.c...
compiling system_LPC17xx.c...
compiling UART.c...
compiling TLC59116.c...
compiling SETTINGS.c...
compiling RTC.c...
compiling SNTP.c...
compiling ADMINS.c...
compiling USERS.c...
linking...
Program Size: Code=59192 RO-data=17380 RW-data=308 ZI-data=27964  
FromELF: creating hex file...
After Build - User command #1: fromelf --bin ".\Obj\LP_LED_CUBE_8x8x8.axf" --output ".\Flash 0x2000\LP_LED_CUBE_8x8x8.bin"
".\Obj\LP_LED_CUBE_8x8x8.axf" - 0 Errors, 2 Warning(s).
Load "C:\\Users\\Dule\\Desktop\\Luka_Penger\\lp-led-cube-8x8x8-project\\LP_LED_CUBE_8x8x8_LPC176X\\Obj\\LP_LED_CUBE_8x8x8.axf" 
Full Chip Erase Done.
Programming Done.
Verify OK.
Application running ...
Rebuild target 'LP LED CUBE 8x8x8'
custom translating Web.inp...
Custom: C:\Keil\ARM\bin\fcarm @Web\Web.inp
FCARM FILE CONVERTER V2.41
Completed 6 File(s), Ratio 85%
compiling MAIN.c...
MAIN.c(289): warning:  #550-D: variable "file_info" was set but never used
MAIN.c(290): warning:  #177-D: variable "file" was declared but never referenced
compiling HTTP_CGI.c...
compiling WEB.C...
compiling FTP_uif.c...
compiling HTTP_err.c...
compiling HTTP_uif.c...
compiling LED_CUBE_8x8x8.c...
compiling PROTOCOL.c...
compiling TCP_USERS.c...
compiling Net_Config.c...
compiling File_Config.c...
assembling startup_LPC17xx.s...
compiling FS_SPI_FlashPrg.c...
compiling Retarget.c...
compiling ADC.c...
compiling DELAY.c...
compiling EMAC_DP83848.c...
compiling HELP.c...
compiling I2C.c...
compiling SPI_LPC17xx.c...
compiling system_LPC17xx.c...
compiling UART.c...
compiling TLC59116.c...
compiling SETTINGS.c...
compiling RTC.c...
compiling SNTP.c...
compiling ADMINS.c...
compiling USERS.c...
linking...
Program Size: Code=59348 RO-data=17380 RW-data=308 ZI-data=27964  
FromELF: creating hex file...
After Build - User command #1: fromelf --bin ".\Obj\LP_LED_CUBE_8x8x8.axf" --output ".\Flash 0x2000\LP_LED_CUBE_8x8x8.bin"
".\Obj\LP_LED_CUBE_8x8x8.axf" - 0 Errors, 2 Warning(s).
Load "C:\\Users\\Dule\\Desktop\\Luka_Penger\\lp-led-cube-8x8x8-project\\LP_LED_CUBE_8x8x8_LPC176X\\Obj\\LP_LED_CUBE_8x8x8.axf" 
Full Chip Erase Done.
Programming Done.
Verify OK.
Application running ...
Rebuild target 'LP LED CUBE 8x8x8'
custom translating Web.inp...
Custom: C:\Keil\ARM\bin\fcarm @Web\Web.inp
FCARM FILE CONVERTER V2.41
Completed 6 File(s), Ratio 85%
compiling MAIN.c...
MAIN.c(289): warning:  #550-D: variable "file_info" was set but never used
MAIN.c(290): warning:  #177-D: variable "file" was declared but never referenced
compiling HTTP_CGI.c...
compiling WEB.C...
compiling FTP_uif.c...
compiling HTTP_err.c...
compiling HTTP_uif.c...
compiling LED_CUBE_8x8x8.c...
compiling PROTOCOL.c...
compiling TCP_USERS.c...
compiling Net_Config.c...
compiling File_Config.c...
assembling startup_LPC17xx.s...
compiling FS_SPI_FlashPrg.c...
compiling Retarget.c...
compiling ADC.c...
compiling DELAY.c...
compiling EMAC_DP83848.c...
compiling HELP.c...
compiling I2C.c...
compiling SPI_LPC17xx.c...
compiling system_LPC17xx.c...
compiling UART.c...
compiling TLC59116.c...
compiling SETTINGS.c...
compiling RTC.c...
compiling SNTP.c...
compiling ADMINS.c...
compiling USERS.c...
linking...
Program Size: Code=59352 RO-data=17380 RW-data=304 ZI-data=27960  
FromELF: creating hex file...
After Build - User command #1: fromelf --bin ".\Obj\LP_LED_CUBE_8x8x8.axf" --output ".\Flash 0x2000\LP_LED_CUBE_8x8x8.bin"
".\Obj\LP_LED_CUBE_8x8x8.axf" - 0 Errors, 2 Warning(s).
Load "C:\\Users\\Dule\\Desktop\\Luka_Penger\\lp-led-cube-8x8x8-project\\LP_LED_CUBE_8x8x8_LPC176X\\Obj\\LP_LED_CUBE_8x8x8.axf" 
Full Chip Erase Done.
Programming Done.
Verify OK.
Application running ...
Rebuild target 'LP LED CUBE 8x8x8'
custom translating Web.inp...
Custom: C:\Keil\ARM\bin\fcarm @Web\Web.inp
FCARM FILE CONVERTER V2.41
Completed 6 File(s), Ratio 85%
compiling MAIN.c...
MAIN.c(289): warning:  #550-D: variable "file_info" was set but never used
MAIN.c(290): warning:  #177-D: variable "file" was declared but never referenced
compiling HTTP_CGI.c...
compiling WEB.C...
compiling FTP_uif.c...
compiling HTTP_err.c...
compiling HTTP_uif.c...
compiling LED_CUBE_8x8x8.c...
compiling PROTOCOL.c...
compiling TCP_USERS.c...
compiling Net_Config.c...
compiling File_Config.c...
assembling startup_LPC17xx.s...
compiling FS_SPI_FlashPrg.c...
compiling Retarget.c...
compiling ADC.c...
compiling DELAY.c...
compiling EMAC_DP83848.c...
compiling HELP.c...
compiling I2C.c...
compiling SPI_LPC17xx.c...
compiling system_LPC17xx.c...
compiling UART.c...
compiling TLC59116.c...
compiling SETTINGS.c...
compiling RTC.c...
compiling SNTP.c...
compiling ADMINS.c...
compiling USERS.c...
linking...
Program Size: Code=59356 RO-data=17380 RW-data=304 ZI-data=27960  
FromELF: creating hex file...
After Build - User command #1: fromelf --bin ".\Obj\LP_LED_CUBE_8x8x8.axf" --output ".\Flash 0x2000\LP_LED_CUBE_8x8x8.bin"
".\Obj\LP_LED_CUBE_8x8x8.axf" - 0 Errors, 2 Warning(s).
Load "C:\\Users\\Dule\\Desktop\\Luka_Penger\\lp-led-cube-8x8x8-project\\LP_LED_CUBE_8x8x8_LPC176X\\Obj\\LP_LED_CUBE_8x8x8.axf" 
Full Chip Erase Done.
Programming Done.
Verify OK.
Application running ...
Rebuild target 'LP LED CUBE 8x8x8'
custom translating Web.inp...
Custom: C:\Keil\ARM\bin\fcarm @Web\Web.inp
FCARM FILE CONVERTER V2.41
Completed 6 File(s), Ratio 85%
compiling MAIN.c...
MAIN.c(289): warning:  #550-D: variable "file_info" was set but never used
MAIN.c(290): warning:  #177-D: variable "file" was declared but never referenced
compiling HTTP_CGI.c...
compiling WEB.C...
compiling FTP_uif.c...
compiling HTTP_err.c...
compiling HTTP_uif.c...
compiling LED_CUBE_8x8x8.c...
compiling PROTOCOL.c...
compiling TCP_USERS.c...
compiling Net_Config.c...
compiling File_Config.c...
assembling startup_LPC17xx.s...
compiling FS_SPI_FlashPrg.c...
compiling Retarget.c...
compiling ADC.c...
compiling DELAY.c...
compiling EMAC_DP83848.c...
compiling HELP.c...
compiling I2C.c...
compiling SPI_LPC17xx.c...
compiling system_LPC17xx.c...
compiling UART.c...
compiling TLC59116.c...
compiling SETTINGS.c...
compiling RTC.c...
compiling SNTP.c...
compiling ADMINS.c...
compiling USERS.c...
linking...
Program Size: Code=59356 RO-data=17380 RW-data=304 ZI-data=27960  
FromELF: creating hex file...
After Build - User command #1: fromelf --bin ".\Obj\LP_LED_CUBE_8x8x8.axf" --output ".\Flash 0x2000\LP_LED_CUBE_8x8x8.bin"
".\Obj\LP_LED_CUBE_8x8x8.axf" - 0 Errors, 2 Warning(s).
Load "C:\\Users\\Dule\\Desktop\\Luka_Penger\\lp-led-cube-8x8x8-project\\LP_LED_CUBE_8x8x8_LPC176X\\Obj\\LP_LED_CUBE_8x8x8.axf" 
Full Chip Erase Done.
Programming Done.
Verify OK.
Application running ...
Rebuild target 'LP LED CUBE 8x8x8'
custom translating Web.inp...
Custom: C:\Keil\ARM\bin\fcarm @Web\Web.inp
FCARM FILE CONVERTER V2.41
Completed 6 File(s), Ratio 85%
compiling MAIN.c...
MAIN.c(289): warning:  #550-D: variable "file_info" was set but never used
MAIN.c(290): warning:  #177-D: variable "file" was declared but never referenced
compiling HTTP_CGI.c...
compiling WEB.C...
compiling FTP_uif.c...
compiling HTTP_err.c...
compiling HTTP_uif.c...
compiling LED_CUBE_8x8x8.c...
compiling PROTOCOL.c...
compiling TCP_USERS.c...
compiling Net_Config.c...
compiling File_Config.c...
assembling startup_LPC17xx.s...
compiling FS_SPI_FlashPrg.c...
compiling Retarget.c...
compiling ADC.c...
compiling DELAY.c...
compiling EMAC_DP83848.c...
compiling HELP.c...
compiling I2C.c...
compiling SPI_LPC17xx.c...
compiling system_LPC17xx.c...
compiling UART.c...
compiling TLC59116.c...
compiling SETTINGS.c...
compiling RTC.c...
compiling SNTP.c...
compiling ADMINS.c...
compiling USERS.c...
linking...
Program Size: Code=59356 RO-data=17380 RW-data=304 ZI-data=27960  
FromELF: creating hex file...
After Build - User command #1: fromelf --bin ".\Obj\LP_LED_CUBE_8x8x8.axf" --output ".\Flash 0x2000\LP_LED_CUBE_8x8x8.bin"
".\Obj\LP_LED_CUBE_8x8x8.axf" - 0 Errors, 2 Warning(s).
Load "C:\\Users\\Dule\\Desktop\\Luka_Penger\\lp-led-cube-8x8x8-project\\LP_LED_CUBE_8x8x8_LPC176X\\Obj\\LP_LED_CUBE_8x8x8.axf" 
Full Chip Erase Done.
Programming Done.
Verify OK.
Application running ...
Rebuild target 'LP LED CUBE 8x8x8'
custom translating Web.inp...
Custom: C:\Keil\ARM\bin\fcarm @Web\Web.inp
FCARM FILE CONVERTER V2.41
Completed 6 File(s), Ratio 85%
compiling MAIN.c...
MAIN.c(289): warning:  #550-D: variable "file_info" was set but never used
MAIN.c(290): warning:  #177-D: variable "file" was declared but never referenced
compiling HTTP_CGI.c...
compiling WEB.C...
compiling FTP_uif.c...
compiling HTTP_err.c...
compiling HTTP_uif.c...
compiling LED_CUBE_8x8x8.c...
compiling PROTOCOL.c...
compiling TCP_USERS.c...
compiling Net_Config.c...
compiling File_Config.c...
assembling startup_LPC17xx.s...
compiling FS_SPI_FlashPrg.c...
compiling Retarget.c...
compiling ADC.c...
compiling DELAY.c...
compiling EMAC_DP83848.c...
compiling HELP.c...
compiling I2C.c...
compiling SPI_LPC17xx.c...
compiling system_LPC17xx.c...
compiling UART.c...
compiling TLC59116.c...
compiling SETTINGS.c...
compiling RTC.c...
compiling SNTP.c...
compiling ADMINS.c...
compiling USERS.c...
linking...
Program Size: Code=59356 RO-data=17380 RW-data=304 ZI-data=27960  
FromELF: creating hex file...
After Build - User command #1: fromelf --bin ".\Obj\LP_LED_CUBE_8x8x8.axf" --output ".\Flash 0x2000\LP_LED_CUBE_8x8x8.bin"
".\Obj\LP_LED_CUBE_8x8x8.axf" - 0 Errors, 2 Warning(s).
Load "C:\\Users\\Dule\\Desktop\\Luka_Penger\\lp-led-cube-8x8x8-project\\LP_LED_CUBE_8x8x8_LPC176X\\Obj\\LP_LED_CUBE_8x8x8.axf" 
Full Chip Erase Done.
Programming Done.
Verify OK.
Application running ...
Rebuild target 'LP LED CUBE 8x8x8'
custom translating Web.inp...
Custom: C:\Keil\ARM\bin\fcarm @Web\Web.inp
FCARM FILE CONVERTER V2.41
Completed 6 File(s), Ratio 85%
compiling MAIN.c...
MAIN.c(289): warning:  #550-D: variable "file_info" was set but never used
MAIN.c(290): warning:  #177-D: variable "file" was declared but never referenced
compiling HTTP_CGI.c...
compiling WEB.C...
compiling FTP_uif.c...
compiling HTTP_err.c...
compiling HTTP_uif.c...
compiling LED_CUBE_8x8x8.c...
compiling PROTOCOL.c...
compiling TCP_USERS.c...
compiling Net_Config.c...
compiling File_Config.c...
assembling startup_LPC17xx.s...
compiling FS_SPI_FlashPrg.c...
compiling Retarget.c...
compiling ADC.c...
compiling DELAY.c...
compiling EMAC_DP83848.c...
compiling HELP.c...
compiling I2C.c...
compiling SPI_LPC17xx.c...
compiling system_LPC17xx.c...
compiling UART.c...
compiling TLC59116.c...
compiling SETTINGS.c...
compiling RTC.c...
compiling SNTP.c...
compiling ADMINS.c...
compiling USERS.c...
linking...
Program Size: Code=59356 RO-data=17380 RW-data=304 ZI-data=27960  
FromELF: creating hex file...
After Build - User command #1: fromelf --bin ".\Obj\LP_LED_CUBE_8x8x8.axf" --output ".\Flash 0x2000\LP_LED_CUBE_8x8x8.bin"
".\Obj\LP_LED_CUBE_8x8x8.axf" - 0 Errors, 2 Warning(s).
Load "C:\\Users\\Dule\\Desktop\\Luka_Penger\\lp-led-cube-8x8x8-project\\LP_LED_CUBE_8x8x8_LPC176X\\Obj\\LP_LED_CUBE_8x8x8.axf" 
Full Chip Erase Done.
Programming Done.
Verify OK.
Application running ...
Rebuild target 'LP LED CUBE 8x8x8'
custom translating Web.inp...
Custom: C:\Keil\ARM\bin\fcarm @Web\Web.inp
FCARM FILE CONVERTER V2.41
Completed 6 File(s), Ratio 85%
compiling MAIN.c...
MAIN.c(289): warning:  #550-D: variable "file_info" was set but never used
MAIN.c(290): warning:  #177-D: variable "file" was declared but never referenced
compiling HTTP_CGI.c...
compiling WEB.C...
compiling FTP_uif.c...
compiling HTTP_err.c...
compiling HTTP_uif.c...
compiling LED_CUBE_8x8x8.c...
compiling PROTOCOL.c...
compiling TCP_USERS.c...
compiling Net_Config.c...
compiling File_Config.c...
assembling startup_LPC17xx.s...
compiling FS_SPI_FlashPrg.c...
compiling Retarget.c...
compiling ADC.c...
compiling DELAY.c...
compiling EMAC_DP83848.c...
compiling HELP.c...
compiling I2C.c...
compiling SPI_LPC17xx.c...
compiling system_LPC17xx.c...
compiling UART.c...
compiling TLC59116.c...
compiling SETTINGS.c...
compiling RTC.c...
compiling SNTP.c...
compiling ADMINS.c...
compiling USERS.c...
linking...
Program Size: Code=59356 RO-data=17380 RW-data=304 ZI-data=27960  
FromELF: creating hex file...
After Build - User command #1: fromelf --bin ".\Obj\LP_LED_CUBE_8x8x8.axf" --output ".\Flash 0x2000\LP_LED_CUBE_8x8x8.bin"
".\Obj\LP_LED_CUBE_8x8x8.axf" - 0 Errors, 2 Warning(s).
Load "C:\\Users\\Dule\\Desktop\\Luka_Penger\\lp-led-cube-8x8x8-project\\LP_LED_CUBE_8x8x8_LPC176X\\Obj\\LP_LED_CUBE_8x8x8.axf" 
Full Chip Erase Done.
Programming Done.
Verify OK.
Application running ...
Rebuild target 'LP LED CUBE 8x8x8'
custom translating Web.inp...
Custom: C:\Keil\ARM\bin\fcarm @Web\Web.inp
FCARM FILE CONVERTER V2.41
Completed 6 File(s), Ratio 85%
compiling MAIN.c...
MAIN.c(289): warning:  #550-D: variable "file_info" was set but never used
MAIN.c(290): warning:  #177-D: variable "file" was declared but never referenced
compiling HTTP_CGI.c...
compiling WEB.C...
compiling FTP_uif.c...
compiling HTTP_err.c...
compiling HTTP_uif.c...
compiling LED_CUBE_8x8x8.c...
compiling PROTOCOL.c...
compiling TCP_USERS.c...
compiling Net_Config.c...
compiling File_Config.c...
assembling startup_LPC17xx.s...
compiling FS_SPI_FlashPrg.c...
compiling Retarget.c...
compiling ADC.c...
compiling DELAY.c...
compiling EMAC_DP83848.c...
compiling HELP.c...
compiling I2C.c...
compiling SPI_LPC17xx.c...
compiling system_LPC17xx.c...
compiling UART.c...
compiling TLC59116.c...
compiling SETTINGS.c...
compiling RTC.c...
compiling SNTP.c...
compiling ADMINS.c...
compiling USERS.c...
linking...
Program Size: Code=59364 RO-data=17380 RW-data=308 ZI-data=27964  
FromELF: creating hex file...
After Build - User command #1: fromelf --bin ".\Obj\LP_LED_CUBE_8x8x8.axf" --output ".\Flash 0x2000\LP_LED_CUBE_8x8x8.bin"
".\Obj\LP_LED_CUBE_8x8x8.axf" - 0 Errors, 2 Warning(s).
Load "C:\\Users\\Dule\\Desktop\\Luka_Penger\\lp-led-cube-8x8x8-project\\LP_LED_CUBE_8x8x8_LPC176X\\Obj\\LP_LED_CUBE_8x8x8.axf" 
Full Chip Erase Done.
Programming Done.
Verify OK.
Application running ...
Rebuild target 'LP LED CUBE 8x8x8'
custom translating Web.inp...
Custom: C:\Keil\ARM\bin\fcarm @Web\Web.inp
FCARM FILE CONVERTER V2.41
Completed 6 File(s), Ratio 85%
compiling MAIN.c...
MAIN.c(289): warning:  #550-D: variable "file_info" was set but never used
MAIN.c(290): warning:  #177-D: variable "file" was declared but never referenced
compiling HTTP_CGI.c...
compiling WEB.C...
compiling FTP_uif.c...
compiling HTTP_err.c...
compiling HTTP_uif.c...
compiling LED_CUBE_8x8x8.c...
compiling PROTOCOL.c...
compiling TCP_USERS.c...
compiling Net_Config.c...
compiling File_Config.c...
assembling startup_LPC17xx.s...
compiling FS_SPI_FlashPrg.c...
compiling Retarget.c...
compiling ADC.c...
compiling DELAY.c...
compiling EMAC_DP83848.c...
compiling HELP.c...
compiling I2C.c...
compiling SPI_LPC17xx.c...
compiling system_LPC17xx.c...
compiling UART.c...
compiling TLC59116.c...
compiling SETTINGS.c...
compiling RTC.c...
compiling SNTP.c...
compiling ADMINS.c...
compiling USERS.c...
linking...
Program Size: Code=59364 RO-data=17380 RW-data=308 ZI-data=27964  
FromELF: creating hex file...
After Build - User command #1: fromelf --bin ".\Obj\LP_LED_CUBE_8x8x8.axf" --output ".\Flash 0x2000\LP_LED_CUBE_8x8x8.bin"
".\Obj\LP_LED_CUBE_8x8x8.axf" - 0 Errors, 2 Warning(s).
Load "C:\\Users\\Dule\\Desktop\\Luka_Penger\\lp-led-cube-8x8x8-project\\LP_LED_CUBE_8x8x8_LPC176X\\Obj\\LP_LED_CUBE_8x8x8.axf" 
Full Chip Erase Done.
Programming Done.
Verify OK.
Application running ...
Rebuild target 'LP LED CUBE 8x8x8'
custom translating Web.inp...
Custom: C:\Keil\ARM\bin\fcarm @Web\Web.inp
FCARM FILE CONVERTER V2.41
Completed 6 File(s), Ratio 85%
compiling MAIN.c...
MAIN.c(289): warning:  #550-D: variable "file_info" was set but never used
MAIN.c(290): warning:  #177-D: variable "file" was declared but never referenced
compiling HTTP_CGI.c...
compiling WEB.C...
compiling FTP_uif.c...
compiling HTTP_err.c...
compiling HTTP_uif.c...
compiling LED_CUBE_8x8x8.c...
compiling PROTOCOL.c...
compiling TCP_USERS.c...
compiling Net_Config.c...
compiling File_Config.c...
assembling startup_LPC17xx.s...
compiling FS_SPI_FlashPrg.c...
compiling Retarget.c...
compiling ADC.c...
compiling DELAY.c...
compiling EMAC_DP83848.c...
compiling HELP.c...
compiling I2C.c...
compiling SPI_LPC17xx.c...
compiling system_LPC17xx.c...
compiling UART.c...
compiling TLC59116.c...
compiling SETTINGS.c...
compiling RTC.c...
compiling SNTP.c...
compiling ADMINS.c...
compiling USERS.c...
linking...
Program Size: Code=59352 RO-data=17380 RW-data=308 ZI-data=27964  
FromELF: creating hex file...
After Build - User command #1: fromelf --bin ".\Obj\LP_LED_CUBE_8x8x8.axf" --output ".\Flash 0x2000\LP_LED_CUBE_8x8x8.bin"
".\Obj\LP_LED_CUBE_8x8x8.axf" - 0 Errors, 2 Warning(s).
Load "C:\\Users\\Dule\\Desktop\\Luka_Penger\\lp-led-cube-8x8x8-project\\LP_LED_CUBE_8x8x8_LPC176X\\Obj\\LP_LED_CUBE_8x8x8.axf" 
Full Chip Erase Done.
Programming Done.
Verify OK.
Application running ...
Rebuild target 'LP LED CUBE 8x8x8'
custom translating Web.inp...
Custom: C:\Keil\ARM\bin\fcarm @Web\Web.inp
FCARM FILE CONVERTER V2.41
Completed 6 File(s), Ratio 85%
compiling MAIN.c...
MAIN.c(289): warning:  #550-D: variable "file_info" was set but never used
MAIN.c(290): warning:  #177-D: variable "file" was declared but never referenced
compiling HTTP_CGI.c...
compiling WEB.C...
compiling FTP_uif.c...
compiling HTTP_err.c...
compiling HTTP_uif.c...
compiling LED_CUBE_8x8x8.c...
compiling PROTOCOL.c...
compiling TCP_USERS.c...
compiling Net_Config.c...
compiling File_Config.c...
assembling startup_LPC17xx.s...
compiling FS_SPI_FlashPrg.c...
compiling Retarget.c...
compiling ADC.c...
compiling DELAY.c...
compiling EMAC_DP83848.c...
EMAC_DP83848.c: Error:  #219: error while deleting file ".\obj\emac_dp83848.d": Permission denied
".\Obj\LP_LED_CUBE_8x8x8.axf" - 1 Errors, 2 Warning(s).
Target not created
Rebuild target 'LP LED CUBE 8x8x8'
custom translating Web.inp...
Custom: C:\Keil\ARM\bin\fcarm @Web\Web.inp
FCARM FILE CONVERTER V2.41
Completed 6 File(s), Ratio 85%
compiling MAIN.c...
MAIN.c(289): warning:  #550-D: variable "file_info" was set but never used
MAIN.c(290): warning:  #177-D: variable "file" was declared but never referenced
compiling HTTP_CGI.c...
compiling WEB.C...
compiling FTP_uif.c...
compiling HTTP_err.c...
compiling HTTP_uif.c...
compiling LED_CUBE_8x8x8.c...
compiling PROTOCOL.c...
compiling TCP_USERS.c...
compiling Net_Config.c...
compiling File_Config.c...
assembling startup_LPC17xx.s...
compiling FS_SPI_FlashPrg.c...
compiling Retarget.c...
compiling ADC.c...
compiling DELAY.c...
compiling EMAC_DP83848.c...
compiling HELP.c...
compiling I2C.c...
compiling SPI_LPC17xx.c...
compiling system_LPC17xx.c...
compiling UART.c...
compiling TLC59116.c...
compiling SETTINGS.c...
compiling RTC.c...
compiling SNTP.c...
compiling ADMINS.c...
compiling USERS.c...
linking...
Program Size: Code=59352 RO-data=17380 RW-data=308 ZI-data=27964  
FromELF: creating hex file...
After Build - User command #1: fromelf --bin ".\Obj\LP_LED_CUBE_8x8x8.axf" --output ".\Flash 0x2000\LP_LED_CUBE_8x8x8.bin"
".\Obj\LP_LED_CUBE_8x8x8.axf" - 0 Errors, 2 Warning(s).
Rebuild target 'LP LED CUBE 8x8x8'
custom translating Web.inp...
Custom: C:\Keil\ARM\bin\fcarm @Web\Web.inp
FCARM FILE CONVERTER V2.41
Completed 6 File(s), Ratio 85%
compiling MAIN.c...
MAIN.c(300): warning:  #550-D: variable "file_info" was set but never used
MAIN.c(301): warning:  #177-D: variable "file" was declared but never referenced
compiling HTTP_CGI.c...
compiling WEB.C...
compiling FTP_uif.c...
compiling HTTP_err.c...
compiling HTTP_uif.c...
compiling LED_CUBE_8x8x8.c...
compiling PROTOCOL.c...
compiling TCP_USERS.c...
compiling Net_Config.c...
compiling File_Config.c...
assembling startup_LPC17xx.s...
compiling FS_SPI_FlashPrg.c...
compiling Retarget.c...
compiling ADC.c...
compiling DELAY.c...
compiling EMAC_DP83848.c...
compiling HELP.c...
compiling I2C.c...
compiling SPI_LPC17xx.c...
compiling system_LPC17xx.c...
compiling UART.c...
compiling TLC59116.c...
compiling SETTINGS.c...
compiling RTC.c...
compiling SNTP.c...
compiling ADMINS.c...
compiling USERS.c...
linking...
Program Size: Code=59392 RO-data=17380 RW-data=308 ZI-data=27964  
FromELF: creating hex file...
After Build - User command #1: fromelf --bin ".\Obj\LP_LED_CUBE_8x8x8.axf" --output ".\Flash 0x2000\LP_LED_CUBE_8x8x8.bin"
".\Obj\LP_LED_CUBE_8x8x8.axf" - 0 Errors, 2 Warning(s).
Rebuild target 'LP LED CUBE 8x8x8'
custom translating Web.inp...
Custom: C:\Keil\ARM\bin\fcarm @Web\Web.inp
FCARM FILE CONVERTER V2.41
Completed 6 File(s), Ratio 85%
compiling MAIN.c...
MAIN.c(300): warning:  #550-D: variable "file_info" was set but never used
MAIN.c(301): warning:  #177-D: variable "file" was declared but never referenced
compiling HTTP_CGI.c...
compiling WEB.C...
compiling FTP_uif.c...
compiling HTTP_err.c...
compiling HTTP_uif.c...
compiling LED_CUBE_8x8x8.c...
compiling PROTOCOL.c...
compiling TCP_USERS.c...
compiling Net_Config.c...
compiling File_Config.c...
assembling startup_LPC17xx.s...
compiling FS_SPI_FlashPrg.c...
compiling Retarget.c...
compiling ADC.c...
compiling DELAY.c...
compiling EMAC_DP83848.c...
compiling HELP.c...
compiling I2C.c...
compiling SPI_LPC17xx.c...
compiling system_LPC17xx.c...
compiling UART.c...
compiling TLC59116.c...
compiling SETTINGS.c...
compiling RTC.c...
compiling SNTP.c...
compiling ADMINS.c...
compiling USERS.c...
linking...
Program Size: Code=59392 RO-data=17380 RW-data=308 ZI-data=27964  
FromELF: creating hex file...
After Build - User command #1: fromelf --bin ".\Obj\LP_LED_CUBE_8x8x8.axf" --output ".\Flash 0x2000\LP_LED_CUBE_8x8x8.bin"
".\Obj\LP_LED_CUBE_8x8x8.axf" - 0 Errors, 2 Warning(s).
Load "C:\\Users\\Dule\\Desktop\\Luka_Penger\\lp-led-cube-8x8x8-project\\LP_LED_CUBE_8x8x8_LPC176X\\Obj\\LP_LED_CUBE_8x8x8.axf" 
Full Chip Erase Done.
Programming Done.
Verify OK.
Application running ...
Rebuild target 'LP LED CUBE 8x8x8'
custom translating Web.inp...
Custom: C:\Keil\ARM\bin\fcarm @Web\Web.inp
FCARM FILE CONVERTER V2.41
Completed 6 File(s), Ratio 85%
compiling MAIN.c...
MAIN.c(300): warning:  #550-D: variable "file_info" was set but never used
MAIN.c(301): warning:  #177-D: variable "file" was declared but never referenced
compiling HTTP_CGI.c...
compiling WEB.C...
compiling FTP_uif.c...
compiling HTTP_err.c...
compiling HTTP_uif.c...
compiling LED_CUBE_8x8x8.c...
compiling PROTOCOL.c...
compiling TCP_USERS.c...
compiling Net_Config.c...
compiling File_Config.c...
assembling startup_LPC17xx.s...
compiling FS_SPI_FlashPrg.c...
compiling Retarget.c...
compiling ADC.c...
compiling DELAY.c...
compiling EMAC_DP83848.c...
compiling HELP.c...
compiling I2C.c...
compiling SPI_LPC17xx.c...
compiling system_LPC17xx.c...
compiling UART.c...
compiling TLC59116.c...
compiling SETTINGS.c...
compiling RTC.c...
compiling SNTP.c...
compiling ADMINS.c...
compiling USERS.c...
linking...
Program Size: Code=59380 RO-data=17380 RW-data=308 ZI-data=27964  
FromELF: creating hex file...
After Build - User command #1: fromelf --bin ".\Obj\LP_LED_CUBE_8x8x8.axf" --output ".\Flash 0x2000\LP_LED_CUBE_8x8x8.bin"
".\Obj\LP_LED_CUBE_8x8x8.axf" - 0 Errors, 2 Warning(s).
Load "C:\\Users\\Dule\\Desktop\\Luka_Penger\\lp-led-cube-8x8x8-project\\LP_LED_CUBE_8x8x8_LPC176X\\Obj\\LP_LED_CUBE_8x8x8.axf" 
Full Chip Erase Done.
Programming Done.
Verify OK.
Application running ...
Rebuild target 'LP LED CUBE 8x8x8'
custom translating Web.inp...
Custom: C:\Keil\ARM\bin\fcarm @Web\Web.inp
FCARM FILE CONVERTER V2.41
Completed 6 File(s), Ratio 85%
compiling MAIN.c...
MAIN.c(300): warning:  #550-D: variable "file_info" was set but never used
MAIN.c(301): warning:  #177-D: variable "file" was declared but never referenced
compiling HTTP_CGI.c...
compiling WEB.C...
compiling FTP_uif.c...
compiling HTTP_err.c...
compiling HTTP_uif.c...
compiling LED_CUBE_8x8x8.c...
compiling PROTOCOL.c...
compiling TCP_USERS.c...
compiling Net_Config.c...
compiling File_Config.c...
assembling startup_LPC17xx.s...
compiling FS_SPI_FlashPrg.c...
compiling Retarget.c...
compiling ADC.c...
compiling DELAY.c...
compiling EMAC_DP83848.c...
compiling HELP.c...
compiling I2C.c...
compiling SPI_LPC17xx.c...
compiling system_LPC17xx.c...
compiling UART.c...
compiling TLC59116.c...
compiling SETTINGS.c...
compiling RTC.c...
compiling SNTP.c...
compiling ADMINS.c...
compiling USERS.c...
linking...
Program Size: Code=59380 RO-data=17380 RW-data=308 ZI-data=27964  
FromELF: creating hex file...
After Build - User command #1: fromelf --bin ".\Obj\LP_LED_CUBE_8x8x8.axf" --output ".\Flash 0x2000\LP_LED_CUBE_8x8x8.bin"
".\Obj\LP_LED_CUBE_8x8x8.axf" - 0 Errors, 2 Warning(s).
Load "C:\\Users\\Dule\\Desktop\\Luka_Penger\\lp-led-cube-8x8x8-project\\LP_LED_CUBE_8x8x8_LPC176X\\Obj\\LP_LED_CUBE_8x8x8.axf" 
Full Chip Erase Done.
Programming Done.
Verify OK.
Application running ...
Rebuild target 'LP LED CUBE 8x8x8'
custom translating Web.inp...
Custom: C:\Keil\ARM\bin\fcarm @Web\Web.inp
FCARM FILE CONVERTER V2.41
Completed 6 File(s), Ratio 85%
compiling MAIN.c...
MAIN.c(300): warning:  #550-D: variable "file_info" was set but never used
MAIN.c(301): warning:  #177-D: variable "file" was declared but never referenced
compiling HTTP_CGI.c...
compiling WEB.C...
compiling FTP_uif.c...
compiling HTTP_err.c...
compiling HTTP_uif.c...
compiling LED_CUBE_8x8x8.c...
compiling PROTOCOL.c...
compiling TCP_USERS.c...
compiling Net_Config.c...
compiling File_Config.c...
assembling startup_LPC17xx.s...
compiling FS_SPI_FlashPrg.c...
compiling Retarget.c...
compiling ADC.c...
compiling DELAY.c...
compiling EMAC_DP83848.c...
compiling HELP.c...
compiling I2C.c...
compiling SPI_LPC17xx.c...
compiling system_LPC17xx.c...
compiling UART.c...
compiling TLC59116.c...
compiling SETTINGS.c...
compiling RTC.c...
compiling SNTP.c...
compiling ADMINS.c...
compiling USERS.c...
linking...
Program Size: Code=59432 RO-data=17548 RW-data=308 ZI-data=27964  
FromELF: creating hex file...
After Build - User command #1: fromelf --bin ".\Obj\LP_LED_CUBE_8x8x8.axf" --output ".\Flash 0x2000\LP_LED_CUBE_8x8x8.bin"
".\Obj\LP_LED_CUBE_8x8x8.axf" - 0 Errors, 2 Warning(s).
Rebuild target 'LP LED CUBE 8x8x8'
custom translating Web.inp...
Custom: C:\Keil\ARM\bin\fcarm @Web\Web.inp
FCARM FILE CONVERTER V2.41
Completed 6 File(s), Ratio 85%
compiling MAIN.c...
MAIN.c(300): warning:  #550-D: variable "file_info" was set but never used
MAIN.c(301): warning:  #177-D: variable "file" was declared but never referenced
compiling HTTP_CGI.c...
compiling WEB.C...
compiling FTP_uif.c...
compiling HTTP_err.c...
compiling HTTP_uif.c...
compiling LED_CUBE_8x8x8.c...
compiling PROTOCOL.c...
compiling TCP_USERS.c...
compiling Net_Config.c...
compiling File_Config.c...
assembling startup_LPC17xx.s...
compiling FS_SPI_FlashPrg.c...
compiling Retarget.c...
compiling ADC.c...
compiling DELAY.c...
compiling EMAC_DP83848.c...
compiling HELP.c...
compiling I2C.c...
compiling SPI_LPC17xx.c...
compiling system_LPC17xx.c...
compiling UART.c...
compiling TLC59116.c...
compiling SETTINGS.c...
compiling RTC.c...
compiling SNTP.c...
compiling ADMINS.c...
compiling USERS.c...
linking...
Program Size: Code=59544 RO-data=17548 RW-data=308 ZI-data=27964  
FromELF: creating hex file...
After Build - User command #1: fromelf --bin ".\Obj\LP_LED_CUBE_8x8x8.axf" --output ".\Flash 0x2000\LP_LED_CUBE_8x8x8.bin"
".\Obj\LP_LED_CUBE_8x8x8.axf" - 0 Errors, 2 Warning(s).
Load "C:\\Users\\Dule\\Desktop\\Luka_Penger\\lp-led-cube-8x8x8-project\\LP_LED_CUBE_8x8x8_LPC176X\\Obj\\LP_LED_CUBE_8x8x8.axf" 
Full Chip Erase Done.
Programming Done.
Verify OK.
Application running ...
Rebuild target 'LP LED CUBE 8x8x8'
custom translating Web.inp...
Custom: C:\Keil\ARM\bin\fcarm @Web\Web.inp
FCARM FILE CONVERTER V2.41
Completed 6 File(s), Ratio 85%
compiling MAIN.c...
MAIN.c(300): warning:  #550-D: variable "file_info" was set but never used
MAIN.c(301): warning:  #177-D: variable "file" was declared but never referenced
compiling HTTP_CGI.c...
compiling WEB.C...
compiling FTP_uif.c...
compiling HTTP_err.c...
compiling HTTP_uif.c...
compiling LED_CUBE_8x8x8.c...
compiling PROTOCOL.c...
compiling TCP_USERS.c...
compiling Net_Config.c...
compiling File_Config.c...
assembling startup_LPC17xx.s...
compiling FS_SPI_FlashPrg.c...
compiling Retarget.c...
compiling ADC.c...
compiling DELAY.c...
compiling EMAC_DP83848.c...
compiling HELP.c...
compiling I2C.c...
compiling SPI_LPC17xx.c...
compiling system_LPC17xx.c...
compiling UART.c...
compiling TLC59116.c...
compiling SETTINGS.c...
compiling RTC.c...
compiling SNTP.c...
compiling ADMINS.c...
compiling USERS.c...
linking...
Program Size: Code=59500 RO-data=17548 RW-data=308 ZI-data=27964  
FromELF: creating hex file...
After Build - User command #1: fromelf --bin ".\Obj\LP_LED_CUBE_8x8x8.axf" --output ".\Flash 0x2000\LP_LED_CUBE_8x8x8.bin"
".\Obj\LP_LED_CUBE_8x8x8.axf" - 0 Errors, 2 Warning(s).
Load "C:\\Users\\Dule\\Desktop\\Luka_Penger\\lp-led-cube-8x8x8-project\\LP_LED_CUBE_8x8x8_LPC176X\\Obj\\LP_LED_CUBE_8x8x8.axf" 
Full Chip Erase Done.
Programming Done.
Verify OK.
Application running ...
Rebuild target 'LP LED CUBE 8x8x8'
custom translating Web.inp...
Custom: C:\Keil\ARM\bin\fcarm @Web\Web.inp
FCARM FILE CONVERTER V2.41
Completed 6 File(s), Ratio 85%
compiling MAIN.c...
MAIN.c(300): warning:  #550-D: variable "file_info" was set but never used
MAIN.c(301): warning:  #177-D: variable "file" was declared but never referenced
compiling HTTP_CGI.c...
compiling WEB.C...
compiling FTP_uif.c...
compiling HTTP_err.c...
compiling HTTP_uif.c...
compiling LED_CUBE_8x8x8.c...
compiling PROTOCOL.c...
compiling TCP_USERS.c...
compiling Net_Config.c...
compiling File_Config.c...
assembling startup_LPC17xx.s...
compiling FS_SPI_FlashPrg.c...
compiling Retarget.c...
compiling ADC.c...
compiling DELAY.c...
compiling EMAC_DP83848.c...
compiling HELP.c...
compiling I2C.c...
compiling SPI_LPC17xx.c...
compiling system_LPC17xx.c...
compiling UART.c...
compiling TLC59116.c...
compiling SETTINGS.c...
compiling RTC.c...
compiling SNTP.c...
compiling ADMINS.c...
compiling USERS.c...
linking...
Program Size: Code=59516 RO-data=17548 RW-data=308 ZI-data=27964  
FromELF: creating hex file...
After Build - User command #1: fromelf --bin ".\Obj\LP_LED_CUBE_8x8x8.axf" --output ".\Flash 0x2000\LP_LED_CUBE_8x8x8.bin"
".\Obj\LP_LED_CUBE_8x8x8.axf" - 0 Errors, 2 Warning(s).
Rebuild target 'LP LED CUBE 8x8x8'
custom translating Web.inp...
Custom: C:\Keil\ARM\bin\fcarm @Web\Web.inp
FCARM FILE CONVERTER V2.41
Completed 6 File(s), Ratio 85%
compiling MAIN.c...
MAIN.c(300): warning:  #550-D: variable "file_info" was set but never used
MAIN.c(301): warning:  #177-D: variable "file" was declared but never referenced
compiling HTTP_CGI.c...
compiling WEB.C...
compiling FTP_uif.c...
compiling HTTP_err.c...
compiling HTTP_uif.c...
compiling LED_CUBE_8x8x8.c...
compiling PROTOCOL.c...
compiling TCP_USERS.c...
compiling Net_Config.c...
compiling File_Config.c...
assembling startup_LPC17xx.s...
compiling FS_SPI_FlashPrg.c...
compiling Retarget.c...
compiling ADC.c...
compiling DELAY.c...
compiling EMAC_DP83848.c...
compiling HELP.c...
compiling I2C.c...
compiling SPI_LPC17xx.c...
compiling system_LPC17xx.c...
compiling UART.c...
compiling TLC59116.c...
compiling SETTINGS.c...
compiling RTC.c...
compiling SNTP.c...
compiling ADMINS.c...
compiling USERS.c...
linking...
Program Size: Code=59552 RO-data=17548 RW-data=308 ZI-data=27964  
FromELF: creating hex file...
After Build - User command #1: fromelf --bin ".\Obj\LP_LED_CUBE_8x8x8.axf" --output ".\Flash 0x2000\LP_LED_CUBE_8x8x8.bin"
".\Obj\LP_LED_CUBE_8x8x8.axf" - 0 Errors, 2 Warning(s).
Load "C:\\Users\\Dule\\Desktop\\Luka_Penger\\lp-led-cube-8x8x8-project\\LP_LED_CUBE_8x8x8_LPC176X\\Obj\\LP_LED_CUBE_8x8x8.axf" 
Full Chip Erase Done.
Programming Done.
Verify OK.
Application running ...
Rebuild target 'LP LED CUBE 8x8x8'
custom translating Web.inp...
Custom: C:\Keil\ARM\bin\fcarm @Web\Web.inp
FCARM FILE CONVERTER V2.41
Completed 6 File(s), Ratio 85%
compiling MAIN.c...
MAIN.c(300): warning:  #550-D: variable "file_info" was set but never used
MAIN.c(301): warning:  #177-D: variable "file" was declared but never referenced
compiling HTTP_CGI.c...
compiling WEB.C...
compiling FTP_uif.c...
compiling HTTP_err.c...
compiling HTTP_uif.c...
compiling LED_CUBE_8x8x8.c...
compiling PROTOCOL.c...
compiling TCP_USERS.c...
compiling Net_Config.c...
compiling File_Config.c...
assembling startup_LPC17xx.s...
compiling FS_SPI_FlashPrg.c...
compiling Retarget.c...
compiling ADC.c...
compiling DELAY.c...
compiling EMAC_DP83848.c...
compiling HELP.c...
compiling I2C.c...
compiling SPI_LPC17xx.c...
compiling system_LPC17xx.c...
compiling UART.c...
compiling TLC59116.c...
compiling SETTINGS.c...
compiling RTC.c...
compiling SNTP.c...
compiling ADMINS.c...
compiling USERS.c...
linking...
Program Size: Code=59544 RO-data=17548 RW-data=308 ZI-data=27964  
FromELF: creating hex file...
After Build - User command #1: fromelf --bin ".\Obj\LP_LED_CUBE_8x8x8.axf" --output ".\Flash 0x2000\LP_LED_CUBE_8x8x8.bin"
".\Obj\LP_LED_CUBE_8x8x8.axf" - 0 Errors, 2 Warning(s).
Load "C:\\Users\\Dule\\Desktop\\Luka_Penger\\lp-led-cube-8x8x8-project\\LP_LED_CUBE_8x8x8_LPC176X\\Obj\\LP_LED_CUBE_8x8x8.axf" 
Full Chip Erase Done.
Programming Done.
Verify OK.
Application running ...
Rebuild target 'LP LED CUBE 8x8x8'
custom translating Web.inp...
Custom: C:\Keil\ARM\bin\fcarm @Web\Web.inp
FCARM FILE CONVERTER V2.41
Completed 6 File(s), Ratio 85%
compiling MAIN.c...
MAIN.c(300): warning:  #550-D: variable "file_info" was set but never used
MAIN.c(301): warning:  #177-D: variable "file" was declared but never referenced
compiling HTTP_CGI.c...
compiling WEB.C...
compiling FTP_uif.c...
compiling HTTP_err.c...
compiling HTTP_uif.c...
compiling LED_CUBE_8x8x8.c...
compiling PROTOCOL.c...
compiling TCP_USERS.c...
compiling Net_Config.c...
compiling File_Config.c...
assembling startup_LPC17xx.s...
compiling FS_SPI_FlashPrg.c...
compiling Retarget.c...
compiling ADC.c...
compiling DELAY.c...
compiling EMAC_DP83848.c...
compiling HELP.c...
compiling I2C.c...
compiling SPI_LPC17xx.c...
compiling system_LPC17xx.c...
compiling UART.c...
compiling TLC59116.c...
compiling SETTINGS.c...
compiling RTC.c...
compiling SNTP.c...
compiling ADMINS.c...
compiling USERS.c...
linking...
Program Size: Code=59556 RO-data=17548 RW-data=308 ZI-data=27964  
FromELF: creating hex file...
After Build - User command #1: fromelf --bin ".\Obj\LP_LED_CUBE_8x8x8.axf" --output ".\Flash 0x2000\LP_LED_CUBE_8x8x8.bin"
".\Obj\LP_LED_CUBE_8x8x8.axf" - 0 Errors, 2 Warning(s).
Load "C:\\Users\\Dule\\Desktop\\Luka_Penger\\lp-led-cube-8x8x8-project\\LP_LED_CUBE_8x8x8_LPC176X\\Obj\\LP_LED_CUBE_8x8x8.axf" 
Full Chip Erase Done.
Programming Done.
Verify OK.
Application running ...
Rebuild target 'LP LED CUBE 8x8x8'
custom translating Web.inp...
Custom: C:\Keil\ARM\bin\fcarm @Web\Web.inp
FCARM FILE CONVERTER V2.41
Completed 6 File(s), Ratio 85%
compiling MAIN.c...
MAIN.c(300): warning:  #550-D: variable "file_info" was set but never used
MAIN.c(301): warning:  #177-D: variable "file" was declared but never referenced
compiling HTTP_CGI.c...
compiling WEB.C...
compiling FTP_uif.c...
compiling HTTP_err.c...
compiling HTTP_uif.c...
compiling LED_CUBE_8x8x8.c...
compiling PROTOCOL.c...
compiling TCP_USERS.c...
compiling Net_Config.c...
compiling File_Config.c...
assembling startup_LPC17xx.s...
compiling FS_SPI_FlashPrg.c...
compiling Retarget.c...
compiling ADC.c...
compiling DELAY.c...
compiling EMAC_DP83848.c...
compiling HELP.c...
compiling I2C.c...
compiling SPI_LPC17xx.c...
compiling system_LPC17xx.c...
compiling UART.c...
compiling TLC59116.c...
compiling SETTINGS.c...
compiling RTC.c...
compiling SNTP.c...
compiling ADMINS.c...
compiling USERS.c...
linking...
Program Size: Code=59556 RO-data=17548 RW-data=308 ZI-data=27964  
FromELF: creating hex file...
After Build - User command #1: fromelf --bin ".\Obj\LP_LED_CUBE_8x8x8.axf" --output ".\Flash 0x2000\LP_LED_CUBE_8x8x8.bin"
".\Obj\LP_LED_CUBE_8x8x8.axf" - 0 Errors, 2 Warning(s).
Load "C:\\Users\\Dule\\Desktop\\Luka_Penger\\lp-led-cube-8x8x8-project\\LP_LED_CUBE_8x8x8_LPC176X\\Obj\\LP_LED_CUBE_8x8x8.axf" 
Full Chip Erase Done.
Programming Done.
Verify OK.
Application running ...
Rebuild target 'LP LED CUBE 8x8x8'
custom translating Web.inp...
Custom: C:\Keil\ARM\bin\fcarm @Web\Web.inp
FCARM FILE CONVERTER V2.41
Completed 6 File(s), Ratio 85%
compiling MAIN.c...
MAIN.c(300): warning:  #550-D: variable "file_info" was set but never used
MAIN.c(301): warning:  #177-D: variable "file" was declared but never referenced
compiling HTTP_CGI.c...
compiling WEB.C...
compiling FTP_uif.c...
compiling HTTP_err.c...
compiling HTTP_uif.c...
compiling LED_CUBE_8x8x8.c...
compiling PROTOCOL.c...
compiling TCP_USERS.c...
compiling Net_Config.c...
compiling File_Config.c...
assembling startup_LPC17xx.s...
compiling FS_SPI_FlashPrg.c...
compiling Retarget.c...
compiling ADC.c...
compiling DELAY.c...
compiling EMAC_DP83848.c...
compiling HELP.c...
compiling I2C.c...
compiling SPI_LPC17xx.c...
compiling system_LPC17xx.c...
compiling UART.c...
compiling TLC59116.c...
compiling SETTINGS.c...
compiling RTC.c...
compiling SNTP.c...
compiling ADMINS.c...
compiling USERS.c...
linking...
Program Size: Code=59556 RO-data=17548 RW-data=308 ZI-data=27964  
FromELF: creating hex file...
After Build - User command #1: fromelf --bin ".\Obj\LP_LED_CUBE_8x8x8.axf" --output ".\Flash 0x2000\LP_LED_CUBE_8x8x8.bin"
".\Obj\LP_LED_CUBE_8x8x8.axf" - 0 Errors, 2 Warning(s).
Rebuild target 'LP LED CUBE 8x8x8'
custom translating Web.inp...
Custom: C:\Keil\ARM\bin\fcarm @Web\Web.inp
FCARM FILE CONVERTER V2.41
Completed 6 File(s), Ratio 86%
compiling MAIN.c...
MAIN.c(300): warning:  #550-D: variable "file_info" was set but never used
MAIN.c(301): warning:  #177-D: variable "file" was declared but never referenced
compiling HTTP_CGI.c...
compiling WEB.C...
compiling FTP_uif.c...
compiling HTTP_err.c...
compiling HTTP_uif.c...
compiling LED_CUBE_8x8x8.c...
compiling PROTOCOL.c...
compiling TCP_USERS.c...
compiling Net_Config.c...
compiling File_Config.c...
assembling startup_LPC17xx.s...
compiling FS_SPI_FlashPrg.c...
compiling Retarget.c...
compiling ADC.c...
compiling DELAY.c...
compiling EMAC_DP83848.c...
compiling HELP.c...
compiling I2C.c...
compiling SPI_LPC17xx.c...
compiling system_LPC17xx.c...
compiling UART.c...
compiling TLC59116.c...
compiling SETTINGS.c...
compiling RTC.c...
compiling SNTP.c...
compiling ADMINS.c...
compiling USERS.c...
linking...
Program Size: Code=59096 RO-data=18324 RW-data=308 ZI-data=27964  
FromELF: creating hex file...
After Build - User command #1: fromelf --bin ".\Obj\LP_LED_CUBE_8x8x8.axf" --output ".\Flash 0x2000\LP_LED_CUBE_8x8x8.bin"
".\Obj\LP_LED_CUBE_8x8x8.axf" - 0 Errors, 2 Warning(s).
Rebuild target 'LP LED CUBE 8x8x8'
custom translating Web.inp...
Custom: C:\Keil\ARM\bin\fcarm @Web\Web.inp
FCARM FILE CONVERTER V2.41
Completed 6 File(s), Ratio 86%
compiling MAIN.c...
MAIN.c(300): warning:  #550-D: variable "file_info" was set but never used
MAIN.c(301): warning:  #177-D: variable "file" was declared but never referenced
compiling HTTP_CGI.c...
compiling WEB.C...
compiling FTP_uif.c...
compiling HTTP_err.c...
compiling HTTP_uif.c...
compiling LED_CUBE_8x8x8.c...
compiling PROTOCOL.c...
compiling TCP_USERS.c...
compiling Net_Config.c...
compiling File_Config.c...
assembling startup_LPC17xx.s...
compiling FS_SPI_FlashPrg.c...
compiling Retarget.c...
compiling ADC.c...
compiling DELAY.c...
compiling EMAC_DP83848.c...
compiling HELP.c...
compiling I2C.c...
compiling SPI_LPC17xx.c...
compiling system_LPC17xx.c...
compiling UART.c...
compiling TLC59116.c...
compiling SETTINGS.c...
compiling RTC.c...
compiling SNTP.c...
compiling ADMINS.c...
compiling USERS.c...
linking...
Program Size: Code=59096 RO-data=18324 RW-data=308 ZI-data=27964  
FromELF: creating hex file...
After Build - User command #1: fromelf --bin ".\Obj\LP_LED_CUBE_8x8x8.axf" --output ".\Flash 0x2000\LP_LED_CUBE_8x8x8.bin"
".\Obj\LP_LED_CUBE_8x8x8.axf" - 0 Errors, 2 Warning(s).
Rebuild target 'LP LED CUBE 8x8x8'
custom translating Web.inp...
Custom: C:\Keil\ARM\bin\fcarm @Web\Web.inp
FCARM FILE CONVERTER V2.41
Completed 6 File(s), Ratio 86%
compiling MAIN.c...
MAIN.c(300): warning:  #550-D: variable "file_info" was set but never used
MAIN.c(301): warning:  #177-D: variable "file" was declared but never referenced
compiling HTTP_CGI.c...
compiling WEB.C...
compiling FTP_uif.c...
compiling HTTP_err.c...
compiling HTTP_uif.c...
compiling LED_CUBE_8x8x8.c...
compiling PROTOCOL.c...
compiling TCP_USERS.c...
compiling Net_Config.c...
compiling File_Config.c...
assembling startup_LPC17xx.s...
compiling FS_SPI_FlashPrg.c...
compiling Retarget.c...
compiling ADC.c...
compiling DELAY.c...
compiling EMAC_DP83848.c...
compiling HELP.c...
compiling I2C.c...
compiling SPI_LPC17xx.c...
compiling system_LPC17xx.c...
compiling UART.c...
compiling TLC59116.c...
compiling SETTINGS.c...
compiling RTC.c...
compiling SNTP.c...
compiling ADMINS.c...
compiling USERS.c...
linking...
Program Size: Code=59096 RO-data=18324 RW-data=308 ZI-data=27964  
FromELF: creating hex file...
After Build - User command #1: fromelf --bin ".\Obj\LP_LED_CUBE_8x8x8.axf" --output ".\Flash 0x2000\LP_LED_CUBE_8x8x8.bin"
".\Obj\LP_LED_CUBE_8x8x8.axf" - 0 Errors, 2 Warning(s).
Load "C:\\Users\\Dule\\Desktop\\Luka_Penger\\lp-led-cube-8x8x8-project\\LP_LED_CUBE_8x8x8_LPC176X\\Obj\\LP_LED_CUBE_8x8x8.axf" 
Full Chip Erase Done.
Programming Done.
Verify OK.
Application running ...
Rebuild target 'LP LED CUBE 8x8x8'
custom translating Web.inp...
Custom: C:\Keil\ARM\bin\fcarm @Web\Web.inp
FCARM FILE CONVERTER V2.41
Completed 6 File(s), Ratio 86%
compiling MAIN.c...
MAIN.c(300): warning:  #550-D: variable "file_info" was set but never used
MAIN.c(301): warning:  #177-D: variable "file" was declared but never referenced
compiling HTTP_CGI.c...
compiling WEB.C...
compiling FTP_uif.c...
compiling HTTP_err.c...
compiling HTTP_uif.c...
compiling LED_CUBE_8x8x8.c...
compiling PROTOCOL.c...
compiling TCP_USERS.c...
compiling Net_Config.c...
compiling File_Config.c...
assembling startup_LPC17xx.s...
compiling FS_SPI_FlashPrg.c...
compiling Retarget.c...
compiling ADC.c...
compiling DELAY.c...
compiling EMAC_DP83848.c...
compiling HELP.c...
compiling I2C.c...
compiling SPI_LPC17xx.c...
compiling system_LPC17xx.c...
compiling UART.c...
compiling TLC59116.c...
compiling SETTINGS.c...
compiling RTC.c...
compiling SNTP.c...
compiling ADMINS.c...
compiling USERS.c...
linking...
Program Size: Code=59168 RO-data=18328 RW-data=308 ZI-data=27964  
FromELF: creating hex file...
After Build - User command #1: fromelf --bin ".\Obj\LP_LED_CUBE_8x8x8.axf" --output ".\Flash 0x2000\LP_LED_CUBE_8x8x8.bin"
".\Obj\LP_LED_CUBE_8x8x8.axf" - 0 Errors, 2 Warning(s).
Load "C:\\Users\\Dule\\Desktop\\Luka_Penger\\lp-led-cube-8x8x8-project\\LP_LED_CUBE_8x8x8_LPC176X\\Obj\\LP_LED_CUBE_8x8x8.axf" 
Full Chip Erase Done.
Programming Done.
Verify OK.
Application running ...
Rebuild target 'LP LED CUBE 8x8x8'
custom translating Web.inp...
Custom: C:\Keil\ARM\bin\fcarm @Web\Web.inp
FCARM FILE CONVERTER V2.41
Completed 6 File(s), Ratio 86%
compiling MAIN.c...
MAIN.c(235): error:  #268: declaration may not appear after executable statement in block
MAIN.c(313): warning:  #550-D: variable "file_info" was set but never used
MAIN.c(314): warning:  #177-D: variable "file" was declared but never referenced
compiling HTTP_CGI.c...
compiling WEB.C...
compiling FTP_uif.c...
compiling HTTP_err.c...
compiling HTTP_uif.c...
compiling LED_CUBE_8x8x8.c...
compiling PROTOCOL.c...
compiling TCP_USERS.c...
compiling Net_Config.c...
compiling File_Config.c...
assembling startup_LPC17xx.s...
compiling FS_SPI_FlashPrg.c...
compiling Retarget.c...
compiling ADC.c...
compiling DELAY.c...
compiling EMAC_DP83848.c...
compiling HELP.c...
compiling I2C.c...
compiling SPI_LPC17xx.c...
compiling system_LPC17xx.c...
compiling UART.c...
compiling TLC59116.c...
compiling SETTINGS.c...
compiling RTC.c...
compiling SNTP.c...
compiling ADMINS.c...
compiling USERS.c...
".\Obj\LP_LED_CUBE_8x8x8.axf" - 1 Errors, 2 Warning(s).
Target not created
Rebuild target 'LP LED CUBE 8x8x8'
custom translating Web.inp...
Custom: C:\Keil\ARM\bin\fcarm @Web\Web.inp
FCARM FILE CONVERTER V2.41
Completed 6 File(s), Ratio 86%
compiling MAIN.c...
MAIN.c(295): warning:  #550-D: variable "file_info" was set but never used
MAIN.c(296): warning:  #177-D: variable "file" was declared but never referenced
compiling HTTP_CGI.c...
compiling WEB.C...
compiling FTP_uif.c...
compiling HTTP_err.c...
compiling HTTP_uif.c...
compiling LED_CUBE_8x8x8.c...
compiling PROTOCOL.c...
compiling TCP_USERS.c...
compiling Net_Config.c...
compiling File_Config.c...
assembling startup_LPC17xx.s...
compiling FS_SPI_FlashPrg.c...
compiling Retarget.c...
compiling ADC.c...
compiling DELAY.c...
compiling EMAC_DP83848.c...
compiling HELP.c...
compiling I2C.c...
compiling SPI_LPC17xx.c...
compiling system_LPC17xx.c...
compiling UART.c...
compiling TLC59116.c...
compiling SETTINGS.c...
compiling RTC.c...
compiling SNTP.c...
compiling ADMINS.c...
compiling USERS.c...
linking...
Program Size: Code=59132 RO-data=18328 RW-data=308 ZI-data=27964  
FromELF: creating hex file...
After Build - User command #1: fromelf --bin ".\Obj\LP_LED_CUBE_8x8x8.axf" --output ".\Flash 0x2000\LP_LED_CUBE_8x8x8.bin"
".\Obj\LP_LED_CUBE_8x8x8.axf" - 0 Errors, 2 Warning(s).
Rebuild target 'LP LED CUBE 8x8x8'
custom translating Web.inp...
Custom: C:\Keil\ARM\bin\fcarm @Web\Web.inp
FCARM FILE CONVERTER V2.41
Completed 6 File(s), Ratio 86%
compiling MAIN.c...
MAIN.c(235): error:  #268: declaration may not appear after executable statement in block
MAIN.c(311): warning:  #550-D: variable "file_info" was set but never used
MAIN.c(312): warning:  #177-D: variable "file" was declared but never referenced
compiling HTTP_CGI.c...
compiling WEB.C...
compiling FTP_uif.c...
compiling HTTP_err.c...
compiling HTTP_uif.c...
compiling LED_CUBE_8x8x8.c...
compiling PROTOCOL.c...
compiling TCP_USERS.c...
compiling Net_Config.c...
compiling File_Config.c...
assembling startup_LPC17xx.s...
compiling FS_SPI_FlashPrg.c...
compiling Retarget.c...
compiling ADC.c...
compiling DELAY.c...
compiling EMAC_DP83848.c...
compiling HELP.c...
compiling I2C.c...
compiling SPI_LPC17xx.c...
compiling system_LPC17xx.c...
compiling UART.c...
compiling TLC59116.c...
compiling SETTINGS.c...
compiling RTC.c...
compiling SNTP.c...
compiling ADMINS.c...
compiling USERS.c...
".\Obj\LP_LED_CUBE_8x8x8.axf" - 1 Errors, 2 Warning(s).
Target not created
Rebuild target 'LP LED CUBE 8x8x8'
custom translating Web.inp...
Custom: C:\Keil\ARM\bin\fcarm @Web\Web.inp
FCARM FILE CONVERTER V2.41
Completed 6 File(s), Ratio 86%
compiling MAIN.c...
MAIN.c(313): warning:  #550-D: variable "file_info" was set but never used
MAIN.c(314): warning:  #177-D: variable "file" was declared but never referenced
compiling HTTP_CGI.c...
compiling WEB.C...
compiling FTP_uif.c...
compiling HTTP_err.c...
compiling HTTP_uif.c...
compiling LED_CUBE_8x8x8.c...
compiling PROTOCOL.c...
compiling TCP_USERS.c...
compiling Net_Config.c...
compiling File_Config.c...
assembling startup_LPC17xx.s...
compiling FS_SPI_FlashPrg.c...
compiling Retarget.c...
compiling ADC.c...
compiling DELAY.c...
compiling EMAC_DP83848.c...
compiling HELP.c...
compiling I2C.c...
compiling SPI_LPC17xx.c...
compiling system_LPC17xx.c...
compiling UART.c...
compiling TLC59116.c...
compiling SETTINGS.c...
compiling RTC.c...
compiling SNTP.c...
compiling ADMINS.c...
compiling USERS.c...
linking...
Program Size: Code=59200 RO-data=18328 RW-data=312 ZI-data=27960  
FromELF: creating hex file...
After Build - User command #1: fromelf --bin ".\Obj\LP_LED_CUBE_8x8x8.axf" --output ".\Flash 0x2000\LP_LED_CUBE_8x8x8.bin"
".\Obj\LP_LED_CUBE_8x8x8.axf" - 0 Errors, 2 Warning(s).
Rebuild target 'LP LED CUBE 8x8x8'
custom translating Web.inp...
Custom: C:\Keil\ARM\bin\fcarm @Web\Web.inp
FCARM FILE CONVERTER V2.41
Completed 6 File(s), Ratio 86%
compiling MAIN.c...
MAIN.c(313): warning:  #550-D: variable "file_info" was set but never used
MAIN.c(314): warning:  #177-D: variable "file" was declared but never referenced
compiling HTTP_CGI.c...
compiling WEB.C...
compiling FTP_uif.c...
compiling HTTP_err.c...
compiling HTTP_uif.c...
compiling LED_CUBE_8x8x8.c...
compiling PROTOCOL.c...
compiling TCP_USERS.c...
compiling Net_Config.c...
compiling File_Config.c...
assembling startup_LPC17xx.s...
compiling FS_SPI_FlashPrg.c...
compiling Retarget.c...
compiling ADC.c...
compiling DELAY.c...
compiling EMAC_DP83848.c...
compiling HELP.c...
compiling I2C.c...
compiling SPI_LPC17xx.c...
compiling system_LPC17xx.c...
compiling UART.c...
compiling TLC59116.c...
compiling SETTINGS.c...
compiling RTC.c...
compiling SNTP.c...
compiling ADMINS.c...
compiling USERS.c...
linking...
Program Size: Code=59200 RO-data=18328 RW-data=312 ZI-data=27960  
FromELF: creating hex file...
After Build - User command #1: fromelf --bin ".\Obj\LP_LED_CUBE_8x8x8.axf" --output ".\Flash 0x2000\LP_LED_CUBE_8x8x8.bin"
".\Obj\LP_LED_CUBE_8x8x8.axf" - 0 Errors, 2 Warning(s).
Rebuild target 'LP LED CUBE 8x8x8'
custom translating Web.inp...
Custom: C:\Keil\ARM\bin\fcarm @Web\Web.inp
FCARM FILE CONVERTER V2.41
Completed 6 File(s), Ratio 86%
compiling MAIN.c...
MAIN.c(319): warning:  #550-D: variable "file_info" was set but never used
MAIN.c(320): warning:  #177-D: variable "file" was declared but never referenced
compiling HTTP_CGI.c...
compiling WEB.C...
compiling FTP_uif.c...
compiling HTTP_err.c...
compiling HTTP_uif.c...
compiling LED_CUBE_8x8x8.c...
compiling PROTOCOL.c...
compiling TCP_USERS.c...
compiling Net_Config.c...
compiling File_Config.c...
assembling startup_LPC17xx.s...
compiling FS_SPI_FlashPrg.c...
compiling Retarget.c...
compiling ADC.c...
compiling DELAY.c...
compiling EMAC_DP83848.c...
compiling HELP.c...
compiling I2C.c...
compiling SPI_LPC17xx.c...
compiling system_LPC17xx.c...
compiling UART.c...
compiling TLC59116.c...
compiling SETTINGS.c...
compiling RTC.c...
compiling SNTP.c...
compiling ADMINS.c...
compiling USERS.c...
linking...
Program Size: Code=59224 RO-data=18328 RW-data=312 ZI-data=27960  
FromELF: creating hex file...
After Build - User command #1: fromelf --bin ".\Obj\LP_LED_CUBE_8x8x8.axf" --output ".\Flash 0x2000\LP_LED_CUBE_8x8x8.bin"
".\Obj\LP_LED_CUBE_8x8x8.axf" - 0 Errors, 2 Warning(s).
Load "C:\\Users\\Dule\\Desktop\\Luka_Penger\\lp-led-cube-8x8x8-project\\LP_LED_CUBE_8x8x8_LPC176X\\Obj\\LP_LED_CUBE_8x8x8.axf" 
Full Chip Erase Done.
Programming Done.
Verify OK.
Application running ...
Rebuild target 'LP LED CUBE 8x8x8'
custom translating Web.inp...
Custom: C:\Keil\ARM\bin\fcarm @Web\Web.inp
FCARM FILE CONVERTER V2.41
Completed 6 File(s), Ratio 86%
compiling MAIN.c...
MAIN.c(319): warning:  #550-D: variable "file_info" was set but never used
MAIN.c(320): warning:  #177-D: variable "file" was declared but never referenced
compiling HTTP_CGI.c...
compiling WEB.C...
compiling FTP_uif.c...
compiling HTTP_err.c...
compiling HTTP_uif.c...
compiling LED_CUBE_8x8x8.c...
compiling PROTOCOL.c...
compiling TCP_USERS.c...
compiling Net_Config.c...
compiling File_Config.c...
assembling startup_LPC17xx.s...
compiling FS_SPI_FlashPrg.c...
compiling Retarget.c...
compiling ADC.c...
compiling DELAY.c...
compiling EMAC_DP83848.c...
compiling HELP.c...
compiling I2C.c...
compiling SPI_LPC17xx.c...
compiling system_LPC17xx.c...
compiling UART.c...
compiling TLC59116.c...
compiling SETTINGS.c...
compiling RTC.c...
compiling SNTP.c...
compiling ADMINS.c...
compiling USERS.c...
linking...
Program Size: Code=59200 RO-data=18328 RW-data=312 ZI-data=27960  
FromELF: creating hex file...
After Build - User command #1: fromelf --bin ".\Obj\LP_LED_CUBE_8x8x8.axf" --output ".\Flash 0x2000\LP_LED_CUBE_8x8x8.bin"
".\Obj\LP_LED_CUBE_8x8x8.axf" - 0 Errors, 2 Warning(s).
Load "C:\\Users\\Dule\\Desktop\\Luka_Penger\\lp-led-cube-8x8x8-project\\LP_LED_CUBE_8x8x8_LPC176X\\Obj\\LP_LED_CUBE_8x8x8.axf" 
Full Chip Erase Done.
Programming Done.
Verify OK.
Application running ...
Rebuild target 'LP LED CUBE 8x8x8'
custom translating Web.inp...
Custom: C:\Keil\ARM\bin\fcarm @Web\Web.inp
FCARM FILE CONVERTER V2.41
Completed 6 File(s), Ratio 86%
compiling MAIN.c...
MAIN.c(233): warning:  #550-D: variable "file_info" was set but never used
MAIN.c(322): warning:  #550-D: variable "file_info" was set but never used
MAIN.c(323): warning:  #177-D: variable "file" was declared but never referenced
compiling HTTP_CGI.c...
compiling WEB.C...
compiling FTP_uif.c...
compiling HTTP_err.c...
compiling HTTP_uif.c...
compiling LED_CUBE_8x8x8.c...
compiling PROTOCOL.c...
compiling TCP_USERS.c...
compiling Net_Config.c...
compiling File_Config.c...
assembling startup_LPC17xx.s...
compiling FS_SPI_FlashPrg.c...
compiling Retarget.c...
compiling ADC.c...
compiling DELAY.c...
compiling EMAC_DP83848.c...
compiling HELP.c...
compiling I2C.c...
compiling SPI_LPC17xx.c...
compiling system_LPC17xx.c...
compiling UART.c...
compiling TLC59116.c...
compiling SETTINGS.c...
compiling RTC.c...
compiling SNTP.c...
compiling ADMINS.c...
compiling USERS.c...
linking...
Program Size: Code=59160 RO-data=18328 RW-data=308 ZI-data=27964  
FromELF: creating hex file...
After Build - User command #1: fromelf --bin ".\Obj\LP_LED_CUBE_8x8x8.axf" --output ".\Flash 0x2000\LP_LED_CUBE_8x8x8.bin"
".\Obj\LP_LED_CUBE_8x8x8.axf" - 0 Errors, 3 Warning(s).
Load "C:\\Users\\Dule\\Desktop\\Luka_Penger\\lp-led-cube-8x8x8-project\\LP_LED_CUBE_8x8x8_LPC176X\\Obj\\LP_LED_CUBE_8x8x8.axf" 
Full Chip Erase Done.
Programming Done.
Verify OK.
Application running ...
Rebuild target 'LP LED CUBE 8x8x8'
custom translating Web.inp...
Custom: C:\Keil\ARM\bin\fcarm @Web\Web.inp
FCARM FILE CONVERTER V2.41
Completed 6 File(s), Ratio 86%
compiling MAIN.c...
MAIN.c(319): warning:  #550-D: variable "file_info" was set but never used
MAIN.c(320): warning:  #177-D: variable "file" was declared but never referenced
compiling HTTP_CGI.c...
compiling WEB.C...
compiling FTP_uif.c...
compiling HTTP_err.c...
compiling HTTP_uif.c...
compiling LED_CUBE_8x8x8.c...
compiling PROTOCOL.c...
compiling TCP_USERS.c...
compiling Net_Config.c...
compiling File_Config.c...
assembling startup_LPC17xx.s...
compiling FS_SPI_FlashPrg.c...
compiling Retarget.c...
compiling ADC.c...
compiling DELAY.c...
compiling EMAC_DP83848.c...
compiling HELP.c...
compiling I2C.c...
compiling SPI_LPC17xx.c...
compiling system_LPC17xx.c...
compiling UART.c...
compiling TLC59116.c...
compiling SETTINGS.c...
compiling RTC.c...
compiling SNTP.c...
compiling ADMINS.c...
compiling USERS.c...
linking...
Program Size: Code=59200 RO-data=18328 RW-data=312 ZI-data=27960  
FromELF: creating hex file...
After Build - User command #1: fromelf --bin ".\Obj\LP_LED_CUBE_8x8x8.axf" --output ".\Flash 0x2000\LP_LED_CUBE_8x8x8.bin"
".\Obj\LP_LED_CUBE_8x8x8.axf" - 0 Errors, 2 Warning(s).
Load "C:\\Users\\Dule\\Desktop\\Luka_Penger\\lp-led-cube-8x8x8-project\\LP_LED_CUBE_8x8x8_LPC176X\\Obj\\LP_LED_CUBE_8x8x8.axf" 
Full Chip Erase Done.
Programming Done.
Verify OK.
Application running ...
Rebuild target 'LP LED CUBE 8x8x8'
custom translating Web.inp...
Custom: C:\Keil\ARM\bin\fcarm @Web\Web.inp
FCARM FILE CONVERTER V2.41
Completed 6 File(s), Ratio 86%
compiling MAIN.c...
MAIN.c(323): warning:  #550-D: variable "file_info" was set but never used
MAIN.c(324): warning:  #177-D: variable "file" was declared but never referenced
compiling HTTP_CGI.c...
compiling WEB.C...
compiling FTP_uif.c...
compiling HTTP_err.c...
compiling HTTP_uif.c...
compiling LED_CUBE_8x8x8.c...
compiling PROTOCOL.c...
compiling TCP_USERS.c...
compiling Net_Config.c...
compiling File_Config.c...
assembling startup_LPC17xx.s...
compiling FS_SPI_FlashPrg.c...
compiling Retarget.c...
compiling ADC.c...
compiling DELAY.c...
compiling EMAC_DP83848.c...
compiling HELP.c...
compiling I2C.c...
compiling SPI_LPC17xx.c...
compiling system_LPC17xx.c...
compiling UART.c...
compiling TLC59116.c...
compiling SETTINGS.c...
compiling RTC.c...
compiling SNTP.c...
compiling ADMINS.c...
compiling USERS.c...
linking...
Program Size: Code=59224 RO-data=18328 RW-data=312 ZI-data=27984  
FromELF: creating hex file...
After Build - User command #1: fromelf --bin ".\Obj\LP_LED_CUBE_8x8x8.axf" --output ".\Flash 0x2000\LP_LED_CUBE_8x8x8.bin"
".\Obj\LP_LED_CUBE_8x8x8.axf" - 0 Errors, 2 Warning(s).
Load "C:\\Users\\Dule\\Desktop\\Luka_Penger\\lp-led-cube-8x8x8-project\\LP_LED_CUBE_8x8x8_LPC176X\\Obj\\LP_LED_CUBE_8x8x8.axf" 
Full Chip Erase Done.
Programming Done.
Verify OK.
Application running ...
Rebuild target 'LP LED CUBE 8x8x8'
custom translating Web.inp...
Custom: C:\Keil\ARM\bin\fcarm @Web\Web.inp
FCARM FILE CONVERTER V2.41
Completed 6 File(s), Ratio 86%
compiling MAIN.c...
MAIN.c(234): warning:  #550-D: variable "file_info" was set but never used
MAIN.c(326): warning:  #550-D: variable "file_info" was set but never used
MAIN.c(327): warning:  #177-D: variable "file" was declared but never referenced
compiling HTTP_CGI.c...
compiling WEB.C...
compiling FTP_uif.c...
compiling HTTP_err.c...
compiling HTTP_uif.c...
compiling LED_CUBE_8x8x8.c...
compiling PROTOCOL.c...
compiling TCP_USERS.c...
compiling Net_Config.c...
compiling File_Config.c...
assembling startup_LPC17xx.s...
compiling FS_SPI_FlashPrg.c...
compiling Retarget.c...
compiling ADC.c...
compiling DELAY.c...
compiling EMAC_DP83848.c...
compiling HELP.c...
compiling I2C.c...
compiling SPI_LPC17xx.c...
compiling system_LPC17xx.c...
compiling UART.c...
compiling TLC59116.c...
compiling SETTINGS.c...
compiling RTC.c...
compiling SNTP.c...
compiling ADMINS.c...
compiling USERS.c...
linking...
Program Size: Code=59188 RO-data=18328 RW-data=308 ZI-data=27980  
FromELF: creating hex file...
After Build - User command #1: fromelf --bin ".\Obj\LP_LED_CUBE_8x8x8.axf" --output ".\Flash 0x2000\LP_LED_CUBE_8x8x8.bin"
".\Obj\LP_LED_CUBE_8x8x8.axf" - 0 Errors, 3 Warning(s).
Load "C:\\Users\\Dule\\Desktop\\Luka_Penger\\lp-led-cube-8x8x8-project\\LP_LED_CUBE_8x8x8_LPC176X\\Obj\\LP_LED_CUBE_8x8x8.axf" 
Full Chip Erase Done.
Programming Done.
Verify OK.
Application running ...
Rebuild target 'LP LED CUBE 8x8x8'
custom translating Web.inp...
Custom: C:\Keil\ARM\bin\fcarm @Web\Web.inp
FCARM FILE CONVERTER V2.41
Completed 6 File(s), Ratio 86%
compiling MAIN.c...
MAIN.c(329): warning:  #550-D: variable "file_info" was set but never used
MAIN.c(330): warning:  #177-D: variable "file" was declared but never referenced
compiling HTTP_CGI.c...
compiling WEB.C...
compiling FTP_uif.c...
compiling HTTP_err.c...
compiling HTTP_uif.c...
compiling LED_CUBE_8x8x8.c...
compiling PROTOCOL.c...
compiling TCP_USERS.c...
compiling Net_Config.c...
compiling File_Config.c...
assembling startup_LPC17xx.s...
compiling FS_SPI_FlashPrg.c...
compiling Retarget.c...
compiling ADC.c...
compiling DELAY.c...
compiling EMAC_DP83848.c...
compiling HELP.c...
compiling I2C.c...
compiling SPI_LPC17xx.c...
compiling system_LPC17xx.c...
compiling UART.c...
compiling TLC59116.c...
compiling SETTINGS.c...
compiling RTC.c...
compiling SNTP.c...
compiling ADMINS.c...
compiling USERS.c...
linking...
Program Size: Code=59216 RO-data=18328 RW-data=308 ZI-data=27980  
FromELF: creating hex file...
After Build - User command #1: fromelf --bin ".\Obj\LP_LED_CUBE_8x8x8.axf" --output ".\Flash 0x2000\LP_LED_CUBE_8x8x8.bin"
".\Obj\LP_LED_CUBE_8x8x8.axf" - 0 Errors, 2 Warning(s).
Load "C:\\Users\\Dule\\Desktop\\Luka_Penger\\lp-led-cube-8x8x8-project\\LP_LED_CUBE_8x8x8_LPC176X\\Obj\\LP_LED_CUBE_8x8x8.axf" 
Full Chip Erase Done.
Programming Done.
Verify OK.
Application running ...
Rebuild target 'LP LED CUBE 8x8x8'
custom translating Web.inp...
Custom: C:\Keil\ARM\bin\fcarm @Web\Web.inp
FCARM FILE CONVERTER V2.41
Completed 6 File(s), Ratio 86%
compiling MAIN.c...
MAIN.c(329): warning:  #550-D: variable "file_info" was set but never used
MAIN.c(330): warning:  #177-D: variable "file" was declared but never referenced
compiling HTTP_CGI.c...
compiling WEB.C...
compiling FTP_uif.c...
compiling HTTP_err.c...
compiling HTTP_uif.c...
compiling LED_CUBE_8x8x8.c...
compiling PROTOCOL.c...
compiling TCP_USERS.c...
compiling Net_Config.c...
compiling File_Config.c...
assembling startup_LPC17xx.s...
compiling FS_SPI_FlashPrg.c...
compiling Retarget.c...
compiling ADC.c...
compiling DELAY.c...
compiling EMAC_DP83848.c...
compiling HELP.c...
compiling I2C.c...
compiling SPI_LPC17xx.c...
compiling system_LPC17xx.c...
compiling UART.c...
compiling TLC59116.c...
compiling SETTINGS.c...
compiling RTC.c...
compiling SNTP.c...
compiling ADMINS.c...
compiling USERS.c...
linking...
Program Size: Code=59220 RO-data=18328 RW-data=308 ZI-data=28252  
FromELF: creating hex file...
After Build - User command #1: fromelf --bin ".\Obj\LP_LED_CUBE_8x8x8.axf" --output ".\Flash 0x2000\LP_LED_CUBE_8x8x8.bin"
".\Obj\LP_LED_CUBE_8x8x8.axf" - 0 Errors, 2 Warning(s).
Load "C:\\Users\\Dule\\Desktop\\Luka_Penger\\lp-led-cube-8x8x8-project\\LP_LED_CUBE_8x8x8_LPC176X\\Obj\\LP_LED_CUBE_8x8x8.axf" 
Full Chip Erase Done.
Programming Done.
Verify OK.
Application running ...
Rebuild target 'LP LED CUBE 8x8x8'
custom translating Web.inp...
Custom: C:\Keil\ARM\bin\fcarm @Web\Web.inp
FCARM FILE CONVERTER V2.41
Completed 6 File(s), Ratio 86%
compiling MAIN.c...
MAIN.c(330): warning:  #550-D: variable "file_info" was set but never used
MAIN.c(331): warning:  #177-D: variable "file" was declared but never referenced
compiling HTTP_CGI.c...
compiling WEB.C...
compiling FTP_uif.c...
compiling HTTP_err.c...
compiling HTTP_uif.c...
compiling LED_CUBE_8x8x8.c...
compiling PROTOCOL.c...
compiling TCP_USERS.c...
compiling Net_Config.c...
compiling File_Config.c...
assembling startup_LPC17xx.s...
compiling FS_SPI_FlashPrg.c...
compiling Retarget.c...
compiling ADC.c...
compiling DELAY.c...
compiling EMAC_DP83848.c...
compiling HELP.c...
compiling I2C.c...
compiling SPI_LPC17xx.c...
compiling system_LPC17xx.c...
compiling UART.c...
compiling TLC59116.c...
compiling SETTINGS.c...
compiling RTC.c...
compiling SNTP.c...
compiling ADMINS.c...
compiling USERS.c...
linking...
Program Size: Code=59228 RO-data=18328 RW-data=308 ZI-data=28252  
FromELF: creating hex file...
After Build - User command #1: fromelf --bin ".\Obj\LP_LED_CUBE_8x8x8.axf" --output ".\Flash 0x2000\LP_LED_CUBE_8x8x8.bin"
".\Obj\LP_LED_CUBE_8x8x8.axf" - 0 Errors, 2 Warning(s).
Load "C:\\Users\\Dule\\Desktop\\Luka_Penger\\lp-led-cube-8x8x8-project\\LP_LED_CUBE_8x8x8_LPC176X\\Obj\\LP_LED_CUBE_8x8x8.axf" 
Full Chip Erase Done.
Programming Done.
Verify OK.
Application running ...
Rebuild target 'LP LED CUBE 8x8x8'
custom translating Web.inp...
Custom: C:\Keil\ARM\bin\fcarm @Web\Web.inp
FCARM FILE CONVERTER V2.41
Completed 6 File(s), Ratio 86%
compiling MAIN.c...
MAIN.c(330): warning:  #550-D: variable "file_info" was set but never used
MAIN.c(331): warning:  #177-D: variable "file" was declared but never referenced
compiling HTTP_CGI.c...
compiling WEB.C...
compiling FTP_uif.c...
compiling HTTP_err.c...
compiling HTTP_uif.c...
compiling LED_CUBE_8x8x8.c...
compiling PROTOCOL.c...
compiling TCP_USERS.c...
compiling Net_Config.c...
compiling File_Config.c...
assembling startup_LPC17xx.s...
compiling FS_SPI_FlashPrg.c...
compiling Retarget.c...
compiling ADC.c...
compiling DELAY.c...
compiling EMAC_DP83848.c...
compiling HELP.c...
compiling I2C.c...
compiling SPI_LPC17xx.c...
compiling system_LPC17xx.c...
compiling UART.c...
compiling TLC59116.c...
compiling SETTINGS.c...
compiling RTC.c...
compiling SNTP.c...
compiling ADMINS.c...
compiling USERS.c...
linking...
Program Size: Code=59228 RO-data=18328 RW-data=308 ZI-data=28252  
FromELF: creating hex file...
After Build - User command #1: fromelf --bin ".\Obj\LP_LED_CUBE_8x8x8.axf" --output ".\Flash 0x2000\LP_LED_CUBE_8x8x8.bin"
".\Obj\LP_LED_CUBE_8x8x8.axf" - 0 Errors, 2 Warning(s).
Load "C:\\Users\\Dule\\Desktop\\Luka_Penger\\lp-led-cube-8x8x8-project\\LP_LED_CUBE_8x8x8_LPC176X\\Obj\\LP_LED_CUBE_8x8x8.axf" 
Full Chip Erase Done.
Programming Done.
Verify OK.
Application running ...
Rebuild target 'LP LED CUBE 8x8x8'
custom translating Web.inp...
Custom: C:\Keil\ARM\bin\fcarm @Web\Web.inp
FCARM FILE CONVERTER V2.41
Completed 6 File(s), Ratio 86%
compiling MAIN.c...
MAIN.c(330): warning:  #550-D: variable "file_info" was set but never used
MAIN.c(331): warning:  #177-D: variable "file" was declared but never referenced
compiling HTTP_CGI.c...
compiling WEB.C...
compiling FTP_uif.c...
compiling HTTP_err.c...
compiling HTTP_uif.c...
compiling LED_CUBE_8x8x8.c...
compiling PROTOCOL.c...
compiling TCP_USERS.c...
compiling Net_Config.c...
compiling File_Config.c...
assembling startup_LPC17xx.s...
compiling FS_SPI_FlashPrg.c...
compiling Retarget.c...
compiling ADC.c...
compiling DELAY.c...
compiling EMAC_DP83848.c...
compiling HELP.c...
compiling I2C.c...
compiling SPI_LPC17xx.c...
compiling system_LPC17xx.c...
compiling UART.c...
compiling TLC59116.c...
compiling SETTINGS.c...
compiling RTC.c...
compiling SNTP.c...
compiling ADMINS.c...
compiling USERS.c...
linking...
Program Size: Code=59220 RO-data=18328 RW-data=308 ZI-data=28252  
FromELF: creating hex file...
After Build - User command #1: fromelf --bin ".\Obj\LP_LED_CUBE_8x8x8.axf" --output ".\Flash 0x2000\LP_LED_CUBE_8x8x8.bin"
".\Obj\LP_LED_CUBE_8x8x8.axf" - 0 Errors, 2 Warning(s).
Load "C:\\Users\\Dule\\Desktop\\Luka_Penger\\lp-led-cube-8x8x8-project\\LP_LED_CUBE_8x8x8_LPC176X\\Obj\\LP_LED_CUBE_8x8x8.axf" 
Full Chip Erase Done.
Programming Done.
Verify OK.
Application running ...
Rebuild target 'LP LED CUBE 8x8x8'
custom translating Web.inp...
Custom: C:\Keil\ARM\bin\fcarm @Web\Web.inp
FCARM FILE CONVERTER V2.41
Completed 6 File(s), Ratio 86%
compiling MAIN.c...
MAIN.c(330): warning:  #550-D: variable "file_info" was set but never used
MAIN.c(331): warning:  #177-D: variable "file" was declared but never referenced
compiling HTTP_CGI.c...
compiling WEB.C...
compiling FTP_uif.c...
compiling HTTP_err.c...
compiling HTTP_uif.c...
compiling LED_CUBE_8x8x8.c...
compiling PROTOCOL.c...
compiling TCP_USERS.c...
compiling Net_Config.c...
compiling File_Config.c...
assembling startup_LPC17xx.s...
compiling FS_SPI_FlashPrg.c...
compiling Retarget.c...
compiling ADC.c...
compiling DELAY.c...
compiling EMAC_DP83848.c...
compiling HELP.c...
compiling I2C.c...
compiling SPI_LPC17xx.c...
compiling system_LPC17xx.c...
compiling UART.c...
compiling TLC59116.c...
compiling SETTINGS.c...
compiling RTC.c...
compiling SNTP.c...
compiling ADMINS.c...
compiling USERS.c...
linking...
Program Size: Code=59212 RO-data=18328 RW-data=308 ZI-data=27980  
FromELF: creating hex file...
After Build - User command #1: fromelf --bin ".\Obj\LP_LED_CUBE_8x8x8.axf" --output ".\Flash 0x2000\LP_LED_CUBE_8x8x8.bin"
".\Obj\LP_LED_CUBE_8x8x8.axf" - 0 Errors, 2 Warning(s).
Load "C:\\Users\\Dule\\Desktop\\Luka_Penger\\lp-led-cube-8x8x8-project\\LP_LED_CUBE_8x8x8_LPC176X\\Obj\\LP_LED_CUBE_8x8x8.axf" 
Full Chip Erase Done.
Programming Done.
Verify OK.
Application running ...
Rebuild target 'LP LED CUBE 8x8x8'
custom translating Web.inp...
Custom: C:\Keil\ARM\bin\fcarm @Web\Web.inp
FCARM FILE CONVERTER V2.41
Completed 6 File(s), Ratio 86%
compiling MAIN.c...
MAIN.c(322): warning:  #550-D: variable "file_info" was set but never used
MAIN.c(323): warning:  #177-D: variable "file" was declared but never referenced
compiling HTTP_CGI.c...
compiling WEB.C...
compiling FTP_uif.c...
compiling HTTP_err.c...
compiling HTTP_uif.c...
compiling LED_CUBE_8x8x8.c...
compiling PROTOCOL.c...
compiling TCP_USERS.c...
compiling Net_Config.c...
compiling File_Config.c...
assembling startup_LPC17xx.s...
compiling FS_SPI_FlashPrg.c...
compiling Retarget.c...
compiling ADC.c...
compiling DELAY.c...
compiling EMAC_DP83848.c...
compiling HELP.c...
compiling I2C.c...
compiling SPI_LPC17xx.c...
compiling system_LPC17xx.c...
compiling UART.c...
compiling TLC59116.c...
compiling SETTINGS.c...
compiling RTC.c...
compiling SNTP.c...
compiling ADMINS.c...
compiling USERS.c...
linking...
Program Size: Code=59208 RO-data=18328 RW-data=312 ZI-data=27960  
FromELF: creating hex file...
After Build - User command #1: fromelf --bin ".\Obj\LP_LED_CUBE_8x8x8.axf" --output ".\Flash 0x2000\LP_LED_CUBE_8x8x8.bin"
".\Obj\LP_LED_CUBE_8x8x8.axf" - 0 Errors, 2 Warning(s).
Load "C:\\Users\\Dule\\Desktop\\Luka_Penger\\lp-led-cube-8x8x8-project\\LP_LED_CUBE_8x8x8_LPC176X\\Obj\\LP_LED_CUBE_8x8x8.axf" 
Full Chip Erase Done.
Programming Done.
Verify OK.
Application running ...
Rebuild target 'LP LED CUBE 8x8x8'
custom translating Web.inp...
Custom: C:\Keil\ARM\bin\fcarm @Web\Web.inp
FCARM FILE CONVERTER V2.41
Completed 6 File(s), Ratio 86%
compiling MAIN.c...
MAIN.c(320): warning:  #550-D: variable "file_info" was set but never used
MAIN.c(321): warning:  #177-D: variable "file" was declared but never referenced
compiling HTTP_CGI.c...
compiling WEB.C...
compiling FTP_uif.c...
compiling HTTP_err.c...
compiling HTTP_uif.c...
compiling LED_CUBE_8x8x8.c...
compiling PROTOCOL.c...
compiling TCP_USERS.c...
compiling Net_Config.c...
compiling File_Config.c...
assembling startup_LPC17xx.s...
compiling FS_SPI_FlashPrg.c...
compiling Retarget.c...
compiling ADC.c...
compiling DELAY.c...
compiling EMAC_DP83848.c...
compiling HELP.c...
compiling I2C.c...
compiling SPI_LPC17xx.c...
compiling system_LPC17xx.c...
compiling UART.c...
compiling TLC59116.c...
compiling SETTINGS.c...
compiling RTC.c...
compiling SNTP.c...
compiling ADMINS.c...
compiling USERS.c...
linking...
Program Size: Code=59200 RO-data=18328 RW-data=312 ZI-data=27960  
FromELF: creating hex file...
After Build - User command #1: fromelf --bin ".\Obj\LP_LED_CUBE_8x8x8.axf" --output ".\Flash 0x2000\LP_LED_CUBE_8x8x8.bin"
".\Obj\LP_LED_CUBE_8x8x8.axf" - 0 Errors, 2 Warning(s).
Rebuild target 'LP LED CUBE 8x8x8'
custom translating Web.inp...
Custom: C:\Keil\ARM\bin\fcarm @Web\Web.inp
FCARM FILE CONVERTER V2.41
Completed 6 File(s), Ratio 86%
compiling MAIN.c...
MAIN.c(321): warning:  #550-D: variable "file_info" was set but never used
MAIN.c(322): warning:  #177-D: variable "file" was declared but never referenced
compiling HTTP_CGI.c...
compiling WEB.C...
compiling FTP_uif.c...
compiling HTTP_err.c...
compiling HTTP_uif.c...
compiling LED_CUBE_8x8x8.c...
compiling PROTOCOL.c...
compiling TCP_USERS.c...
compiling Net_Config.c...
compiling File_Config.c...
assembling startup_LPC17xx.s...
compiling FS_SPI_FlashPrg.c...
compiling Retarget.c...
compiling ADC.c...
compiling DELAY.c...
compiling EMAC_DP83848.c...
compiling HELP.c...
compiling I2C.c...
compiling SPI_LPC17xx.c...
compiling system_LPC17xx.c...
compiling UART.c...
compiling TLC59116.c...
compiling SETTINGS.c...
compiling RTC.c...
compiling SNTP.c...
compiling ADMINS.c...
compiling USERS.c...
linking...
Program Size: Code=59228 RO-data=18328 RW-data=312 ZI-data=27960  
FromELF: creating hex file...
After Build - User command #1: fromelf --bin ".\Obj\LP_LED_CUBE_8x8x8.axf" --output ".\Flash 0x2000\LP_LED_CUBE_8x8x8.bin"
".\Obj\LP_LED_CUBE_8x8x8.axf" - 0 Errors, 2 Warning(s).
Load "C:\\Users\\Dule\\Desktop\\Luka_Penger\\lp-led-cube-8x8x8-project\\LP_LED_CUBE_8x8x8_LPC176X\\Obj\\LP_LED_CUBE_8x8x8.axf" 
Full Chip Erase Done.
Programming Done.
Verify OK.
Application running ...
Rebuild target 'LP LED CUBE 8x8x8'
custom translating Web.inp...
Custom: C:\Keil\ARM\bin\fcarm @Web\Web.inp
FCARM FILE CONVERTER V2.41
Completed 6 File(s), Ratio 86%
compiling MAIN.c...
MAIN.c(321): warning:  #550-D: variable "file_info" was set but never used
MAIN.c(322): warning:  #177-D: variable "file" was declared but never referenced
compiling HTTP_CGI.c...
HTTP_CGI.c(481): error:  #32: expression must have arithmetic type
compiling WEB.C...
compiling FTP_uif.c...
compiling HTTP_err.c...
compiling HTTP_uif.c...
compiling LED_CUBE_8x8x8.c...
compiling PROTOCOL.c...
compiling TCP_USERS.c...
compiling Net_Config.c...
compiling File_Config.c...
assembling startup_LPC17xx.s...
compiling FS_SPI_FlashPrg.c...
compiling Retarget.c...
compiling ADC.c...
compiling DELAY.c...
compiling EMAC_DP83848.c...
compiling HELP.c...
compiling I2C.c...
compiling SPI_LPC17xx.c...
compiling system_LPC17xx.c...
compiling UART.c...
compiling TLC59116.c...
compiling SETTINGS.c...
compiling RTC.c...
compiling SNTP.c...
compiling ADMINS.c...
compiling USERS.c...
".\Obj\LP_LED_CUBE_8x8x8.axf" - 1 Errors, 2 Warning(s).
Target not created
Rebuild target 'LP LED CUBE 8x8x8'
custom translating Web.inp...
Custom: C:\Keil\ARM\bin\fcarm @Web\Web.inp
FCARM FILE CONVERTER V2.41
Completed 6 File(s), Ratio 86%
compiling MAIN.c...
MAIN.c(321): warning:  #550-D: variable "file_info" was set but never used
MAIN.c(322): warning:  #177-D: variable "file" was declared but never referenced
compiling HTTP_CGI.c...
compiling WEB.C...
compiling FTP_uif.c...
compiling HTTP_err.c...
compiling HTTP_uif.c...
compiling LED_CUBE_8x8x8.c...
compiling PROTOCOL.c...
compiling TCP_USERS.c...
compiling Net_Config.c...
compiling File_Config.c...
assembling startup_LPC17xx.s...
compiling FS_SPI_FlashPrg.c...
compiling Retarget.c...
compiling ADC.c...
compiling DELAY.c...
compiling EMAC_DP83848.c...
compiling HELP.c...
compiling I2C.c...
compiling SPI_LPC17xx.c...
compiling system_LPC17xx.c...
compiling UART.c...
compiling TLC59116.c...
compiling SETTINGS.c...
compiling RTC.c...
compiling SNTP.c...
compiling ADMINS.c...
compiling USERS.c...
linking...
Program Size: Code=59232 RO-data=18328 RW-data=312 ZI-data=27960  
FromELF: creating hex file...
After Build - User command #1: fromelf --bin ".\Obj\LP_LED_CUBE_8x8x8.axf" --output ".\Flash 0x2000\LP_LED_CUBE_8x8x8.bin"
".\Obj\LP_LED_CUBE_8x8x8.axf" - 0 Errors, 2 Warning(s).
Load "C:\\Users\\Dule\\Desktop\\Luka_Penger\\lp-led-cube-8x8x8-project\\LP_LED_CUBE_8x8x8_LPC176X\\Obj\\LP_LED_CUBE_8x8x8.axf" 
Full Chip Erase Done.
Programming Done.
Verify OK.
Application running ...
Rebuild target 'LP LED CUBE 8x8x8'
custom translating Web.inp...
Custom: C:\Keil\ARM\bin\fcarm @Web\Web.inp
FCARM FILE CONVERTER V2.41
Completed 6 File(s), Ratio 86%
compiling MAIN.c...
MAIN.c(321): warning:  #550-D: variable "file_info" was set but never used
MAIN.c(322): warning:  #177-D: variable "file" was declared but never referenced
compiling HTTP_CGI.c...
compiling WEB.C...
compiling FTP_uif.c...
compiling HTTP_err.c...
compiling HTTP_uif.c...
compiling LED_CUBE_8x8x8.c...
compiling PROTOCOL.c...
compiling TCP_USERS.c...
compiling Net_Config.c...
compiling File_Config.c...
assembling startup_LPC17xx.s...
compiling FS_SPI_FlashPrg.c...
compiling Retarget.c...
compiling ADC.c...
compiling DELAY.c...
compiling EMAC_DP83848.c...
compiling HELP.c...
compiling I2C.c...
compiling SPI_LPC17xx.c...
compiling system_LPC17xx.c...
compiling UART.c...
compiling TLC59116.c...
compiling SETTINGS.c...
compiling RTC.c...
compiling SNTP.c...
compiling ADMINS.c...
compiling USERS.c...
linking...
Program Size: Code=59232 RO-data=18328 RW-data=312 ZI-data=27960  
FromELF: creating hex file...
After Build - User command #1: fromelf --bin ".\Obj\LP_LED_CUBE_8x8x8.axf" --output ".\Flash 0x2000\LP_LED_CUBE_8x8x8.bin"
".\Obj\LP_LED_CUBE_8x8x8.axf" - 0 Errors, 2 Warning(s).
Load "C:\\Users\\Dule\\Desktop\\Luka_Penger\\lp-led-cube-8x8x8-project\\LP_LED_CUBE_8x8x8_LPC176X\\Obj\\LP_LED_CUBE_8x8x8.axf" 
Full Chip Erase Done.
Programming Done.
Verify OK.
Application running ...
Rebuild target 'LP LED CUBE 8x8x8'
custom translating Web.inp...
Custom: C:\Keil\ARM\bin\fcarm @Web\Web.inp
FCARM FILE CONVERTER V2.41
Completed 6 File(s), Ratio 86%
compiling MAIN.c...
MAIN.c(322): warning:  #550-D: variable "file_info" was set but never used
MAIN.c(323): warning:  #177-D: variable "file" was declared but never referenced
compiling HTTP_CGI.c...
compiling WEB.C...
compiling FTP_uif.c...
compiling HTTP_err.c...
compiling HTTP_uif.c...
compiling LED_CUBE_8x8x8.c...
compiling PROTOCOL.c...
compiling TCP_USERS.c...
compiling Net_Config.c...
compiling File_Config.c...
assembling startup_LPC17xx.s...
compiling FS_SPI_FlashPrg.c...
compiling Retarget.c...
compiling ADC.c...
compiling DELAY.c...
compiling EMAC_DP83848.c...
compiling HELP.c...
compiling I2C.c...
compiling SPI_LPC17xx.c...
compiling system_LPC17xx.c...
compiling UART.c...
compiling TLC59116.c...
compiling SETTINGS.c...
compiling RTC.c...
compiling SNTP.c...
compiling ADMINS.c...
compiling USERS.c...
linking...
Program Size: Code=59256 RO-data=18328 RW-data=312 ZI-data=27984  
FromELF: creating hex file...
After Build - User command #1: fromelf --bin ".\Obj\LP_LED_CUBE_8x8x8.axf" --output ".\Flash 0x2000\LP_LED_CUBE_8x8x8.bin"
".\Obj\LP_LED_CUBE_8x8x8.axf" - 0 Errors, 2 Warning(s).
Load "C:\\Users\\Dule\\Desktop\\Luka_Penger\\lp-led-cube-8x8x8-project\\LP_LED_CUBE_8x8x8_LPC176X\\Obj\\LP_LED_CUBE_8x8x8.axf" 
Full Chip Erase Done.
Programming Done.
Verify OK.
Application running ...
Rebuild target 'LP LED CUBE 8x8x8'
custom translating Web.inp...
Custom: C:\Keil\ARM\bin\fcarm @Web\Web.inp
FCARM FILE CONVERTER V2.41
Completed 6 File(s), Ratio 86%
compiling MAIN.c...
MAIN.c(320): warning:  #550-D: variable "file_info" was set but never used
MAIN.c(321): warning:  #177-D: variable "file" was declared but never referenced
compiling HTTP_CGI.c...
compiling WEB.C...
compiling FTP_uif.c...
compiling HTTP_err.c...
compiling HTTP_uif.c...
compiling LED_CUBE_8x8x8.c...
compiling PROTOCOL.c...
compiling TCP_USERS.c...
compiling Net_Config.c...
compiling File_Config.c...
[...]
Full Chip Erase Done.
Programming Done.
Verify OK.
Application running ...
Rebuild target 'LP LED CUBE 8x8x8'
custom translating Web.inp...
Custom: C:\Keil\ARM\bin\fcarm @Web\Web.inp
FCARM FILE CONVERTER V2.41
Completed 6 File(s), Ratio 86%
compiling MAIN.c...
compiling HTTP_CGI.c...
compiling WEB.C...
compiling FTP_uif.c...
compiling HTTP_err.c...
compiling HTTP_uif.c...
compiling LED_CUBE_8x8x8.c...
compiling PROTOCOL.c...
compiling TCP_USERS.c...
compiling Net_Config.c...
compiling File_Config.c...
assembling startup_LPC17xx.s...
compiling FS_SPI_FlashPrg.c...
compiling Retarget.c...
compiling ADC.c...
compiling DELAY.c...
compiling EMAC_DP83848.c...
compiling HELP.c...
compiling I2C.c...
compiling SPI_LPC17xx.c...
compiling system_LPC17xx.c...
compiling UART.c...
compiling TLC59116.c...
compiling SETTINGS.c...
compiling RTC.c...
compiling SNTP.c...
compiling ADMINS.c...
compiling USERS.c...
linking...
Program Size: Code=59388 RO-data=18328 RW-data=320 ZI-data=27992  
FromELF: creating hex file...
After Build - User command #1: fromelf --bin ".\Obj\LP_LED_CUBE_8x8x8.axf" --output ".\Flash 0x2000\LP_LED_CUBE_8x8x8.bin"
".\Obj\LP_LED_CUBE_8x8x8.axf" - 0 Errors, 0 Warning(s).
Load "C:\\Users\\Dule\\Desktop\\Luka_Penger\\lp-led-cube-8x8x8-project\\LP_LED_CUBE_8x8x8_LPC176X\\Obj\\LP_LED_CUBE_8x8x8.axf" 
Full Chip Erase Done.
Programming Done.
Verify OK.
Application running ...
Rebuild target 'LP LED CUBE 8x8x8'
custom translating Web.inp...
Custom: C:\Keil\ARM\bin\fcarm @Web\Web.inp
FCARM FILE CONVERTER V2.41
Completed 6 File(s), Ratio 86%
compiling MAIN.c...
MAIN.c(377): error:  #20: identifier "delayValue" is undefined
compiling HTTP_CGI.c...
compiling WEB.C...
compiling FTP_uif.c...
compiling HTTP_err.c...
compiling HTTP_uif.c...
compiling LED_CUBE_8x8x8.c...
compiling PROTOCOL.c...
compiling TCP_USERS.c...
compiling Net_Config.c...
compiling File_Config.c...
assembling startup_LPC17xx.s...
compiling FS_SPI_FlashPrg.c...
compiling Retarget.c...
compiling ADC.c...
compiling DELAY.c...
compiling EMAC_DP83848.c...
compiling HELP.c...
compiling I2C.c...
compiling SPI_LPC17xx.c...
compiling system_LPC17xx.c...
compiling UART.c...
compiling TLC59116.c...
compiling SETTINGS.c...
compiling RTC.c...
compiling SNTP.c...
compiling ADMINS.c...
compiling USERS.c...
".\Obj\LP_LED_CUBE_8x8x8.axf" - 1 Errors, 0 Warning(s).
Target not created
Rebuild target 'LP LED CUBE 8x8x8'
custom translating Web.inp...
Custom: C:\Keil\ARM\bin\fcarm @Web\Web.inp
FCARM FILE CONVERTER V2.41
Completed 6 File(s), Ratio 86%
compiling MAIN.c...
compiling HTTP_CGI.c...
compiling WEB.C...
compiling FTP_uif.c...
compiling HTTP_err.c...
compiling HTTP_uif.c...
compiling LED_CUBE_8x8x8.c...
compiling PROTOCOL.c...
compiling TCP_USERS.c...
compiling Net_Config.c...
compiling File_Config.c...
assembling startup_LPC17xx.s...
compiling FS_SPI_FlashPrg.c...
compiling Retarget.c...
compiling ADC.c...
compiling DELAY.c...
compiling EMAC_DP83848.c...
compiling HELP.c...
compiling I2C.c...
compiling SPI_LPC17xx.c...
compiling system_LPC17xx.c...
compiling UART.c...
compiling TLC59116.c...
compiling SETTINGS.c...
compiling RTC.c...
compiling SNTP.c...
compiling ADMINS.c...
compiling USERS.c...
linking...
Program Size: Code=59452 RO-data=18328 RW-data=320 ZI-data=27992  
FromELF: creating hex file...
After Build - User command #1: fromelf --bin ".\Obj\LP_LED_CUBE_8x8x8.axf" --output ".\Flash 0x2000\LP_LED_CUBE_8x8x8.bin"
".\Obj\LP_LED_CUBE_8x8x8.axf" - 0 Errors, 0 Warning(s).
Load "C:\\Users\\Dule\\Desktop\\Luka_Penger\\lp-led-cube-8x8x8-project\\LP_LED_CUBE_8x8x8_LPC176X\\Obj\\LP_LED_CUBE_8x8x8.axf" 
Full Chip Erase Done.
Programming Done.
Verify OK.
Application running ...
Rebuild target 'LP LED CUBE 8x8x8'
custom translating Web.inp...
Custom: C:\Keil\ARM\bin\fcarm @Web\Web.inp
FCARM FILE CONVERTER V2.41
Completed 6 File(s), Ratio 86%
compiling MAIN.c...
compiling HTTP_CGI.c...
compiling WEB.C...
compiling FTP_uif.c...
compiling HTTP_err.c...
compiling HTTP_uif.c...
compiling LED_CUBE_8x8x8.c...
compiling PROTOCOL.c...
compiling TCP_USERS.c...
compiling Net_Config.c...
compiling File_Config.c...
assembling startup_LPC17xx.s...
compiling FS_SPI_FlashPrg.c...
compiling Retarget.c...
compiling ADC.c...
compiling DELAY.c...
compiling EMAC_DP83848.c...
compiling HELP.c...
compiling I2C.c...
compiling SPI_LPC17xx.c...
compiling system_LPC17xx.c...
compiling UART.c...
compiling TLC59116.c...
compiling SETTINGS.c...
compiling RTC.c...
compiling SNTP.c...
compiling ADMINS.c...
compiling USERS.c...
linking...
Program Size: Code=59464 RO-data=18328 RW-data=320 ZI-data=27992  
FromELF: creating hex file...
After Build - User command #1: fromelf --bin ".\Obj\LP_LED_CUBE_8x8x8.axf" --output ".\Flash 0x2000\LP_LED_CUBE_8x8x8.bin"
".\Obj\LP_LED_CUBE_8x8x8.axf" - 0 Errors, 0 Warning(s).
Load "C:\\Users\\Dule\\Desktop\\Luka_Penger\\lp-led-cube-8x8x8-project\\LP_LED_CUBE_8x8x8_LPC176X\\Obj\\LP_LED_CUBE_8x8x8.axf" 
Full Chip Erase Done.
Programming Done.
Verify OK.
Application running ...
Rebuild target 'LP LED CUBE 8x8x8'
custom translating Web.inp...
Custom: C:\Keil\ARM\bin\fcarm @Web\Web.inp
FCARM FILE CONVERTER V2.41
Completed 6 File(s), Ratio 86%
compiling MAIN.c...
compiling HTTP_CGI.c...
compiling WEB.C...
compiling FTP_uif.c...
compiling HTTP_err.c...
compiling HTTP_uif.c...
compiling LED_CUBE_8x8x8.c...
compiling PROTOCOL.c...
compiling TCP_USERS.c...
compiling Net_Config.c...
compiling File_Config.c...
assembling startup_LPC17xx.s...
compiling FS_SPI_FlashPrg.c...
compiling Retarget.c...
compiling ADC.c...
compiling DELAY.c...
compiling EMAC_DP83848.c...
compiling HELP.c...
compiling I2C.c...
compiling SPI_LPC17xx.c...
compiling system_LPC17xx.c...
compiling UART.c...
compiling TLC59116.c...
compiling SETTINGS.c...
compiling RTC.c...
compiling SNTP.c...
compiling ADMINS.c...
compiling USERS.c...
linking...
Program Size: Code=59452 RO-data=18328 RW-data=320 ZI-data=27992  
FromELF: creating hex file...
After Build - User command #1: fromelf --bin ".\Obj\LP_LED_CUBE_8x8x8.axf" --output ".\Flash 0x2000\LP_LED_CUBE_8x8x8.bin"
".\Obj\LP_LED_CUBE_8x8x8.axf" - 0 Errors, 0 Warning(s).
Rebuild target 'LP LED CUBE 8x8x8'
custom translating Web.inp...
Custom: C:\Keil\ARM\bin\fcarm @Web\Web.inp
FCARM FILE CONVERTER V2.41
Completed 6 File(s), Ratio 86%
compiling MAIN.c...
compiling HTTP_CGI.c...
compiling WEB.C...
compiling FTP_uif.c...
compiling HTTP_err.c...
compiling HTTP_uif.c...
compiling LED_CUBE_8x8x8.c...
compiling PROTOCOL.c...
compiling TCP_USERS.c...
compiling Net_Config.c...
compiling File_Config.c...
assembling startup_LPC17xx.s...
compiling FS_SPI_FlashPrg.c...
compiling Retarget.c...
compiling ADC.c...
compiling DELAY.c...
compiling EMAC_DP83848.c...
compiling HELP.c...
compiling I2C.c...
compiling SPI_LPC17xx.c...
compiling system_LPC17xx.c...
compiling UART.c...
compiling TLC59116.c...
compiling SETTINGS.c...
compiling RTC.c...
compiling SNTP.c...
compiling ADMINS.c...
compiling USERS.c...
linking...
Program Size: Code=59452 RO-data=18328 RW-data=320 ZI-data=27992  
FromELF: creating hex file...
After Build - User command #1: fromelf --bin ".\Obj\LP_LED_CUBE_8x8x8.axf" --output ".\Flash 0x2000\LP_LED_CUBE_8x8x8.bin"
".\Obj\LP_LED_CUBE_8x8x8.axf" - 0 Errors, 0 Warning(s).
Load "C:\\Users\\Dule\\Desktop\\Luka_Penger\\lp-led-cube-8x8x8-project\\LP_LED_CUBE_8x8x8_LPC176X\\Obj\\LP_LED_CUBE_8x8x8.axf" 
Full Chip Erase Done.
Programming Done.
Verify OK.
Application running ...
Rebuild target 'LP LED CUBE 8x8x8'
custom translating Web.inp...
Custom: C:\Keil\ARM\bin\fcarm @Web\Web.inp
FCARM FILE CONVERTER V2.41
Completed 6 File(s), Ratio 86%
compiling MAIN.c...
compiling HTTP_CGI.c...
compiling WEB.C...
compiling FTP_uif.c...
compiling HTTP_err.c...
compiling HTTP_uif.c...
compiling LED_CUBE_8x8x8.c...
compiling PROTOCOL.c...
compiling TCP_USERS.c...
compiling Net_Config.c...
compiling File_Config.c...
assembling startup_LPC17xx.s...
compiling FS_SPI_FlashPrg.c...
compiling Retarget.c...
compiling ADC.c...
compiling DELAY.c...
compiling EMAC_DP83848.c...
compiling HELP.c...
compiling I2C.c...
compiling SPI_LPC17xx.c...
compiling system_LPC17xx.c...
compiling UART.c...
compiling TLC59116.c...
compiling SETTINGS.c...
compiling RTC.c...
compiling SNTP.c...
compiling ADMINS.c...
compiling USERS.c...
linking...
Program Size: Code=59456 RO-data=18328 RW-data=320 ZI-data=27992  
FromELF: creating hex file...
After Build - User command #1: fromelf --bin ".\Obj\LP_LED_CUBE_8x8x8.axf" --output ".\Flash 0x2000\LP_LED_CUBE_8x8x8.bin"
".\Obj\LP_LED_CUBE_8x8x8.axf" - 0 Errors, 0 Warning(s).
Load "C:\\Users\\Dule\\Desktop\\Luka_Penger\\lp-led-cube-8x8x8-project\\LP_LED_CUBE_8x8x8_LPC176X\\Obj\\LP_LED_CUBE_8x8x8.axf" 
Full Chip Erase Done.
Programming Done.
Verify OK.
Application running ...
Rebuild target 'LP LED CUBE 8x8x8'
custom translating Web.inp...
Custom: C:\Keil\ARM\bin\fcarm @Web\Web.inp
FCARM FILE CONVERTER V2.41
Completed 6 File(s), Ratio 86%
compiling MAIN.c...
compiling HTTP_CGI.c...
compiling WEB.C...
compiling FTP_uif.c...
compiling HTTP_err.c...
compiling HTTP_uif.c...
compiling LED_CUBE_8x8x8.c...
compiling PROTOCOL.c...
compiling TCP_USERS.c...
compiling Net_Config.c...
compiling File_Config.c...
assembling startup_LPC17xx.s...
compiling FS_SPI_FlashPrg.c...
compiling Retarget.c...
compiling ADC.c...
compiling DELAY.c...
compiling EMAC_DP83848.c...
compiling HELP.c...
compiling I2C.c...
compiling SPI_LPC17xx.c...
compiling system_LPC17xx.c...
compiling UART.c...
compiling TLC59116.c...
compiling SETTINGS.c...
compiling RTC.c...
compiling SNTP.c...
compiling ADMINS.c...
compiling USERS.c...
linking...
Program Size: Code=59440 RO-data=18328 RW-data=320 ZI-data=27992  
FromELF: creating hex file...
After Build - User command #1: fromelf --bin ".\Obj\LP_LED_CUBE_8x8x8.axf" --output ".\Flash 0x2000\LP_LED_CUBE_8x8x8.bin"
".\Obj\LP_LED_CUBE_8x8x8.axf" - 0 Errors, 0 Warning(s).
Load "C:\\Users\\Dule\\Desktop\\Luka_Penger\\lp-led-cube-8x8x8-project\\LP_LED_CUBE_8x8x8_LPC176X\\Obj\\LP_LED_CUBE_8x8x8.axf" 
Full Chip Erase Done.
Programming Done.
Verify OK.
Application running ...
Rebuild target 'LP LED CUBE 8x8x8'
custom translating Web.inp...
Custom: C:\Keil\ARM\bin\fcarm @Web\Web.inp
FCARM FILE CONVERTER V2.41
Completed 6 File(s), Ratio 86%
compiling MAIN.c...
compiling HTTP_CGI.c...
compiling WEB.C...
compiling FTP_uif.c...
compiling HTTP_err.c...
compiling HTTP_uif.c...
compiling LED_CUBE_8x8x8.c...
compiling PROTOCOL.c...
compiling TCP_USERS.c...
compiling Net_Config.c...
compiling File_Config.c...
assembling startup_LPC17xx.s...
compiling FS_SPI_FlashPrg.c...
compiling Retarget.c...
compiling ADC.c...
compiling DELAY.c...
compiling EMAC_DP83848.c...
compiling HELP.c...
compiling I2C.c...
compiling SPI_LPC17xx.c...
compiling system_LPC17xx.c...
compiling UART.c...
compiling TLC59116.c...
compiling SETTINGS.c...
compiling RTC.c...
compiling SNTP.c...
compiling ADMINS.c...
compiling USERS.c...
linking...
Program Size: Code=59440 RO-data=18328 RW-data=320 ZI-data=27992  
FromELF: creating hex file...
After Build - User command #1: fromelf --bin ".\Obj\LP_LED_CUBE_8x8x8.axf" --output ".\Flash 0x2000\LP_LED_CUBE_8x8x8.bin"
".\Obj\LP_LED_CUBE_8x8x8.axf" - 0 Errors, 0 Warning(s).
Rebuild target 'LP LED CUBE 8x8x8'
custom translating Web.inp...
Custom: C:\Keil\ARM\bin\fcarm @Web\Web.inp
FCARM FILE CONVERTER V2.41
Completed 6 File(s), Ratio 86%
compiling MAIN.c...
compiling HTTP_CGI.c...
compiling WEB.C...
compiling FTP_uif.c...
compiling HTTP_err.c...
compiling HTTP_uif.c...
compiling LED_CUBE_8x8x8.c...
compiling PROTOCOL.c...
compiling TCP_USERS.c...
compiling Net_Config.c...
compiling File_Config.c...
assembling startup_LPC17xx.s...
compiling FS_SPI_FlashPrg.c...
compiling Retarget.c...
compiling ADC.c...
compiling DELAY.c...
compiling EMAC_DP83848.c...
compiling HELP.c...
compiling I2C.c...
compiling SPI_LPC17xx.c...
compiling system_LPC17xx.c...
compiling UART.c...
compiling TLC59116.c...
compiling SETTINGS.c...
compiling RTC.c...
compiling SNTP.c...
compiling ADMINS.c...
compiling USERS.c...
linking...
Program Size: Code=59436 RO-data=18328 RW-data=320 ZI-data=27992  
FromELF: creating hex file...
After Build - User command #1: fromelf --bin ".\Obj\LP_LED_CUBE_8x8x8.axf" --output ".\Flash 0x2000\LP_LED_CUBE_8x8x8.bin"
".\Obj\LP_LED_CUBE_8x8x8.axf" - 0 Errors, 0 Warning(s).
Load "C:\\Users\\Dule\\Desktop\\Luka_Penger\\lp-led-cube-8x8x8-project\\LP_LED_CUBE_8x8x8_LPC176X\\Obj\\LP_LED_CUBE_8x8x8.axf" 
Full Chip Erase Done.
Programming Done.
Verify OK.
Application running ...
Rebuild target 'LP LED CUBE 8x8x8'
custom translating Web.inp...
Custom: C:\Keil\ARM\bin\fcarm @Web\Web.inp
FCARM FILE CONVERTER V2.41
Completed 6 File(s), Ratio 86%
compiling MAIN.c...
compiling HTTP_CGI.c...
compiling WEB.C...
compiling FTP_uif.c...
compiling HTTP_err.c...
compiling HTTP_uif.c...
compiling LED_CUBE_8x8x8.c...
compiling PROTOCOL.c...
compiling TCP_USERS.c...
compiling Net_Config.c...
compiling File_Config.c...
assembling startup_LPC17xx.s...
compiling FS_SPI_FlashPrg.c...
compiling Retarget.c...
compiling ADC.c...
compiling DELAY.c...
compiling EMAC_DP83848.c...
compiling HELP.c...
compiling I2C.c...
compiling SPI_LPC17xx.c...
compiling system_LPC17xx.c...
compiling UART.c...
compiling TLC59116.c...
compiling SETTINGS.c...
compiling RTC.c...
compiling SNTP.c...
compiling ADMINS.c...
compiling USERS.c...
linking...
Program Size: Code=59436 RO-data=18328 RW-data=320 ZI-data=27992  
FromELF: creating hex file...
After Build - User command #1: fromelf --bin ".\Obj\LP_LED_CUBE_8x8x8.axf" --output ".\Flash 0x2000\LP_LED_CUBE_8x8x8.bin"
".\Obj\LP_LED_CUBE_8x8x8.axf" - 0 Errors, 0 Warning(s).
Load "C:\\Users\\Dule\\Desktop\\Luka_Penger\\lp-led-cube-8x8x8-project\\LP_LED_CUBE_8x8x8_LPC176X\\Obj\\LP_LED_CUBE_8x8x8.axf" 
Full Chip Erase Done.
Programming Done.
Verify OK.
Application running ...
Rebuild target 'LP LED CUBE 8x8x8'
custom translating Web.inp...
Custom: C:\Keil\ARM\bin\fcarm @Web\Web.inp
FCARM FILE CONVERTER V2.41
Completed 6 File(s), Ratio 86%
compiling MAIN.c...
compiling HTTP_CGI.c...
compiling WEB.C...
compiling FTP_uif.c...
compiling HTTP_err.c...
compiling HTTP_uif.c...
compiling LED_CUBE_8x8x8.c...
compiling PROTOCOL.c...
compiling TCP_USERS.c...
compiling Net_Config.c...
compiling File_Config.c...
assembling startup_LPC17xx.s...
compiling FS_SPI_FlashPrg.c...
compiling Retarget.c...
compiling ADC.c...
compiling DELAY.c...
compiling EMAC_DP83848.c...
compiling HELP.c...
compiling I2C.c...
compiling SPI_LPC17xx.c...
compiling system_LPC17xx.c...
compiling UART.c...
compiling TLC59116.c...
compiling SETTINGS.c...
compiling RTC.c...
compiling SNTP.c...
compiling ADMINS.c...
compiling USERS.c...
linking...
Program Size: Code=59460 RO-data=18328 RW-data=324 ZI-data=27996  
FromELF: creating hex file...
After Build - User command #1: fromelf --bin ".\Obj\LP_LED_CUBE_8x8x8.axf" --output ".\Flash 0x2000\LP_LED_CUBE_8x8x8.bin"
".\Obj\LP_LED_CUBE_8x8x8.axf" - 0 Errors, 0 Warning(s).
Load "C:\\Users\\Dule\\Desktop\\Luka_Penger\\lp-led-cube-8x8x8-project\\LP_LED_CUBE_8x8x8_LPC176X\\Obj\\LP_LED_CUBE_8x8x8.axf" 
Full Chip Erase Done.
Programming Done.
Verify OK.
Application running ...
Rebuild target 'LP LED CUBE 8x8x8'
custom translating Web.inp...
Custom: C:\Keil\ARM\bin\fcarm @Web\Web.inp
FCARM FILE CONVERTER V2.41
Completed 6 File(s), Ratio 86%
compiling MAIN.c...
compiling HTTP_CGI.c...
compiling WEB.C...
compiling FTP_uif.c...
compiling HTTP_err.c...
compiling HTTP_uif.c...
compiling LED_CUBE_8x8x8.c...
compiling PROTOCOL.c...
compiling TCP_USERS.c...
compiling Net_Config.c...
compiling File_Config.c...
assembling startup_LPC17xx.s...
compiling FS_SPI_FlashPrg.c...
compiling Retarget.c...
compiling ADC.c...
compiling DELAY.c...
compiling EMAC_DP83848.c...
compiling HELP.c...
compiling I2C.c...
compiling SPI_LPC17xx.c...
compiling system_LPC17xx.c...
compiling UART.c...
compiling TLC59116.c...
compiling SETTINGS.c...
compiling RTC.c...
compiling SNTP.c...
compiling ADMINS.c...
compiling USERS.c...
linking...
Program Size: Code=59436 RO-data=18328 RW-data=320 ZI-data=27992  
FromELF: creating hex file...
After Build - User command #1: fromelf --bin ".\Obj\LP_LED_CUBE_8x8x8.axf" --output ".\Flash 0x2000\LP_LED_CUBE_8x8x8.bin"
".\Obj\LP_LED_CUBE_8x8x8.axf" - 0 Errors, 0 Warning(s).
Rebuild target 'LP LED CUBE 8x8x8'
custom translating Web.inp...
Custom: C:\Keil\ARM\bin\fcarm @Web\Web.inp
FCARM FILE CONVERTER V2.41
Completed 6 File(s), Ratio 86%
compiling MAIN.c...
compiling HTTP_CGI.c...
compiling WEB.C...
compiling FTP_uif.c...
compiling HTTP_err.c...
compiling HTTP_uif.c...
compiling LED_CUBE_8x8x8.c...
compiling PROTOCOL.c...
compiling TCP_USERS.c...
compiling Net_Config.c...
compiling File_Config.c...
assembling startup_LPC17xx.s...
compiling FS_SPI_FlashPrg.c...
compiling Retarget.c...
compiling ADC.c...
compiling DELAY.c...
compiling EMAC_DP83848.c...
compiling HELP.c...
compiling I2C.c...
compiling SPI_LPC17xx.c...
compiling system_LPC17xx.c...
compiling UART.c...
compiling TLC59116.c...
compiling SETTINGS.c...
compiling RTC.c...
compiling SNTP.c...
compiling ADMINS.c...
compiling USERS.c...
linking...
Program Size: Code=59436 RO-data=18328 RW-data=320 ZI-data=27992  
FromELF: creating hex file...
After Build - User command #1: fromelf --bin ".\Obj\LP_LED_CUBE_8x8x8.axf" --output ".\Flash 0x2000\LP_LED_CUBE_8x8x8.bin"
".\Obj\LP_LED_CUBE_8x8x8.axf" - 0 Errors, 0 Warning(s).
Rebuild target 'LP LED CUBE 8x8x8'
custom translating Web.inp...
Custom: C:\Keil\ARM\bin\fcarm @Web\Web.inp
FCARM FILE CONVERTER V2.41
Completed 6 File(s), Ratio 86%
compiling MAIN.c...
compiling HTTP_CGI.c...
compiling WEB.C...
compiling FTP_uif.c...
compiling HTTP_err.c...
compiling HTTP_uif.c...
compiling LED_CUBE_8x8x8.c...
compiling PROTOCOL.c...
compiling TCP_USERS.c...
compiling Net_Config.c...
compiling File_Config.c...
assembling startup_LPC17xx.s...
compiling FS_SPI_FlashPrg.c...
compiling Retarget.c...
compiling ADC.c...
compiling DELAY.c...
compiling EMAC_DP83848.c...
compiling HELP.c...
compiling I2C.c...
compiling SPI_LPC17xx.c...
compiling system_LPC17xx.c...
compiling UART.c...
compiling TLC59116.c...
compiling SETTINGS.c...
compiling RTC.c...
compiling SNTP.c...
compiling ADMINS.c...
compiling USERS.c...
linking...
Program Size: Code=59436 RO-data=18328 RW-data=320 ZI-data=27992  
FromELF: creating hex file...
After Build - User command #1: fromelf --bin ".\Obj\LP_LED_CUBE_8x8x8.axf" --output ".\Flash 0x2000\LP_LED_CUBE_8x8x8.bin"
".\Obj\LP_LED_CUBE_8x8x8.axf" - 0 Errors, 0 Warning(s).
Load "C:\\Users\\Dule\\Desktop\\Luka_Penger\\lp-led-cube-8x8x8-project\\LP_LED_CUBE_8x8x8_LPC176X\\Obj\\LP_LED_CUBE_8x8x8.axf" 
Full Chip Erase Done.
Programming Done.
Verify OK.
Application running ...
Rebuild target 'LP LED CUBE 8x8x8'
custom translating Web.inp...
Custom: C:\Keil\ARM\bin\fcarm @Web\Web.inp
FCARM FILE CONVERTER V2.41
Completed 6 File(s), Ratio 86%
compiling MAIN.c...
compiling HTTP_CGI.c...
compiling WEB.C...
compiling FTP_uif.c...
compiling HTTP_err.c...
compiling HTTP_uif.c...
compiling LED_CUBE_8x8x8.c...
compiling PROTOCOL.c...
compiling TCP_USERS.c...
compiling Net_Config.c...
compiling File_Config.c...
assembling startup_LPC17xx.s...
compiling FS_SPI_FlashPrg.c...
compiling Retarget.c...
compiling ADC.c...
compiling DELAY.c...
compiling EMAC_DP83848.c...
compiling HELP.c...
compiling I2C.c...
compiling SPI_LPC17xx.c...
compiling system_LPC17xx.c...
compiling UART.c...
compiling TLC59116.c...
compiling SETTINGS.c...
compiling RTC.c...
compiling SNTP.c...
compiling ADMINS.c...
compiling USERS.c...
linking...
Program Size: Code=59408 RO-data=18328 RW-data=320 ZI-data=27992  
FromELF: creating hex file...
After Build - User command #1: fromelf --bin ".\Obj\LP_LED_CUBE_8x8x8.axf" --output ".\Flash 0x2000\LP_LED_CUBE_8x8x8.bin"
".\Obj\LP_LED_CUBE_8x8x8.axf" - 0 Errors, 0 Warning(s).
